<?xml version="1.0" encoding="ISO-8859-1" ?>
<link_info>
   <banner>TI ARM Linker PC v18.12.3.LTS</banner>
   <copyright>Copyright (c) 1996-2018 Texas Instruments Incorporated</copyright>
   <link_time>0x5df3ff93</link_time>
   <link_errors>0x0</link_errors>
   <output_file>PRAC-Projecte-2_v8.out</output_file>
   <entry_point>
      <name>_c_int00_noargs</name>
      <address>0xdb05</address>
   </entry_point>
   <input_file_list>
      <input_file id="fl-2">
         <path>.\</path>
         <kind>object</kind>
         <file>main.obj</file>
         <name>main.obj</name>
      </input_file>
      <input_file id="fl-3">
         <path>.\</path>
         <kind>object</kind>
         <file>msp432_startup_ccs.obj</file>
         <name>msp432_startup_ccs.obj</name>
      </input_file>
      <input_file id="fl-4">
         <path>.\</path>
         <kind>object</kind>
         <file>system_msp432p401r.obj</file>
         <name>system_msp432p401r.obj</name>
      </input_file>
      <input_file id="fl-5">
         <path>.\lib_PRAC\freertos\cortex-m4\</path>
         <kind>object</kind>
         <file>port.obj</file>
         <name>port.obj</name>
      </input_file>
      <input_file id="fl-6">
         <path>.\lib_PRAC\freertos\cortex-m4\</path>
         <kind>object</kind>
         <file>portasm.obj</file>
         <name>portasm.obj</name>
      </input_file>
      <input_file id="fl-7">
         <path>.\lib_PRAC\freertos\src\</path>
         <kind>object</kind>
         <file>croutine.obj</file>
         <name>croutine.obj</name>
      </input_file>
      <input_file id="fl-8">
         <path>.\lib_PRAC\freertos\src\</path>
         <kind>object</kind>
         <file>event_groups.obj</file>
         <name>event_groups.obj</name>
      </input_file>
      <input_file id="fl-9">
         <path>.\lib_PRAC\freertos\src\</path>
         <kind>object</kind>
         <file>heap_1.obj</file>
         <name>heap_1.obj</name>
      </input_file>
      <input_file id="fl-a">
         <path>.\lib_PRAC\freertos\src\</path>
         <kind>object</kind>
         <file>list.obj</file>
         <name>list.obj</name>
      </input_file>
      <input_file id="fl-b">
         <path>.\lib_PRAC\freertos\src\</path>
         <kind>object</kind>
         <file>queue.obj</file>
         <name>queue.obj</name>
      </input_file>
      <input_file id="fl-c">
         <path>.\lib_PRAC\freertos\src\</path>
         <kind>object</kind>
         <file>tasks.obj</file>
         <name>tasks.obj</name>
      </input_file>
      <input_file id="fl-d">
         <path>.\lib_PRAC\freertos\src\</path>
         <kind>object</kind>
         <file>timers.obj</file>
         <name>timers.obj</name>
      </input_file>
      <input_file id="fl-e">
         <path>.\lib_PRAC\graphics\</path>
         <kind>object</kind>
         <file>button.obj</file>
         <name>button.obj</name>
      </input_file>
      <input_file id="fl-f">
         <path>.\lib_PRAC\graphics\</path>
         <kind>object</kind>
         <file>checkbox.obj</file>
         <name>checkbox.obj</name>
      </input_file>
      <input_file id="fl-10">
         <path>.\lib_PRAC\graphics\</path>
         <kind>object</kind>
         <file>circle.obj</file>
         <name>circle.obj</name>
      </input_file>
      <input_file id="fl-11">
         <path>.\lib_PRAC\graphics\</path>
         <kind>object</kind>
         <file>context.obj</file>
         <name>context.obj</name>
      </input_file>
      <input_file id="fl-12">
         <path>.\lib_PRAC\graphics\</path>
         <kind>object</kind>
         <file>display.obj</file>
         <name>display.obj</name>
      </input_file>
      <input_file id="fl-13">
         <path>.\lib_PRAC\graphics\</path>
         <kind>object</kind>
         <file>fontfixed6x8.obj</file>
         <name>fontfixed6x8.obj</name>
      </input_file>
      <input_file id="fl-14">
         <path>.\lib_PRAC\graphics\</path>
         <kind>object</kind>
         <file>image.obj</file>
         <name>image.obj</name>
      </input_file>
      <input_file id="fl-15">
         <path>.\lib_PRAC\graphics\</path>
         <kind>object</kind>
         <file>imageButton.obj</file>
         <name>imageButton.obj</name>
      </input_file>
      <input_file id="fl-16">
         <path>.\lib_PRAC\graphics\</path>
         <kind>object</kind>
         <file>line.obj</file>
         <name>line.obj</name>
      </input_file>
      <input_file id="fl-17">
         <path>.\lib_PRAC\graphics\</path>
         <kind>object</kind>
         <file>radioButton.obj</file>
         <name>radioButton.obj</name>
      </input_file>
      <input_file id="fl-18">
         <path>.\lib_PRAC\graphics\</path>
         <kind>object</kind>
         <file>rectangle.obj</file>
         <name>rectangle.obj</name>
      </input_file>
      <input_file id="fl-19">
         <path>.\lib_PRAC\graphics\</path>
         <kind>object</kind>
         <file>string.obj</file>
         <name>string.obj</name>
      </input_file>
      <input_file id="fl-1a">
         <path>.\lib_PRAC\msp432\</path>
         <kind>object</kind>
         <file>adc14.obj</file>
         <name>adc14.obj</name>
      </input_file>
      <input_file id="fl-1b">
         <path>.\lib_PRAC\msp432\</path>
         <kind>object</kind>
         <file>aes256.obj</file>
         <name>aes256.obj</name>
      </input_file>
      <input_file id="fl-1c">
         <path>.\lib_PRAC\msp432\</path>
         <kind>object</kind>
         <file>comp_e.obj</file>
         <name>comp_e.obj</name>
      </input_file>
      <input_file id="fl-1d">
         <path>.\lib_PRAC\msp432\</path>
         <kind>object</kind>
         <file>cpu.obj</file>
         <name>cpu.obj</name>
      </input_file>
      <input_file id="fl-1e">
         <path>.\lib_PRAC\msp432\</path>
         <kind>object</kind>
         <file>crc32.obj</file>
         <name>crc32.obj</name>
      </input_file>
      <input_file id="fl-1f">
         <path>.\lib_PRAC\msp432\</path>
         <kind>object</kind>
         <file>cs.obj</file>
         <name>cs.obj</name>
      </input_file>
      <input_file id="fl-20">
         <path>.\lib_PRAC\msp432\</path>
         <kind>object</kind>
         <file>dma.obj</file>
         <name>dma.obj</name>
      </input_file>
      <input_file id="fl-21">
         <path>.\lib_PRAC\msp432\</path>
         <kind>object</kind>
         <file>flash.obj</file>
         <name>flash.obj</name>
      </input_file>
      <input_file id="fl-22">
         <path>.\lib_PRAC\msp432\</path>
         <kind>object</kind>
         <file>fpu.obj</file>
         <name>fpu.obj</name>
      </input_file>
      <input_file id="fl-23">
         <path>.\lib_PRAC\msp432\</path>
         <kind>object</kind>
         <file>gpio.obj</file>
         <name>gpio.obj</name>
      </input_file>
      <input_file id="fl-24">
         <path>.\lib_PRAC\msp432\</path>
         <kind>object</kind>
         <file>i2c.obj</file>
         <name>i2c.obj</name>
      </input_file>
      <input_file id="fl-25">
         <path>.\lib_PRAC\msp432\</path>
         <kind>object</kind>
         <file>interrupt.obj</file>
         <name>interrupt.obj</name>
      </input_file>
      <input_file id="fl-26">
         <path>.\lib_PRAC\msp432\</path>
         <kind>object</kind>
         <file>mpu.obj</file>
         <name>mpu.obj</name>
      </input_file>
      <input_file id="fl-27">
         <path>.\lib_PRAC\msp432\</path>
         <kind>object</kind>
         <file>pcm.obj</file>
         <name>pcm.obj</name>
      </input_file>
      <input_file id="fl-28">
         <path>.\lib_PRAC\msp432\</path>
         <kind>object</kind>
         <file>pmap.obj</file>
         <name>pmap.obj</name>
      </input_file>
      <input_file id="fl-29">
         <path>.\lib_PRAC\msp432\</path>
         <kind>object</kind>
         <file>pss.obj</file>
         <name>pss.obj</name>
      </input_file>
      <input_file id="fl-2a">
         <path>.\lib_PRAC\msp432\</path>
         <kind>object</kind>
         <file>ref_a.obj</file>
         <name>ref_a.obj</name>
      </input_file>
      <input_file id="fl-2b">
         <path>.\lib_PRAC\msp432\</path>
         <kind>object</kind>
         <file>reset.obj</file>
         <name>reset.obj</name>
      </input_file>
      <input_file id="fl-2c">
         <path>.\lib_PRAC\msp432\</path>
         <kind>object</kind>
         <file>rtc_c.obj</file>
         <name>rtc_c.obj</name>
      </input_file>
      <input_file id="fl-2d">
         <path>.\lib_PRAC\msp432\</path>
         <kind>object</kind>
         <file>spi.obj</file>
         <name>spi.obj</name>
      </input_file>
      <input_file id="fl-2e">
         <path>.\lib_PRAC\msp432\</path>
         <kind>object</kind>
         <file>sysctl.obj</file>
         <name>sysctl.obj</name>
      </input_file>
      <input_file id="fl-2f">
         <path>.\lib_PRAC\msp432\</path>
         <kind>object</kind>
         <file>systick.obj</file>
         <name>systick.obj</name>
      </input_file>
      <input_file id="fl-30">
         <path>.\lib_PRAC\msp432\</path>
         <kind>object</kind>
         <file>timer32.obj</file>
         <name>timer32.obj</name>
      </input_file>
      <input_file id="fl-31">
         <path>.\lib_PRAC\msp432\</path>
         <kind>object</kind>
         <file>timer_a.obj</file>
         <name>timer_a.obj</name>
      </input_file>
      <input_file id="fl-32">
         <path>.\lib_PRAC\msp432\</path>
         <kind>object</kind>
         <file>uart.obj</file>
         <name>uart.obj</name>
      </input_file>
      <input_file id="fl-33">
         <path>.\lib_PRAC\msp432\</path>
         <kind>object</kind>
         <file>wdt_a.obj</file>
         <name>wdt_a.obj</name>
      </input_file>
      <input_file id="fl-34">
         <path>.\lib_PRAC\screen\</path>
         <kind>object</kind>
         <file>st7735.obj</file>
         <name>st7735.obj</name>
      </input_file>
      <input_file id="fl-35">
         <path>.\lib_PRAC\screen\</path>
         <kind>object</kind>
         <file>st7735_msp432.obj</file>
         <name>st7735_msp432.obj</name>
      </input_file>
      <input_file id="fl-36">
         <path>.\lib_PRAC\uoc\</path>
         <kind>object</kind>
         <file>circ_buffer.obj</file>
         <name>circ_buffer.obj</name>
      </input_file>
      <input_file id="fl-37">
         <path>.\lib_PRAC\uoc\</path>
         <kind>object</kind>
         <file>edu_boosterpack_accelerometer.obj</file>
         <name>edu_boosterpack_accelerometer.obj</name>
      </input_file>
      <input_file id="fl-38">
         <path>.\lib_PRAC\uoc\</path>
         <kind>object</kind>
         <file>edu_boosterpack_buttons.obj</file>
         <name>edu_boosterpack_buttons.obj</name>
      </input_file>
      <input_file id="fl-39">
         <path>.\lib_PRAC\uoc\</path>
         <kind>object</kind>
         <file>edu_boosterpack_rgb.obj</file>
         <name>edu_boosterpack_rgb.obj</name>
      </input_file>
      <input_file id="fl-3a">
         <path>.\lib_PRAC\uoc\</path>
         <kind>object</kind>
         <file>helper.obj</file>
         <name>helper.obj</name>
      </input_file>
      <input_file id="fl-3b">
         <path>.\lib_PRAC\uoc\</path>
         <kind>object</kind>
         <file>interrupts.obj</file>
         <name>interrupts.obj</name>
      </input_file>
      <input_file id="fl-3c">
         <path>.\lib_PRAC\uoc\</path>
         <kind>object</kind>
         <file>msp432_launchpad_board.obj</file>
         <name>msp432_launchpad_board.obj</name>
      </input_file>
      <input_file id="fl-3d">
         <path>.\lib_PRAC\uoc\</path>
         <kind>object</kind>
         <file>msp432_launchpad_temperature.obj</file>
         <name>msp432_launchpad_temperature.obj</name>
      </input_file>
      <input_file id="fl-3e">
         <path>.\lib_PRAC\uoc\</path>
         <kind>object</kind>
         <file>timer_driver.obj</file>
         <name>timer_driver.obj</name>
      </input_file>
      <input_file id="fl-3f">
         <path>.\lib_PRAC\uoc\</path>
         <kind>object</kind>
         <file>uart_driver.obj</file>
         <name>uart_driver.obj</name>
      </input_file>
      <input_file id="fl-43">
         <kind>object</kind>
         <file>&lt;internal&gt;</file>
         <name>&lt;internal&gt;</name>
      </input_file>
      <input_file id="fl-f9">
         <path>C:\ti\ccs901\ccs\tools\compiler\ti-cgt-arm_18.12.3.LTS\lib\</path>
         <kind>archive</kind>
         <file>rtsv7M4_T_le_v4SPD16_eabi.lib</file>
         <name>e_pow.c.obj</name>
      </input_file>
      <input_file id="fl-fa">
         <path>C:\ti\ccs901\ccs\tools\compiler\ti-cgt-arm_18.12.3.LTS\lib\</path>
         <kind>archive</kind>
         <file>rtsv7M4_T_le_v4SPD16_eabi.lib</file>
         <name>e_sqrt.c.obj</name>
      </input_file>
      <input_file id="fl-fb">
         <path>C:\ti\ccs901\ccs\tools\compiler\ti-cgt-arm_18.12.3.LTS\lib\</path>
         <kind>archive</kind>
         <file>rtsv7M4_T_le_v4SPD16_eabi.lib</file>
         <name>s_atan.c.obj</name>
      </input_file>
      <input_file id="fl-fc">
         <path>C:\ti\ccs901\ccs\tools\compiler\ti-cgt-arm_18.12.3.LTS\lib\</path>
         <kind>archive</kind>
         <file>rtsv7M4_T_le_v4SPD16_eabi.lib</file>
         <name>s_scalbn.c.obj</name>
      </input_file>
      <input_file id="fl-fd">
         <path>C:\ti\ccs901\ccs\tools\compiler\ti-cgt-arm_18.12.3.LTS\lib\</path>
         <kind>archive</kind>
         <file>rtsv7M4_T_le_v4SPD16_eabi.lib</file>
         <name>sprintf.c.obj</name>
      </input_file>
      <input_file id="fl-fe">
         <path>C:\ti\ccs901\ccs\tools\compiler\ti-cgt-arm_18.12.3.LTS\lib\</path>
         <kind>archive</kind>
         <file>rtsv7M4_T_le_v4SPD16_eabi.lib</file>
         <name>memset_t2.asm.obj</name>
      </input_file>
      <input_file id="fl-ff">
         <path>C:\ti\ccs901\ccs\tools\compiler\ti-cgt-arm_18.12.3.LTS\lib\</path>
         <kind>archive</kind>
         <file>rtsv7M4_T_le_v4SPD16_eabi.lib</file>
         <name>fd_add_t2.asm.obj</name>
      </input_file>
      <input_file id="fl-100">
         <path>C:\ti\ccs901\ccs\tools\compiler\ti-cgt-arm_18.12.3.LTS\lib\</path>
         <kind>archive</kind>
         <file>rtsv7M4_T_le_v4SPD16_eabi.lib</file>
         <name>fd_cmp_t2.asm.obj</name>
      </input_file>
      <input_file id="fl-101">
         <path>C:\ti\ccs901\ccs\tools\compiler\ti-cgt-arm_18.12.3.LTS\lib\</path>
         <kind>archive</kind>
         <file>rtsv7M4_T_le_v4SPD16_eabi.lib</file>
         <name>fd_div_t2.asm.obj</name>
      </input_file>
      <input_file id="fl-102">
         <path>C:\ti\ccs901\ccs\tools\compiler\ti-cgt-arm_18.12.3.LTS\lib\</path>
         <kind>archive</kind>
         <file>rtsv7M4_T_le_v4SPD16_eabi.lib</file>
         <name>fd_mul_t2.asm.obj</name>
      </input_file>
      <input_file id="fl-103">
         <path>C:\ti\ccs901\ccs\tools\compiler\ti-cgt-arm_18.12.3.LTS\lib\</path>
         <kind>archive</kind>
         <file>rtsv7M4_T_le_v4SPD16_eabi.lib</file>
         <name>fd_tos_t2.asm.obj</name>
      </input_file>
      <input_file id="fl-104">
         <path>C:\ti\ccs901\ccs\tools\compiler\ti-cgt-arm_18.12.3.LTS\lib\</path>
         <kind>archive</kind>
         <file>rtsv7M4_T_le_v4SPD16_eabi.lib</file>
         <name>fd_tou_t2.asm.obj</name>
      </input_file>
      <input_file id="fl-105">
         <path>C:\ti\ccs901\ccs\tools\compiler\ti-cgt-arm_18.12.3.LTS\lib\</path>
         <kind>archive</kind>
         <file>rtsv7M4_T_le_v4SPD16_eabi.lib</file>
         <name>fs_tod_t2.asm.obj</name>
      </input_file>
      <input_file id="fl-106">
         <path>C:\ti\ccs901\ccs\tools\compiler\ti-cgt-arm_18.12.3.LTS\lib\</path>
         <kind>archive</kind>
         <file>rtsv7M4_T_le_v4SPD16_eabi.lib</file>
         <name>i_tofd_t2.asm.obj</name>
      </input_file>
      <input_file id="fl-107">
         <path>C:\ti\ccs901\ccs\tools\compiler\ti-cgt-arm_18.12.3.LTS\lib\</path>
         <kind>archive</kind>
         <file>rtsv7M4_T_le_v4SPD16_eabi.lib</file>
         <name>memcpy_t2.asm.obj</name>
      </input_file>
      <input_file id="fl-108">
         <path>C:\ti\ccs901\ccs\tools\compiler\ti-cgt-arm_18.12.3.LTS\lib\</path>
         <kind>archive</kind>
         <file>rtsv7M4_T_le_v4SPD16_eabi.lib</file>
         <name>u_tofd_t2.asm.obj</name>
      </input_file>
      <input_file id="fl-109">
         <path>C:\ti\ccs901\ccs\tools\compiler\ti-cgt-arm_18.12.3.LTS\lib\</path>
         <kind>archive</kind>
         <file>rtsv7M4_T_le_v4SPD16_eabi.lib</file>
         <name>copy_zero_init.c.obj</name>
      </input_file>
      <input_file id="fl-10a">
         <path>C:\ti\ccs901\ccs\tools\compiler\ti-cgt-arm_18.12.3.LTS\lib\</path>
         <kind>archive</kind>
         <file>rtsv7M4_T_le_v4SPD16_eabi.lib</file>
         <name>copy_decompress_none.c.obj</name>
      </input_file>
      <input_file id="fl-10b">
         <path>C:\ti\ccs901\ccs\tools\compiler\ti-cgt-arm_18.12.3.LTS\lib\</path>
         <kind>archive</kind>
         <file>rtsv7M4_T_le_v4SPD16_eabi.lib</file>
         <name>copy_decompress_lzss.c.obj</name>
      </input_file>
      <input_file id="fl-10c">
         <path>C:\ti\ccs901\ccs\tools\compiler\ti-cgt-arm_18.12.3.LTS\lib\</path>
         <kind>archive</kind>
         <file>rtsv7M4_T_le_v4SPD16_eabi.lib</file>
         <name>atoi.c.obj</name>
      </input_file>
      <input_file id="fl-10d">
         <path>C:\ti\ccs901\ccs\tools\compiler\ti-cgt-arm_18.12.3.LTS\lib\</path>
         <kind>archive</kind>
         <file>rtsv7M4_T_le_v4SPD16_eabi.lib</file>
         <name>ctype.c.obj</name>
      </input_file>
      <input_file id="fl-10e">
         <path>C:\ti\ccs901\ccs\tools\compiler\ti-cgt-arm_18.12.3.LTS\lib\</path>
         <kind>archive</kind>
         <file>rtsv7M4_T_le_v4SPD16_eabi.lib</file>
         <name>strncat.c.obj</name>
      </input_file>
      <input_file id="fl-10f">
         <path>C:\ti\ccs901\ccs\tools\compiler\ti-cgt-arm_18.12.3.LTS\lib\</path>
         <kind>archive</kind>
         <file>rtsv7M4_T_le_v4SPD16_eabi.lib</file>
         <name>errno.c.obj</name>
      </input_file>
      <input_file id="fl-110">
         <path>C:\ti\ccs901\ccs\tools\compiler\ti-cgt-arm_18.12.3.LTS\lib\</path>
         <kind>archive</kind>
         <file>rtsv7M4_T_le_v4SPD16_eabi.lib</file>
         <name>boot_cortex_m.c.obj</name>
      </input_file>
      <input_file id="fl-111">
         <path>C:\ti\ccs901\ccs\tools\compiler\ti-cgt-arm_18.12.3.LTS\lib\</path>
         <kind>archive</kind>
         <file>rtsv7M4_T_le_v4SPD16_eabi.lib</file>
         <name>s_copysign.c.obj</name>
      </input_file>
      <input_file id="fl-112">
         <path>C:\ti\ccs901\ccs\tools\compiler\ti-cgt-arm_18.12.3.LTS\lib\</path>
         <kind>archive</kind>
         <file>rtsv7M4_T_le_v4SPD16_eabi.lib</file>
         <name>_printfi.c.obj</name>
      </input_file>
      <input_file id="fl-113">
         <path>C:\ti\ccs901\ccs\tools\compiler\ti-cgt-arm_18.12.3.LTS\lib\</path>
         <kind>archive</kind>
         <file>rtsv7M4_T_le_v4SPD16_eabi.lib</file>
         <name>wcslen.c.obj</name>
      </input_file>
      <input_file id="fl-114">
         <path>C:\ti\ccs901\ccs\tools\compiler\ti-cgt-arm_18.12.3.LTS\lib\</path>
         <kind>archive</kind>
         <file>rtsv7M4_T_le_v4SPD16_eabi.lib</file>
         <name>ull_div_t2.asm.obj</name>
      </input_file>
      <input_file id="fl-115">
         <path>C:\ti\ccs901\ccs\tools\compiler\ti-cgt-arm_18.12.3.LTS\lib\</path>
         <kind>archive</kind>
         <file>rtsv7M4_T_le_v4SPD16_eabi.lib</file>
         <name>fd_toi_t2.asm.obj</name>
      </input_file>
      <input_file id="fl-116">
         <path>C:\ti\ccs901\ccs\tools\compiler\ti-cgt-arm_18.12.3.LTS\lib\</path>
         <kind>archive</kind>
         <file>rtsv7M4_T_le_v4SPD16_eabi.lib</file>
         <name>autoinit.c.obj</name>
      </input_file>
      <input_file id="fl-117">
         <path>C:\ti\ccs901\ccs\tools\compiler\ti-cgt-arm_18.12.3.LTS\lib\</path>
         <kind>archive</kind>
         <file>rtsv7M4_T_le_v4SPD16_eabi.lib</file>
         <name>pre_init.c.obj</name>
      </input_file>
      <input_file id="fl-118">
         <path>C:\ti\ccs901\ccs\tools\compiler\ti-cgt-arm_18.12.3.LTS\lib\</path>
         <kind>archive</kind>
         <file>rtsv7M4_T_le_v4SPD16_eabi.lib</file>
         <name>cpy_tbl.c.obj</name>
      </input_file>
      <input_file id="fl-119">
         <path>C:\ti\ccs901\ccs\tools\compiler\ti-cgt-arm_18.12.3.LTS\lib\</path>
         <kind>archive</kind>
         <file>rtsv7M4_T_le_v4SPD16_eabi.lib</file>
         <name>exit.c.obj</name>
      </input_file>
      <input_file id="fl-11a">
         <path>C:\ti\ccs901\ccs\tools\compiler\ti-cgt-arm_18.12.3.LTS\lib\</path>
         <kind>archive</kind>
         <file>rtsv7M4_T_le_v4SPD16_eabi.lib</file>
         <name>_lock.c.obj</name>
      </input_file>
      <input_file id="fl-11b">
         <path>C:\ti\ccs901\ccs\tools\compiler\ti-cgt-arm_18.12.3.LTS\lib\</path>
         <kind>archive</kind>
         <file>rtsv7M4_T_le_v4SPD16_eabi.lib</file>
         <name>args_main.c.obj</name>
      </input_file>
      <input_file id="fl-11c">
         <path>C:\ti\ccs901\ccs\tools\compiler\ti-cgt-arm_18.12.3.LTS\lib\</path>
         <kind>archive</kind>
         <file>rtsv7M4_T_le_v4SPD16_eabi.lib</file>
         <name>ltoa.c.obj</name>
      </input_file>
      <input_file id="fl-11d">
         <path>C:\ti\ccs901\ccs\tools\compiler\ti-cgt-arm_18.12.3.LTS\lib\</path>
         <kind>archive</kind>
         <file>rtsv7M4_T_le_v4SPD16_eabi.lib</file>
         <name>memccpy.c.obj</name>
      </input_file>
      <input_file id="fl-11e">
         <path>C:\ti\ccs901\ccs\tools\compiler\ti-cgt-arm_18.12.3.LTS\lib\</path>
         <kind>archive</kind>
         <file>rtsv7M4_T_le_v4SPD16_eabi.lib</file>
         <name>strchr.c.obj</name>
      </input_file>
      <input_file id="fl-11f">
         <path>C:\ti\ccs901\ccs\tools\compiler\ti-cgt-arm_18.12.3.LTS\lib\</path>
         <kind>archive</kind>
         <file>rtsv7M4_T_le_v4SPD16_eabi.lib</file>
         <name>strlen.c.obj</name>
      </input_file>
      <input_file id="fl-120">
         <path>C:\ti\ccs901\ccs\tools\compiler\ti-cgt-arm_18.12.3.LTS\lib\</path>
         <kind>archive</kind>
         <file>rtsv7M4_T_le_v4SPD16_eabi.lib</file>
         <name>s_frexp.c.obj</name>
      </input_file>
      <input_file id="fl-121">
         <path>C:\ti\ccs901\ccs\tools\compiler\ti-cgt-arm_18.12.3.LTS\lib\</path>
         <kind>archive</kind>
         <file>rtsv7M4_T_le_v4SPD16_eabi.lib</file>
         <name>div0.asm.obj</name>
      </input_file>
   </input_file_list>
   <object_component_list>
      <object_component id="oc-10">
         <name>.intvecs:retain</name>
         <load_address>0x0</load_address>
         <run_address>0x0</run_address>
         <size>0x144</size>
         <input_file_ref idref="fl-3"/>
      </object_component>
      <object_component id="oc-95">
         <name>.text</name>
         <load_address>0x144</load_address>
         <run_address>0x144</run_address>
         <size>0x1a0c</size>
         <input_file_ref idref="fl-c"/>
      </object_component>
      <object_component id="oc-338">
         <name>.text</name>
         <load_address>0x1b50</load_address>
         <run_address>0x1b50</run_address>
         <size>0x159c</size>
         <input_file_ref idref="fl-21"/>
      </object_component>
      <object_component id="oc-9c">
         <name>.text</name>
         <load_address>0x30ec</load_address>
         <run_address>0x30ec</run_address>
         <size>0xd7c</size>
         <input_file_ref idref="fl-1f"/>
      </object_component>
      <object_component id="oc-201">
         <name>.text</name>
         <load_address>0x3e68</load_address>
         <run_address>0x3e68</run_address>
         <size>0xca4</size>
         <input_file_ref idref="fl-b"/>
      </object_component>
      <object_component id="oc-134">
         <name>.text</name>
         <load_address>0x4b0c</load_address>
         <run_address>0x4b0c</run_address>
         <size>0xbe4</size>
         <input_file_ref idref="fl-2"/>
      </object_component>
      <object_component id="oc-388">
         <name>.text:__TI_printfi</name>
         <load_address>0x56f0</load_address>
         <run_address>0x56f0</run_address>
         <size>0xa4e</size>
         <input_file_ref idref="fl-112"/>
      </object_component>
      <object_component id="oc-575">
         <name>.text</name>
         <load_address>0x613e</load_address>
         <run_address>0x613e</run_address>
         <size>0x2</size>
         <input_file_ref idref="fl-121"/>
      </object_component>
      <object_component id="oc-f7">
         <name>.text</name>
         <load_address>0x6140</load_address>
         <run_address>0x6140</run_address>
         <size>0x8d4</size>
         <input_file_ref idref="fl-1a"/>
      </object_component>
      <object_component id="oc-41e">
         <name>.text</name>
         <load_address>0x6a14</load_address>
         <run_address>0x6a14</run_address>
         <size>0x8a4</size>
         <input_file_ref idref="fl-2d"/>
      </object_component>
      <object_component id="oc-332">
         <name>.text</name>
         <load_address>0x72b8</load_address>
         <run_address>0x72b8</run_address>
         <size>0x838</size>
         <input_file_ref idref="fl-27"/>
      </object_component>
      <object_component id="oc-353">
         <name>.text</name>
         <load_address>0x7af0</load_address>
         <run_address>0x7af0</run_address>
         <size>0x798</size>
         <input_file_ref idref="fl-31"/>
      </object_component>
      <object_component id="oc-213">
         <name>.text</name>
         <load_address>0x8288</load_address>
         <run_address>0x8288</run_address>
         <size>0x678</size>
         <input_file_ref idref="fl-34"/>
      </object_component>
      <object_component id="oc-225">
         <name>.text</name>
         <load_address>0x8900</load_address>
         <run_address>0x8900</run_address>
         <size>0x630</size>
         <input_file_ref idref="fl-19"/>
      </object_component>
      <object_component id="oc-3f6">
         <name>.text</name>
         <load_address>0x8f30</load_address>
         <run_address>0x8f30</run_address>
         <size>0x508</size>
         <input_file_ref idref="fl-2c"/>
      </object_component>
      <object_component id="oc-26a">
         <name>.text</name>
         <load_address>0x9438</load_address>
         <run_address>0x9438</run_address>
         <size>0x498</size>
         <input_file_ref idref="fl-10"/>
      </object_component>
      <object_component id="oc-380">
         <name>.text</name>
         <load_address>0x98d0</load_address>
         <run_address>0x98d0</run_address>
         <size>0x490</size>
         <input_file_ref idref="fl-16"/>
      </object_component>
      <object_component id="oc-b6">
         <name>.text</name>
         <load_address>0x9d60</load_address>
         <run_address>0x9d60</run_address>
         <size>0x480</size>
         <input_file_ref idref="fl-23"/>
      </object_component>
      <object_component id="oc-bc">
         <name>.text</name>
         <load_address>0xa1e0</load_address>
         <run_address>0xa1e0</run_address>
         <size>0x41c</size>
         <input_file_ref idref="fl-32"/>
      </object_component>
      <object_component id="oc-c2">
         <name>.text</name>
         <load_address>0xa5fc</load_address>
         <run_address>0xa5fc</run_address>
         <size>0x3f0</size>
         <input_file_ref idref="fl-25"/>
      </object_component>
      <object_component id="oc-207">
         <name>.text</name>
         <load_address>0xa9ec</load_address>
         <run_address>0xa9ec</run_address>
         <size>0x3b0</size>
         <input_file_ref idref="fl-3c"/>
      </object_component>
      <object_component id="oc-82">
         <name>.text</name>
         <load_address>0xad9c</load_address>
         <run_address>0xad9c</run_address>
         <size>0x328</size>
         <input_file_ref idref="fl-4"/>
      </object_component>
      <object_component id="oc-25f">
         <name>.text:atan</name>
         <load_address>0xb0c4</load_address>
         <run_address>0xb0c4</run_address>
         <size>0x2ec</size>
         <input_file_ref idref="fl-fb"/>
      </object_component>
      <object_component id="oc-30">
         <name>.text</name>
         <load_address>0xb3b0</load_address>
         <run_address>0xb3b0</run_address>
         <size>0x288</size>
         <input_file_ref idref="fl-5"/>
      </object_component>
      <object_component id="oc-45c">
         <name>.text:_pconv_a</name>
         <load_address>0xb638</load_address>
         <run_address>0xb638</run_address>
         <size>0x270</size>
         <input_file_ref idref="fl-112"/>
      </object_component>
      <object_component id="oc-219">
         <name>.text</name>
         <load_address>0xb8a8</load_address>
         <run_address>0xb8a8</run_address>
         <size>0x266</size>
         <input_file_ref idref="fl-11"/>
      </object_component>
      <object_component id="oc-14a">
         <name>.text</name>
         <load_address>0xbb10</load_address>
         <run_address>0xbb10</run_address>
         <size>0x244</size>
         <input_file_ref idref="fl-2e"/>
      </object_component>
      <object_component id="oc-44a">
         <name>.text:_pconv_g</name>
         <load_address>0xbd54</load_address>
         <run_address>0xbd54</run_address>
         <size>0x1d0</size>
         <input_file_ref idref="fl-112"/>
      </object_component>
      <object_component id="oc-246">
         <name>.text</name>
         <load_address>0xbf24</load_address>
         <run_address>0xbf24</run_address>
         <size>0x1b6</size>
         <input_file_ref idref="fl-ff"/>
      </object_component>
      <object_component id="oc-36">
         <name>.text</name>
         <load_address>0xc0dc</load_address>
         <run_address>0xc0dc</run_address>
         <size>0x1ac</size>
         <input_file_ref idref="fl-3f"/>
      </object_component>
      <object_component id="oc-20d">
         <name>.text</name>
         <load_address>0xc288</load_address>
         <run_address>0xc288</run_address>
         <size>0x180</size>
         <input_file_ref idref="fl-39"/>
      </object_component>
      <object_component id="oc-456">
         <name>.text:_pconv_e</name>
         <load_address>0xc408</load_address>
         <run_address>0xc408</run_address>
         <size>0x13c</size>
         <input_file_ref idref="fl-112"/>
      </object_component>
      <object_component id="oc-250">
         <name>.text</name>
         <load_address>0xc544</load_address>
         <run_address>0xc544</run_address>
         <size>0x136</size>
         <input_file_ref idref="fl-101"/>
      </object_component>
      <object_component id="oc-376">
         <name>.text</name>
         <load_address>0xc67a</load_address>
         <run_address>0xc67a</run_address>
         <size>0x134</size>
         <input_file_ref idref="fl-12"/>
      </object_component>
      <object_component id="oc-167">
         <name>.text</name>
         <load_address>0xc7ae</load_address>
         <run_address>0xc7ae</run_address>
         <size>0x12a</size>
         <input_file_ref idref="fl-a"/>
      </object_component>
      <object_component id="oc-51a">
         <name>.text:fcvt</name>
         <load_address>0xc8d8</load_address>
         <run_address>0xc8d8</run_address>
         <size>0x124</size>
         <input_file_ref idref="fl-112"/>
      </object_component>
      <object_component id="oc-52e">
         <name>.text:scalbn</name>
         <load_address>0xc9fc</load_address>
         <run_address>0xc9fc</run_address>
         <size>0x110</size>
         <input_file_ref idref="fl-fc"/>
      </object_component>
      <object_component id="oc-3c">
         <name>.text</name>
         <load_address>0xcb0c</load_address>
         <run_address>0xcb0c</run_address>
         <size>0x104</size>
         <input_file_ref idref="fl-37"/>
      </object_component>
      <object_component id="oc-241">
         <name>.text</name>
         <load_address>0xcc10</load_address>
         <run_address>0xcc10</run_address>
         <size>0xfc</size>
         <input_file_ref idref="fl-102"/>
      </object_component>
      <object_component id="oc-c8">
         <name>.text</name>
         <load_address>0xcd0c</load_address>
         <run_address>0xcd0c</run_address>
         <size>0xfa</size>
         <input_file_ref idref="fl-36"/>
      </object_component>
      <object_component id="oc-88">
         <name>.text</name>
         <load_address>0xce08</load_address>
         <run_address>0xce08</run_address>
         <size>0xd8</size>
         <input_file_ref idref="fl-33"/>
      </object_component>
      <object_component id="oc-2b">
         <name>.text</name>
         <load_address>0xcee0</load_address>
         <run_address>0xcee0</run_address>
         <size>0xd2</size>
         <input_file_ref idref="fl-6"/>
      </object_component>
      <object_component id="oc-f1">
         <name>.text</name>
         <load_address>0xcfb4</load_address>
         <run_address>0xcfb4</run_address>
         <size>0xcc</size>
         <input_file_ref idref="fl-2a"/>
      </object_component>
      <object_component id="oc-363">
         <name>.text</name>
         <load_address>0xd080</load_address>
         <run_address>0xd080</run_address>
         <size>0xcc</size>
         <input_file_ref idref="fl-35"/>
      </object_component>
      <object_component id="oc-32c">
         <name>.text</name>
         <load_address>0xd14c</load_address>
         <run_address>0xd14c</run_address>
         <size>0xc0</size>
         <input_file_ref idref="fl-22"/>
      </object_component>
      <object_component id="oc-161">
         <name>.text</name>
         <load_address>0xd20c</load_address>
         <run_address>0xd20c</run_address>
         <size>0xb4</size>
         <input_file_ref idref="fl-9"/>
      </object_component>
      <object_component id="oc-444">
         <name>.text:_ltostr</name>
         <load_address>0xd2c0</load_address>
         <run_address>0xd2c0</run_address>
         <size>0xb1</size>
         <input_file_ref idref="fl-112"/>
      </object_component>
      <object_component id="oc-50">
         <name>.text</name>
         <load_address>0xd372</load_address>
         <run_address>0xd372</run_address>
         <size>0x9c</size>
         <input_file_ref idref="fl-107"/>
      </object_component>
      <object_component id="oc-4fc">
         <name>.text</name>
         <load_address>0xd40e</load_address>
         <run_address>0xd40e</run_address>
         <size>0x96</size>
         <input_file_ref idref="fl-114"/>
      </object_component>
      <object_component id="oc-25a">
         <name>.text:__aeabi_cdcmple</name>
         <load_address>0xd4a4</load_address>
         <run_address>0xd4a4</run_address>
         <size>0x86</size>
         <input_file_ref idref="fl-100"/>
      </object_component>
      <object_component id="oc-255">
         <name>.text:__aeabi_cdrcmple</name>
         <load_address>0xd52a</load_address>
         <run_address>0xd52a</run_address>
         <size>0x86</size>
         <input_file_ref idref="fl-100"/>
      </object_component>
      <object_component id="oc-ec">
         <name>.text</name>
         <load_address>0xd5b0</load_address>
         <run_address>0xd5b0</run_address>
         <size>0x7a</size>
         <input_file_ref idref="fl-fe"/>
      </object_component>
      <object_component id="oc-513">
         <name>.text:_mcpy</name>
         <load_address>0xd62a</load_address>
         <run_address>0xd62a</run_address>
         <size>0x6e</size>
         <input_file_ref idref="fl-112"/>
      </object_component>
      <object_component id="oc-24b">
         <name>.text</name>
         <load_address>0xd698</load_address>
         <run_address>0xd698</run_address>
         <size>0x6e</size>
         <input_file_ref idref="fl-103"/>
      </object_component>
      <object_component id="oc-13">
         <name>.text:decompress:lzss:__TI_decompress_lzss</name>
         <load_address>0xd706</load_address>
         <run_address>0xd706</run_address>
         <size>0x68</size>
         <input_file_ref idref="fl-10b"/>
      </object_component>
      <object_component id="oc-34d">
         <name>.text</name>
         <load_address>0xd770</load_address>
         <run_address>0xd770</run_address>
         <size>0x68</size>
         <input_file_ref idref="fl-28"/>
      </object_component>
      <object_component id="oc-528">
         <name>.text:frexp</name>
         <load_address>0xd7d8</load_address>
         <run_address>0xd7d8</run_address>
         <size>0x64</size>
         <input_file_ref idref="fl-120"/>
      </object_component>
      <object_component id="oc-450">
         <name>.text:_pconv_f</name>
         <load_address>0xd83c</load_address>
         <run_address>0xd83c</run_address>
         <size>0x56</size>
         <input_file_ref idref="fl-112"/>
      </object_component>
      <object_component id="oc-507">
         <name>.text:ltoa</name>
         <load_address>0xd892</load_address>
         <run_address>0xd892</run_address>
         <size>0x54</size>
         <input_file_ref idref="fl-11c"/>
      </object_component>
      <object_component id="oc-50d">
         <name>.text:_ecpy</name>
         <load_address>0xd8e6</load_address>
         <run_address>0xd8e6</run_address>
         <size>0x52</size>
         <input_file_ref idref="fl-112"/>
      </object_component>
      <object_component id="oc-276">
         <name>.text:atoi</name>
         <load_address>0xd938</load_address>
         <run_address>0xd938</run_address>
         <size>0x4c</size>
         <input_file_ref idref="fl-10c"/>
      </object_component>
      <object_component id="oc-502">
         <name>.text</name>
         <load_address>0xd984</load_address>
         <run_address>0xd984</run_address>
         <size>0x48</size>
         <input_file_ref idref="fl-115"/>
      </object_component>
      <object_component id="oc-28f">
         <name>.text:__TI_auto_init_nobinit_nopinit:__TI_auto_init_nobinit_nopinit</name>
         <load_address>0xd9cc</load_address>
         <run_address>0xd9cc</run_address>
         <size>0x44</size>
         <input_file_ref idref="fl-116"/>
      </object_component>
      <object_component id="oc-22b">
         <name>.text:sprintf</name>
         <load_address>0xda10</load_address>
         <run_address>0xda10</run_address>
         <size>0x40</size>
         <input_file_ref idref="fl-fd"/>
      </object_component>
      <object_component id="oc-520">
         <name>.text:_fcpy</name>
         <load_address>0xda50</load_address>
         <run_address>0xda50</run_address>
         <size>0x3e</size>
         <input_file_ref idref="fl-112"/>
      </object_component>
      <object_component id="oc-1a7">
         <name>.text</name>
         <load_address>0xda8e</load_address>
         <run_address>0xda8e</run_address>
         <size>0x3e</size>
         <input_file_ref idref="fl-1d"/>
      </object_component>
      <object_component id="oc-23c">
         <name>.text</name>
         <load_address>0xdacc</load_address>
         <run_address>0xdacc</run_address>
         <size>0x38</size>
         <input_file_ref idref="fl-105"/>
      </object_component>
      <object_component id="oc-6e">
         <name>.text:_c_int00_noargs:_c_int00_noargs</name>
         <load_address>0xdb04</load_address>
         <run_address>0xdb04</run_address>
         <size>0x34</size>
         <input_file_ref idref="fl-110"/>
      </object_component>
      <object_component id="oc-265">
         <name>.text</name>
         <load_address>0xdb38</load_address>
         <run_address>0xdb38</run_address>
         <size>0x2e</size>
         <input_file_ref idref="fl-106"/>
      </object_component>
      <object_component id="oc-270">
         <name>.text:strncat</name>
         <load_address>0xdb66</load_address>
         <run_address>0xdb66</run_address>
         <size>0x2e</size>
         <input_file_ref idref="fl-10e"/>
      </object_component>
      <object_component id="oc-1c4">
         <name>.text</name>
         <load_address>0xdb94</load_address>
         <run_address>0xdb94</run_address>
         <size>0x22</size>
         <input_file_ref idref="fl-3b"/>
      </object_component>
      <object_component id="oc-462">
         <name>.text:memccpy</name>
         <load_address>0xdbb6</load_address>
         <run_address>0xdbb6</run_address>
         <size>0x1c</size>
         <input_file_ref idref="fl-11d"/>
      </object_component>
      <object_component id="oc-589">
         <name>.text:copysign</name>
         <load_address>0xdbd2</load_address>
         <run_address>0xdbd2</run_address>
         <size>0x1a</size>
         <input_file_ref idref="fl-111"/>
      </object_component>
      <object_component id="oc-38e">
         <name>.text:_outs</name>
         <load_address>0xdbec</load_address>
         <run_address>0xdbec</run_address>
         <size>0x18</size>
         <input_file_ref idref="fl-fd"/>
      </object_component>
      <object_component id="oc-25">
         <name>.text</name>
         <load_address>0xdc04</load_address>
         <run_address>0xdc04</run_address>
         <size>0x16</size>
         <input_file_ref idref="fl-3"/>
      </object_component>
      <object_component id="oc-534">
         <name>.text:strchr</name>
         <load_address>0xdc1a</load_address>
         <run_address>0xdc1a</run_address>
         <size>0x16</size>
         <input_file_ref idref="fl-11e"/>
      </object_component>
      <object_component id="oc-43e">
         <name>.text:strlen</name>
         <load_address>0xdc30</load_address>
         <run_address>0xdc30</run_address>
         <size>0x14</size>
         <input_file_ref idref="fl-11f"/>
      </object_component>
      <object_component id="oc-468">
         <name>.text:wcslen</name>
         <load_address>0xdc44</load_address>
         <run_address>0xdc44</run_address>
         <size>0x12</size>
         <input_file_ref idref="fl-113"/>
      </object_component>
      <object_component id="oc-19">
         <name>.text:decompress:none:__TI_decompress_none</name>
         <load_address>0xdc56</load_address>
         <run_address>0xdc56</run_address>
         <size>0xe</size>
         <input_file_ref idref="fl-10a"/>
      </object_component>
      <object_component id="oc-62">
         <name>.text:decompress:ZI:__TI_zero_init</name>
         <load_address>0xdc64</load_address>
         <run_address>0xdc64</run_address>
         <size>0xc</size>
         <input_file_ref idref="fl-109"/>
      </object_component>
      <object_component id="oc-394">
         <name>.text:_outc</name>
         <load_address>0xdc70</load_address>
         <run_address>0xdc70</run_address>
         <size>0xa</size>
         <input_file_ref idref="fl-fd"/>
      </object_component>
      <object_component id="oc-46e">
         <name>.text:__aeabi_errno_addr</name>
         <load_address>0xdc7c</load_address>
         <run_address>0xdc7c</run_address>
         <size>0x8</size>
         <input_file_ref idref="fl-10f"/>
      </object_component>
      <object_component id="oc-12e">
         <name>.text:_system_pre_init</name>
         <load_address>0xdc84</load_address>
         <run_address>0xdc84</run_address>
         <size>0x4</size>
         <input_file_ref idref="fl-117"/>
      </object_component>
      <object_component id="oc-283">
         <name>.text:abort:abort</name>
         <load_address>0xdc88</load_address>
         <run_address>0xdc88</run_address>
         <size>0x4</size>
         <input_file_ref idref="fl-119"/>
      </object_component>
      <object_component id="oc-3a3">
         <name>.const:.string:g_pucFontFixed6x8Data</name>
         <load_address>0xdc90</load_address>
         <run_address>0xdc90</run_address>
         <size>0x2f8</size>
         <input_file_ref idref="fl-13"/>
      </object_component>
      <object_component id="oc-3be">
         <name>.const:.string:_ctypes_</name>
         <load_address>0xdf88</load_address>
         <run_address>0xdf88</run_address>
         <size>0x101</size>
         <input_file_ref idref="fl-10d"/>
      </object_component>
      <object_component id="oc-236">
         <name>.const:g_sFontFixed6x8</name>
         <load_address>0xe08c</load_address>
         <run_address>0xe08c</run_address>
         <size>0xc8</size>
         <input_file_ref idref="fl-13"/>
      </object_component>
      <object_component id="oc-3b0">
         <name>.const:$O1$$</name>
         <load_address>0xe158</load_address>
         <run_address>0xe158</run_address>
         <size>0x98</size>
         <input_file_ref idref="fl-fb"/>
      </object_component>
      <object_component id="oc-1e6">
         <name>.const:_ctlRegs</name>
         <load_address>0xe1f0</load_address>
         <run_address>0xe1f0</run_address>
         <size>0x80</size>
         <input_file_ref idref="fl-1a"/>
      </object_component>
      <object_component id="oc-1b3">
         <name>.const:g_pulRegs</name>
         <load_address>0xe270</load_address>
         <run_address>0xe270</run_address>
         <size>0x50</size>
         <input_file_ref idref="fl-25"/>
      </object_component>
      <object_component id="oc-35f">
         <name>.const:leds</name>
         <load_address>0xe2c0</load_address>
         <run_address>0xe2c0</run_address>
         <size>0x30</size>
         <input_file_ref idref="fl-39"/>
      </object_component>
      <object_component id="oc-222">
         <name>.const:g_sCrystalfontz128x128</name>
         <load_address>0xe2f0</load_address>
         <run_address>0xe2f0</run_address>
         <size>0x2c</size>
         <input_file_ref idref="fl-34"/>
      </object_component>
      <object_component id="oc-ce">
         <name>.const:uart_config</name>
         <load_address>0xe31c</load_address>
         <run_address>0xe31c</run_address>
         <size>0x24</size>
         <input_file_ref idref="fl-3f"/>
      </object_component>
      <object_component id="oc-1b0">
         <name>.const:g_pulPriority</name>
         <load_address>0xe340</load_address>
         <run_address>0xe340</run_address>
         <size>0x20</size>
         <input_file_ref idref="fl-25"/>
      </object_component>
      <object_component id="oc-424">
         <name>.const:$P$T0$1</name>
         <load_address>0xe360</load_address>
         <run_address>0xe360</run_address>
         <size>0x1c</size>
         <input_file_ref idref="fl-35"/>
      </object_component>
      <object_component id="oc-1a0">
         <name>.const:GPIO_PORT_TO_INT</name>
         <load_address>0xe37c</load_address>
         <run_address>0xe37c</run_address>
         <size>0x1c</size>
         <input_file_ref idref="fl-23"/>
      </object_component>
      <object_component id="oc-372">
         <name>.const:$P$T0$1</name>
         <load_address>0xe398</load_address>
         <run_address>0xe398</run_address>
         <size>0x8</size>
         <input_file_ref idref="fl-34"/>
      </object_component>
      <object_component id="oc-359">
         <name>.const:.string:port2_remapping</name>
         <load_address>0xe3a0</load_address>
         <run_address>0xe3a0</run_address>
         <size>0x8</size>
         <input_file_ref idref="fl-39"/>
      </object_component>
      <object_component id="oc-35c">
         <name>.const:.string:port5_remapping</name>
         <load_address>0xe3a8</load_address>
         <run_address>0xe3a8</run_address>
         <size>0x8</size>
         <input_file_ref idref="fl-39"/>
      </object_component>
      <object_component id="oc-1b9">
         <name>.const:g_pulDisRegs</name>
         <load_address>0xe3b0</load_address>
         <run_address>0xe3b0</run_address>
         <size>0x8</size>
         <input_file_ref idref="fl-25"/>
      </object_component>
      <object_component id="oc-1b6">
         <name>.const:g_pulEnRegs</name>
         <load_address>0xe3b8</load_address>
         <run_address>0xe3b8</run_address>
         <size>0x8</size>
         <input_file_ref idref="fl-25"/>
      </object_component>
      <object_component id="oc-1bc">
         <name>.const:g_pulPendRegs</name>
         <load_address>0xe3c0</load_address>
         <run_address>0xe3c0</run_address>
         <size>0x8</size>
         <input_file_ref idref="fl-25"/>
      </object_component>
      <object_component id="oc-1bf">
         <name>.const:g_pulUnpendRegs</name>
         <load_address>0xe3c8</load_address>
         <run_address>0xe3c8</run_address>
         <size>0x8</size>
         <input_file_ref idref="fl-25"/>
      </object_component>
      <object_component id="oc-92">
         <name>.const</name>
         <load_address>0xe3d0</load_address>
         <run_address>0xe3d0</run_address>
         <size>0x8</size>
         <input_file_ref idref="fl-5"/>
      </object_component>
      <object_component id="oc-5de">
         <name>.cinit..data.load</name>
         <load_address>0xe3d8</load_address>
         <run_address>0xe3d8</run_address>
         <size>0xa8</size>
      </object_component>
      <object_component id="oc-5db">
         <name>__TI_handler_table</name>
         <load_address>0xe480</load_address>
         <run_address>0xe480</run_address>
         <size>0xc</size>
      </object_component>
      <object_component id="oc-5df">
         <name>.cinit..bss.load</name>
         <load_address>0xe490</load_address>
         <run_address>0xe490</run_address>
         <size>0x8</size>
      </object_component>
      <object_component id="oc-5dd">
         <name>.cinit..vtable.load</name>
         <load_address>0xe498</load_address>
         <run_address>0xe498</run_address>
         <size>0x8</size>
      </object_component>
      <object_component id="oc-5dc">
         <name>__TI_cinit_table</name>
         <load_address>0xe4a0</load_address>
         <run_address>0xe4a0</run_address>
         <size>0x18</size>
      </object_component>
      <object_component id="oc-1ad">
         <name>.vtable</name>
         <uninitialized>true</uninitialized>
         <run_address>0x20000000</run_address>
         <size>0xe4</size>
         <input_file_ref idref="fl-25"/>
      </object_component>
      <object_component id="oc-146">
         <name>.data</name>
         <load_address>0x2000c79c</load_address>
         <run_address>0x2000c79c</run_address>
         <size>0x4</size>
         <input_file_ref idref="fl-4"/>
      </object_component>
      <object_component id="oc-a2">
         <name>.data</name>
         <load_address>0x2000c784</load_address>
         <run_address>0x2000c784</run_address>
         <size>0xc</size>
         <input_file_ref idref="fl-5"/>
      </object_component>
      <object_component id="oc-2d8">
         <name>.data</name>
         <load_address>0x2000c790</load_address>
         <run_address>0x2000c790</run_address>
         <size>0x8</size>
         <input_file_ref idref="fl-9"/>
      </object_component>
      <object_component id="oc-8f">
         <name>.data</name>
         <load_address>0x2000c6a0</load_address>
         <run_address>0x2000c6a0</run_address>
         <size>0x34</size>
         <input_file_ref idref="fl-c"/>
      </object_component>
      <object_component id="oc-3fe">
         <name>.data:__getBurstProgramRegs</name>
         <load_address>0x2000c660</load_address>
         <run_address>0x2000c660</run_address>
         <size>0x40</size>
         <input_file_ref idref="fl-21"/>
      </object_component>
      <object_component id="oc-19d">
         <name>.data:GPIO_PORT_TO_BASE</name>
         <load_address>0x2000c6d4</load_address>
         <run_address>0x2000c6d4</run_address>
         <size>0x30</size>
         <input_file_ref idref="fl-23"/>
      </object_component>
      <object_component id="oc-413">
         <name>.data:led_red_pwm_cfg</name>
         <load_address>0x2000c74c</load_address>
         <run_address>0x2000c74c</run_address>
         <size>0x18</size>
         <input_file_ref idref="fl-39"/>
      </object_component>
      <object_component id="oc-416">
         <name>.data:led_green_pwm_cfg</name>
         <load_address>0x2000c734</load_address>
         <run_address>0x2000c734</run_address>
         <size>0x18</size>
         <input_file_ref idref="fl-39"/>
      </object_component>
      <object_component id="oc-419">
         <name>.data:led_blue_pwm_cfg</name>
         <load_address>0x2000c71c</load_address>
         <run_address>0x2000c71c</run_address>
         <size>0x18</size>
         <input_file_ref idref="fl-39"/>
      </object_component>
      <object_component id="oc-341">
         <name>.data:leds</name>
         <load_address>0x2000c774</load_address>
         <run_address>0x2000c774</run_address>
         <size>0x10</size>
         <input_file_ref idref="fl-3c"/>
      </object_component>
      <object_component id="oc-33e">
         <name>.data:buttons</name>
         <load_address>0x2000c704</load_address>
         <run_address>0x2000c704</run_address>
         <size>0x18</size>
         <input_file_ref idref="fl-3c"/>
      </object_component>
      <object_component id="oc-344">
         <name>.data:debug</name>
         <load_address>0x2000c764</load_address>
         <run_address>0x2000c764</run_address>
         <size>0x10</size>
         <input_file_ref idref="fl-3c"/>
      </object_component>
      <object_component id="oc-544">
         <name>.data</name>
         <load_address>0x2000c798</load_address>
         <run_address>0x2000c798</run_address>
         <size>0x4</size>
         <input_file_ref idref="fl-10f"/>
      </object_component>
      <object_component id="oc-233">
         <name>.bss:g_sContext</name>
         <uninitialized>true</uninitialized>
         <run_address>0x2000c570</run_address>
         <size>0x1c</size>
         <input_file_ref idref="fl-2"/>
      </object_component>
      <object_component id="oc-2db">
         <name>.bss:ucHeap</name>
         <uninitialized>true</uninitialized>
         <run_address>0x200000e4</run_address>
         <size>0xc000</size>
         <input_file_ref idref="fl-9"/>
      </object_component>
      <object_component id="oc-16d">
         <name>.bss:pxReadyTasksLists</name>
         <uninitialized>true</uninitialized>
         <run_address>0x2000c4e4</run_address>
         <size>0x8c</size>
         <input_file_ref idref="fl-c"/>
      </object_component>
      <object_component id="oc-17c">
         <name>.bss:xDelayedTaskList1</name>
         <uninitialized>true</uninitialized>
         <run_address>0x2000c58c</run_address>
         <size>0x14</size>
         <input_file_ref idref="fl-c"/>
      </object_component>
      <object_component id="oc-17f">
         <name>.bss:xDelayedTaskList2</name>
         <uninitialized>true</uninitialized>
         <run_address>0x2000c5a0</run_address>
         <size>0x14</size>
         <input_file_ref idref="fl-c"/>
      </object_component>
      <object_component id="oc-173">
         <name>.bss</name>
         <uninitialized>true</uninitialized>
         <run_address>0x2000c61c</run_address>
         <size>0x8</size>
         <input_file_ref idref="fl-c"/>
      </object_component>
      <object_component id="oc-179">
         <name>.bss:xPendingReadyList</name>
         <uninitialized>true</uninitialized>
         <run_address>0x2000c5b4</run_address>
         <size>0x14</size>
         <input_file_ref idref="fl-c"/>
      </object_component>
      <object_component id="oc-170">
         <name>.bss:xTasksWaitingTermination</name>
         <uninitialized>true</uninitialized>
         <run_address>0x2000c5dc</run_address>
         <size>0x14</size>
         <input_file_ref idref="fl-c"/>
      </object_component>
      <object_component id="oc-176">
         <name>.bss:xSuspendedTaskList</name>
         <uninitialized>true</uninitialized>
         <run_address>0x2000c5c8</run_address>
         <size>0x14</size>
         <input_file_ref idref="fl-c"/>
      </object_component>
      <object_component id="oc-183">
         <name>.bss</name>
         <uninitialized>true</uninitialized>
         <run_address>0x2000c614</run_address>
         <size>0x8</size>
         <input_file_ref idref="fl-1f"/>
      </object_component>
      <object_component id="oc-d4">
         <name>.bss:uart_tx_buffer</name>
         <uninitialized>true</uninitialized>
         <run_address>0x2000c2e4</run_address>
         <size>0x200</size>
         <input_file_ref idref="fl-3f"/>
      </object_component>
      <object_component id="oc-da">
         <name>.bss:uart_rx_buffer</name>
         <uninitialized>true</uninitialized>
         <run_address>0x2000c0e4</run_address>
         <size>0x200</size>
         <input_file_ref idref="fl-3f"/>
      </object_component>
      <object_component id="oc-d1">
         <name>.bss:buffer_tx</name>
         <uninitialized>true</uninitialized>
         <run_address>0x2000c5fc</run_address>
         <size>0xc</size>
         <input_file_ref idref="fl-3f"/>
      </object_component>
      <object_component id="oc-d7">
         <name>.bss:buffer_rx</name>
         <uninitialized>true</uninitialized>
         <run_address>0x2000c5f0</run_address>
         <size>0xc</size>
         <input_file_ref idref="fl-3f"/>
      </object_component>
      <object_component id="oc-dd">
         <name>.bss</name>
         <uninitialized>true</uninitialized>
         <run_address>0x2000c634</run_address>
         <size>0x4</size>
         <input_file_ref idref="fl-3f"/>
      </object_component>
      <object_component id="oc-231">
         <name>.common:xRunUARTReadingTaskSemaphore</name>
         <uninitialized>true</uninitialized>
         <run_address>0x2000c650</run_address>
         <size>0x4</size>
      </object_component>
      <object_component id="oc-232">
         <name>.common:xRunADCTaskSemaphore</name>
         <uninitialized>true</uninitialized>
         <run_address>0x2000c64c</run_address>
         <size>0x4</size>
      </object_component>
      <object_component id="oc-21f">
         <name>.common:xADCReadingAvailableSemaphore</name>
         <uninitialized>true</uninitialized>
         <run_address>0x2000c640</run_address>
         <size>0x4</size>
      </object_component>
      <object_component id="oc-220">
         <name>.common:xQueueADC2Process</name>
         <uninitialized>true</uninitialized>
         <run_address>0x2000c644</run_address>
         <size>0x4</size>
      </object_component>
      <object_component id="oc-221">
         <name>.common:xQueueProcess2LCD</name>
         <uninitialized>true</uninitialized>
         <run_address>0x2000c648</run_address>
         <size>0x4</size>
      </object_component>
      <object_component id="oc-23a">
         <name>.common:start_timestamp</name>
         <uninitialized>true</uninitialized>
         <run_address>0x2000c63c</run_address>
         <size>0x4</size>
      </object_component>
      <object_component id="oc-23b">
         <name>.common:accel_values</name>
         <uninitialized>true</uninitialized>
         <run_address>0x2000c62c</run_address>
         <size>0x6</size>
      </object_component>
      <object_component id="oc-27c">
         <name>.common:uart_command</name>
         <uninitialized>true</uninitialized>
         <run_address>0x2000c608</run_address>
         <size>0xc</size>
      </object_component>
      <object_component id="oc-239">
         <name>.common:command</name>
         <uninitialized>true</uninitialized>
         <run_address>0x2000c658</run_address>
         <size>0x2</size>
      </object_component>
      <object_component id="oc-371">
         <name>.common:Lcd_Orientation</name>
         <uninitialized>true</uninitialized>
         <run_address>0x2000c65c</run_address>
         <size>0x1</size>
      </object_component>
      <object_component id="oc-369">
         <name>.common:Lcd_ScreenWidth</name>
         <uninitialized>true</uninitialized>
         <run_address>0x2000c654</run_address>
         <size>0x2</size>
      </object_component>
      <object_component id="oc-36c">
         <name>.common:Lcd_ScreenHeigth</name>
         <uninitialized>true</uninitialized>
         <run_address>0x2000c632</run_address>
         <size>0x2</size>
      </object_component>
      <object_component id="oc-36d">
         <name>.common:Lcd_PenSolid</name>
         <uninitialized>true</uninitialized>
         <run_address>0x2000c65d</run_address>
         <size>0x1</size>
      </object_component>
      <object_component id="oc-36e">
         <name>.common:Lcd_FontSolid</name>
         <uninitialized>true</uninitialized>
         <run_address>0x2000c65b</run_address>
         <size>0x1</size>
      </object_component>
      <object_component id="oc-36f">
         <name>.common:Lcd_FlagRead</name>
         <uninitialized>true</uninitialized>
         <run_address>0x2000c65a</run_address>
         <size>0x1</size>
      </object_component>
      <object_component id="oc-370">
         <name>.common:Lcd_TouchTrim</name>
         <uninitialized>true</uninitialized>
         <run_address>0x2000c656</run_address>
         <size>0x2</size>
      </object_component>
      <object_component id="oc-100">
         <name>.common:adc_callback_func</name>
         <uninitialized>true</uninitialized>
         <run_address>0x2000c638</run_address>
         <size>0x4</size>
      </object_component>
      <object_component id="oc-fd">
         <name>.common:results_buffer</name>
         <uninitialized>true</uninitialized>
         <run_address>0x2000c624</run_address>
         <size>0x8</size>
      </object_component>
      <object_component id="oc-22">
         <name>.stack</name>
         <uninitialized>true</uninitialized>
         <run_address>0x2000fe00</run_address>
         <size>0x4</size>
         <input_file_ref idref="fl-110"/>
      </object_component>
      <object_component id="oc-5e0">
         <name>.stack</name>
         <uninitialized>true</uninitialized>
         <run_address>0x2000fe00</run_address>
         <size>0x0</size>
      </object_component>
      <object_component id="oc-196">
         <name>.debug_info</name>
         <load_address>0x0</load_address>
         <run_address>0x0</run_address>
         <size>0x1212</size>
         <input_file_ref idref="fl-2"/>
      </object_component>
      <object_component id="oc-234">
         <name>.debug_info</name>
         <load_address>0x1212</load_address>
         <run_address>0x1212</run_address>
         <size>0x119</size>
         <input_file_ref idref="fl-2"/>
      </object_component>
      <object_component id="oc-135">
         <name>.debug_info</name>
         <load_address>0x132b</load_address>
         <run_address>0x132b</run_address>
         <size>0x14a5</size>
         <input_file_ref idref="fl-2"/>
      </object_component>
      <object_component id="oc-15a">
         <name>.debug_info</name>
         <load_address>0x27d0</load_address>
         <run_address>0x27d0</run_address>
         <size>0x30c</size>
         <input_file_ref idref="fl-2"/>
      </object_component>
      <object_component id="oc-1d0">
         <name>.debug_info</name>
         <load_address>0x2adc</load_address>
         <run_address>0x2adc</run_address>
         <size>0x86</size>
         <input_file_ref idref="fl-2"/>
      </object_component>
      <object_component id="oc-27e">
         <name>.debug_info</name>
         <load_address>0x2b62</load_address>
         <run_address>0x2b62</run_address>
         <size>0x104</size>
         <input_file_ref idref="fl-2"/>
      </object_component>
      <object_component id="oc-2d3">
         <name>.debug_info</name>
         <load_address>0x2c66</load_address>
         <run_address>0x2c66</run_address>
         <size>0x110</size>
         <input_file_ref idref="fl-2"/>
      </object_component>
      <object_component id="oc-113">
         <name>.debug_info</name>
         <load_address>0x2d76</load_address>
         <run_address>0x2d76</run_address>
         <size>0x26b</size>
         <input_file_ref idref="fl-2"/>
      </object_component>
      <object_component id="oc-10e">
         <name>.debug_info</name>
         <load_address>0x2fe1</load_address>
         <run_address>0x2fe1</run_address>
         <size>0x1055</size>
         <input_file_ref idref="fl-2"/>
      </object_component>
      <object_component id="oc-109">
         <name>.debug_info</name>
         <load_address>0x4036</load_address>
         <run_address>0x4036</run_address>
         <size>0x37e2</size>
         <input_file_ref idref="fl-2"/>
      </object_component>
      <object_component id="oc-2f4">
         <name>.debug_info</name>
         <load_address>0x7818</load_address>
         <run_address>0x7818</run_address>
         <size>0x1b5</size>
         <input_file_ref idref="fl-2"/>
      </object_component>
      <object_component id="oc-191">
         <name>.debug_info</name>
         <load_address>0x79cd</load_address>
         <run_address>0x79cd</run_address>
         <size>0x3cd</size>
         <input_file_ref idref="fl-2"/>
      </object_component>
      <object_component id="oc-2fb">
         <name>.debug_info</name>
         <load_address>0x7d9a</load_address>
         <run_address>0x7d9a</run_address>
         <size>0x40a</size>
         <input_file_ref idref="fl-2"/>
      </object_component>
      <object_component id="oc-4c9">
         <name>.debug_info</name>
         <load_address>0x81a4</load_address>
         <run_address>0x81a4</run_address>
         <size>0xc6</size>
         <input_file_ref idref="fl-2"/>
      </object_component>
      <object_component id="oc-4df">
         <name>.debug_info</name>
         <load_address>0x826a</load_address>
         <run_address>0x826a</run_address>
         <size>0x341</size>
         <input_file_ref idref="fl-2"/>
      </object_component>
      <object_component id="oc-e6">
         <name>.debug_info</name>
         <load_address>0x85ab</load_address>
         <run_address>0x85ab</run_address>
         <size>0x8b</size>
         <input_file_ref idref="fl-2"/>
      </object_component>
      <object_component id="oc-305">
         <name>.debug_info</name>
         <load_address>0x8636</load_address>
         <run_address>0x8636</run_address>
         <size>0x46</size>
         <input_file_ref idref="fl-2"/>
      </object_component>
      <object_component id="oc-300">
         <name>.debug_info</name>
         <load_address>0x867c</load_address>
         <run_address>0x867c</run_address>
         <size>0x2c</size>
         <input_file_ref idref="fl-2"/>
      </object_component>
      <object_component id="oc-a7">
         <name>.debug_info</name>
         <load_address>0x86a8</load_address>
         <run_address>0x86a8</run_address>
         <size>0x2c</size>
         <input_file_ref idref="fl-2"/>
      </object_component>
      <object_component id="oc-348">
         <name>.debug_info</name>
         <load_address>0x86d4</load_address>
         <run_address>0x86d4</run_address>
         <size>0x2c</size>
         <input_file_ref idref="fl-2"/>
      </object_component>
      <object_component id="oc-102">
         <name>.debug_info</name>
         <load_address>0x8700</load_address>
         <run_address>0x8700</run_address>
         <size>0x39</size>
         <input_file_ref idref="fl-2"/>
      </object_component>
      <object_component id="oc-e1">
         <name>.debug_info</name>
         <load_address>0x8739</load_address>
         <run_address>0x8739</run_address>
         <size>0x2c</size>
         <input_file_ref idref="fl-2"/>
      </object_component>
      <object_component id="oc-198">
         <name>.debug_info</name>
         <load_address>0x8765</load_address>
         <run_address>0x8765</run_address>
         <size>0x297</size>
         <input_file_ref idref="fl-2"/>
      </object_component>
      <object_component id="oc-151">
         <name>.debug_info</name>
         <load_address>0x89fc</load_address>
         <run_address>0x89fc</run_address>
         <size>0xef</size>
         <input_file_ref idref="fl-2"/>
      </object_component>
      <object_component id="oc-b1">
         <name>.debug_info</name>
         <load_address>0x8aeb</load_address>
         <run_address>0x8aeb</run_address>
         <size>0xbb</size>
         <input_file_ref idref="fl-2"/>
      </object_component>
      <object_component id="oc-ac">
         <name>.debug_info</name>
         <load_address>0x8ba6</load_address>
         <run_address>0x8ba6</run_address>
         <size>0x53</size>
         <input_file_ref idref="fl-2"/>
      </object_component>
      <object_component id="oc-39c">
         <name>.debug_info</name>
         <load_address>0x8bf9</load_address>
         <run_address>0x8bf9</run_address>
         <size>0x2c</size>
         <input_file_ref idref="fl-2"/>
      </object_component>
      <object_component id="oc-428">
         <name>.debug_info</name>
         <load_address>0x8c25</load_address>
         <run_address>0x8c25</run_address>
         <size>0x131</size>
         <input_file_ref idref="fl-2"/>
      </object_component>
      <object_component id="oc-1df">
         <name>.debug_info</name>
         <load_address>0x8d56</load_address>
         <run_address>0x8d56</run_address>
         <size>0xee</size>
         <input_file_ref idref="fl-2"/>
      </object_component>
      <object_component id="oc-18c">
         <name>.debug_info</name>
         <load_address>0x8e44</load_address>
         <run_address>0x8e44</run_address>
         <size>0x14c</size>
         <input_file_ref idref="fl-2"/>
      </object_component>
      <object_component id="oc-44">
         <name>.debug_info</name>
         <load_address>0x8f90</load_address>
         <run_address>0x8f90</run_address>
         <size>0x6d6</size>
         <input_file_ref idref="fl-3"/>
      </object_component>
      <object_component id="oc-11">
         <name>.debug_info</name>
         <load_address>0x9666</load_address>
         <run_address>0x9666</run_address>
         <size>0x134</size>
         <input_file_ref idref="fl-3"/>
      </object_component>
      <object_component id="oc-28">
         <name>.debug_info</name>
         <load_address>0x979a</load_address>
         <run_address>0x979a</run_address>
         <size>0x283</size>
         <input_file_ref idref="fl-3"/>
      </object_component>
      <object_component id="oc-4b">
         <name>.debug_info</name>
         <load_address>0x9a1d</load_address>
         <run_address>0x9a1d</run_address>
         <size>0x84</size>
         <input_file_ref idref="fl-3"/>
      </object_component>
      <object_component id="oc-147">
         <name>.debug_info</name>
         <load_address>0x9aa1</load_address>
         <run_address>0x9aa1</run_address>
         <size>0x132</size>
         <input_file_ref idref="fl-4"/>
      </object_component>
      <object_component id="oc-86">
         <name>.debug_info</name>
         <load_address>0x9bd3</load_address>
         <run_address>0x9bd3</run_address>
         <size>0x2a4</size>
         <input_file_ref idref="fl-4"/>
      </object_component>
      <object_component id="oc-a6">
         <name>.debug_info</name>
         <load_address>0x9e77</load_address>
         <run_address>0x9e77</run_address>
         <size>0x7ac</size>
         <input_file_ref idref="fl-5"/>
      </object_component>
      <object_component id="oc-93">
         <name>.debug_info</name>
         <load_address>0xa623</load_address>
         <run_address>0xa623</run_address>
         <size>0x1fa</size>
         <input_file_ref idref="fl-5"/>
      </object_component>
      <object_component id="oc-a3">
         <name>.debug_info</name>
         <load_address>0xa81d</load_address>
         <run_address>0xa81d</run_address>
         <size>0x205</size>
         <input_file_ref idref="fl-5"/>
      </object_component>
      <object_component id="oc-33">
         <name>.debug_info</name>
         <load_address>0xaa22</load_address>
         <run_address>0xaa22</run_address>
         <size>0xefd</size>
         <input_file_ref idref="fl-5"/>
      </object_component>
      <object_component id="oc-2e">
         <name>.debug_info</name>
         <load_address>0xb91f</load_address>
         <run_address>0xb91f</run_address>
         <size>0x2e7</size>
         <input_file_ref idref="fl-6"/>
      </object_component>
      <object_component id="oc-3e5">
         <name>.debug_info</name>
         <load_address>0xbc06</load_address>
         <run_address>0xbc06</run_address>
         <size>0x979</size>
         <input_file_ref idref="fl-8"/>
      </object_component>
      <object_component id="oc-4bd">
         <name>.debug_info</name>
         <load_address>0xc57f</load_address>
         <run_address>0xc57f</run_address>
         <size>0x39</size>
         <input_file_ref idref="fl-8"/>
      </object_component>
      <object_component id="oc-2c9">
         <name>.debug_info</name>
         <load_address>0xc5b8</load_address>
         <run_address>0xc5b8</run_address>
         <size>0x46</size>
         <input_file_ref idref="fl-8"/>
      </object_component>
      <object_component id="oc-4c2">
         <name>.debug_info</name>
         <load_address>0xc5fe</load_address>
         <run_address>0xc5fe</run_address>
         <size>0x76</size>
         <input_file_ref idref="fl-8"/>
      </object_component>
      <object_component id="oc-2df">
         <name>.debug_info</name>
         <load_address>0xc674</load_address>
         <run_address>0xc674</run_address>
         <size>0x750</size>
         <input_file_ref idref="fl-9"/>
      </object_component>
      <object_component id="oc-2dc">
         <name>.debug_info</name>
         <load_address>0xcdc4</load_address>
         <run_address>0xcdc4</run_address>
         <size>0x17f</size>
         <input_file_ref idref="fl-9"/>
      </object_component>
      <object_component id="oc-2d9">
         <name>.debug_info</name>
         <load_address>0xcf43</load_address>
         <run_address>0xcf43</run_address>
         <size>0x18d</size>
         <input_file_ref idref="fl-9"/>
      </object_component>
      <object_component id="oc-162">
         <name>.debug_info</name>
         <load_address>0xd0d0</load_address>
         <run_address>0xd0d0</run_address>
         <size>0x6f5</size>
         <input_file_ref idref="fl-9"/>
      </object_component>
      <object_component id="oc-2e1">
         <name>.debug_info</name>
         <load_address>0xd7c5</load_address>
         <run_address>0xd7c5</run_address>
         <size>0x6c9</size>
         <input_file_ref idref="fl-a"/>
      </object_component>
      <object_component id="oc-168">
         <name>.debug_info</name>
         <load_address>0xde8e</load_address>
         <run_address>0xde8e</run_address>
         <size>0x92f</size>
         <input_file_ref idref="fl-a"/>
      </object_component>
      <object_component id="oc-32b">
         <name>.debug_info</name>
         <load_address>0xe7bd</load_address>
         <run_address>0xe7bd</run_address>
         <size>0xb22</size>
         <input_file_ref idref="fl-b"/>
      </object_component>
      <object_component id="oc-203">
         <name>.debug_info</name>
         <load_address>0xf2df</load_address>
         <run_address>0xf2df</run_address>
         <size>0x3fe9</size>
         <input_file_ref idref="fl-b"/>
      </object_component>
      <object_component id="oc-3f0">
         <name>.debug_info</name>
         <load_address>0x132c8</load_address>
         <run_address>0x132c8</run_address>
         <size>0x17d</size>
         <input_file_ref idref="fl-b"/>
      </object_component>
      <object_component id="oc-159">
         <name>.debug_info</name>
         <load_address>0x13445</load_address>
         <run_address>0x13445</run_address>
         <size>0xad8</size>
         <input_file_ref idref="fl-c"/>
      </object_component>
      <object_component id="oc-90">
         <name>.debug_info</name>
         <load_address>0x13f1d</load_address>
         <run_address>0x13f1d</run_address>
         <size>0x3ee</size>
         <input_file_ref idref="fl-c"/>
      </object_component>
      <object_component id="oc-16e">
         <name>.debug_info</name>
         <load_address>0x1430b</load_address>
         <run_address>0x1430b</run_address>
         <size>0x195</size>
         <input_file_ref idref="fl-c"/>
      </object_component>
      <object_component id="oc-17d">
         <name>.debug_info</name>
         <load_address>0x144a0</load_address>
         <run_address>0x144a0</run_address>
         <size>0x195</size>
         <input_file_ref idref="fl-c"/>
      </object_component>
      <object_component id="oc-180">
         <name>.debug_info</name>
         <load_address>0x14635</load_address>
         <run_address>0x14635</run_address>
         <size>0x195</size>
         <input_file_ref idref="fl-c"/>
      </object_component>
      <object_component id="oc-174">
         <name>.debug_info</name>
         <load_address>0x147ca</load_address>
         <run_address>0x147ca</run_address>
         <size>0x1d8</size>
         <input_file_ref idref="fl-c"/>
      </object_component>
      <object_component id="oc-17a">
         <name>.debug_info</name>
         <load_address>0x149a2</load_address>
         <run_address>0x149a2</run_address>
         <size>0x195</size>
[...]
         <value>0xa4f5</value>
         <object_component_ref idref="oc-bc"/>
      </symbol>
      <symbol id="sm-f66">
         <name>UART_queryStatusFlags</name>
         <value>0xa345</value>
         <object_component_ref idref="oc-bc"/>
      </symbol>
      <symbol id="sm-f67">
         <name>UART_disableInterrupt</name>
         <value>0xa44d</value>
         <object_component_ref idref="oc-bc"/>
      </symbol>
      <symbol id="sm-f68">
         <name>UART_setDormant</name>
         <value>0xa359</value>
         <object_component_ref idref="oc-bc"/>
      </symbol>
      <symbol id="sm-f69">
         <name>UART_resetDormant</name>
         <value>0xa36d</value>
         <object_component_ref idref="oc-bc"/>
      </symbol>
      <symbol id="sm-f80">
         <name>WDT_A_setTimeoutReset</name>
         <value>0xcead</value>
         <object_component_ref idref="oc-88"/>
      </symbol>
      <symbol id="sm-f81">
         <name>WDT_A_registerInterrupt</name>
         <value>0xceb9</value>
         <object_component_ref idref="oc-88"/>
      </symbol>
      <symbol id="sm-f82">
         <name>WDT_A_setPasswordViolationReset</name>
         <value>0xcea1</value>
         <object_component_ref idref="oc-88"/>
      </symbol>
      <symbol id="sm-f83">
         <name>WDT_A_initIntervalTimer</name>
         <value>0xce85</value>
         <object_component_ref idref="oc-88"/>
      </symbol>
      <symbol id="sm-f84">
         <name>WDT_A_clearTimer</name>
         <value>0xce49</value>
         <object_component_ref idref="oc-88"/>
      </symbol>
      <symbol id="sm-f85">
         <name>WDT_A_holdTimer</name>
         <value>0xce09</value>
         <object_component_ref idref="oc-88"/>
      </symbol>
      <symbol id="sm-f86">
         <name>WDT_A_initWatchdogTimer</name>
         <value>0xce69</value>
         <object_component_ref idref="oc-88"/>
      </symbol>
      <symbol id="sm-f87">
         <name>WDT_A_startTimer</name>
         <value>0xce29</value>
         <object_component_ref idref="oc-88"/>
      </symbol>
      <symbol id="sm-f88">
         <name>WDT_A_unregisterInterrupt</name>
         <value>0xcecd</value>
         <object_component_ref idref="oc-88"/>
      </symbol>
      <symbol id="sm-fee">
         <name>Lcd_Orientation</name>
         <value>0x2000c65c</value>
      </symbol>
      <symbol id="sm-fef">
         <name>Lcd_ScreenWidth</name>
         <value>0x2000c654</value>
      </symbol>
      <symbol id="sm-ff0">
         <name>Lcd_ScreenHeigth</name>
         <value>0x2000c632</value>
      </symbol>
      <symbol id="sm-ff1">
         <name>Lcd_PenSolid</name>
         <value>0x2000c65d</value>
      </symbol>
      <symbol id="sm-ff2">
         <name>Lcd_FontSolid</name>
         <value>0x2000c65b</value>
      </symbol>
      <symbol id="sm-ff3">
         <name>Lcd_FlagRead</name>
         <value>0x2000c65a</value>
      </symbol>
      <symbol id="sm-ff4">
         <name>Lcd_TouchTrim</name>
         <value>0x2000c656</value>
      </symbol>
      <symbol id="sm-ff5">
         <name>Crystalfontz128x128_SetDrawFrame</name>
         <value>0x839d</value>
         <object_component_ref idref="oc-213"/>
      </symbol>
      <symbol id="sm-ff6">
         <name>Crystalfontz128x128_SetOrientation</name>
         <value>0x84cb</value>
         <object_component_ref idref="oc-213"/>
      </symbol>
      <symbol id="sm-ff7">
         <name>g_sCrystalfontz128x128</name>
         <value>0xe2f0</value>
         <object_component_ref idref="oc-222"/>
      </symbol>
      <symbol id="sm-ff8">
         <name>Crystalfontz128x128_Init</name>
         <value>0x8289</value>
         <object_component_ref idref="oc-213"/>
      </symbol>
      <symbol id="sm-1016">
         <name>HAL_LCD_writeData</name>
         <value>0xd11d</value>
         <object_component_ref idref="oc-363"/>
      </symbol>
      <symbol id="sm-1017">
         <name>HAL_LCD_SpiInit</name>
         <value>0xd0b1</value>
         <object_component_ref idref="oc-363"/>
      </symbol>
      <symbol id="sm-1018">
         <name>HAL_LCD_PortInit</name>
         <value>0xd081</value>
         <object_component_ref idref="oc-363"/>
      </symbol>
      <symbol id="sm-1019">
         <name>HAL_LCD_writeCommand</name>
         <value>0xd0e7</value>
         <object_component_ref idref="oc-363"/>
      </symbol>
      <symbol id="sm-1030">
         <name>circ_buffer_push</name>
         <value>0xcd37</value>
         <object_component_ref idref="oc-c8"/>
      </symbol>
      <symbol id="sm-1031">
         <name>circ_buffer_is_full</name>
         <value>0xcdc1</value>
         <object_component_ref idref="oc-c8"/>
      </symbol>
      <symbol id="sm-1032">
         <name>circ_buffer_init</name>
         <value>0xcd0d</value>
         <object_component_ref idref="oc-c8"/>
      </symbol>
      <symbol id="sm-1033">
         <name>circ_buffer_is_empty</name>
         <value>0xcda1</value>
         <object_component_ref idref="oc-c8"/>
      </symbol>
      <symbol id="sm-1034">
         <name>circ_buffer_pop</name>
         <value>0xcd69</value>
         <object_component_ref idref="oc-c8"/>
      </symbol>
      <symbol id="sm-1051">
         <name>adc_callback_func</name>
         <value>0x2000c638</value>
      </symbol>
      <symbol id="sm-1052">
         <name>results_buffer</name>
         <value>0x2000c624</value>
      </symbol>
      <symbol id="sm-1053">
         <name>edu_boosterpack_accelerometer_disable</name>
         <value>0xcba1</value>
         <object_component_ref idref="oc-3c"/>
      </symbol>
      <symbol id="sm-1054">
         <name>edu_boosterpack_accelerometer_clear_callback</name>
         <value>0xcbcb</value>
         <object_component_ref idref="oc-3c"/>
      </symbol>
      <symbol id="sm-1055">
         <name>edu_boosterpack_accelerometer_read</name>
         <value>0xcb95</value>
         <object_component_ref idref="oc-3c"/>
      </symbol>
      <symbol id="sm-1056">
         <name>ADC_IRQHandler</name>
         <value>0xcbd3</value>
         <object_component_ref idref="oc-3c"/>
      </symbol>
      <symbol id="sm-1057">
         <name>edu_boosterpack_accelerometer_set_callback</name>
         <value>0xcbbb</value>
         <object_component_ref idref="oc-3c"/>
      </symbol>
      <symbol id="sm-1058">
         <name>edu_boosterpack_accelerometer_init</name>
         <value>0xcb0d</value>
         <object_component_ref idref="oc-3c"/>
      </symbol>
      <symbol id="sm-10a8">
         <name>edu_boosterpack_rgb_init</name>
         <value>0xc289</value>
         <object_component_ref idref="oc-20d"/>
      </symbol>
      <symbol id="sm-10a9">
         <name>edu_boosterpack_rgb_off</name>
         <value>0xc2a3</value>
         <object_component_ref idref="oc-20d"/>
      </symbol>
      <symbol id="sm-10aa">
         <name>edu_boosterpack_rgb_pwm_all</name>
         <value>0xc2cd</value>
         <object_component_ref idref="oc-20d"/>
      </symbol>
      <symbol id="sm-10ab">
         <name>edu_boosterpack_rgb_pwm</name>
         <value>0xc2b5</value>
         <object_component_ref idref="oc-20d"/>
      </symbol>
      <symbol id="sm-10ac">
         <name>edu_boosterpack_rgb_on</name>
         <value>0xc291</value>
         <object_component_ref idref="oc-20d"/>
      </symbol>
      <symbol id="sm-10b8">
         <name>interrupts_restore</name>
         <value>0xdb95</value>
         <object_component_ref idref="oc-1c4"/>
      </symbol>
      <symbol id="sm-10b9">
         <name>interrupts_disable</name>
         <value>0xdba5</value>
         <object_component_ref idref="oc-1c4"/>
      </symbol>
      <symbol id="sm-1112">
         <name>board_buttons_clear_callback</name>
         <value>0xaa31</value>
         <object_component_ref idref="oc-207"/>
      </symbol>
      <symbol id="sm-1113">
         <name>debug_off</name>
         <value>0xaaf5</value>
         <object_component_ref idref="oc-207"/>
      </symbol>
      <symbol id="sm-1114">
         <name>led_on</name>
         <value>0xaa55</value>
         <object_component_ref idref="oc-207"/>
      </symbol>
      <symbol id="sm-1115">
         <name>PORT1_IRQHandler</name>
         <value>0xad33</value>
         <object_component_ref idref="oc-207"/>
      </symbol>
      <symbol id="sm-1116">
         <name>board_init</name>
         <value>0xa9ed</value>
         <object_component_ref idref="oc-207"/>
      </symbol>
      <symbol id="sm-1117">
         <name>led_toggle</name>
         <value>0xaaa5</value>
         <object_component_ref idref="oc-207"/>
      </symbol>
      <symbol id="sm-1118">
         <name>debug_on</name>
         <value>0xaacd</value>
         <object_component_ref idref="oc-207"/>
      </symbol>
      <symbol id="sm-1119">
         <name>board_lock</name>
         <value>0xaa01</value>
         <object_component_ref idref="oc-207"/>
      </symbol>
      <symbol id="sm-111a">
         <name>debug_toggle</name>
         <value>0xab1d</value>
         <object_component_ref idref="oc-207"/>
      </symbol>
      <symbol id="sm-111b">
         <name>board_buttons_set_callback</name>
         <value>0xaa0b</value>
         <object_component_ref idref="oc-207"/>
      </symbol>
      <symbol id="sm-111c">
         <name>led_off</name>
         <value>0xaa7d</value>
         <object_component_ref idref="oc-207"/>
      </symbol>
      <symbol id="sm-1170">
         <name>uart_get_char</name>
         <value>0xc161</value>
         <object_component_ref idref="oc-36"/>
      </symbol>
      <symbol id="sm-1171">
         <name>uart_init</name>
         <value>0xc0dd</value>
         <object_component_ref idref="oc-36"/>
      </symbol>
      <symbol id="sm-1172">
         <name>uart_put_char</name>
         <value>0xc133</value>
         <object_component_ref idref="oc-36"/>
      </symbol>
      <symbol id="sm-1173">
         <name>EUSCIA0_IRQHandler</name>
         <value>0xc1c1</value>
         <object_component_ref idref="oc-36"/>
      </symbol>
      <symbol id="sm-1174">
         <name>uart_print</name>
         <value>0xc17f</value>
         <object_component_ref idref="oc-36"/>
      </symbol>
      <symbol id="sm-11b6">
         <name>atanl</name>
         <value>0xb0c5</value>
         <object_component_ref idref="oc-25f"/>
      </symbol>
      <symbol id="sm-11b7">
         <name>atan</name>
         <value>0xb0c5</value>
         <object_component_ref idref="oc-25f"/>
      </symbol>
      <symbol id="sm-11de">
         <name>scalbn</name>
         <value>0xc9fd</value>
         <object_component_ref idref="oc-52e"/>
      </symbol>
      <symbol id="sm-11df">
         <name>scalbnl</name>
         <value>0xc9fd</value>
         <object_component_ref idref="oc-52e"/>
      </symbol>
      <symbol id="sm-11e0">
         <name>ldexpl</name>
         <value>0xc9fd</value>
         <object_component_ref idref="oc-52e"/>
      </symbol>
      <symbol id="sm-11e1">
         <name>ldexp</name>
         <value>0xc9fd</value>
         <object_component_ref idref="oc-52e"/>
      </symbol>
      <symbol id="sm-1208">
         <name>sprintf</name>
         <value>0xda11</value>
         <object_component_ref idref="oc-22b"/>
      </symbol>
      <symbol id="sm-1217">
         <name>__aeabi_memset</name>
         <value>0xd5b3</value>
         <object_component_ref idref="oc-ec"/>
      </symbol>
      <symbol id="sm-1218">
         <name>memset</name>
         <value>0xd5b9</value>
         <object_component_ref idref="oc-ec"/>
      </symbol>
      <symbol id="sm-1219">
         <name>__aeabi_memset8</name>
         <value>0xd5b3</value>
         <object_component_ref idref="oc-ec"/>
      </symbol>
      <symbol id="sm-121a">
         <name>__aeabi_memset4</name>
         <value>0xd5b3</value>
         <object_component_ref idref="oc-ec"/>
      </symbol>
      <symbol id="sm-121b">
         <name>__aeabi_memclr8</name>
         <value>0xd5b1</value>
         <object_component_ref idref="oc-ec"/>
      </symbol>
      <symbol id="sm-121c">
         <name>__aeabi_memclr4</name>
         <value>0xd5b1</value>
         <object_component_ref idref="oc-ec"/>
      </symbol>
      <symbol id="sm-121d">
         <name>__aeabi_memclr</name>
         <value>0xd5b1</value>
         <object_component_ref idref="oc-ec"/>
      </symbol>
      <symbol id="sm-1234">
         <name>__aeabi_dsub</name>
         <value>0xbf25</value>
         <object_component_ref idref="oc-246"/>
      </symbol>
      <symbol id="sm-1235">
         <name>__aeabi_dadd</name>
         <value>0xbf2f</value>
         <object_component_ref idref="oc-246"/>
      </symbol>
      <symbol id="sm-1257">
         <name>__aeabi_cdcmpeq</name>
         <value>0xd4a5</value>
         <object_component_ref idref="oc-25a"/>
      </symbol>
      <symbol id="sm-1258">
         <name>__aeabi_cdcmple</name>
         <value>0xd4a5</value>
         <object_component_ref idref="oc-25a"/>
      </symbol>
      <symbol id="sm-1259">
         <name>__aeabi_cdrcmple</name>
         <value>0xd52b</value>
         <object_component_ref idref="oc-255"/>
      </symbol>
      <symbol id="sm-126d">
         <name>__aeabi_ddiv</name>
         <value>0xc545</value>
         <object_component_ref idref="oc-250"/>
      </symbol>
      <symbol id="sm-1278">
         <name>__aeabi_dmul</name>
         <value>0xcc11</value>
         <object_component_ref idref="oc-241"/>
      </symbol>
      <symbol id="sm-1284">
         <name>__aeabi_d2f</name>
         <value>0xd699</value>
         <object_component_ref idref="oc-24b"/>
      </symbol>
      <symbol id="sm-1290">
         <name>__aeabi_f2d</name>
         <value>0xdacd</value>
         <object_component_ref idref="oc-23c"/>
      </symbol>
      <symbol id="sm-129a">
         <name>__aeabi_i2d</name>
         <value>0xdb39</value>
         <object_component_ref idref="oc-265"/>
      </symbol>
      <symbol id="sm-12b5">
         <name>memcpy</name>
         <value>0xd373</value>
         <object_component_ref idref="oc-50"/>
      </symbol>
      <symbol id="sm-12b6">
         <name>__aeabi_memcpy</name>
         <value>0xd373</value>
         <object_component_ref idref="oc-50"/>
      </symbol>
      <symbol id="sm-12b7">
         <name>__aeabi_memcpy8</name>
         <value>0xd373</value>
         <object_component_ref idref="oc-50"/>
      </symbol>
      <symbol id="sm-12b8">
         <name>__aeabi_memcpy4</name>
         <value>0xd373</value>
         <object_component_ref idref="oc-50"/>
      </symbol>
      <symbol id="sm-12d0">
         <name>__TI_zero_init</name>
         <value>0xdc65</value>
         <object_component_ref idref="oc-62"/>
      </symbol>
      <symbol id="sm-12e7">
         <name>__TI_decompress_none</name>
         <value>0xdc57</value>
         <object_component_ref idref="oc-19"/>
      </symbol>
      <symbol id="sm-130a">
         <name>__TI_decompress_lzss</name>
         <value>0xd707</value>
         <object_component_ref idref="oc-13"/>
      </symbol>
      <symbol id="sm-1320">
         <name>atoi</name>
         <value>0xd939</value>
         <object_component_ref idref="oc-276"/>
      </symbol>
      <symbol id="sm-132b">
         <name>_ctypes_</name>
         <value>0xdf88</value>
         <object_component_ref idref="oc-3be"/>
      </symbol>
      <symbol id="sm-133c">
         <name>strncat</name>
         <value>0xdb67</value>
         <object_component_ref idref="oc-270"/>
      </symbol>
      <symbol id="sm-1352">
         <name>__aeabi_errno_addr</name>
         <value>0xdc7d</value>
         <object_component_ref idref="oc-46e"/>
      </symbol>
      <symbol id="sm-1353">
         <name>errno</name>
         <value>0x2000c798</value>
         <object_component_ref idref="oc-544"/>
      </symbol>
      <symbol id="sm-1366">
         <name>__stack</name>
         <value>0x2000fe00</value>
         <object_component_ref idref="oc-22"/>
      </symbol>
      <symbol id="sm-1367">
         <name>_c_int00_noargs</name>
         <value>0xdb05</value>
         <object_component_ref idref="oc-6e"/>
      </symbol>
      <symbol id="sm-1371">
         <name>copysign</name>
         <value>0xdbd3</value>
         <object_component_ref idref="oc-589"/>
      </symbol>
      <symbol id="sm-1372">
         <name>copysignl</name>
         <value>0xdbd3</value>
         <object_component_ref idref="oc-589"/>
      </symbol>
      <symbol id="sm-14d7">
         <name>__TI_printfi</name>
         <value>0x56f1</value>
         <object_component_ref idref="oc-388"/>
      </symbol>
      <symbol id="sm-14f0">
         <name>wcslen</name>
         <value>0xdc45</value>
         <object_component_ref idref="oc-468"/>
      </symbol>
      <symbol id="sm-14fd">
         <name>__aeabi_uldivmod</name>
         <value>0xd40f</value>
         <object_component_ref idref="oc-4fc"/>
      </symbol>
      <symbol id="sm-1507">
         <name>__aeabi_d2iz</name>
         <value>0xd985</value>
         <object_component_ref idref="oc-502"/>
      </symbol>
      <symbol id="sm-152f">
         <name>__TI_auto_init_nobinit_nopinit</name>
         <value>0xd9cd</value>
         <object_component_ref idref="oc-28f"/>
      </symbol>
      <symbol id="sm-1539">
         <name>_system_pre_init</name>
         <value>0xdc85</value>
         <object_component_ref idref="oc-12e"/>
      </symbol>
      <symbol id="sm-1545">
         <name>C$$EXIT</name>
         <value>0xdc89</value>
         <object_component_ref idref="oc-283"/>
      </symbol>
      <symbol id="sm-1546">
         <name>abort</name>
         <value>0xdc89</value>
         <object_component_ref idref="oc-283"/>
      </symbol>
      <symbol id="sm-1557">
         <name>ltoa</name>
         <value>0xd893</value>
         <object_component_ref idref="oc-507"/>
      </symbol>
      <symbol id="sm-1567">
         <name>memccpy</name>
         <value>0xdbb7</value>
         <object_component_ref idref="oc-462"/>
      </symbol>
      <symbol id="sm-1577">
         <name>strchr</name>
         <value>0xdc1b</value>
         <object_component_ref idref="oc-534"/>
      </symbol>
      <symbol id="sm-1585">
         <name>strlen</name>
         <value>0xdc31</value>
         <object_component_ref idref="oc-43e"/>
      </symbol>
      <symbol id="sm-159b">
         <name>frexpl</name>
         <value>0xd7d9</value>
         <object_component_ref idref="oc-528"/>
      </symbol>
      <symbol id="sm-159c">
         <name>frexp</name>
         <value>0xd7d9</value>
         <object_component_ref idref="oc-528"/>
      </symbol>
      <symbol id="sm-15a6">
         <name>__aeabi_idiv0</name>
         <value>0x613f</value>
         <object_component_ref idref="oc-575"/>
      </symbol>
      <symbol id="sm-15a7">
         <name>__aeabi_ldiv0</name>
         <value>0x613f</value>
         <object_component_ref idref="oc-575"/>
      </symbol>
      <symbol id="sm-15a8">
         <name>__TI_static_base__</name>
         <value>0x0</value>
      </symbol>
      <symbol id="sm-15ab">
         <name>__mpu_init</name>
         <value>0x0</value>
      </symbol>
      <symbol id="sm-15ac">
         <name>_system_post_cinit</name>
         <value>0x0</value>
      </symbol>
   </symbol_table>
   <title>Link successful</title>
</link_info>
