******************************************************************************
                  TI ARM Linker PC v18.12.3                    
******************************************************************************
>> Linked Sat Nov 23 02:57:24 2019

OUTPUT FILE NAME:   <PRAC-Projecte-1_v1.out>
ENTRY POINT SYMBOL: "_c_int00_noargs"  address: 0000896d


MEMORY CONFIGURATION

         name            origin    length      used     unused   attr    fill
----------------------  --------  ---------  --------  --------  ----  --------
  MAIN                  00000000   00040000  00008c3c  000373c4  R  X
  INFO                  00200000   00004000  00000000  00004000  R  X
  SRAM_CODE             01000000   00010000  00000000  00010000  RW X
  SRAM_DATA             20000000   00010000  0000c548  00003ab8  RW  


SEGMENT ALLOCATION MAP

run origin  load origin   length   init length attrs members
----------  ----------- ---------- ----------- ----- -------
00000000    00000000    00008c40   00008c40    r-x
  00000000    00000000    00000144   00000144    r-- .intvecs
  00000144    00000144    00008894   00008894    r-x .text
  000089d8    000089d8    00000174   00000174    r-- .const
  00008b50    00008b50    000000f0   000000f0    r-- .cinit
20000000    20000000    0000c348   00000000    rw-
  20000000    20000000    000000e4   00000000    rw- .vtable
  200000e4    200000e4    0000c110   00000000    rw- .bss
  2000c1f4    2000c1f4    00000154   00000000    rw- .data
2000fe00    2000fe00    00000200   00000000    rw-
  2000fe00    2000fe00    00000200   00000000    rw- .stack


SECTION ALLOCATION MAP

 output                                  attributes/
section   page    origin      length       input sections
--------  ----  ----------  ----------   ----------------
.intvecs   0    00000000    00000144     
                  00000000    00000144     msp432_startup_ccs.obj (.intvecs:retain)

.text      0    00000144    00008894     
                  00000144    00001a0c     tasks.obj (.text)
                  00001b50    0000159c     flash.obj (.text)
                  000030ec    00000d7c     cs.obj (.text)
                  00003e68    00000ca4     queue.obj (.text)
                  00004b0c    000008d4     adc14.obj (.text)
                  000053e0    00000838     pcm.obj (.text)
                  00005c18    00000798     timer_a.obj (.text)
                  000063b0    00000508     rtc_c.obj (.text)
                  000068b8    00000480     gpio.obj (.text)
                  00006d38    000003f0     interrupt.obj (.text)
                  00007128    000003b0     msp432_launchpad_board.obj (.text)
                  000074d8    00000328     system_msp432p401r.obj (.text)
                  00007800    00000288     port.obj (.text)
                  00007a88    00000244     sysctl.obj (.text)
                  00007ccc    0000018c     edu_boosterpack_buttons.obj (.text)
                  00007e58    00000180     edu_boosterpack_rgb.obj (.text)
                  00007fd8    0000012a     list.obj (.text)
                  00008102    00000002     --HOLE-- [fill = 0]
                  00008104    0000010c     main.obj (.text)
                  00008210    00000104     edu_boosterpack_accelerometer.obj (.text)
                  00008314    000000d8     wdt_a.obj (.text)
                  000083ec    000000d2     portasm.obj (.text)
                  000084be    00000002     --HOLE-- [fill = 0]
                  000084c0    000000cc     ref_a.obj (.text)
                  0000858c    000000c0     fpu.obj (.text)
                  0000864c    000000b4     heap_1.obj (.text)
                  00008700    0000009c     rtsv7M4_T_le_v4SPD16_eabi.lib : memcpy_t2.asm.obj (.text)
                  0000879c    0000007a                                   : memset_t2.asm.obj (.text)
                  00008816    00000068                                   : copy_decompress_lzss.c.obj (.text:decompress:lzss:__TI_decompress_lzss)
                  0000887e    00000002     --HOLE-- [fill = 0]
                  00008880    00000068     pmap.obj (.text)
                  000088e8    00000044     rtsv7M4_T_le_v4SPD16_eabi.lib : autoinit.c.obj (.text:__TI_auto_init_nobinit_nopinit:__TI_auto_init_nobinit_nopinit)
                  0000892c    0000003e     cpu.obj (.text)
                  0000896a    00000002     --HOLE-- [fill = 0]
                  0000896c    00000034     rtsv7M4_T_le_v4SPD16_eabi.lib : boot_cortex_m.c.obj (.text:_c_int00_noargs:_c_int00_noargs)
                  000089a0    00000016     msp432_startup_ccs.obj (.text)
                  000089b6    0000000e     rtsv7M4_T_le_v4SPD16_eabi.lib : copy_decompress_none.c.obj (.text:decompress:none:__TI_decompress_none)
                  000089c4    0000000c                                   : copy_zero_init.c.obj (.text:decompress:ZI:__TI_zero_init)
                  000089d0    00000004                                   : pre_init.c.obj (.text:_system_pre_init)
                  000089d4    00000004                                   : exit.c.obj (.text:abort:abort)

.const     0    000089d8    00000174     
                  000089d8    00000080     adc14.obj (.const:_ctlRegs)
                  00008a58    00000050     interrupt.obj (.const:g_pulRegs)
                  00008aa8    00000030     edu_boosterpack_rgb.obj (.const:leds)
                  00008ad8    00000020     interrupt.obj (.const:g_pulPriority)
                  00008af8    0000001c     gpio.obj (.const:GPIO_PORT_TO_INT)
                  00008b14    00000008     edu_boosterpack_rgb.obj (.const:.string:port2_remapping)
                  00008b1c    00000008     edu_boosterpack_rgb.obj (.const:.string:port5_remapping)
                  00008b24    00000008     interrupt.obj (.const:g_pulDisRegs)
                  00008b2c    00000008     interrupt.obj (.const:g_pulEnRegs)
                  00008b34    00000008     interrupt.obj (.const:g_pulPendRegs)
                  00008b3c    00000008     interrupt.obj (.const:g_pulUnpendRegs)
                  00008b44    00000008     port.obj (.const)

.cinit     0    00008b50    000000f0     
                  00008b50    000000b5     (.cinit..data.load) [load image, compression = lzss]
                  00008c05    00000003     --HOLE-- [fill = 0]
                  00008c08    0000000c     (__TI_handler_table)
                  00008c14    00000004     --HOLE-- [fill = 0]
                  00008c18    00000008     (.cinit..bss.load) [load image, compression = zero_init]
                  00008c20    00000008     (.cinit..vtable.load) [load image, compression = zero_init]
                  00008c28    00000018     (__TI_cinit_table)

.vtable    0    20000000    000000e4     UNINITIALIZED
                  20000000    000000e4     interrupt.obj (.vtable)

.bss       0    200000e4    0000c110     UNINITIALIZED
                  200000e4    0000c000     heap_1.obj (.bss:ucHeap)
                  2000c0e4    0000008c     tasks.obj (.bss:pxReadyTasksLists)
                  2000c170    00000014     tasks.obj (.bss:xDelayedTaskList1)
                  2000c184    00000014     tasks.obj (.bss:xDelayedTaskList2)
                  2000c198    00000014     tasks.obj (.bss:xPendingReadyList)
                  2000c1ac    00000014     tasks.obj (.bss:xSuspendedTaskList)
                  2000c1c0    00000014     tasks.obj (.bss:xTasksWaitingTermination)
                  2000c1d4    00000008     cs.obj (.bss)
                  2000c1dc    00000008     tasks.obj (.bss)
                  2000c1e4    00000008     (.common:results_buffer)
                  2000c1ec    00000004     (.common:adc_callback_func)
                  2000c1f0    00000004     (.common:xButtonSemaphore)

.data      0    2000c1f4    00000154     UNINITIALIZED
                  2000c1f4    00000040     flash.obj (.data:__getBurstProgramRegs)
                  2000c234    00000034     tasks.obj (.data)
                  2000c268    00000030     gpio.obj (.data:GPIO_PORT_TO_BASE)
                  2000c298    00000018     edu_boosterpack_buttons.obj (.data:buttons)
                  2000c2b0    00000018     msp432_launchpad_board.obj (.data:buttons)
                  2000c2c8    00000018     edu_boosterpack_rgb.obj (.data:led_blue_pwm_cfg)
                  2000c2e0    00000018     edu_boosterpack_rgb.obj (.data:led_green_pwm_cfg)
                  2000c2f8    00000018     edu_boosterpack_rgb.obj (.data:led_red_pwm_cfg)
                  2000c310    00000010     msp432_launchpad_board.obj (.data:debug)
                  2000c320    00000010     msp432_launchpad_board.obj (.data:leds)
                  2000c330    0000000c     port.obj (.data)
                  2000c33c    00000008     heap_1.obj (.data)
                  2000c344    00000004     system_msp432p401r.obj (.data)

.stack     0    2000fe00    00000200     UNINITIALIZED
                  2000fe00    00000004     rtsv7M4_T_le_v4SPD16_eabi.lib : boot_cortex_m.c.obj (.stack)
                  2000fe04    000001fc     --HOLE--

MODULE SUMMARY

       Module                              code    ro data   rw data
       ------                              ----    -------   -------
    .\
       system_msp432p401r.obj              808     0         4      
       msp432_startup_ccs.obj              22      324       0      
       main.obj                            268     0         4      
    +--+-----------------------------------+-------+---------+---------+
       Total:                              1098    324       8      
                                                                    
    .\lib_PRAC\freertos\cortex-m4\
       port.obj                            648     8         12     
       portasm.obj                         210     0         0      
    +--+-----------------------------------+-------+---------+---------+
       Total:                              858     8         12     
                                                                    
    .\lib_PRAC\freertos\src\
       heap_1.obj                          180     0         49160  
       tasks.obj                           6668    0         300    
       queue.obj                           3236    0         0      
       list.obj                            298     0         0      
    +--+-----------------------------------+-------+---------+---------+
       Total:                              10382   0         49460  
                                                                    
    .\lib_PRAC\msp432\
       flash.obj                           5532    0         64     
       cs.obj                              3452    0         8      
       adc14.obj                           2260    128       0      
       pcm.obj                             2104    0         0      
       timer_a.obj                         1944    0         0      
       interrupt.obj                       1008    144       228    
       rtc_c.obj                           1288    0         0      
       gpio.obj                            1152    28        48     
       sysctl.obj                          580     0         0      
       wdt_a.obj                           216     0         0      
       ref_a.obj                           204     0         0      
       fpu.obj                             192     0         0      
       pmap.obj                            104     0         0      
       cpu.obj                             62      0         0      
    +--+-----------------------------------+-------+---------+---------+
       Total:                              20098   300       348    
                                                                    
    .\lib_PRAC\uoc\
       msp432_launchpad_board.obj          944     0         56     
       edu_boosterpack_rgb.obj             384     64        72     
       edu_boosterpack_buttons.obj         396     0         24     
       edu_boosterpack_accelerometer.obj   260     0         12     
    +--+-----------------------------------+-------+---------+---------+
       Total:                              1984    64        164    
                                                                    
    C:\ti\ccs901\ccs\tools\compiler\ti-cgt-arm_18.12.3.LTS\lib\rtsv7M4_T_le_v4SPD16_eabi.lib
       memcpy_t2.asm.obj                   156     0         0      
       memset_t2.asm.obj                   122     0         0      
       copy_decompress_lzss.c.obj          104     0         0      
       autoinit.c.obj                      68      0         0      
       boot_cortex_m.c.obj                 52      0         0      
       copy_decompress_none.c.obj          14      0         0      
       copy_zero_init.c.obj                12      0         0      
       exit.c.obj                          4       0         0      
       pre_init.c.obj                      4       0         0      
    +--+-----------------------------------+-------+---------+---------+
       Total:                              536     0         0      
                                                                    
       Stack:                              0       0         512    
       Linker Generated:                   0       233       0      
    +--+-----------------------------------+-------+---------+---------+
       Grand Total:                        34956   929       50504  


LINKER GENERATED COPY TABLES

__TI_cinit_table @ 00008c28 records: 3, size/record: 8, table size: 24
	.data: load addr=00008b50, load size=000000b5 bytes, run addr=2000c1f4, run size=00000154 bytes, compression=lzss
	.bss: load addr=00008c18, load size=00000008 bytes, run addr=200000e4, run size=0000c110 bytes, compression=zero_init
	.vtable: load addr=00008c20, load size=00000008 bytes, run addr=20000000, run size=000000e4 bytes, compression=zero_init


LINKER GENERATED HANDLER TABLE

__TI_handler_table @ 00008c08 records: 3, size/record: 4, table size: 12
	index: 0, handler: __TI_zero_init
	index: 1, handler: __TI_decompress_lzss
	index: 2, handler: __TI_decompress_none


GLOBAL SYMBOLS: SORTED ALPHABETICALLY BY Name 

address   name                                           
-------   ----                                           
00005359  ADC14_clearInterruptFlag                       
00004f01  ADC14_configureConversionMemory                
00004da9  ADC14_configureMultiSequenceMode               
00004e3f  ADC14_configureSingleSampleMode                
00005039  ADC14_disableComparatorWindow                  
00004ed7  ADC14_disableConversion                        
000052d7  ADC14_disableInterrupt                         
00004c7d  ADC14_disableModule                            
00005257  ADC14_disableReferenceBurst                    
00004cbd  ADC14_disableSampleTimer                       
00004fa9  ADC14_enableComparatorWindow                   
00004e95  ADC14_enableConversion                         
000052af  ADC14_enableInterrupt                          
00004c75  ADC14_enableModule                             
00005241  ADC14_enableReferenceBurst                     
00004c93  ADC14_enableSampleTimer                        
00005323  ADC14_getEnabledInterruptStatus                
000052ff  ADC14_getInterruptStatus                       
00005161  ADC14_getMultiSequenceResult                   
00004d33  ADC14_getResolution                            
00005147  ADC14_getResult                                
000051cd  ADC14_getResultArray                           
00004cd3  ADC14_initModule                               
00004ee3  ADC14_isBusy                                   
00005385  ADC14_registerInterrupt                        
00005097  ADC14_setComparatorWindowValue                 
0000526d  ADC14_setPowerMode                             
00004d19  ADC14_setResolution                            
0000511d  ADC14_setResultFormat                          
00004d7f  ADC14_setSampleHoldTime                        
00004d3d  ADC14_setSampleHoldTrigger                     
00004eb5  ADC14_toggleConversionTrigger                  
00005399  ADC14_unregisterInterrupt                      
000082d7  ADC_IRQHandler                                 
000089d5  C$$EXIT                                        
00008961  CPU_basepriGet                                 
00008953  CPU_basepriSet                                 
0000892d  CPU_cpsid                                      
00008943  CPU_cpsie                                      
00008939  CPU_primask                                    
0000894f  CPU_wfi                                        
00003ded  CS_clearInterruptFlag                          
00003695  CS_disableClockRequest                         
0000377b  CS_disableDCOExternalResistor                  
00003cc1  CS_disableFaultCounter                         
00003dab  CS_disableInterrupt                            
0000366d  CS_enableClockRequest                          
000036dd  CS_enableDCOExternalResistor                   
00003c95  CS_enableFaultCounter                          
00003d89  CS_enableInterrupt                             
00003c2d  CS_getACLK                                     
00003bed  CS_getBCLK                                     
00003875  CS_getDCOFrequency                             
00003dd3  CS_getEnabledInterruptStatus                   
00003c09  CS_getHSMCLK                                   
00003dcd  CS_getInterruptStatus                          
00003c73  CS_getMCLK                                     
00003c51  CS_getSMCLK                                    
0000338d  CS_initClockSignal                             
00003e0f  CS_registerInterrupt                           
00003ced  CS_resetFaultCounter                           
00003799  CS_setDCOCenteredFrequency                     
00003705  CS_setDCOExternalResistorCalibration           
00003a15  CS_setDCOFrequency                             
00003351  CS_setExternalClockSourceFrequency             
000036b7  CS_setReferenceOscillatorFrequency             
00003d39  CS_startFaultCounter                           
00003491  CS_startHFXT                                   
000034b5  CS_startHFXTWithTimeout                        
00003579  CS_startLFXT                                   
0000359d  CS_startLFXTWithTimeout                        
000037d1  CS_tuneDCOFrequency                            
00003e23  CS_unregisterInterrupt                         
0000859f  FPU_disableModule                              
000085cb  FPU_disableStacking                            
000085bf  FPU_enableLazyStacking                         
0000858d  FPU_enableModule                               
000085ad  FPU_enableStacking                             
0000860b  FPU_setFlushToZeroMode                         
000085d7  FPU_setHalfPrecisionMode                       
000085f1  FPU_setNaNMode                                 
00008625  FPU_setRoundingMode                            
00002b9b  FlashCtl_clearInterruptFlag                    
00002a5f  FlashCtl_clearProgramVerification              
00002b71  FlashCtl_disableInterrupt                      
000020cd  FlashCtl_disableReadBuffering                  
00002ac9  FlashCtl_disableWordProgramming                
00002b5d  FlashCtl_enableInterrupt                       
00002079  FlashCtl_enableReadBuffering                   
00002a99  FlashCtl_enableWordProgramming                 
000026f9  FlashCtl_eraseSector                           
00002b8b  FlashCtl_getEnabledInterruptStatus             
00002b85  FlashCtl_getInterruptStatus                    
00001cfb  FlashCtl_getMemoryInfo                         
0000255d  FlashCtl_getReadMode                           
00002b2f  FlashCtl_getWaitState                          
00002587  FlashCtl_initiateMassErase                     
0000281d  FlashCtl_initiateSectorErase                   
000021fd  FlashCtl_isSectorProtected                     
00002ad5  FlashCtl_isWordProgrammingEnabled              
000025ad  FlashCtl_performMassErase                      
000028b5  FlashCtl_programMemory                         
0000219d  FlashCtl_protectSector                         
00002baf  FlashCtl_registerInterrupt                     
00002a25  FlashCtl_setProgramVerification                
000024f1  FlashCtl_setReadMode                           
00002af1  FlashCtl_setWaitState                          
0000212d  FlashCtl_unprotectSector                       
00002bc3  FlashCtl_unregisterInterrupt                   
00002289  FlashCtl_verifyMemory                          
00006bdb  GPIO_clearInterruptFlag                        
00006b9b  GPIO_disableInterrupt                          
00006b79  GPIO_enableInterrupt                           
00006c33  GPIO_getEnabledInterruptStatus                 
00006b4b  GPIO_getInputPinValue                          
00006bbd  GPIO_getInterruptStatus                        
00006bfd  GPIO_interruptEdgeSelect                       
00006cf3  GPIO_registerInterrupt                         
000068f3  GPIO_setAsInputPin                             
00006aa7  GPIO_setAsInputPinWithPullDownResistor         
00006af9  GPIO_setAsInputPinWithPullUpResistor           
000068b9  GPIO_setAsOutputPin                            
000069bd  GPIO_setAsPeripheralModuleFunctionInputPin     
00006939  GPIO_setAsPeripheralModuleFunctionOutputPin    
00006caf  GPIO_setDriveStrengthHigh                      
00006cd1  GPIO_setDriveStrengthLow                       
00006a41  GPIO_setOutputHighOnPin                        
00006a63  GPIO_setOutputLowOnPin                         
00006a85  GPIO_toggleOutputOnPin                         
00006d13  GPIO_unregisterInterrupt                       
00006efb  Interrupt_disableInterrupt                     
00006d4b  Interrupt_disableMaster                        
000070f9  Interrupt_disableSleepOnIsrExit                
00006e89  Interrupt_enableInterrupt                      
00006d3b  Interrupt_enableMaster                         
000070e7  Interrupt_enableSleepOnIsrExit                 
00006e63  Interrupt_getPriority                          
00006ddb  Interrupt_getPriorityGrouping                  
000070c7  Interrupt_getPriorityMask                      
000070e1  Interrupt_getVectorTableAddress                
00006f6d  Interrupt_isEnabled                            
00006ff9  Interrupt_pendInterrupt                        
00006d5b  Interrupt_registerInterrupt                    
00006e13  Interrupt_setPriority                          
00006dc1  Interrupt_setPriorityGrouping                  
000070b7  Interrupt_setPriorityMask                      
000070d1  Interrupt_setVectorTableAddress                
00007069  Interrupt_unpendInterrupt                      
00006dad  Interrupt_unregisterInterrupt                  
00005bbb  PCM_clearInterruptFlag                         
00005b91  PCM_disableInterrupt                           
00005b69  PCM_disableRudeMode                            
00005b7d  PCM_enableInterrupt                            
00005b57  PCM_enableRudeMode                             
00005563  PCM_getCoreVoltageLevel                        
00005bab  PCM_getEnabledInterruptStatus                  
00005ba5  PCM_getInterruptStatus                         
00005509  PCM_getPowerMode                               
00005b4b  PCM_getPowerState                              
00005a7d  PCM_gotoLPM0                                   
00005a9b  PCM_gotoLPM0InterruptSafe                      
00005ab7  PCM_gotoLPM3                                   
00005b2f  PCM_gotoLPM3InterruptSafe                      
00005a51  PCM_gotoLPM4                                   
00005a61  PCM_gotoLPM4InterruptSafe                      
00005bcf  PCM_registerInterrupt                          
000054d7  PCM_setCoreVoltageLevel                        
000054f9  PCM_setCoreVoltageLevelNonBlocking             
000054e7  PCM_setCoreVoltageLevelWithTimeout             
00005709  PCM_setPowerMode                               
00005719  PCM_setPowerModeNonBlocking                    
00005729  PCM_setPowerModeWithTimeout                    
000059db  PCM_setPowerState                              
000059fd  PCM_setPowerStateNonBlocking                   
000059eb  PCM_setPowerStateWithTimeout                   
00005a0d  PCM_shutdownDevice                             
00005be3  PCM_unregisterInterrupt                        
00008881  PMAP_configurePorts                            
0000746f  PORT1_IRQHandler                               
00007def  PORT3_IRQHandler                               
00007e15  PORT5_IRQHandler                               
00008503  REF_A_disableReferenceVoltage                  
000084f3  REF_A_disableReferenceVoltageOutput            
000084db  REF_A_disableTempSensor                        
000084fb  REF_A_enableReferenceVoltage                   
000084eb  REF_A_enableReferenceVoltageOutput             
000084e3  REF_A_enableTempSensor                         
0000850b  REF_A_getBandgapMode                           
00008539  REF_A_getBufferedBandgapVoltageStatus          
00008545  REF_A_getVariableReferenceVoltageStatus        
00008515  REF_A_isBandgapActive                          
0000852d  REF_A_isRefGenActive                           
00008521  REF_A_isRefGenBusy                             
00008559  REF_A_setBufferedBandgapVoltageOneTimeTrigger  
000084c1  REF_A_setReferenceVoltage                      
00008551  REF_A_setReferenceVoltageOneTimeTrigger        
0000680d  RTC_C_clearInterruptFlag                       
00006657  RTC_C_convertBCDToBinary                       
0000666f  RTC_C_convertBinaryToBCD                       
000065b3  RTC_C_definePrescaleEvent                      
000066dd  RTC_C_disableInterrupt                         
00006687  RTC_C_enableInterrupt                          
000064e5  RTC_C_getCalendarTime                          
000067ad  RTC_C_getEnabledInterruptStatus                
00006745  RTC_C_getInterruptStatus                       
000065db  RTC_C_getPrescaleValue                         
000063cf  RTC_C_holdClock                                
00006473  RTC_C_initCalendar                             
00006853  RTC_C_registerInterrupt                        
0000654b  RTC_C_setCalendarAlarm                         
00006583  RTC_C_setCalendarEvent                         
0000641d  RTC_C_setCalibrationData                       
000063ed  RTC_C_setCalibrationFrequency                  
00006607  RTC_C_setPrescaleValue                         
00006449  RTC_C_setTemperatureCompensation               
000063b1  RTC_C_startClock                               
00006871  RTC_C_unregisterInterrupt                      
00007c7b  SysCtl_disableGlitchFilter                     
00007b0b  SysCtl_disableNMISource                        
00007c13  SysCtl_disablePeripheralAtCPUHalt              
00007b55  SysCtl_disableSRAMBank                         
00007bd9  SysCtl_disableSRAMBankRetention                
00007c6f  SysCtl_enableGlitchFilter                      
00007b1f  SysCtl_enableNMISource                         
00007bff  SysCtl_enablePeripheralAtCPUHalt               
00007b39  SysCtl_enableSRAMBank                          
00007bbd  SysCtl_enableSRAMBankRetention                 
00007b05  SysCtl_getFlashSize                            
00007b33  SysCtl_getNMISourceStatus                      
00007aff  SysCtl_getSRAMSize                             
00007a89  SysCtl_getTLVInfo                              
00007c87  SysCtl_getTempCalibrationConstant              
00007bf5  SysCtl_rebootDevice                            
00007c4b  SysCtl_setWDTPasswordViolationResetType        
00007c27  SysCtl_setWDTTimeoutResetType                  
2000c344  SystemCoreClock                                
000074d9  SystemCoreClockUpdate                          
0000774d  SystemInit                                     
000060e3  Timer_A_clearCaptureCompareInterrupt           
000060cd  Timer_A_clearInterruptFlag                     
00005f4b  Timer_A_clearTimer                             
00005d73  Timer_A_configureContinuousMode                
00005e01  Timer_A_configureUpDownMode                    
00005da3  Timer_A_configureUpMode                        
00006171  Timer_A_disableCaptureCompareInterrupt         
0000611f  Timer_A_disableInterrupt                       
00006145  Timer_A_enableCaptureCompareInterrupt          
0000610b  Timer_A_enableInterrupt                        
00006017  Timer_A_generatePWM                            
00005fbd  Timer_A_getCaptureCompareCount                 
000061d9  Timer_A_getCaptureCompareEnabledInterruptStatus
00006199  Timer_A_getCaptureCompareInterruptStatus       
00005eff  Timer_A_getCounterValue                        
000061c1  Timer_A_getEnabledInterruptStatus              
00006133  Timer_A_getInterruptStatus                     
00005f8f  Timer_A_getOutputForOutputModeOutBitValue      
00005f5f  Timer_A_getSynchronizedCaptureCompareInput     
00005e5f  Timer_A_initCapture                            
00005eb1  Timer_A_initCompare                            
00006215  Timer_A_registerInterrupt                      
000060a1  Timer_A_setCompareValue                        
00005fdf  Timer_A_setOutputForOutputModeOutBitValue      
00005d5d  Timer_A_startCounter                           
0000608d  Timer_A_stopTimer                              
000062e7  Timer_A_unregisterInterrupt                    
4000480c  WDTCTL_SYM                                     
00008355  WDT_A_clearTimer                               
00008315  WDT_A_holdTimer                                
00008391  WDT_A_initIntervalTimer                        
00008375  WDT_A_initWatchdogTimer                        
000083c5  WDT_A_registerInterrupt                        
000083ad  WDT_A_setPasswordViolationReset                
000083b9  WDT_A_setTimeoutReset                          
00008335  WDT_A_startTimer                               
000083d9  WDT_A_unregisterInterrupt                      
00002fc7  __FlashCtl_remaskBurstDataPost                 
00002ead  __FlashCtl_remaskBurstDataPre                  
00002cf1  __FlashCtl_remaskData32Post                    
00002dd5  __FlashCtl_remaskData32Pre                     
00002bd3  __FlashCtl_remaskData8Post                     
00002c53  __FlashCtl_remaskData8Pre                      
20010000  __STACK_END                                    
00000200  __STACK_SIZE                                   
00008c28  __TI_CINIT_Base                                
00008c40  __TI_CINIT_Limit                               
00008c08  __TI_Handler_Table_Base                        
00008c14  __TI_Handler_Table_Limit                       
000088e9  __TI_auto_init_nobinit_nopinit                 
00008817  __TI_decompress_lzss                           
000089b7  __TI_decompress_none                           
ffffffff  __TI_pprof_out_hndl                            
ffffffff  __TI_prof_data_size                            
ffffffff  __TI_prof_data_start                           
00000000  __TI_static_base__                             
000089c5  __TI_zero_init                                 
0000879d  __aeabi_memclr                                 
0000879d  __aeabi_memclr4                                
0000879d  __aeabi_memclr8                                
00008701  __aeabi_memcpy                                 
00008701  __aeabi_memcpy4                                
00008701  __aeabi_memcpy8                                
0000879f  __aeabi_memset                                 
0000879f  __aeabi_memset4                                
0000879f  __aeabi_memset8                                
ffffffff  __binit__                                      
ffffffff  __c_args__                                     
UNDEFED   __mpu_init                                     
2000fe00  __stack                                        
0000896d  _c_int00_noargs                                
UNDEFED   _system_post_cinit                             
000089d1  _system_pre_init                               
000089d5  abort                                          
2000c1ec  adc_callback_func                              
ffffffff  binit                                          
0000716d  board_buttons_clear_callback                   
00007147  board_buttons_set_callback                     
00007129  board_init                                     
0000713d  board_lock                                     
000081db  buttons_callback                               
00007231  debug_off                                      
00007209  debug_on                                       
00007259  debug_toggle                                   
00000571  eTaskGetState                                  
000082cf  edu_boosterpack_accelerometer_clear_callback   
000082a5  edu_boosterpack_accelerometer_disable          
00008211  edu_boosterpack_accelerometer_init             
00008299  edu_boosterpack_accelerometer_read             
000082bf  edu_boosterpack_accelerometer_set_callback     
00007dd3  edu_boosterpack_buttons_clear_callback         
00007ccd  edu_boosterpack_buttons_init                   
00007db5  edu_boosterpack_buttons_set_callback           
00007e59  edu_boosterpack_rgb_init                       
00007e73  edu_boosterpack_rgb_off                        
00007e61  edu_boosterpack_rgb_on                         
00007e85  edu_boosterpack_rgb_pwm                        
00007e9d  edu_boosterpack_rgb_pwm_all                    
20000000  g_pfnRAMVectors                                
00000000  interruptVectors                               
000071b9  led_off                                        
00007191  led_on                                         
000071e1  led_toggle                                     
00008105  main                                           
00008701  memcpy                                         
000087a5  memset                                         
00000b45  pcTaskGetName                                  
0000864d  pvPortMalloc                                   
000015cb  pvTaskIncrementMutexHeldCount                  
2000c234  pxCurrentTCB                                   
00007801  pxPortInitialiseStack                          
2000c1e4  results_buffer                                 
000048ad  ucQueueGetQueueType                            
00008b44  ulMaxSyscallInterruptPriority                  
000083fd  ulPortGetIPSR                                  
000015e3  ulTaskNotifyTake                               
000080bb  uxListRemove                                   
0000488d  uxQueueGetQueueNumber                          
000047e5  uxQueueMessagesWaiting                         
00004843  uxQueueMessagesWaitingFromISR                  
0000480f  uxQueueSpacesAvailable                         
00000b3b  uxTaskGetNumberOfTasks                         
00000b89  uxTaskGetSystemState                           
000010ff  uxTaskGetTaskNumber                            
0000060d  uxTaskPriorityGet                              
00000639  uxTaskPriorityGetFromISR                       
000015a9  uxTaskResetEventItemValue                      
00007fd9  vListInitialise                                
00008009  vListInitialiseItem                            
00008055  vListInsert                                    
00008019  vListInsertEnd                                 
000084b1  vPortEnableVFP                                 
00007921  vPortEndScheduler                              
00007945  vPortEnterCritical                             
00007987  vPortExitCritical                              
000086bd  vPortFree                                      
000086e1  vPortInitialiseBlocks                          
00008475  vPortSVCHandler                                
000079d9  vPortSetupTimerInterrupt                       
00008495  vPortStartFirstTask                            
000079f3  vPortValidateInterruptPriority                 
00004869  vQueueDelete                                   
0000489b  vQueueSetQueueNumber                           
00000509  vTaskDelay                                     
00000427  vTaskDelayUntil                                
0000035d  vTaskDelete                                    
000009e1  vTaskEndScheduler                              
00001211  vTaskGetInfo                                   
000010f7  vTaskMissedYield                               
0000196b  vTaskNotifyGiveFromISR                         
00000e2f  vTaskPlaceOnEventList                          
00000e69  vTaskPlaceOnUnorderedEventList                 
00001415  vTaskPriorityInherit                           
00000681  vTaskPrioritySet                               
000008e1  vTaskResume                                    
0000111f  vTaskSetTaskNumber                             
00001021  vTaskSetTimeOutState                           
00000975  vTaskStartScheduler                            
000007b5  vTaskSuspend                                   
000009fd  vTaskSuspendAll                                
00000da9  vTaskSwitchContext                             
2000c1f0  xButtonSemaphore                               
000086e9  xPortGetFreeHeapSize                           
00008415  xPortPendSVHandler                             
0000788d  xPortStartScheduler                            
000079b3  xPortSysTickHandler                            
000040c7  xQueueCreateCountingSemaphore                  
00003fef  xQueueCreateMutex                              
00003f1b  xQueueGenericCreate                            
000044a7  xQueueGenericReceive                           
00003e69  xQueueGenericReset                             
00004125  xQueueGenericSend                              
000042b1  xQueueGenericSendFromISR                       
000043b9  xQueueGiveFromISR                              
0000401b  xQueueGiveMutexRecursive                       
00004a81  xQueueIsQueueEmptyFromISR                      
00004ad7  xQueueIsQueueFullFromISR                       
00004739  xQueuePeekFromISR                              
0000465d  xQueueReceiveFromISR                           
0000406b  xQueueTakeMutexRecursive                       
00001055  xTaskCheckForTimeOut                           
00000145  xTaskCreate                                    
00001711  xTaskGenericNotify                             
0000182d  xTaskGenericNotifyFromISR                      
000013e1  xTaskGetCurrentTaskHandle                      
00000b17  xTaskGetTickCount                              
00000b27  xTaskGetTickCountFromISR                       
00000c75  xTaskIncrementTick                             
00001a55  xTaskNotifyStateClear                          
00001661  xTaskNotifyWait                                
000014d5  xTaskPriorityDisinherit                        
00000ed1  xTaskRemoveFromEventList                       
00000f6d  xTaskRemoveFromUnorderedEventList              
00000a15  xTaskResumeAll                                 


GLOBAL SYMBOLS: SORTED BY Symbol Address 

address   name                                           
-------   ----                                           
00000000  __TI_static_base__                             
00000000  interruptVectors                               
00000145  xTaskCreate                                    
00000200  __STACK_SIZE                                   
0000035d  vTaskDelete                                    
00000427  vTaskDelayUntil                                
00000509  vTaskDelay                                     
00000571  eTaskGetState                                  
0000060d  uxTaskPriorityGet                              
00000639  uxTaskPriorityGetFromISR                       
00000681  vTaskPrioritySet                               
000007b5  vTaskSuspend                                   
000008e1  vTaskResume                                    
00000975  vTaskStartScheduler                            
000009e1  vTaskEndScheduler                              
000009fd  vTaskSuspendAll                                
00000a15  xTaskResumeAll                                 
00000b17  xTaskGetTickCount                              
00000b27  xTaskGetTickCountFromISR                       
00000b3b  uxTaskGetNumberOfTasks                         
00000b45  pcTaskGetName                                  
00000b89  uxTaskGetSystemState                           
00000c75  xTaskIncrementTick                             
00000da9  vTaskSwitchContext                             
00000e2f  vTaskPlaceOnEventList                          
00000e69  vTaskPlaceOnUnorderedEventList                 
00000ed1  xTaskRemoveFromEventList                       
00000f6d  xTaskRemoveFromUnorderedEventList              
00001021  vTaskSetTimeOutState                           
00001055  xTaskCheckForTimeOut                           
000010f7  vTaskMissedYield                               
000010ff  uxTaskGetTaskNumber                            
0000111f  vTaskSetTaskNumber                             
00001211  vTaskGetInfo                                   
000013e1  xTaskGetCurrentTaskHandle                      
00001415  vTaskPriorityInherit                           
000014d5  xTaskPriorityDisinherit                        
000015a9  uxTaskResetEventItemValue                      
000015cb  pvTaskIncrementMutexHeldCount                  
000015e3  ulTaskNotifyTake                               
00001661  xTaskNotifyWait                                
00001711  xTaskGenericNotify                             
0000182d  xTaskGenericNotifyFromISR                      
0000196b  vTaskNotifyGiveFromISR                         
00001a55  xTaskNotifyStateClear                          
00001cfb  FlashCtl_getMemoryInfo                         
00002079  FlashCtl_enableReadBuffering                   
000020cd  FlashCtl_disableReadBuffering                  
0000212d  FlashCtl_unprotectSector                       
0000219d  FlashCtl_protectSector                         
000021fd  FlashCtl_isSectorProtected                     
00002289  FlashCtl_verifyMemory                          
000024f1  FlashCtl_setReadMode                           
0000255d  FlashCtl_getReadMode                           
00002587  FlashCtl_initiateMassErase                     
000025ad  FlashCtl_performMassErase                      
000026f9  FlashCtl_eraseSector                           
0000281d  FlashCtl_initiateSectorErase                   
000028b5  FlashCtl_programMemory                         
00002a25  FlashCtl_setProgramVerification                
00002a5f  FlashCtl_clearProgramVerification              
00002a99  FlashCtl_enableWordProgramming                 
00002ac9  FlashCtl_disableWordProgramming                
00002ad5  FlashCtl_isWordProgrammingEnabled              
00002af1  FlashCtl_setWaitState                          
00002b2f  FlashCtl_getWaitState                          
00002b5d  FlashCtl_enableInterrupt                       
00002b71  FlashCtl_disableInterrupt                      
00002b85  FlashCtl_getInterruptStatus                    
00002b8b  FlashCtl_getEnabledInterruptStatus             
00002b9b  FlashCtl_clearInterruptFlag                    
00002baf  FlashCtl_registerInterrupt                     
00002bc3  FlashCtl_unregisterInterrupt                   
00002bd3  __FlashCtl_remaskData8Post                     
00002c53  __FlashCtl_remaskData8Pre                      
00002cf1  __FlashCtl_remaskData32Post                    
00002dd5  __FlashCtl_remaskData32Pre                     
00002ead  __FlashCtl_remaskBurstDataPre                  
00002fc7  __FlashCtl_remaskBurstDataPost                 
00003351  CS_setExternalClockSourceFrequency             
0000338d  CS_initClockSignal                             
00003491  CS_startHFXT                                   
000034b5  CS_startHFXTWithTimeout                        
00003579  CS_startLFXT                                   
0000359d  CS_startLFXTWithTimeout                        
0000366d  CS_enableClockRequest                          
00003695  CS_disableClockRequest                         
000036b7  CS_setReferenceOscillatorFrequency             
000036dd  CS_enableDCOExternalResistor                   
00003705  CS_setDCOExternalResistorCalibration           
0000377b  CS_disableDCOExternalResistor                  
00003799  CS_setDCOCenteredFrequency                     
000037d1  CS_tuneDCOFrequency                            
00003875  CS_getDCOFrequency                             
00003a15  CS_setDCOFrequency                             
00003bed  CS_getBCLK                                     
00003c09  CS_getHSMCLK                                   
00003c2d  CS_getACLK                                     
00003c51  CS_getSMCLK                                    
00003c73  CS_getMCLK                                     
00003c95  CS_enableFaultCounter                          
00003cc1  CS_disableFaultCounter                         
00003ced  CS_resetFaultCounter                           
00003d39  CS_startFaultCounter                           
00003d89  CS_enableInterrupt                             
00003dab  CS_disableInterrupt                            
00003dcd  CS_getInterruptStatus                          
00003dd3  CS_getEnabledInterruptStatus                   
00003ded  CS_clearInterruptFlag                          
00003e0f  CS_registerInterrupt                           
00003e23  CS_unregisterInterrupt                         
00003e69  xQueueGenericReset                             
00003f1b  xQueueGenericCreate                            
00003fef  xQueueCreateMutex                              
0000401b  xQueueGiveMutexRecursive                       
0000406b  xQueueTakeMutexRecursive                       
000040c7  xQueueCreateCountingSemaphore                  
00004125  xQueueGenericSend                              
000042b1  xQueueGenericSendFromISR                       
000043b9  xQueueGiveFromISR                              
000044a7  xQueueGenericReceive                           
0000465d  xQueueReceiveFromISR                           
00004739  xQueuePeekFromISR                              
000047e5  uxQueueMessagesWaiting                         
0000480f  uxQueueSpacesAvailable                         
00004843  uxQueueMessagesWaitingFromISR                  
00004869  vQueueDelete                                   
0000488d  uxQueueGetQueueNumber                          
0000489b  vQueueSetQueueNumber                           
000048ad  ucQueueGetQueueType                            
00004a81  xQueueIsQueueEmptyFromISR                      
00004ad7  xQueueIsQueueFullFromISR                       
00004c75  ADC14_enableModule                             
00004c7d  ADC14_disableModule                            
00004c93  ADC14_enableSampleTimer                        
00004cbd  ADC14_disableSampleTimer                       
00004cd3  ADC14_initModule                               
00004d19  ADC14_setResolution                            
00004d33  ADC14_getResolution                            
00004d3d  ADC14_setSampleHoldTrigger                     
00004d7f  ADC14_setSampleHoldTime                        
00004da9  ADC14_configureMultiSequenceMode               
00004e3f  ADC14_configureSingleSampleMode                
00004e95  ADC14_enableConversion                         
00004eb5  ADC14_toggleConversionTrigger                  
00004ed7  ADC14_disableConversion                        
00004ee3  ADC14_isBusy                                   
00004f01  ADC14_configureConversionMemory                
00004fa9  ADC14_enableComparatorWindow                   
00005039  ADC14_disableComparatorWindow                  
00005097  ADC14_setComparatorWindowValue                 
0000511d  ADC14_setResultFormat                          
00005147  ADC14_getResult                                
00005161  ADC14_getMultiSequenceResult                   
000051cd  ADC14_getResultArray                           
00005241  ADC14_enableReferenceBurst                     
00005257  ADC14_disableReferenceBurst                    
0000526d  ADC14_setPowerMode                             
000052af  ADC14_enableInterrupt                          
000052d7  ADC14_disableInterrupt                         
000052ff  ADC14_getInterruptStatus                       
00005323  ADC14_getEnabledInterruptStatus                
00005359  ADC14_clearInterruptFlag                       
00005385  ADC14_registerInterrupt                        
00005399  ADC14_unregisterInterrupt                      
000054d7  PCM_setCoreVoltageLevel                        
000054e7  PCM_setCoreVoltageLevelWithTimeout             
000054f9  PCM_setCoreVoltageLevelNonBlocking             
00005509  PCM_getPowerMode                               
00005563  PCM_getCoreVoltageLevel                        
00005709  PCM_setPowerMode                               
00005719  PCM_setPowerModeNonBlocking                    
00005729  PCM_setPowerModeWithTimeout                    
000059db  PCM_setPowerState                              
000059eb  PCM_setPowerStateWithTimeout                   
000059fd  PCM_setPowerStateNonBlocking                   
00005a0d  PCM_shutdownDevice                             
00005a51  PCM_gotoLPM4                                   
00005a61  PCM_gotoLPM4InterruptSafe                      
00005a7d  PCM_gotoLPM0                                   
00005a9b  PCM_gotoLPM0InterruptSafe                      
00005ab7  PCM_gotoLPM3                                   
00005b2f  PCM_gotoLPM3InterruptSafe                      
00005b4b  PCM_getPowerState                              
00005b57  PCM_enableRudeMode                             
00005b69  PCM_disableRudeMode                            
00005b7d  PCM_enableInterrupt                            
00005b91  PCM_disableInterrupt                           
00005ba5  PCM_getInterruptStatus                         
00005bab  PCM_getEnabledInterruptStatus                  
00005bbb  PCM_clearInterruptFlag                         
00005bcf  PCM_registerInterrupt                          
00005be3  PCM_unregisterInterrupt                        
00005d5d  Timer_A_startCounter                           
00005d73  Timer_A_configureContinuousMode                
00005da3  Timer_A_configureUpMode                        
00005e01  Timer_A_configureUpDownMode                    
00005e5f  Timer_A_initCapture                            
00005eb1  Timer_A_initCompare                            
00005eff  Timer_A_getCounterValue                        
00005f4b  Timer_A_clearTimer                             
00005f5f  Timer_A_getSynchronizedCaptureCompareInput     
00005f8f  Timer_A_getOutputForOutputModeOutBitValue      
00005fbd  Timer_A_getCaptureCompareCount                 
00005fdf  Timer_A_setOutputForOutputModeOutBitValue      
00006017  Timer_A_generatePWM                            
0000608d  Timer_A_stopTimer                              
000060a1  Timer_A_setCompareValue                        
000060cd  Timer_A_clearInterruptFlag                     
000060e3  Timer_A_clearCaptureCompareInterrupt           
0000610b  Timer_A_enableInterrupt                        
0000611f  Timer_A_disableInterrupt                       
00006133  Timer_A_getInterruptStatus                     
00006145  Timer_A_enableCaptureCompareInterrupt          
00006171  Timer_A_disableCaptureCompareInterrupt         
00006199  Timer_A_getCaptureCompareInterruptStatus       
000061c1  Timer_A_getEnabledInterruptStatus              
000061d9  Timer_A_getCaptureCompareEnabledInterruptStatus
00006215  Timer_A_registerInterrupt                      
000062e7  Timer_A_unregisterInterrupt                    
000063b1  RTC_C_startClock                               
000063cf  RTC_C_holdClock                                
000063ed  RTC_C_setCalibrationFrequency                  
0000641d  RTC_C_setCalibrationData                       
00006449  RTC_C_setTemperatureCompensation               
00006473  RTC_C_initCalendar                             
000064e5  RTC_C_getCalendarTime                          
0000654b  RTC_C_setCalendarAlarm                         
00006583  RTC_C_setCalendarEvent                         
000065b3  RTC_C_definePrescaleEvent                      
000065db  RTC_C_getPrescaleValue                         
00006607  RTC_C_setPrescaleValue                         
00006657  RTC_C_convertBCDToBinary                       
0000666f  RTC_C_convertBinaryToBCD                       
00006687  RTC_C_enableInterrupt                          
000066dd  RTC_C_disableInterrupt                         
00006745  RTC_C_getInterruptStatus                       
000067ad  RTC_C_getEnabledInterruptStatus                
0000680d  RTC_C_clearInterruptFlag                       
00006853  RTC_C_registerInterrupt                        
00006871  RTC_C_unregisterInterrupt                      
000068b9  GPIO_setAsOutputPin                            
000068f3  GPIO_setAsInputPin                             
00006939  GPIO_setAsPeripheralModuleFunctionOutputPin    
000069bd  GPIO_setAsPeripheralModuleFunctionInputPin     
00006a41  GPIO_setOutputHighOnPin                        
00006a63  GPIO_setOutputLowOnPin                         
00006a85  GPIO_toggleOutputOnPin                         
00006aa7  GPIO_setAsInputPinWithPullDownResistor         
00006af9  GPIO_setAsInputPinWithPullUpResistor           
00006b4b  GPIO_getInputPinValue                          
00006b79  GPIO_enableInterrupt                           
00006b9b  GPIO_disableInterrupt                          
00006bbd  GPIO_getInterruptStatus                        
00006bdb  GPIO_clearInterruptFlag                        
00006bfd  GPIO_interruptEdgeSelect                       
00006c33  GPIO_getEnabledInterruptStatus                 
00006caf  GPIO_setDriveStrengthHigh                      
00006cd1  GPIO_setDriveStrengthLow                       
00006cf3  GPIO_registerInterrupt                         
00006d13  GPIO_unregisterInterrupt                       
00006d3b  Interrupt_enableMaster                         
00006d4b  Interrupt_disableMaster                        
00006d5b  Interrupt_registerInterrupt                    
00006dad  Interrupt_unregisterInterrupt                  
00006dc1  Interrupt_setPriorityGrouping                  
00006ddb  Interrupt_getPriorityGrouping                  
00006e13  Interrupt_setPriority                          
00006e63  Interrupt_getPriority                          
00006e89  Interrupt_enableInterrupt                      
00006efb  Interrupt_disableInterrupt                     
00006f6d  Interrupt_isEnabled                            
00006ff9  Interrupt_pendInterrupt                        
00007069  Interrupt_unpendInterrupt                      
000070b7  Interrupt_setPriorityMask                      
000070c7  Interrupt_getPriorityMask                      
000070d1  Interrupt_setVectorTableAddress                
000070e1  Interrupt_getVectorTableAddress                
000070e7  Interrupt_enableSleepOnIsrExit                 
000070f9  Interrupt_disableSleepOnIsrExit                
00007129  board_init                                     
0000713d  board_lock                                     
00007147  board_buttons_set_callback                     
0000716d  board_buttons_clear_callback                   
00007191  led_on                                         
000071b9  led_off                                        
000071e1  led_toggle                                     
00007209  debug_on                                       
00007231  debug_off                                      
00007259  debug_toggle                                   
0000746f  PORT1_IRQHandler                               
000074d9  SystemCoreClockUpdate                          
0000774d  SystemInit                                     
00007801  pxPortInitialiseStack                          
0000788d  xPortStartScheduler                            
00007921  vPortEndScheduler                              
00007945  vPortEnterCritical                             
00007987  vPortExitCritical                              
000079b3  xPortSysTickHandler                            
000079d9  vPortSetupTimerInterrupt                       
000079f3  vPortValidateInterruptPriority                 
00007a89  SysCtl_getTLVInfo                              
00007aff  SysCtl_getSRAMSize                             
00007b05  SysCtl_getFlashSize                            
00007b0b  SysCtl_disableNMISource                        
00007b1f  SysCtl_enableNMISource                         
00007b33  SysCtl_getNMISourceStatus                      
00007b39  SysCtl_enableSRAMBank                          
00007b55  SysCtl_disableSRAMBank                         
00007bbd  SysCtl_enableSRAMBankRetention                 
00007bd9  SysCtl_disableSRAMBankRetention                
00007bf5  SysCtl_rebootDevice                            
00007bff  SysCtl_enablePeripheralAtCPUHalt               
00007c13  SysCtl_disablePeripheralAtCPUHalt              
00007c27  SysCtl_setWDTTimeoutResetType                  
00007c4b  SysCtl_setWDTPasswordViolationResetType        
00007c6f  SysCtl_enableGlitchFilter                      
00007c7b  SysCtl_disableGlitchFilter                     
00007c87  SysCtl_getTempCalibrationConstant              
00007ccd  edu_boosterpack_buttons_init                   
00007db5  edu_boosterpack_buttons_set_callback           
00007dd3  edu_boosterpack_buttons_clear_callback         
00007def  PORT3_IRQHandler                               
00007e15  PORT5_IRQHandler                               
00007e59  edu_boosterpack_rgb_init                       
00007e61  edu_boosterpack_rgb_on                         
00007e73  edu_boosterpack_rgb_off                        
00007e85  edu_boosterpack_rgb_pwm                        
00007e9d  edu_boosterpack_rgb_pwm_all                    
00007fd9  vListInitialise                                
00008009  vListInitialiseItem                            
00008019  vListInsertEnd                                 
00008055  vListInsert                                    
000080bb  uxListRemove                                   
00008105  main                                           
000081db  buttons_callback                               
00008211  edu_boosterpack_accelerometer_init             
00008299  edu_boosterpack_accelerometer_read             
000082a5  edu_boosterpack_accelerometer_disable          
000082bf  edu_boosterpack_accelerometer_set_callback     
000082cf  edu_boosterpack_accelerometer_clear_callback   
000082d7  ADC_IRQHandler                                 
00008315  WDT_A_holdTimer                                
00008335  WDT_A_startTimer                               
00008355  WDT_A_clearTimer                               
00008375  WDT_A_initWatchdogTimer                        
00008391  WDT_A_initIntervalTimer                        
000083ad  WDT_A_setPasswordViolationReset                
000083b9  WDT_A_setTimeoutReset                          
000083c5  WDT_A_registerInterrupt                        
000083d9  WDT_A_unregisterInterrupt                      
000083fd  ulPortGetIPSR                                  
00008415  xPortPendSVHandler                             
00008475  vPortSVCHandler                                
00008495  vPortStartFirstTask                            
000084b1  vPortEnableVFP                                 
000084c1  REF_A_setReferenceVoltage                      
000084db  REF_A_disableTempSensor                        
000084e3  REF_A_enableTempSensor                         
000084eb  REF_A_enableReferenceVoltageOutput             
000084f3  REF_A_disableReferenceVoltageOutput            
000084fb  REF_A_enableReferenceVoltage                   
00008503  REF_A_disableReferenceVoltage                  
0000850b  REF_A_getBandgapMode                           
00008515  REF_A_isBandgapActive                          
00008521  REF_A_isRefGenBusy                             
0000852d  REF_A_isRefGenActive                           
00008539  REF_A_getBufferedBandgapVoltageStatus          
00008545  REF_A_getVariableReferenceVoltageStatus        
00008551  REF_A_setReferenceVoltageOneTimeTrigger        
00008559  REF_A_setBufferedBandgapVoltageOneTimeTrigger  
0000858d  FPU_enableModule                               
0000859f  FPU_disableModule                              
000085ad  FPU_enableStacking                             
000085bf  FPU_enableLazyStacking                         
000085cb  FPU_disableStacking                            
000085d7  FPU_setHalfPrecisionMode                       
000085f1  FPU_setNaNMode                                 
0000860b  FPU_setFlushToZeroMode                         
00008625  FPU_setRoundingMode                            
0000864d  pvPortMalloc                                   
000086bd  vPortFree                                      
000086e1  vPortInitialiseBlocks                          
000086e9  xPortGetFreeHeapSize                           
00008701  __aeabi_memcpy                                 
00008701  __aeabi_memcpy4                                
00008701  __aeabi_memcpy8                                
00008701  memcpy                                         
0000879d  __aeabi_memclr                                 
0000879d  __aeabi_memclr4                                
0000879d  __aeabi_memclr8                                
0000879f  __aeabi_memset                                 
0000879f  __aeabi_memset4                                
0000879f  __aeabi_memset8                                
000087a5  memset                                         
00008817  __TI_decompress_lzss                           
00008881  PMAP_configurePorts                            
000088e9  __TI_auto_init_nobinit_nopinit                 
0000892d  CPU_cpsid                                      
00008939  CPU_primask                                    
00008943  CPU_cpsie                                      
0000894f  CPU_wfi                                        
00008953  CPU_basepriSet                                 
00008961  CPU_basepriGet                                 
0000896d  _c_int00_noargs                                
000089b7  __TI_decompress_none                           
000089c5  __TI_zero_init                                 
000089d1  _system_pre_init                               
000089d5  C$$EXIT                                        
000089d5  abort                                          
00008b44  ulMaxSyscallInterruptPriority                  
00008c08  __TI_Handler_Table_Base                        
00008c14  __TI_Handler_Table_Limit                       
00008c28  __TI_CINIT_Base                                
00008c40  __TI_CINIT_Limit                               
20000000  g_pfnRAMVectors                                
2000c1e4  results_buffer                                 
2000c1ec  adc_callback_func                              
2000c1f0  xButtonSemaphore                               
2000c234  pxCurrentTCB                                   
2000c344  SystemCoreClock                                
2000fe00  __stack                                        
20010000  __STACK_END                                    
4000480c  WDTCTL_SYM                                     
ffffffff  __TI_pprof_out_hndl                            
ffffffff  __TI_prof_data_size                            
ffffffff  __TI_prof_data_start                           
ffffffff  __binit__                                      
ffffffff  __c_args__                                     
ffffffff  binit                                          
UNDEFED   __mpu_init                                     
UNDEFED   _system_post_cinit                             

[432 symbols]
