******************************************************************************
                  TI ARM Linker PC v18.12.3                    
******************************************************************************
>> Linked Mon Dec  9 18:54:47 2019

OUTPUT FILE NAME:   <PRAC-Projecte-2_v4.out>
ENTRY POINT SYMBOL: "_c_int00_noargs"  address: 0000e14d


MEMORY CONFIGURATION

         name            origin    length      used     unused   attr    fill
----------------------  --------  ---------  --------  --------  ----  --------
  MAIN                  00000000   00040000  0000ecb0  00031350  R  X
  INFO                  00200000   00004000  00000000  00004000  R  X
  SRAM_CODE             01000000   00010000  00000000  00010000  RW X
  SRAM_DATA             20000000   00010000  0000d14f  00002eb1  RW  


SEGMENT ALLOCATION MAP

run origin  load origin   length   init length attrs members
----------  ----------- ---------- ----------- ----- -------
00000000    00000000    0000ecb0   0000ecb0    r-x
  00000000    00000000    00000144   00000144    r-- .intvecs
  00000144    00000144    0000e2dc   0000e2dc    r-x .text
  0000e420    0000e420    00000748   00000748    r-- .const
  0000eb68    0000eb68    00000148   00000148    r-- .cinit
20000000    20000000    0000cf55   00000000    rw-
  20000000    20000000    000000e4   00000000    rw- .vtable
  200000e4    200000e4    0000c746   00000000    rw- .bss
  2000c830    2000c830    00000400   00000000    rw- .sysmem
  2000cc30    2000cc30    00000325   00000000    rw- .data
2000fe00    2000fe00    00000200   00000000    rw-
  2000fe00    2000fe00    00000200   00000000    rw- .stack


SECTION ALLOCATION MAP

 output                                  attributes/
section   page    origin      length       input sections
--------  ----  ----------  ----------   ----------------
.intvecs   0    00000000    00000144     
                  00000000    00000144     msp432_startup_ccs.obj (.intvecs:retain)

.text      0    00000144    0000e2dc     
                  00000144    00001a0c     tasks.obj (.text)
                  00001b50    0000159c     flash.obj (.text)
                  000030ec    00000d7c     cs.obj (.text)
                  00003e68    00000ca4     queue.obj (.text)
                  00004b0c    00000bd4     main.obj (.text)
                  000056e0    00000a4e     rtsv7M4_T_le_v4SPD16_eabi.lib : _printfi.c.obj (.text:__TI_printfi)
                  0000612e    00000002                                   : _lock.c.obj (.text:_nop)
                  00006130    000008d4     adc14.obj (.text)
                  00006a04    000008a4     spi.obj (.text)
                  000072a8    00000838     pcm.obj (.text)
                  00007ae0    00000798     timer_a.obj (.text)
                  00008278    00000678     st7735.obj (.text)
                  000088f0    00000630     string.obj (.text)
                  00008f20    00000508     rtc_c.obj (.text)
                  00009428    00000490     line.obj (.text)
                  000098b8    00000480     gpio.obj (.text)
                  00009d38    0000041c     uart.obj (.text)
                  0000a154    000003f0     interrupt.obj (.text)
                  0000a544    000003b0     msp432_launchpad_board.obj (.text)
                  0000a8f4    00000328     system_msp432p401r.obj (.text)
                  0000ac1c    000002ec     rtsv7M4_T_le_v4SPD16_eabi.lib : s_atan.c.obj (.text:atan)
                  0000af08    00000288     port.obj (.text)
                  0000b190    00000270     rtsv7M4_T_le_v4SPD16_eabi.lib : _printfi.c.obj (.text:_pconv_a)
                  0000b400    00000266     context.obj (.text)
                  0000b666    00000002     rtsv7M4_T_le_v4SPD16_eabi.lib : div0.asm.obj (.text)
                  0000b668    00000244     sysctl.obj (.text)
                  0000b8ac    000001d0     rtsv7M4_T_le_v4SPD16_eabi.lib : _printfi.c.obj (.text:_pconv_g)
                  0000ba7c    000001b6                                   : fd_add_t2.asm.obj (.text)
                  0000bc32    00000002     --HOLE-- [fill = 0]
                  0000bc34    000001ac     uart_driver.obj (.text)
                  0000bde0    00000180     edu_boosterpack_rgb.obj (.text)
                  0000bf60    0000013c     rtsv7M4_T_le_v4SPD16_eabi.lib : _printfi.c.obj (.text:_pconv_e)
                  0000c09c    00000136                                   : fd_div_t2.asm.obj (.text)
                  0000c1d2    00000134     display.obj (.text)
                  0000c306    0000012a     list.obj (.text)
                  0000c430    00000124     rtsv7M4_T_le_v4SPD16_eabi.lib : _printfi.c.obj (.text:fcvt)
                  0000c554    00000114                                   : fputs.c.obj (.text:fputs)
                  0000c668    00000110                                   : s_scalbn.c.obj (.text:scalbn)
                  0000c778    00000104     edu_boosterpack_accelerometer.obj (.text)
                  0000c87c    000000fc     rtsv7M4_T_le_v4SPD16_eabi.lib : fd_mul_t2.asm.obj (.text)
                  0000c978    000000fa     circ_buffer.obj (.text)
                  0000ca72    00000002     --HOLE-- [fill = 0]
                  0000ca74    000000f4     rtsv7M4_T_le_v4SPD16_eabi.lib : memory.c.obj (.text:aligned_alloc)
                  0000cb68    000000e8                                   : memory.c.obj (.text:free)
                  0000cc50    000000dc                                   : setvbuf.c.obj (.text:setvbuf)
                  0000cd2c    000000d8     wdt_a.obj (.text)
                  0000ce04    000000d2     portasm.obj (.text)
                  0000ced6    00000002     --HOLE-- [fill = 0]
                  0000ced8    000000cc     ref_a.obj (.text)
                  0000cfa4    000000cc     st7735_msp432.obj (.text)
                  0000d070    000000c0     fpu.obj (.text)
                  0000d130    000000b4     heap_1.obj (.text)
                  0000d1e4    000000b1     rtsv7M4_T_le_v4SPD16_eabi.lib : _printfi.c.obj (.text:_ltostr)
                  0000d295    00000001     --HOLE-- [fill = 0]
                  0000d296    0000009c                                   : memcpy_t2.asm.obj (.text)
                  0000d332    00000096                                   : ull_div_t2.asm.obj (.text)
                  0000d3c8    0000008c                                   : fputc.c.obj (.text:fputc)
                  0000d454    00000086                                   : fd_cmp_t2.asm.obj (.text:__aeabi_cdcmple)
                  0000d4da    00000086                                   : fd_cmp_t2.asm.obj (.text:__aeabi_cdrcmple)
                  0000d560    0000007c                                   : memory.c.obj (.text:split)
                  0000d5dc    0000007a                                   : memset_t2.asm.obj (.text)
                  0000d656    00000002     --HOLE-- [fill = 0]
                  0000d658    00000074                                   : fclose.c.obj (.text:__TI_closefile)
                  0000d6cc    0000006e                                   : _printfi.c.obj (.text:_mcpy)
                  0000d73a    0000006e                                   : fd_tos_t2.asm.obj (.text)
                  0000d7a8    0000006c                                   : hostrename.c.obj (.text:HOSTrename)
                  0000d814    00000068                                   : hostlseek.c.obj (.text:HOSTlseek)
                  0000d87c    00000068                                   : copy_decompress_lzss.c.obj (.text:decompress:lzss:__TI_decompress_lzss)
                  0000d8e4    00000068     pmap.obj (.text)
                  0000d94c    00000068     rtsv7M4_T_le_v4SPD16_eabi.lib : printf.c.obj (.text:printf)
                  0000d9b4    00000064                                   : s_frexp.c.obj (.text:frexp)
                  0000da18    00000064                                   : fseek.c.obj (.text:fseek)
                  0000da7c    00000062                                   : _io_perm.c.obj (.text:__TI_wrt_ok)
                  0000dade    00000002     --HOLE-- [fill = 0]
                  0000dae0    00000060                                   : hostopen.c.obj (.text:HOSTopen)
                  0000db40    0000005c                                   : close.c.obj (.text:close)
                  0000db9c    00000058                                   : hostread.c.obj (.text:HOSTread)
                  0000dbf4    00000058                                   : hostwrite.c.obj (.text:HOSTwrite)
                  0000dc4c    00000056                                   : _printfi.c.obj (.text:_pconv_f)
                  0000dca2    00000054                                   : ltoa.c.obj (.text:ltoa)
                  0000dcf6    00000052                                   : _printfi.c.obj (.text:_ecpy)
                  0000dd48    0000004c                                   : fflush.c.obj (.text:__TI_doflush)
                  0000dd94    0000004c                                   : atoi.c.obj (.text:atoi)
                  0000dde0    00000048                                   : exit.c.obj (.text:exit)
                  0000de28    00000048                                   : fd_toi_t2.asm.obj (.text)
                  0000de70    00000044                                   : hostclose.c.obj (.text:HOSTclose)
                  0000deb4    00000044                                   : hostunlink.c.obj (.text:HOSTunlink)
                  0000def8    00000044                                   : autoinit.c.obj (.text:__TI_auto_init_nobinit_nopinit:__TI_auto_init_nobinit_nopinit)
                  0000df3c    00000044                                   : getdevice.c.obj (.text:getdevice)
                  0000df80    00000040                                   : sprintf.c.obj (.text:sprintf)
                  0000dfc0    0000003e                                   : _printfi.c.obj (.text:_fcpy)
                  0000dffe    0000003e     cpu.obj (.text)
                  0000e03c    00000038     rtsv7M4_T_le_v4SPD16_eabi.lib : trgmsg.c.obj (.text:__TI_writemsg)
                  0000e074    00000038                                   : fs_tod_t2.asm.obj (.text)
                  0000e0ac    00000036                                   : strncpy.c.obj (.text:strncpy)
                  0000e0e2    00000002     --HOLE-- [fill = 0]
                  0000e0e4    00000034                                   : fopen.c.obj (.text:__TI_cleanup)
                  0000e118    00000034                                   : trgmsg.c.obj (.text:__TI_readmsg)
                  0000e14c    00000034                                   : boot_cortex_m.c.obj (.text:_c_int00_noargs:_c_int00_noargs)
                  0000e180    00000030                                   : getdevice.c.obj (.text:finddevice)
                  0000e1b0    0000002e                                   : i_tofd_t2.asm.obj (.text)
                  0000e1de    0000002e                                   : strncat.c.obj (.text:strncat)
                  0000e20c    0000002c                                   : unlink.c.obj (.text:unlink)
                  0000e238    00000028                                   : memory.c.obj (.text:free_list_insert)
                  0000e260    00000028                                   : lseek.c.obj (.text:lseek)
                  0000e288    00000028                                   : write.c.obj (.text:write)
                  0000e2b0    00000022     interrupts.obj (.text)
                  0000e2d2    00000020     rtsv7M4_T_le_v4SPD16_eabi.lib : memchr.c.obj (.text:memchr)
                  0000e2f2    00000002     --HOLE-- [fill = 0]
                  0000e2f4    0000001c                                   : memory.c.obj (.text:free_list_remove)
                  0000e310    0000001c                                   : memccpy.c.obj (.text:memccpy)
                  0000e32c    0000001a                                   : s_copysign.c.obj (.text:copysign)
                  0000e346    00000018                                   : sprintf.c.obj (.text:_outs)
                  0000e35e    00000018                                   : strcmp.c.obj (.text:strcmp)
                  0000e376    00000016     msp432_startup_ccs.obj (.text)
                  0000e38c    00000016     rtsv7M4_T_le_v4SPD16_eabi.lib : strchr.c.obj (.text:strchr)
                  0000e3a2    00000014                                   : strcpy.c.obj (.text:strcpy)
                  0000e3b6    00000014                                   : strlen.c.obj (.text:strlen)
                  0000e3ca    00000012                                   : wcslen.c.obj (.text:wcslen)
                  0000e3dc    0000000e                                   : copy_decompress_none.c.obj (.text:decompress:none:__TI_decompress_none)
                  0000e3ea    0000000c                                   : copy_zero_init.c.obj (.text:decompress:ZI:__TI_zero_init)
                  0000e3f6    0000000a                                   : sprintf.c.obj (.text:_outc)
                  0000e400    00000008                                   : errno.c.obj (.text:__aeabi_errno_addr)
                  0000e408    00000008                                   : memory.c.obj (.text:malloc)
                  0000e410    00000004                                   : printf.c.obj (.text:_outc)
                  0000e414    00000004                                   : printf.c.obj (.text:_outs)
                  0000e418    00000004                                   : pre_init.c.obj (.text:_system_pre_init)
                  0000e41c    00000004                                   : exit.c.obj (.text:abort:abort)

.const     0    0000e420    00000748     
                  0000e420    000002f8     fontfixed6x8.obj (.const:.string:g_pucFontFixed6x8Data)
                  0000e718    00000101     rtsv7M4_T_le_v4SPD16_eabi.lib : ctype.c.obj (.const:.string:_ctypes_)
                  0000e819    00000003     --HOLE-- [fill = 0]
                  0000e81c    000000c8     fontfixed6x8.obj (.const:g_sFontFixed6x8)
                  0000e8e4    00000004     --HOLE-- [fill = 0]
                  0000e8e8    00000098     rtsv7M4_T_le_v4SPD16_eabi.lib : s_atan.c.obj (.const:$O1$$)
                  0000e980    00000080     adc14.obj (.const:_ctlRegs)
                  0000ea00    00000050     interrupt.obj (.const:g_pulRegs)
                  0000ea50    00000030     edu_boosterpack_rgb.obj (.const:leds)
                  0000ea80    0000002c     st7735.obj (.const:g_sCrystalfontz128x128)
                  0000eaac    00000024     uart_driver.obj (.const:uart_config)
                  0000ead0    00000020     interrupt.obj (.const:g_pulPriority)
                  0000eaf0    0000001c     st7735_msp432.obj (.const:$P$T0$1)
                  0000eb0c    0000001c     gpio.obj (.const:GPIO_PORT_TO_INT)
                  0000eb28    00000008     st7735.obj (.const:$P$T0$1)
                  0000eb30    00000008     edu_boosterpack_rgb.obj (.const:.string:port2_remapping)
                  0000eb38    00000008     edu_boosterpack_rgb.obj (.const:.string:port5_remapping)
                  0000eb40    00000008     interrupt.obj (.const:g_pulDisRegs)
                  0000eb48    00000008     interrupt.obj (.const:g_pulEnRegs)
                  0000eb50    00000008     interrupt.obj (.const:g_pulPendRegs)
                  0000eb58    00000008     interrupt.obj (.const:g_pulUnpendRegs)
                  0000eb60    00000008     port.obj (.const)

.cinit     0    0000eb68    00000148     
                  0000eb68    0000010d     (.cinit..data.load) [load image, compression = lzss]
                  0000ec75    00000003     --HOLE-- [fill = 0]
                  0000ec78    0000000c     (__TI_handler_table)
                  0000ec84    00000004     --HOLE-- [fill = 0]
                  0000ec88    00000008     (.cinit..bss.load) [load image, compression = zero_init]
                  0000ec90    00000008     (.cinit..vtable.load) [load image, compression = zero_init]
                  0000ec98    00000018     (__TI_cinit_table)

.vtable    0    20000000    000000e4     UNINITIALIZED
                  20000000    000000e4     interrupt.obj (.vtable)

.bss       0    200000e4    0000c746     UNINITIALIZED
                  200000e4    0000c000     heap_1.obj (.bss:ucHeap)
                  2000c0e4    00000200     uart_driver.obj (.bss:uart_rx_buffer)
                  2000c2e4    00000200     uart_driver.obj (.bss:uart_tx_buffer)
                  2000c4e4    00000120     rtsv7M4_T_le_v4SPD16_eabi.lib : trgmsg.c.obj (.bss:_CIOBUF_)
                  2000c604    000000a0     (.common:__TI_tmpnams)
                  2000c6a4    0000008c     tasks.obj (.bss:pxReadyTasksLists)
                  2000c730    0000001c     main.obj (.bss:g_sContext)
                  2000c74c    00000014     tasks.obj (.bss:xDelayedTaskList1)
                  2000c760    00000014     tasks.obj (.bss:xDelayedTaskList2)
                  2000c774    00000014     tasks.obj (.bss:xPendingReadyList)
                  2000c788    00000014     tasks.obj (.bss:xSuspendedTaskList)
                  2000c79c    00000014     tasks.obj (.bss:xTasksWaitingTermination)
                  2000c7b0    0000000c     uart_driver.obj (.bss:buffer_rx)
                  2000c7bc    0000000c     uart_driver.obj (.bss:buffer_tx)
                  2000c7c8    0000000c     (.common:uart_command)
                  2000c7d4    00000008     cs.obj (.bss)
                  2000c7dc    00000008     tasks.obj (.bss)
                  2000c7e4    00000008     (.common:parmbuf)
                  2000c7ec    00000008     (.common:results_buffer)
                  2000c7f4    00000006     (.common:accel_values)
                  2000c7fa    00000002     (.common:Lcd_ScreenHeigth)
                  2000c7fc    00000004     uart_driver.obj (.bss)
                  2000c800    00000004     (.common:adc_callback_func)
                  2000c804    00000004     (.common:start_timestamp)
                  2000c808    00000004     (.common:xADCReadingAvailableSemaphore)
                  2000c80c    00000004     (.common:xQueueADC2Process)
                  2000c810    00000004     (.common:xQueueProcess2LCD)
                  2000c814    00000004     (.common:xQueueUART2ADC)
                  2000c818    00000004     (.common:xRunADCTaskSemaphore)
                  2000c81c    00000004     (.common:xRunUARTReadingTaskSemaphore)
                  2000c820    00000002     (.common:Lcd_ScreenWidth)
                  2000c822    00000002     (.common:Lcd_TouchTrim)
                  2000c824    00000002     (.common:command)
                  2000c826    00000001     (.common:Lcd_FlagRead)
                  2000c827    00000001     (.common:Lcd_FontSolid)
                  2000c828    00000001     (.common:Lcd_Orientation)
                  2000c829    00000001     (.common:Lcd_PenSolid)

.sysmem    0    2000c830    00000400     UNINITIALIZED
                  2000c830    00000010     rtsv7M4_T_le_v4SPD16_eabi.lib : memory.c.obj (.sysmem)
                  2000c840    000003f0     --HOLE--

.data      0    2000cc30    00000325     UNINITIALIZED
                  2000cc30    000000f0     rtsv7M4_T_le_v4SPD16_eabi.lib : defs.c.obj (.data:_ftable)
                  2000cd20    00000078                                   : host_device.c.obj (.data:_device)
                  2000cd98    00000050                                   : host_device.c.obj (.data:_stream)
                  2000cde8    00000040     flash.obj (.data:__getBurstProgramRegs)
                  2000ce28    00000034     tasks.obj (.data)
                  2000ce5c    00000030     gpio.obj (.data:GPIO_PORT_TO_BASE)
                  2000ce8c    00000018     msp432_launchpad_board.obj (.data:buttons)
                  2000cea4    00000018     edu_boosterpack_rgb.obj (.data:led_blue_pwm_cfg)
                  2000cebc    00000018     edu_boosterpack_rgb.obj (.data:led_green_pwm_cfg)
                  2000ced4    00000018     edu_boosterpack_rgb.obj (.data:led_red_pwm_cfg)
                  2000ceec    00000010     msp432_launchpad_board.obj (.data:debug)
                  2000cefc    00000010     msp432_launchpad_board.obj (.data:leds)
                  2000cf0c    00000010     rtsv7M4_T_le_v4SPD16_eabi.lib : defs.c.obj (.data)
                  2000cf1c    0000000c                                   : exit.c.obj (.data:$O1$$)
                  2000cf28    0000000c     port.obj (.data)
                  2000cf34    00000008     rtsv7M4_T_le_v4SPD16_eabi.lib : _lock.c.obj (.data:$O1$$)
                  2000cf3c    00000008                                   : memory.c.obj (.data:$O1$$)
                  2000cf44    00000008     heap_1.obj (.data)
                  2000cf4c    00000004     rtsv7M4_T_le_v4SPD16_eabi.lib : errno.c.obj (.data)
                  2000cf50    00000004     system_msp432p401r.obj (.data)
                  2000cf54    00000001     main.obj (.data)

.stack     0    2000fe00    00000200     UNINITIALIZED
                  2000fe00    00000004     rtsv7M4_T_le_v4SPD16_eabi.lib : boot_cortex_m.c.obj (.stack)
                  2000fe04    000001fc     --HOLE--

MODULE SUMMARY

       Module                              code    ro data   rw data
       ------                              ----    -------   -------
    .\
       main.obj                            3028    0         77     
       system_msp432p401r.obj              808     0         4      
       msp432_startup_ccs.obj              22      324       0      
    +--+-----------------------------------+-------+---------+---------+
       Total:                              3858    324       81     
                                                                    
    .\lib_PRAC\freertos\cortex-m4\
       port.obj                            648     8         12     
       portasm.obj                         210     0         0      
    +--+-----------------------------------+-------+---------+---------+
       Total:                              858     8         12     
                                                                    
    .\lib_PRAC\freertos\src\
       heap_1.obj                          180     0         49160  
       tasks.obj                           6668    0         300    
       queue.obj                           3236    0         0      
       list.obj                            298     0         0      
    +--+-----------------------------------+-------+---------+---------+
       Total:                              10382   0         49460  
                                                                    
    .\lib_PRAC\graphics\
       string.obj                          1584    0         0      
       line.obj                            1168    0         0      
       fontfixed6x8.obj                    0       960       0      
       context.obj                         614     0         0      
       display.obj                         308     0         0      
    +--+-----------------------------------+-------+---------+---------+
       Total:                              3674    960       0      
                                                                    
    .\lib_PRAC\msp432\
       flash.obj                           5532    0         64     
       cs.obj                              3452    0         8      
       adc14.obj                           2260    128       0      
       spi.obj                             2212    0         0      
       pcm.obj                             2104    0         0      
       timer_a.obj                         1944    0         0      
       interrupt.obj                       1008    144       228    
       rtc_c.obj                           1288    0         0      
       gpio.obj                            1152    28        48     
       uart.obj                            1052    0         0      
       sysctl.obj                          580     0         0      
       wdt_a.obj                           216     0         0      
       ref_a.obj                           204     0         0      
       fpu.obj                             192     0         0      
       pmap.obj                            104     0         0      
       cpu.obj                             62      0         0      
    +--+-----------------------------------+-------+---------+---------+
       Total:                              23362   300       348    
                                                                    
    .\lib_PRAC\screen\
       st7735.obj                          1656    52        10     
       st7735_msp432.obj                   204     28        0      
    +--+-----------------------------------+-------+---------+---------+
       Total:                              1860    80        10     
                                                                    
    .\lib_PRAC\uoc\
       uart_driver.obj                     428     36        1052   
       msp432_launchpad_board.obj          944     0         56     
       edu_boosterpack_rgb.obj             384     64        72     
       edu_boosterpack_accelerometer.obj   260     0         12     
       circ_buffer.obj                     250     0         0      
       interrupts.obj                      34      0         0      
    +--+-----------------------------------+-------+---------+---------+
       Total:                              2300    100       1192   
                                                                    
    C:\ti\ccs901\ccs\tools\compiler\ti-cgt-arm_18.12.3.LTS\lib\rtsv7M4_T_le_v4SPD16_eabi.lib
       _printfi.c.obj                      4851    0         0      
       s_atan.c.obj                        748     152       0      
       memory.c.obj                        676     0         8      
       fd_add_t2.asm.obj                   438     0         0      
       defs.c.obj                          0       0         416    
       trgmsg.c.obj                        108     0         288    
       fd_div_t2.asm.obj                   310     0         0      
       fputs.c.obj                         276     0         0      
       s_scalbn.c.obj                      272     0         0      
       fd_cmp_t2.asm.obj                   268     0         0      
       ctype.c.obj                         0       257       0      
       fd_mul_t2.asm.obj                   252     0         0      
       setvbuf.c.obj                       220     0         0      
       host_device.c.obj                   0       0         200    
       memcpy_t2.asm.obj                   156     0         0      
       ull_div_t2.asm.obj                  150     0         0      
       fputc.c.obj                         140     0         0      
       memset_t2.asm.obj                   122     0         0      
       fclose.c.obj                        116     0         0      
       getdevice.c.obj                     116     0         0      
       printf.c.obj                        112     0         0      
       fd_tos_t2.asm.obj                   110     0         0      
       hostrename.c.obj                    108     0         0      
       copy_decompress_lzss.c.obj          104     0         0      
       hostlseek.c.obj                     104     0         0      
       hostopen.c.obj                      96      0         8      
       fseek.c.obj                         100     0         0      
       s_frexp.c.obj                       100     0         0      
       _io_perm.c.obj                      98      0         0      
       sprintf.c.obj                       98      0         0      
       close.c.obj                         92      0         0      
       exit.c.obj                          76      0         12     
       hostread.c.obj                      88      0         0      
       hostwrite.c.obj                     88      0         0      
       ltoa.c.obj                          84      0         0      
       atoi.c.obj                          76      0         0      
       fflush.c.obj                        76      0         0      
       fd_toi_t2.asm.obj                   72      0         0      
       autoinit.c.obj                      68      0         0      
       hostclose.c.obj                     68      0         0      
       hostunlink.c.obj                    68      0         0      
       fs_tod_t2.asm.obj                   56      0         0      
       strncpy.c.obj                       54      0         0      
       boot_cortex_m.c.obj                 52      0         0      
       fopen.c.obj                         52      0         0      
       i_tofd_t2.asm.obj                   46      0         0      
       strncat.c.obj                       46      0         0      
       unlink.c.obj                        44      0         0      
       lseek.c.obj                         40      0         0      
       write.c.obj                         40      0         0      
       memchr.c.obj                        32      0         0      
       memccpy.c.obj                       28      0         0      
       s_copysign.c.obj                    26      0         0      
       strcmp.c.obj                        24      0         0      
       strchr.c.obj                        22      0         0      
       strcpy.c.obj                        20      0         0      
       strlen.c.obj                        20      0         0      
       wcslen.c.obj                        18      0         0      
       copy_decompress_none.c.obj          14      0         0      
       copy_zero_init.c.obj                12      0         0      
       errno.c.obj                         8       0         4      
       _lock.c.obj                         2       0         8      
       pre_init.c.obj                      4       0         0      
       div0.asm.obj                        2       0         0      
    +--+-----------------------------------+-------+---------+---------+
       Total:                              11767   409       944    
                                                                    
       Heap:                               0       0         1024   
       Stack:                              0       0         512    
       Linker Generated:                   0       321       0      
    +--+-----------------------------------+-------+---------+---------+
       Grand Total:                        58061   2502      53583  


LINKER GENERATED COPY TABLES

__TI_cinit_table @ 0000ec98 records: 3, size/record: 8, table size: 24
	.data: load addr=0000eb68, load size=0000010d bytes, run addr=2000cc30, run size=00000325 bytes, compression=lzss
	.bss: load addr=0000ec88, load size=00000008 bytes, run addr=200000e4, run size=0000c746 bytes, compression=zero_init
	.vtable: load addr=0000ec90, load size=00000008 bytes, run addr=20000000, run size=000000e4 bytes, compression=zero_init


LINKER GENERATED HANDLER TABLE

__TI_handler_table @ 0000ec78 records: 3, size/record: 4, table size: 12
	index: 0, handler: __TI_zero_init
	index: 1, handler: __TI_decompress_lzss
	index: 2, handler: __TI_decompress_none


GLOBAL SYMBOLS: SORTED ALPHABETICALLY BY Name 

address   name                                           
-------   ----                                           
0000697d  ADC14_clearInterruptFlag                       
00006525  ADC14_configureConversionMemory                
000063cd  ADC14_configureMultiSequenceMode               
00006463  ADC14_configureSingleSampleMode                
0000665d  ADC14_disableComparatorWindow                  
000064fb  ADC14_disableConversion                        
000068fb  ADC14_disableInterrupt                         
000062a1  ADC14_disableModule                            
0000687b  ADC14_disableReferenceBurst                    
000062e1  ADC14_disableSampleTimer                       
000065cd  ADC14_enableComparatorWindow                   
000064b9  ADC14_enableConversion                         
000068d3  ADC14_enableInterrupt                          
00006299  ADC14_enableModule                             
00006865  ADC14_enableReferenceBurst                     
000062b7  ADC14_enableSampleTimer                        
00006947  ADC14_getEnabledInterruptStatus                
00006923  ADC14_getInterruptStatus                       
00006785  ADC14_getMultiSequenceResult                   
00006357  ADC14_getResolution                            
0000676b  ADC14_getResult                                
000067f1  ADC14_getResultArray                           
000062f7  ADC14_initModule                               
00006507  ADC14_isBusy                                   
000069a9  ADC14_registerInterrupt                        
000066bb  ADC14_setComparatorWindowValue                 
00006891  ADC14_setPowerMode                             
0000633d  ADC14_setResolution                            
00006741  ADC14_setResultFormat                          
000063a3  ADC14_setSampleHoldTime                        
00006361  ADC14_setSampleHoldTrigger                     
000064d9  ADC14_toggleConversionTrigger                  
000069bd  ADC14_unregisterInterrupt                      
0000c83f  ADC_IRQHandler                                 
0000e41d  C$$EXIT                                        
0000e06b  C$$IO$$                                        
0000e033  CPU_basepriGet                                 
0000e025  CPU_basepriSet                                 
0000dfff  CPU_cpsid                                      
0000e015  CPU_cpsie                                      
0000e00b  CPU_primask                                    
0000e021  CPU_wfi                                        
00003ded  CS_clearInterruptFlag                          
00003695  CS_disableClockRequest                         
0000377b  CS_disableDCOExternalResistor                  
00003cc1  CS_disableFaultCounter                         
00003dab  CS_disableInterrupt                            
0000366d  CS_enableClockRequest                          
000036dd  CS_enableDCOExternalResistor                   
00003c95  CS_enableFaultCounter                          
00003d89  CS_enableInterrupt                             
00003c2d  CS_getACLK                                     
00003bed  CS_getBCLK                                     
00003875  CS_getDCOFrequency                             
00003dd3  CS_getEnabledInterruptStatus                   
00003c09  CS_getHSMCLK                                   
00003dcd  CS_getInterruptStatus                          
00003c73  CS_getMCLK                                     
00003c51  CS_getSMCLK                                    
0000338d  CS_initClockSignal                             
00003e0f  CS_registerInterrupt                           
00003ced  CS_resetFaultCounter                           
00003799  CS_setDCOCenteredFrequency                     
00003705  CS_setDCOExternalResistorCalibration           
00003a15  CS_setDCOFrequency                             
00003351  CS_setExternalClockSourceFrequency             
000036b7  CS_setReferenceOscillatorFrequency             
00003d39  CS_startFaultCounter                           
00003491  CS_startHFXT                                   
000034b5  CS_startHFXTWithTimeout                        
00003579  CS_startLFXT                                   
0000359d  CS_startLFXTWithTimeout                        
000037d1  CS_tuneDCOFrequency                            
00003e23  CS_unregisterInterrupt                         
00008279  Crystalfontz128x128_Init                       
0000838d  Crystalfontz128x128_SetDrawFrame               
000084bb  Crystalfontz128x128_SetOrientation             
0000bd19  EUSCIA0_IRQHandler                             
00007173  EUSCI_A_SPI_changeClockPhasePolarity           
00007227  EUSCI_A_SPI_clearInterruptFlag                 
00007257  EUSCI_A_SPI_disable                            
000071f5  EUSCI_A_SPI_disableInterrupt                   
00007241  EUSCI_A_SPI_enable                             
000071db  EUSCI_A_SPI_enableInterrupt                    
0000720f  EUSCI_A_SPI_getInterruptStatus                 
0000726d  EUSCI_A_SPI_getReceiveBufferAddressForDMA      
0000727b  EUSCI_A_SPI_getTransmitBufferAddressForDMA     
00007289  EUSCI_A_SPI_isBusy                             
000070f3  EUSCI_A_SPI_masterChangeClock                  
000071cb  EUSCI_A_SPI_receiveData                        
000070d3  EUSCI_A_SPI_select4PinFunctionality            
00007129  EUSCI_A_SPI_slaveInit                          
000071b5  EUSCI_A_SPI_transmitData                       
00006fa5  EUSCI_B_SPI_changeClockPhasePolarity           
00007059  EUSCI_B_SPI_clearInterruptFlag                 
00007089  EUSCI_B_SPI_disable                            
00007027  EUSCI_B_SPI_disableInterrupt                   
00007073  EUSCI_B_SPI_enable                             
0000700d  EUSCI_B_SPI_enableInterrupt                    
00007041  EUSCI_B_SPI_getInterruptStatus                 
0000709f  EUSCI_B_SPI_getReceiveBufferAddressForDMA      
000070ad  EUSCI_B_SPI_getTransmitBufferAddressForDMA     
000070bb  EUSCI_B_SPI_isBusy                             
00006f29  EUSCI_B_SPI_masterChangeClock                  
00006ffd  EUSCI_B_SPI_receiveData                        
00006f09  EUSCI_B_SPI_select4PinFunctionality            
00006f5b  EUSCI_B_SPI_slaveInit                          
00006fe7  EUSCI_B_SPI_transmitData                       
0000d083  FPU_disableModule                              
0000d0af  FPU_disableStacking                            
0000d0a3  FPU_enableLazyStacking                         
0000d071  FPU_enableModule                               
0000d091  FPU_enableStacking                             
0000d0ef  FPU_setFlushToZeroMode                         
0000d0bb  FPU_setHalfPrecisionMode                       
0000d0d5  FPU_setNaNMode                                 
0000d109  FPU_setRoundingMode                            
00002b9b  FlashCtl_clearInterruptFlag                    
00002a5f  FlashCtl_clearProgramVerification              
00002b71  FlashCtl_disableInterrupt                      
000020cd  FlashCtl_disableReadBuffering                  
00002ac9  FlashCtl_disableWordProgramming                
00002b5d  FlashCtl_enableInterrupt                       
00002079  FlashCtl_enableReadBuffering                   
00002a99  FlashCtl_enableWordProgramming                 
000026f9  FlashCtl_eraseSector                           
00002b8b  FlashCtl_getEnabledInterruptStatus             
00002b85  FlashCtl_getInterruptStatus                    
00001cfb  FlashCtl_getMemoryInfo                         
0000255d  FlashCtl_getReadMode                           
00002b2f  FlashCtl_getWaitState                          
00002587  FlashCtl_initiateMassErase                     
0000281d  FlashCtl_initiateSectorErase                   
000021fd  FlashCtl_isSectorProtected                     
00002ad5  FlashCtl_isWordProgrammingEnabled              
000025ad  FlashCtl_performMassErase                      
000028b5  FlashCtl_programMemory                         
0000219d  FlashCtl_protectSector                         
00002baf  FlashCtl_registerInterrupt                     
00002a25  FlashCtl_setProgramVerification                
000024f1  FlashCtl_setReadMode                           
00002af1  FlashCtl_setWaitState                          
0000212d  FlashCtl_unprotectSector                       
00002bc3  FlashCtl_unregisterInterrupt                   
00002289  FlashCtl_verifyMemory                          
00009bdb  GPIO_clearInterruptFlag                        
00009b9b  GPIO_disableInterrupt                          
00009b79  GPIO_enableInterrupt                           
00009c33  GPIO_getEnabledInterruptStatus                 
00009b4b  GPIO_getInputPinValue                          
00009bbd  GPIO_getInterruptStatus                        
00009bfd  GPIO_interruptEdgeSelect                       
00009cf3  GPIO_registerInterrupt                         
000098f3  GPIO_setAsInputPin                             
00009aa7  GPIO_setAsInputPinWithPullDownResistor         
00009af9  GPIO_setAsInputPinWithPullUpResistor           
000098b9  GPIO_setAsOutputPin                            
000099bd  GPIO_setAsPeripheralModuleFunctionInputPin     
00009939  GPIO_setAsPeripheralModuleFunctionOutputPin    
00009caf  GPIO_setDriveStrengthHigh                      
00009cd1  GPIO_setDriveStrengthLow                       
00009a41  GPIO_setOutputHighOnPin                        
00009a63  GPIO_setOutputLowOnPin                         
00009a85  GPIO_toggleOutputOnPin                         
00009d13  GPIO_unregisterInterrupt                       
0000b5ed  Graphics_clearDisplay                          
0000c2ef  Graphics_clearDisplayOnDisplay                 
0000c241  Graphics_drawHorizontalLineOnDisplay           
00009745  Graphics_drawLine                              
00009429  Graphics_drawLineH                             
000094c5  Graphics_drawLineV                             
0000c1fd  Graphics_drawMultiplePixelsOnDisplay           
0000b5ff  Graphics_drawPixel                             
0000c1d3  Graphics_drawPixelOnDisplay                    
00008a2b  Graphics_drawString                            
00008eb9  Graphics_drawStringCentered                    
0000c275  Graphics_drawVerticalLineOnDisplay             
0000c2a9  Graphics_fillRectangleOnDisplay                
0000b5df  Graphics_flushBuffer                           
0000c2dd  Graphics_flushOnDisplay                        
0000b5c1  Graphics_getDisplayHeight                      
0000b5b1  Graphics_getDisplayWidth                       
0000b55f  Graphics_getFontBaseline                       
0000b595  Graphics_getFontHeight                         
0000b5a3  Graphics_getFontMaxWidth                       
0000b5d1  Graphics_getHeightOfDisplay                    
00008ea9  Graphics_getStringBaseline                     
00008f01  Graphics_getStringHeight                       
00008f11  Graphics_getStringMaxWidth                     
00008931  Graphics_getStringWidth                        
0000b659  Graphics_getWidthOfDisplay                     
0000b401  Graphics_initContext                           
0000b515  Graphics_setBackgroundColor                    
0000b52f  Graphics_setBackgroundColorTranslated          
0000b44b  Graphics_setClipRegion                         
0000b545  Graphics_setFont                               
0000b56d  Graphics_setForegroundColor                    
0000b583  Graphics_setForegroundColorTranslated          
0000c2c7  Graphics_translateColorOnDisplay               
0000cfa5  HAL_LCD_PortInit                               
0000cfd5  HAL_LCD_SpiInit                                
0000d00b  HAL_LCD_writeCommand                           
0000d041  HAL_LCD_writeData                              
0000de71  HOSTclose                                      
0000d815  HOSTlseek                                      
0000dae1  HOSTopen                                       
0000db9d  HOSTread                                       
0000d7a9  HOSTrename                                     
0000deb5  HOSTunlink                                     
0000dbf5  HOSTwrite                                      
0000a317  Interrupt_disableInterrupt                     
0000a167  Interrupt_disableMaster                        
0000a515  Interrupt_disableSleepOnIsrExit                
0000a2a5  Interrupt_enableInterrupt                      
0000a157  Interrupt_enableMaster                         
0000a503  Interrupt_enableSleepOnIsrExit                 
0000a27f  Interrupt_getPriority                          
0000a1f7  Interrupt_getPriorityGrouping                  
0000a4e3  Interrupt_getPriorityMask                      
0000a4fd  Interrupt_getVectorTableAddress                
0000a389  Interrupt_isEnabled                            
0000a415  Interrupt_pendInterrupt                        
0000a177  Interrupt_registerInterrupt                    
0000a22f  Interrupt_setPriority                          
0000a1dd  Interrupt_setPriorityGrouping                  
0000a4d3  Interrupt_setPriorityMask                      
0000a4ed  Interrupt_setVectorTableAddress                
0000a485  Interrupt_unpendInterrupt                      
0000a1c9  Interrupt_unregisterInterrupt                  
2000c826  Lcd_FlagRead                                   
2000c827  Lcd_FontSolid                                  
2000c828  Lcd_Orientation                                
2000c829  Lcd_PenSolid                                   
2000c7fa  Lcd_ScreenHeigth                               
2000c820  Lcd_ScreenWidth                                
2000c822  Lcd_TouchTrim                                  
00007a83  PCM_clearInterruptFlag                         
00007a59  PCM_disableInterrupt                           
00007a31  PCM_disableRudeMode                            
00007a45  PCM_enableInterrupt                            
00007a1f  PCM_enableRudeMode                             
0000742b  PCM_getCoreVoltageLevel                        
00007a73  PCM_getEnabledInterruptStatus                  
00007a6d  PCM_getInterruptStatus                         
000073d1  PCM_getPowerMode                               
00007a13  PCM_getPowerState                              
00007945  PCM_gotoLPM0                                   
00007963  PCM_gotoLPM0InterruptSafe                      
0000797f  PCM_gotoLPM3                                   
000079f7  PCM_gotoLPM3InterruptSafe                      
00007919  PCM_gotoLPM4                                   
00007929  PCM_gotoLPM4InterruptSafe                      
00007a97  PCM_registerInterrupt                          
0000739f  PCM_setCoreVoltageLevel                        
000073c1  PCM_setCoreVoltageLevelNonBlocking             
000073af  PCM_setCoreVoltageLevelWithTimeout             
000075d1  PCM_setPowerMode                               
000075e1  PCM_setPowerModeNonBlocking                    
000075f1  PCM_setPowerModeWithTimeout                    
000078a3  PCM_setPowerState                              
000078c5  PCM_setPowerStateNonBlocking                   
000078b3  PCM_setPowerStateWithTimeout                   
000078d5  PCM_shutdownDevice                             
00007aab  PCM_unregisterInterrupt                        
0000d8e5  PMAP_configurePorts                            
0000a88b  PORT1_IRQHandler                               
0000cf1b  REF_A_disableReferenceVoltage                  
0000cf0b  REF_A_disableReferenceVoltageOutput            
0000cef3  REF_A_disableTempSensor                        
0000cf13  REF_A_enableReferenceVoltage                   
0000cf03  REF_A_enableReferenceVoltageOutput             
0000cefb  REF_A_enableTempSensor                         
0000cf23  REF_A_getBandgapMode                           
0000cf51  REF_A_getBufferedBandgapVoltageStatus          
0000cf5d  REF_A_getVariableReferenceVoltageStatus        
0000cf2d  REF_A_isBandgapActive                          
0000cf45  REF_A_isRefGenActive                           
0000cf39  REF_A_isRefGenBusy                             
0000cf71  REF_A_setBufferedBandgapVoltageOneTimeTrigger  
0000ced9  REF_A_setReferenceVoltage                      
0000cf69  REF_A_setReferenceVoltageOneTimeTrigger        
0000937d  RTC_C_clearInterruptFlag                       
000091c7  RTC_C_convertBCDToBinary                       
000091df  RTC_C_convertBinaryToBCD                       
00009123  RTC_C_definePrescaleEvent                      
0000924d  RTC_C_disableInterrupt                         
000091f7  RTC_C_enableInterrupt                          
00009055  RTC_C_getCalendarTime                          
0000931d  RTC_C_getEnabledInterruptStatus                
000092b5  RTC_C_getInterruptStatus                       
0000914b  RTC_C_getPrescaleValue                         
00008f3f  RTC_C_holdClock                                
00008fe3  RTC_C_initCalendar                             
000093c3  RTC_C_registerInterrupt                        
000090bb  RTC_C_setCalendarAlarm                         
000090f3  RTC_C_setCalendarEvent                         
00008f8d  RTC_C_setCalibrationData                       
00008f5d  RTC_C_setCalibrationFrequency                  
00009177  RTC_C_setPrescaleValue                         
00008fb9  RTC_C_setTemperatureCompensation               
00008f21  RTC_C_startClock                               
000093e1  RTC_C_unregisterInterrupt                      
00006bc7  SPI_changeClockPhasePolarity                   
00006b21  SPI_changeMasterClock                          
00006d79  SPI_clearInterruptFlag                         
00006cfb  SPI_disableInterrupt                           
00006c55  SPI_disableModule                              
00006cd5  SPI_enableInterrupt                            
00006c39  SPI_enableModule                               
00006d49  SPI_getEnabledInterruptStatus                  
00006d21  SPI_getInterruptStatus                         
00006c71  SPI_getReceiveBufferAddressForDMA              
00006c8d  SPI_getTransmitBufferAddressForDMA             
00006a35  SPI_initMaster                                 
00006b49  SPI_initSlave                                  
00006cb9  SPI_isBusy                                     
00006c1d  SPI_receiveData                                
00006d9f  SPI_registerInterrupt                          
00006afb  SPI_selectFourPinFunctionality                 
00006bf7  SPI_transmitData                               
00006e5d  SPI_unregisterInterrupt                        
0000b85b  SysCtl_disableGlitchFilter                     
0000b6eb  SysCtl_disableNMISource                        
0000b7f3  SysCtl_disablePeripheralAtCPUHalt              
0000b735  SysCtl_disableSRAMBank                         
0000b7b9  SysCtl_disableSRAMBankRetention                
0000b84f  SysCtl_enableGlitchFilter                      
0000b6ff  SysCtl_enableNMISource                         
0000b7df  SysCtl_enablePeripheralAtCPUHalt               
0000b719  SysCtl_enableSRAMBank                          
0000b79d  SysCtl_enableSRAMBankRetention                 
0000b6e5  SysCtl_getFlashSize                            
0000b713  SysCtl_getNMISourceStatus                      
0000b6df  SysCtl_getSRAMSize                             
0000b669  SysCtl_getTLVInfo                              
0000b867  SysCtl_getTempCalibrationConstant              
0000b7d5  SysCtl_rebootDevice                            
0000b82b  SysCtl_setWDTPasswordViolationResetType        
0000b807  SysCtl_setWDTTimeoutResetType                  
2000cf50  SystemCoreClock                                
0000a8f5  SystemCoreClockUpdate                          
0000ab69  SystemInit                                     
2000cf54  TakeADCReadings                                
00007fab  Timer_A_clearCaptureCompareInterrupt           
00007f95  Timer_A_clearInterruptFlag                     
00007e13  Timer_A_clearTimer                             
00007c3b  Timer_A_configureContinuousMode                
00007cc9  Timer_A_configureUpDownMode                    
00007c6b  Timer_A_configureUpMode                        
00008039  Timer_A_disableCaptureCompareInterrupt         
00007fe7  Timer_A_disableInterrupt                       
0000800d  Timer_A_enableCaptureCompareInterrupt          
00007fd3  Timer_A_enableInterrupt                        
00007edf  Timer_A_generatePWM                            
00007e85  Timer_A_getCaptureCompareCount                 
000080a1  Timer_A_getCaptureCompareEnabledInterruptStatus
00008061  Timer_A_getCaptureCompareInterruptStatus       
00007dc7  Timer_A_getCounterValue                        
00008089  Timer_A_getEnabledInterruptStatus              
00007ffb  Timer_A_getInterruptStatus                     
00007e57  Timer_A_getOutputForOutputModeOutBitValue      
00007e27  Timer_A_getSynchronizedCaptureCompareInput     
00007d27  Timer_A_initCapture                            
00007d79  Timer_A_initCompare                            
000080dd  Timer_A_registerInterrupt                      
00007f69  Timer_A_setCompareValue                        
00007ea7  Timer_A_setOutputForOutputModeOutBitValue      
00007c25  Timer_A_startCounter                           
00007f55  Timer_A_stopTimer                              
000081af  Timer_A_unregisterInterrupt                    
0000a04d  UART_clearInterruptFlag                        
00009fa5  UART_disableInterrupt                          
00009e87  UART_disableModule                             
00009f75  UART_enableInterrupt                           
00009e71  UART_enableModule                              
00009ff1  UART_getEnabledInterruptStatus                 
00009fd5  UART_getInterruptStatus                        
00009f3d  UART_getReceiveBufferAddressForDMA             
00009f4b  UART_getTransmitBufferAddressForDMA            
00009d39  UART_initModule                                
00009e9d  UART_queryStatusFlags                          
00009e4b  UART_receiveData                               
0000a06d  UART_registerInterrupt                         
00009ec5  UART_resetDormant                              
00009f59  UART_selectDeglitchTime                        
00009eb1  UART_setDormant                                
00009ed9  UART_transmitAddress                           
00009ef7  UART_transmitBreak                             
00009e21  UART_transmitData                              
0000a0e9  UART_unregisterInterrupt                       
4000480c  WDTCTL_SYM                                     
0000cd6d  WDT_A_clearTimer                               
0000cd2d  WDT_A_holdTimer                                
0000cda9  WDT_A_initIntervalTimer                        
0000cd8d  WDT_A_initWatchdogTimer                        
0000cddd  WDT_A_registerInterrupt                        
0000cdc5  WDT_A_setPasswordViolationReset                
0000cdd1  WDT_A_setTimeoutReset                          
0000cd4d  WDT_A_startTimer                               
0000cdf1  WDT_A_unregisterInterrupt                      
2000c4e4  __CIOBUF_                                      
00002fc7  __FlashCtl_remaskBurstDataPost                 
00002ead  __FlashCtl_remaskBurstDataPre                  
00002cf1  __FlashCtl_remaskData32Post                    
00002dd5  __FlashCtl_remaskData32Pre                     
00002bd3  __FlashCtl_remaskData8Post                     
00002c53  __FlashCtl_remaskData8Pre                      
20010000  __STACK_END                                    
00000200  __STACK_SIZE                                   
00000400  __SYSMEM_SIZE                                  
0000ec98  __TI_CINIT_Base                                
0000ecb0  __TI_CINIT_Limit                               
0000ec78  __TI_Handler_Table_Base                        
0000ec84  __TI_Handler_Table_Limit                       
0000def9  __TI_auto_init_nobinit_nopinit                 
0000e0e5  __TI_cleanup                                   
2000cf1c  __TI_cleanup_ptr                               
0000d659  __TI_closefile                                 
0000d87d  __TI_decompress_lzss                           
0000e3dd  __TI_decompress_none                           
0000dd49  __TI_doflush                                   
2000cf20  __TI_dtors_ptr                                 
2000cf24  __TI_enable_exit_profile_output                
2000cf0c  __TI_ft_end                                    
ffffffff  __TI_pprof_out_hndl                            
000056e1  __TI_printfi                                   
ffffffff  __TI_prof_data_size                            
ffffffff  __TI_prof_data_start                           
0000e119  __TI_readmsg                                   
00000000  __TI_static_base__                             
2000c604  __TI_tmpnams                                   
0000e03d  __TI_writemsg                                  
0000da7d  __TI_wrt_ok                                    
0000e3eb  __TI_zero_init                                 
0000d455  __aeabi_cdcmpeq                                
0000d455  __aeabi_cdcmple                                
0000d4db  __aeabi_cdrcmple                               
0000d73b  __aeabi_d2f                                    
0000de29  __aeabi_d2iz                                   
0000ba87  __aeabi_dadd                                   
0000c09d  __aeabi_ddiv                                   
0000c87d  __aeabi_dmul                                   
0000ba7d  __aeabi_dsub                                   
0000e401  __aeabi_errno_addr                             
0000e075  __aeabi_f2d                                    
0000e1b1  __aeabi_i2d                                    
0000b667  __aeabi_idiv0                                  
0000b667  __aeabi_ldiv0                                  
0000d5dd  __aeabi_memclr                                 
0000d5dd  __aeabi_memclr4                                
0000d5dd  __aeabi_memclr8                                
0000d297  __aeabi_memcpy                                 
0000d297  __aeabi_memcpy4                                
0000d297  __aeabi_memcpy8                                
0000d5df  __aeabi_memset                                 
0000d5df  __aeabi_memset4                                
0000d5df  __aeabi_memset8                                
2000cf18  __aeabi_stderr                                 
2000cf10  __aeabi_stdin                                  
2000cf14  __aeabi_stdout                                 
0000d333  __aeabi_uldivmod                               
ffffffff  __binit__                                      
ffffffff  __c_args__                                     
UNDEFED   __mpu_init                                     
2000fe00  __stack                                        
0000e14d  _c_int00_noargs                                
0000e718  _ctypes_                                       
2000cd20  _device                                        
2000cc30  _ftable                                        
2000cf34  _lock                                          
0000612f  _nop                                           
2000cd98  _stream                                        
2000c830  _sys_memory                                    
UNDEFED   _system_post_cinit                             
0000e419  _system_pre_init                               
2000cf38  _unlock                                        
0000e41d  abort                                          
2000c7f4  accel_values                                   
2000c800  adc_callback_func                              
0000ca75  aligned_alloc                                  
0000ac1d  atan                                           
0000ac1d  atanl                                          
0000dd95  atoi                                           
ffffffff  binit                                          
0000a589  board_buttons_clear_callback                   
0000a563  board_buttons_set_callback                     
0000a545  board_init                                     
0000a559  board_lock                                     
0000c979  circ_buffer_init                               
0000ca0d  circ_buffer_is_empty                           
0000ca2d  circ_buffer_is_full                            
0000c9d5  circ_buffer_pop                                
0000c9a3  circ_buffer_push                               
0000db41  close                                          
2000c824  command                                        
0000e32d  copysign                                       
0000e32d  copysignl                                      
0000a64d  debug_off                                      
0000a625  debug_on                                       
0000a675  debug_toggle                                   
00000571  eTaskGetState                                  
0000c837  edu_boosterpack_accelerometer_clear_callback   
0000c80d  edu_boosterpack_accelerometer_disable          
0000c779  edu_boosterpack_accelerometer_init             
0000c801  edu_boosterpack_accelerometer_read             
0000c827  edu_boosterpack_accelerometer_set_callback     
0000bde1  edu_boosterpack_rgb_init                       
0000bdfb  edu_boosterpack_rgb_off                        
0000bde9  edu_boosterpack_rgb_on                         
0000be0d  edu_boosterpack_rgb_pwm                        
0000be25  edu_boosterpack_rgb_pwm_all                    
2000cf4c  errno                                          
0000dde1  exit                                           
0000e181  finddevice                                     
0000d3c9  fputc                                          
0000c555  fputs                                          
0000cb69  free                                           
0000d9b5  frexp                                          
0000d9b5  frexpl                                         
0000da19  fseek                                          
20000000  g_pfnRAMVectors                                
0000ea80  g_sCrystalfontz128x128                         
0000e81c  g_sFontFixed6x8                                
00005449  get_adc_results                                
0000df3d  getdevice                                      
00000000  interruptVectors                               
0000e2c1  interrupts_disable                             
0000e2b1  interrupts_restore                             
0000c669  ldexp                                          
0000c669  ldexpl                                         
0000a5d5  led_off                                        
0000a5ad  led_on                                         
0000a5fd  led_toggle                                     
0000e261  lseek                                          
0000dca3  ltoa                                           
00004b0d  main                                           
0000e409  malloc                                         
000055d5  map_i                                          
0000ca75  memalign                                       
0000e311  memccpy                                        
0000e2d3  memchr                                         
0000d297  memcpy                                         
0000d5e5  memset                                         
2000c7e4  parmbuf                                        
00000b45  pcTaskGetName                                  
0000d94d  printf                                         
0000d3c9  putc                                           
0000d131  pvPortMalloc                                   
000015cb  pvTaskIncrementMutexHeldCount                  
2000ce28  pxCurrentTCB                                   
0000af09  pxPortInitialiseStack                          
0000e20d  remove                                         
2000c7ec  results_buffer                                 
0000c669  scalbn                                         
0000c669  scalbnl                                        
0000cc51  setvbuf                                        
0000df81  sprintf                                        
2000c804  start_timestamp                                
0000e38d  strchr                                         
0000e35f  strcmp                                         
0000e3a3  strcpy                                         
0000e3b7  strlen                                         
0000e1df  strncat                                        
0000e0ad  strncpy                                        
2000c7c8  uart_command                                   
0000bcb9  uart_get_char                                  
0000bc35  uart_init                                      
0000bcd7  uart_print                                     
0000bc8b  uart_put_char                                  
000053d5  uart_rx_callback                               
000054b9  uart_to_command                                
000048ad  ucQueueGetQueueType                            
0000eb60  ulMaxSyscallInterruptPriority                  
0000ce15  ulPortGetIPSR                                  
000015e3  ulTaskNotifyTake                               
0000e20d  unlink                                         
0000c3e9  uxListRemove                                   
0000488d  uxQueueGetQueueNumber                          
000047e5  uxQueueMessagesWaiting                         
00004843  uxQueueMessagesWaitingFromISR                  
0000480f  uxQueueSpacesAvailable                         
00000b3b  uxTaskGetNumberOfTasks                         
00000b89  uxTaskGetSystemState                           
000010ff  uxTaskGetTaskNumber                            
0000060d  uxTaskPriorityGet                              
00000639  uxTaskPriorityGetFromISR                       
000015a9  uxTaskResetEventItemValue                      
0000c307  vListInitialise                                
0000c337  vListInitialiseItem                            
0000c383  vListInsert                                    
0000c347  vListInsertEnd                                 
0000cec9  vPortEnableVFP                                 
0000b029  vPortEndScheduler                              
0000b04d  vPortEnterCritical                             
0000b08f  vPortExitCritical                              
0000d1a1  vPortFree                                      
0000d1c5  vPortInitialiseBlocks                          
0000ce8d  vPortSVCHandler                                
0000b0e1  vPortSetupTimerInterrupt                       
0000cead  vPortStartFirstTask                            
0000b0fb  vPortValidateInterruptPriority                 
00004869  vQueueDelete                                   
0000489b  vQueueSetQueueNumber                           
00000509  vTaskDelay                                     
00000427  vTaskDelayUntil                                
0000035d  vTaskDelete                                    
000009e1  vTaskEndScheduler                              
00001211  vTaskGetInfo                                   
000010f7  vTaskMissedYield                               
0000196b  vTaskNotifyGiveFromISR                         
00000e2f  vTaskPlaceOnEventList                          
00000e69  vTaskPlaceOnUnorderedEventList                 
00001415  vTaskPriorityInherit                           
00000681  vTaskPrioritySet                               
000008e1  vTaskResume                                    
0000111f  vTaskSetTaskNumber                             
00001021  vTaskSetTimeOutState                           
00000975  vTaskStartScheduler                            
000007b5  vTaskSuspend                                   
000009fd  vTaskSuspendAll                                
00000da9  vTaskSwitchContext                             
0000e3cb  wcslen                                         
0000e289  write                                          
2000c808  xADCReadingAvailableSemaphore                  
0000d1cd  xPortGetFreeHeapSize                           
0000ce2d  xPortPendSVHandler                             
0000af95  xPortStartScheduler                            
0000b0bb  xPortSysTickHandler                            
2000c80c  xQueueADC2Process                              
000040c7  xQueueCreateCountingSemaphore                  
00003fef  xQueueCreateMutex                              
00003f1b  xQueueGenericCreate                            
000044a7  xQueueGenericReceive                           
00003e69  xQueueGenericReset                             
00004125  xQueueGenericSend                              
000042b1  xQueueGenericSendFromISR                       
000043b9  xQueueGiveFromISR                              
0000401b  xQueueGiveMutexRecursive                       
00004a81  xQueueIsQueueEmptyFromISR                      
00004ad7  xQueueIsQueueFullFromISR                       
00004739  xQueuePeekFromISR                              
2000c810  xQueueProcess2LCD                              
0000465d  xQueueReceiveFromISR                           
0000406b  xQueueTakeMutexRecursive                       
2000c814  xQueueUART2ADC                                 
2000c818  xRunADCTaskSemaphore                           
2000c81c  xRunUARTReadingTaskSemaphore                   
00001055  xTaskCheckForTimeOut                           
00000145  xTaskCreate                                    
00001711  xTaskGenericNotify                             
0000182d  xTaskGenericNotifyFromISR                      
000013e1  xTaskGetCurrentTaskHandle                      
00000b17  xTaskGetTickCount                              
00000b27  xTaskGetTickCountFromISR                       
00000c75  xTaskIncrementTick                             
00001a55  xTaskNotifyStateClear                          
00001661  xTaskNotifyWait                                
000014d5  xTaskPriorityDisinherit                        
00000ed1  xTaskRemoveFromEventList                       
00000f6d  xTaskRemoveFromUnorderedEventList              
00000a15  xTaskResumeAll                                 


GLOBAL SYMBOLS: SORTED BY Symbol Address 

address   name                                           
-------   ----                                           
00000000  __TI_static_base__                             
00000000  interruptVectors                               
00000145  xTaskCreate                                    
00000200  __STACK_SIZE                                   
0000035d  vTaskDelete                                    
00000400  __SYSMEM_SIZE                                  
00000427  vTaskDelayUntil                                
00000509  vTaskDelay                                     
00000571  eTaskGetState                                  
0000060d  uxTaskPriorityGet                              
00000639  uxTaskPriorityGetFromISR                       
00000681  vTaskPrioritySet                               
000007b5  vTaskSuspend                                   
000008e1  vTaskResume                                    
00000975  vTaskStartScheduler                            
000009e1  vTaskEndScheduler                              
000009fd  vTaskSuspendAll                                
00000a15  xTaskResumeAll                                 
00000b17  xTaskGetTickCount                              
00000b27  xTaskGetTickCountFromISR                       
00000b3b  uxTaskGetNumberOfTasks                         
00000b45  pcTaskGetName                                  
00000b89  uxTaskGetSystemState                           
00000c75  xTaskIncrementTick                             
00000da9  vTaskSwitchContext                             
00000e2f  vTaskPlaceOnEventList                          
00000e69  vTaskPlaceOnUnorderedEventList                 
00000ed1  xTaskRemoveFromEventList                       
00000f6d  xTaskRemoveFromUnorderedEventList              
00001021  vTaskSetTimeOutState                           
00001055  xTaskCheckForTimeOut                           
000010f7  vTaskMissedYield                               
000010ff  uxTaskGetTaskNumber                            
0000111f  vTaskSetTaskNumber                             
00001211  vTaskGetInfo                                   
000013e1  xTaskGetCurrentTaskHandle                      
00001415  vTaskPriorityInherit                           
000014d5  xTaskPriorityDisinherit                        
000015a9  uxTaskResetEventItemValue                      
000015cb  pvTaskIncrementMutexHeldCount                  
000015e3  ulTaskNotifyTake                               
00001661  xTaskNotifyWait                                
00001711  xTaskGenericNotify                             
0000182d  xTaskGenericNotifyFromISR                      
0000196b  vTaskNotifyGiveFromISR                         
00001a55  xTaskNotifyStateClear                          
00001cfb  FlashCtl_getMemoryInfo                         
00002079  FlashCtl_enableReadBuffering                   
000020cd  FlashCtl_disableReadBuffering                  
0000212d  FlashCtl_unprotectSector                       
0000219d  FlashCtl_protectSector                         
000021fd  FlashCtl_isSectorProtected                     
00002289  FlashCtl_verifyMemory                          
000024f1  FlashCtl_setReadMode                           
0000255d  FlashCtl_getReadMode                           
00002587  FlashCtl_initiateMassErase                     
000025ad  FlashCtl_performMassErase                      
000026f9  FlashCtl_eraseSector                           
0000281d  FlashCtl_initiateSectorErase                   
000028b5  FlashCtl_programMemory                         
00002a25  FlashCtl_setProgramVerification                
00002a5f  FlashCtl_clearProgramVerification              
00002a99  FlashCtl_enableWordProgramming                 
00002ac9  FlashCtl_disableWordProgramming                
00002ad5  FlashCtl_isWordProgrammingEnabled              
00002af1  FlashCtl_setWaitState                          
00002b2f  FlashCtl_getWaitState                          
00002b5d  FlashCtl_enableInterrupt                       
00002b71  FlashCtl_disableInterrupt                      
00002b85  FlashCtl_getInterruptStatus                    
00002b8b  FlashCtl_getEnabledInterruptStatus             
00002b9b  FlashCtl_clearInterruptFlag                    
00002baf  FlashCtl_registerInterrupt                     
00002bc3  FlashCtl_unregisterInterrupt                   
00002bd3  __FlashCtl_remaskData8Post                     
00002c53  __FlashCtl_remaskData8Pre                      
00002cf1  __FlashCtl_remaskData32Post                    
00002dd5  __FlashCtl_remaskData32Pre                     
00002ead  __FlashCtl_remaskBurstDataPre                  
00002fc7  __FlashCtl_remaskBurstDataPost                 
00003351  CS_setExternalClockSourceFrequency             
0000338d  CS_initClockSignal                             
00003491  CS_startHFXT                                   
000034b5  CS_startHFXTWithTimeout                        
00003579  CS_startLFXT                                   
0000359d  CS_startLFXTWithTimeout                        
0000366d  CS_enableClockRequest                          
00003695  CS_disableClockRequest                         
000036b7  CS_setReferenceOscillatorFrequency             
000036dd  CS_enableDCOExternalResistor                   
00003705  CS_setDCOExternalResistorCalibration           
0000377b  CS_disableDCOExternalResistor                  
00003799  CS_setDCOCenteredFrequency                     
000037d1  CS_tuneDCOFrequency                            
00003875  CS_getDCOFrequency                             
00003a15  CS_setDCOFrequency                             
00003bed  CS_getBCLK                                     
00003c09  CS_getHSMCLK                                   
00003c2d  CS_getACLK                                     
00003c51  CS_getSMCLK                                    
00003c73  CS_getMCLK                                     
00003c95  CS_enableFaultCounter                          
00003cc1  CS_disableFaultCounter                         
00003ced  CS_resetFaultCounter                           
00003d39  CS_startFaultCounter                           
00003d89  CS_enableInterrupt                             
00003dab  CS_disableInterrupt                            
00003dcd  CS_getInterruptStatus                          
00003dd3  CS_getEnabledInterruptStatus                   
00003ded  CS_clearInterruptFlag                          
00003e0f  CS_registerInterrupt                           
00003e23  CS_unregisterInterrupt                         
00003e69  xQueueGenericReset                             
00003f1b  xQueueGenericCreate                            
00003fef  xQueueCreateMutex                              
0000401b  xQueueGiveMutexRecursive                       
0000406b  xQueueTakeMutexRecursive                       
000040c7  xQueueCreateCountingSemaphore                  
00004125  xQueueGenericSend                              
000042b1  xQueueGenericSendFromISR                       
000043b9  xQueueGiveFromISR                              
000044a7  xQueueGenericReceive                           
0000465d  xQueueReceiveFromISR                           
00004739  xQueuePeekFromISR                              
000047e5  uxQueueMessagesWaiting                         
0000480f  uxQueueSpacesAvailable                         
00004843  uxQueueMessagesWaitingFromISR                  
00004869  vQueueDelete                                   
0000488d  uxQueueGetQueueNumber                          
0000489b  vQueueSetQueueNumber                           
000048ad  ucQueueGetQueueType                            
00004a81  xQueueIsQueueEmptyFromISR                      
00004ad7  xQueueIsQueueFullFromISR                       
00004b0d  main                                           
000053d5  uart_rx_callback                               
00005449  get_adc_results                                
000054b9  uart_to_command                                
000055d5  map_i                                          
000056e1  __TI_printfi                                   
0000612f  _nop                                           
00006299  ADC14_enableModule                             
000062a1  ADC14_disableModule                            
000062b7  ADC14_enableSampleTimer                        
000062e1  ADC14_disableSampleTimer                       
000062f7  ADC14_initModule                               
0000633d  ADC14_setResolution                            
[...]
00009bdb  GPIO_clearInterruptFlag                        
00009bfd  GPIO_interruptEdgeSelect                       
00009c33  GPIO_getEnabledInterruptStatus                 
00009caf  GPIO_setDriveStrengthHigh                      
00009cd1  GPIO_setDriveStrengthLow                       
00009cf3  GPIO_registerInterrupt                         
00009d13  GPIO_unregisterInterrupt                       
00009d39  UART_initModule                                
00009e21  UART_transmitData                              
00009e4b  UART_receiveData                               
00009e71  UART_enableModule                              
00009e87  UART_disableModule                             
00009e9d  UART_queryStatusFlags                          
00009eb1  UART_setDormant                                
00009ec5  UART_resetDormant                              
00009ed9  UART_transmitAddress                           
00009ef7  UART_transmitBreak                             
00009f3d  UART_getReceiveBufferAddressForDMA             
00009f4b  UART_getTransmitBufferAddressForDMA            
00009f59  UART_selectDeglitchTime                        
00009f75  UART_enableInterrupt                           
00009fa5  UART_disableInterrupt                          
00009fd5  UART_getInterruptStatus                        
00009ff1  UART_getEnabledInterruptStatus                 
0000a04d  UART_clearInterruptFlag                        
0000a06d  UART_registerInterrupt                         
0000a0e9  UART_unregisterInterrupt                       
0000a157  Interrupt_enableMaster                         
0000a167  Interrupt_disableMaster                        
0000a177  Interrupt_registerInterrupt                    
0000a1c9  Interrupt_unregisterInterrupt                  
0000a1dd  Interrupt_setPriorityGrouping                  
0000a1f7  Interrupt_getPriorityGrouping                  
0000a22f  Interrupt_setPriority                          
0000a27f  Interrupt_getPriority                          
0000a2a5  Interrupt_enableInterrupt                      
0000a317  Interrupt_disableInterrupt                     
0000a389  Interrupt_isEnabled                            
0000a415  Interrupt_pendInterrupt                        
0000a485  Interrupt_unpendInterrupt                      
0000a4d3  Interrupt_setPriorityMask                      
0000a4e3  Interrupt_getPriorityMask                      
0000a4ed  Interrupt_setVectorTableAddress                
0000a4fd  Interrupt_getVectorTableAddress                
0000a503  Interrupt_enableSleepOnIsrExit                 
0000a515  Interrupt_disableSleepOnIsrExit                
0000a545  board_init                                     
0000a559  board_lock                                     
0000a563  board_buttons_set_callback                     
0000a589  board_buttons_clear_callback                   
0000a5ad  led_on                                         
0000a5d5  led_off                                        
0000a5fd  led_toggle                                     
0000a625  debug_on                                       
0000a64d  debug_off                                      
0000a675  debug_toggle                                   
0000a88b  PORT1_IRQHandler                               
0000a8f5  SystemCoreClockUpdate                          
0000ab69  SystemInit                                     
0000ac1d  atan                                           
0000ac1d  atanl                                          
0000af09  pxPortInitialiseStack                          
0000af95  xPortStartScheduler                            
0000b029  vPortEndScheduler                              
0000b04d  vPortEnterCritical                             
0000b08f  vPortExitCritical                              
0000b0bb  xPortSysTickHandler                            
0000b0e1  vPortSetupTimerInterrupt                       
0000b0fb  vPortValidateInterruptPriority                 
0000b401  Graphics_initContext                           
0000b44b  Graphics_setClipRegion                         
0000b515  Graphics_setBackgroundColor                    
0000b52f  Graphics_setBackgroundColorTranslated          
0000b545  Graphics_setFont                               
0000b55f  Graphics_getFontBaseline                       
0000b56d  Graphics_setForegroundColor                    
0000b583  Graphics_setForegroundColorTranslated          
0000b595  Graphics_getFontHeight                         
0000b5a3  Graphics_getFontMaxWidth                       
0000b5b1  Graphics_getDisplayWidth                       
0000b5c1  Graphics_getDisplayHeight                      
0000b5d1  Graphics_getHeightOfDisplay                    
0000b5df  Graphics_flushBuffer                           
0000b5ed  Graphics_clearDisplay                          
0000b5ff  Graphics_drawPixel                             
0000b659  Graphics_getWidthOfDisplay                     
0000b667  __aeabi_idiv0                                  
0000b667  __aeabi_ldiv0                                  
0000b669  SysCtl_getTLVInfo                              
0000b6df  SysCtl_getSRAMSize                             
0000b6e5  SysCtl_getFlashSize                            
0000b6eb  SysCtl_disableNMISource                        
0000b6ff  SysCtl_enableNMISource                         
0000b713  SysCtl_getNMISourceStatus                      
0000b719  SysCtl_enableSRAMBank                          
0000b735  SysCtl_disableSRAMBank                         
0000b79d  SysCtl_enableSRAMBankRetention                 
0000b7b9  SysCtl_disableSRAMBankRetention                
0000b7d5  SysCtl_rebootDevice                            
0000b7df  SysCtl_enablePeripheralAtCPUHalt               
0000b7f3  SysCtl_disablePeripheralAtCPUHalt              
0000b807  SysCtl_setWDTTimeoutResetType                  
0000b82b  SysCtl_setWDTPasswordViolationResetType        
0000b84f  SysCtl_enableGlitchFilter                      
0000b85b  SysCtl_disableGlitchFilter                     
0000b867  SysCtl_getTempCalibrationConstant              
0000ba7d  __aeabi_dsub                                   
0000ba87  __aeabi_dadd                                   
0000bc35  uart_init                                      
0000bc8b  uart_put_char                                  
0000bcb9  uart_get_char                                  
0000bcd7  uart_print                                     
0000bd19  EUSCIA0_IRQHandler                             
0000bde1  edu_boosterpack_rgb_init                       
0000bde9  edu_boosterpack_rgb_on                         
0000bdfb  edu_boosterpack_rgb_off                        
0000be0d  edu_boosterpack_rgb_pwm                        
0000be25  edu_boosterpack_rgb_pwm_all                    
0000c09d  __aeabi_ddiv                                   
0000c1d3  Graphics_drawPixelOnDisplay                    
0000c1fd  Graphics_drawMultiplePixelsOnDisplay           
0000c241  Graphics_drawHorizontalLineOnDisplay           
0000c275  Graphics_drawVerticalLineOnDisplay             
0000c2a9  Graphics_fillRectangleOnDisplay                
0000c2c7  Graphics_translateColorOnDisplay               
0000c2dd  Graphics_flushOnDisplay                        
0000c2ef  Graphics_clearDisplayOnDisplay                 
0000c307  vListInitialise                                
0000c337  vListInitialiseItem                            
0000c347  vListInsertEnd                                 
0000c383  vListInsert                                    
0000c3e9  uxListRemove                                   
0000c555  fputs                                          
0000c669  ldexp                                          
0000c669  ldexpl                                         
0000c669  scalbn                                         
0000c669  scalbnl                                        
0000c779  edu_boosterpack_accelerometer_init             
0000c801  edu_boosterpack_accelerometer_read             
0000c80d  edu_boosterpack_accelerometer_disable          
0000c827  edu_boosterpack_accelerometer_set_callback     
0000c837  edu_boosterpack_accelerometer_clear_callback   
0000c83f  ADC_IRQHandler                                 
0000c87d  __aeabi_dmul                                   
0000c979  circ_buffer_init                               
0000c9a3  circ_buffer_push                               
0000c9d5  circ_buffer_pop                                
0000ca0d  circ_buffer_is_empty                           
0000ca2d  circ_buffer_is_full                            
0000ca75  aligned_alloc                                  
0000ca75  memalign                                       
0000cb69  free                                           
0000cc51  setvbuf                                        
0000cd2d  WDT_A_holdTimer                                
0000cd4d  WDT_A_startTimer                               
0000cd6d  WDT_A_clearTimer                               
0000cd8d  WDT_A_initWatchdogTimer                        
0000cda9  WDT_A_initIntervalTimer                        
0000cdc5  WDT_A_setPasswordViolationReset                
0000cdd1  WDT_A_setTimeoutReset                          
0000cddd  WDT_A_registerInterrupt                        
0000cdf1  WDT_A_unregisterInterrupt                      
0000ce15  ulPortGetIPSR                                  
0000ce2d  xPortPendSVHandler                             
0000ce8d  vPortSVCHandler                                
0000cead  vPortStartFirstTask                            
0000cec9  vPortEnableVFP                                 
0000ced9  REF_A_setReferenceVoltage                      
0000cef3  REF_A_disableTempSensor                        
0000cefb  REF_A_enableTempSensor                         
0000cf03  REF_A_enableReferenceVoltageOutput             
0000cf0b  REF_A_disableReferenceVoltageOutput            
0000cf13  REF_A_enableReferenceVoltage                   
0000cf1b  REF_A_disableReferenceVoltage                  
0000cf23  REF_A_getBandgapMode                           
0000cf2d  REF_A_isBandgapActive                          
0000cf39  REF_A_isRefGenBusy                             
0000cf45  REF_A_isRefGenActive                           
0000cf51  REF_A_getBufferedBandgapVoltageStatus          
0000cf5d  REF_A_getVariableReferenceVoltageStatus        
0000cf69  REF_A_setReferenceVoltageOneTimeTrigger        
0000cf71  REF_A_setBufferedBandgapVoltageOneTimeTrigger  
0000cfa5  HAL_LCD_PortInit                               
0000cfd5  HAL_LCD_SpiInit                                
0000d00b  HAL_LCD_writeCommand                           
0000d041  HAL_LCD_writeData                              
0000d071  FPU_enableModule                               
0000d083  FPU_disableModule                              
0000d091  FPU_enableStacking                             
0000d0a3  FPU_enableLazyStacking                         
0000d0af  FPU_disableStacking                            
0000d0bb  FPU_setHalfPrecisionMode                       
0000d0d5  FPU_setNaNMode                                 
0000d0ef  FPU_setFlushToZeroMode                         
0000d109  FPU_setRoundingMode                            
0000d131  pvPortMalloc                                   
0000d1a1  vPortFree                                      
0000d1c5  vPortInitialiseBlocks                          
0000d1cd  xPortGetFreeHeapSize                           
0000d297  __aeabi_memcpy                                 
0000d297  __aeabi_memcpy4                                
0000d297  __aeabi_memcpy8                                
0000d297  memcpy                                         
0000d333  __aeabi_uldivmod                               
0000d3c9  fputc                                          
0000d3c9  putc                                           
0000d455  __aeabi_cdcmpeq                                
0000d455  __aeabi_cdcmple                                
0000d4db  __aeabi_cdrcmple                               
0000d5dd  __aeabi_memclr                                 
0000d5dd  __aeabi_memclr4                                
0000d5dd  __aeabi_memclr8                                
0000d5df  __aeabi_memset                                 
0000d5df  __aeabi_memset4                                
0000d5df  __aeabi_memset8                                
0000d5e5  memset                                         
0000d659  __TI_closefile                                 
0000d73b  __aeabi_d2f                                    
0000d7a9  HOSTrename                                     
0000d815  HOSTlseek                                      
0000d87d  __TI_decompress_lzss                           
0000d8e5  PMAP_configurePorts                            
0000d94d  printf                                         
0000d9b5  frexp                                          
0000d9b5  frexpl                                         
0000da19  fseek                                          
0000da7d  __TI_wrt_ok                                    
0000dae1  HOSTopen                                       
0000db41  close                                          
0000db9d  HOSTread                                       
0000dbf5  HOSTwrite                                      
0000dca3  ltoa                                           
0000dd49  __TI_doflush                                   
0000dd95  atoi                                           
0000dde1  exit                                           
0000de29  __aeabi_d2iz                                   
0000de71  HOSTclose                                      
0000deb5  HOSTunlink                                     
0000def9  __TI_auto_init_nobinit_nopinit                 
0000df3d  getdevice                                      
0000df81  sprintf                                        
0000dfff  CPU_cpsid                                      
0000e00b  CPU_primask                                    
0000e015  CPU_cpsie                                      
0000e021  CPU_wfi                                        
0000e025  CPU_basepriSet                                 
0000e033  CPU_basepriGet                                 
0000e03d  __TI_writemsg                                  
0000e06b  C$$IO$$                                        
0000e075  __aeabi_f2d                                    
0000e0ad  strncpy                                        
0000e0e5  __TI_cleanup                                   
0000e119  __TI_readmsg                                   
0000e14d  _c_int00_noargs                                
0000e181  finddevice                                     
0000e1b1  __aeabi_i2d                                    
0000e1df  strncat                                        
0000e20d  remove                                         
0000e20d  unlink                                         
0000e261  lseek                                          
0000e289  write                                          
0000e2b1  interrupts_restore                             
0000e2c1  interrupts_disable                             
0000e2d3  memchr                                         
0000e311  memccpy                                        
0000e32d  copysign                                       
0000e32d  copysignl                                      
0000e35f  strcmp                                         
0000e38d  strchr                                         
0000e3a3  strcpy                                         
0000e3b7  strlen                                         
0000e3cb  wcslen                                         
0000e3dd  __TI_decompress_none                           
0000e3eb  __TI_zero_init                                 
0000e401  __aeabi_errno_addr                             
0000e409  malloc                                         
0000e419  _system_pre_init                               
0000e41d  C$$EXIT                                        
0000e41d  abort                                          
0000e718  _ctypes_                                       
0000e81c  g_sFontFixed6x8                                
0000ea80  g_sCrystalfontz128x128                         
0000eb60  ulMaxSyscallInterruptPriority                  
0000ec78  __TI_Handler_Table_Base                        
0000ec84  __TI_Handler_Table_Limit                       
0000ec98  __TI_CINIT_Base                                
0000ecb0  __TI_CINIT_Limit                               
20000000  g_pfnRAMVectors                                
2000c4e4  __CIOBUF_                                      
2000c604  __TI_tmpnams                                   
2000c7c8  uart_command                                   
2000c7e4  parmbuf                                        
2000c7ec  results_buffer                                 
2000c7f4  accel_values                                   
2000c7fa  Lcd_ScreenHeigth                               
2000c800  adc_callback_func                              
2000c804  start_timestamp                                
2000c808  xADCReadingAvailableSemaphore                  
2000c80c  xQueueADC2Process                              
2000c810  xQueueProcess2LCD                              
2000c814  xQueueUART2ADC                                 
2000c818  xRunADCTaskSemaphore                           
2000c81c  xRunUARTReadingTaskSemaphore                   
2000c820  Lcd_ScreenWidth                                
2000c822  Lcd_TouchTrim                                  
2000c824  command                                        
2000c826  Lcd_FlagRead                                   
2000c827  Lcd_FontSolid                                  
2000c828  Lcd_Orientation                                
2000c829  Lcd_PenSolid                                   
2000c830  _sys_memory                                    
2000cc30  _ftable                                        
2000cd20  _device                                        
2000cd98  _stream                                        
2000ce28  pxCurrentTCB                                   
2000cf0c  __TI_ft_end                                    
2000cf10  __aeabi_stdin                                  
2000cf14  __aeabi_stdout                                 
2000cf18  __aeabi_stderr                                 
2000cf1c  __TI_cleanup_ptr                               
2000cf20  __TI_dtors_ptr                                 
2000cf24  __TI_enable_exit_profile_output                
2000cf34  _lock                                          
2000cf38  _unlock                                        
2000cf4c  errno                                          
2000cf50  SystemCoreClock                                
2000cf54  TakeADCReadings                                
2000fe00  __stack                                        
20010000  __STACK_END                                    
4000480c  WDTCTL_SYM                                     
ffffffff  __TI_pprof_out_hndl                            
ffffffff  __TI_prof_data_size                            
ffffffff  __TI_prof_data_start                           
ffffffff  __binit__                                      
ffffffff  __c_args__                                     
ffffffff  binit                                          
UNDEFED   __mpu_init                                     
UNDEFED   _system_post_cinit                             

[661 symbols]
