<?xml version="1.0" encoding="ISO-8859-1" ?>
<link_info>
   <banner>TI ARM Linker PC v18.12.3.LTS</banner>
   <copyright>Copyright (c) 1996-2018 Texas Instruments Incorporated</copyright>
   <link_time>0x5df84d90</link_time>
   <link_errors>0x0</link_errors>
   <output_file>PRAC-Projecte-2_FINAL.out</output_file>
   <entry_point>
      <name>_c_int00_noargs</name>
      <address>0xdb55</address>
   </entry_point>
   <input_file_list>
      <input_file id="fl-2">
         <path>.\</path>
         <kind>object</kind>
         <file>main.obj</file>
         <name>main.obj</name>
      </input_file>
      <input_file id="fl-3">
         <path>.\</path>
         <kind>object</kind>
         <file>msp432_startup_ccs.obj</file>
         <name>msp432_startup_ccs.obj</name>
      </input_file>
      <input_file id="fl-4">
         <path>.\</path>
         <kind>object</kind>
         <file>system_msp432p401r.obj</file>
         <name>system_msp432p401r.obj</name>
      </input_file>
      <input_file id="fl-5">
         <path>.\lib_PRAC\freertos\cortex-m4\</path>
         <kind>object</kind>
         <file>port.obj</file>
         <name>port.obj</name>
      </input_file>
      <input_file id="fl-6">
         <path>.\lib_PRAC\freertos\cortex-m4\</path>
         <kind>object</kind>
         <file>portasm.obj</file>
         <name>portasm.obj</name>
      </input_file>
      <input_file id="fl-7">
         <path>.\lib_PRAC\freertos\src\</path>
         <kind>object</kind>
         <file>croutine.obj</file>
         <name>croutine.obj</name>
      </input_file>
      <input_file id="fl-8">
         <path>.\lib_PRAC\freertos\src\</path>
         <kind>object</kind>
         <file>event_groups.obj</file>
         <name>event_groups.obj</name>
      </input_file>
      <input_file id="fl-9">
         <path>.\lib_PRAC\freertos\src\</path>
         <kind>object</kind>
         <file>heap_1.obj</file>
         <name>heap_1.obj</name>
      </input_file>
      <input_file id="fl-a">
         <path>.\lib_PRAC\freertos\src\</path>
         <kind>object</kind>
         <file>list.obj</file>
         <name>list.obj</name>
      </input_file>
      <input_file id="fl-b">
         <path>.\lib_PRAC\freertos\src\</path>
         <kind>object</kind>
         <file>queue.obj</file>
         <name>queue.obj</name>
      </input_file>
      <input_file id="fl-c">
         <path>.\lib_PRAC\freertos\src\</path>
         <kind>object</kind>
         <file>tasks.obj</file>
         <name>tasks.obj</name>
      </input_file>
      <input_file id="fl-d">
         <path>.\lib_PRAC\freertos\src\</path>
         <kind>object</kind>
         <file>timers.obj</file>
         <name>timers.obj</name>
      </input_file>
      <input_file id="fl-e">
         <path>.\lib_PRAC\graphics\</path>
         <kind>object</kind>
         <file>button.obj</file>
         <name>button.obj</name>
      </input_file>
      <input_file id="fl-f">
         <path>.\lib_PRAC\graphics\</path>
         <kind>object</kind>
         <file>checkbox.obj</file>
         <name>checkbox.obj</name>
      </input_file>
      <input_file id="fl-10">
         <path>.\lib_PRAC\graphics\</path>
         <kind>object</kind>
         <file>circle.obj</file>
         <name>circle.obj</name>
      </input_file>
      <input_file id="fl-11">
         <path>.\lib_PRAC\graphics\</path>
         <kind>object</kind>
         <file>context.obj</file>
         <name>context.obj</name>
      </input_file>
      <input_file id="fl-12">
         <path>.\lib_PRAC\graphics\</path>
         <kind>object</kind>
         <file>display.obj</file>
         <name>display.obj</name>
      </input_file>
      <input_file id="fl-13">
         <path>.\lib_PRAC\graphics\</path>
         <kind>object</kind>
         <file>fontfixed6x8.obj</file>
         <name>fontfixed6x8.obj</name>
      </input_file>
      <input_file id="fl-14">
         <path>.\lib_PRAC\graphics\</path>
         <kind>object</kind>
         <file>image.obj</file>
         <name>image.obj</name>
      </input_file>
      <input_file id="fl-15">
         <path>.\lib_PRAC\graphics\</path>
         <kind>object</kind>
         <file>imageButton.obj</file>
         <name>imageButton.obj</name>
      </input_file>
      <input_file id="fl-16">
         <path>.\lib_PRAC\graphics\</path>
         <kind>object</kind>
         <file>line.obj</file>
         <name>line.obj</name>
      </input_file>
      <input_file id="fl-17">
         <path>.\lib_PRAC\graphics\</path>
         <kind>object</kind>
         <file>radioButton.obj</file>
         <name>radioButton.obj</name>
      </input_file>
      <input_file id="fl-18">
         <path>.\lib_PRAC\graphics\</path>
         <kind>object</kind>
         <file>rectangle.obj</file>
         <name>rectangle.obj</name>
      </input_file>
      <input_file id="fl-19">
         <path>.\lib_PRAC\graphics\</path>
         <kind>object</kind>
         <file>string.obj</file>
         <name>string.obj</name>
      </input_file>
      <input_file id="fl-1a">
         <path>.\lib_PRAC\msp432\</path>
         <kind>object</kind>
         <file>adc14.obj</file>
         <name>adc14.obj</name>
      </input_file>
      <input_file id="fl-1b">
         <path>.\lib_PRAC\msp432\</path>
         <kind>object</kind>
         <file>aes256.obj</file>
         <name>aes256.obj</name>
      </input_file>
      <input_file id="fl-1c">
         <path>.\lib_PRAC\msp432\</path>
         <kind>object</kind>
         <file>comp_e.obj</file>
         <name>comp_e.obj</name>
      </input_file>
      <input_file id="fl-1d">
         <path>.\lib_PRAC\msp432\</path>
         <kind>object</kind>
         <file>cpu.obj</file>
         <name>cpu.obj</name>
      </input_file>
      <input_file id="fl-1e">
         <path>.\lib_PRAC\msp432\</path>
         <kind>object</kind>
         <file>crc32.obj</file>
         <name>crc32.obj</name>
      </input_file>
      <input_file id="fl-1f">
         <path>.\lib_PRAC\msp432\</path>
         <kind>object</kind>
         <file>cs.obj</file>
         <name>cs.obj</name>
      </input_file>
      <input_file id="fl-20">
         <path>.\lib_PRAC\msp432\</path>
         <kind>object</kind>
         <file>dma.obj</file>
         <name>dma.obj</name>
      </input_file>
      <input_file id="fl-21">
         <path>.\lib_PRAC\msp432\</path>
         <kind>object</kind>
         <file>flash.obj</file>
         <name>flash.obj</name>
      </input_file>
      <input_file id="fl-22">
         <path>.\lib_PRAC\msp432\</path>
         <kind>object</kind>
         <file>fpu.obj</file>
         <name>fpu.obj</name>
      </input_file>
      <input_file id="fl-23">
         <path>.\lib_PRAC\msp432\</path>
         <kind>object</kind>
         <file>gpio.obj</file>
         <name>gpio.obj</name>
      </input_file>
      <input_file id="fl-24">
         <path>.\lib_PRAC\msp432\</path>
         <kind>object</kind>
         <file>i2c.obj</file>
         <name>i2c.obj</name>
      </input_file>
      <input_file id="fl-25">
         <path>.\lib_PRAC\msp432\</path>
         <kind>object</kind>
         <file>interrupt.obj</file>
         <name>interrupt.obj</name>
      </input_file>
      <input_file id="fl-26">
         <path>.\lib_PRAC\msp432\</path>
         <kind>object</kind>
         <file>mpu.obj</file>
         <name>mpu.obj</name>
      </input_file>
      <input_file id="fl-27">
         <path>.\lib_PRAC\msp432\</path>
         <kind>object</kind>
         <file>pcm.obj</file>
         <name>pcm.obj</name>
      </input_file>
      <input_file id="fl-28">
         <path>.\lib_PRAC\msp432\</path>
         <kind>object</kind>
         <file>pmap.obj</file>
         <name>pmap.obj</name>
      </input_file>
      <input_file id="fl-29">
         <path>.\lib_PRAC\msp432\</path>
         <kind>object</kind>
         <file>pss.obj</file>
         <name>pss.obj</name>
      </input_file>
      <input_file id="fl-2a">
         <path>.\lib_PRAC\msp432\</path>
         <kind>object</kind>
         <file>ref_a.obj</file>
         <name>ref_a.obj</name>
      </input_file>
      <input_file id="fl-2b">
         <path>.\lib_PRAC\msp432\</path>
         <kind>object</kind>
         <file>reset.obj</file>
         <name>reset.obj</name>
      </input_file>
      <input_file id="fl-2c">
         <path>.\lib_PRAC\msp432\</path>
         <kind>object</kind>
         <file>rtc_c.obj</file>
         <name>rtc_c.obj</name>
      </input_file>
      <input_file id="fl-2d">
         <path>.\lib_PRAC\msp432\</path>
         <kind>object</kind>
         <file>spi.obj</file>
         <name>spi.obj</name>
      </input_file>
      <input_file id="fl-2e">
         <path>.\lib_PRAC\msp432\</path>
         <kind>object</kind>
         <file>sysctl.obj</file>
         <name>sysctl.obj</name>
      </input_file>
      <input_file id="fl-2f">
         <path>.\lib_PRAC\msp432\</path>
         <kind>object</kind>
         <file>systick.obj</file>
         <name>systick.obj</name>
      </input_file>
      <input_file id="fl-30">
         <path>.\lib_PRAC\msp432\</path>
         <kind>object</kind>
         <file>timer32.obj</file>
         <name>timer32.obj</name>
      </input_file>
      <input_file id="fl-31">
         <path>.\lib_PRAC\msp432\</path>
         <kind>object</kind>
         <file>timer_a.obj</file>
         <name>timer_a.obj</name>
      </input_file>
      <input_file id="fl-32">
         <path>.\lib_PRAC\msp432\</path>
         <kind>object</kind>
         <file>uart.obj</file>
         <name>uart.obj</name>
      </input_file>
      <input_file id="fl-33">
         <path>.\lib_PRAC\msp432\</path>
         <kind>object</kind>
         <file>wdt_a.obj</file>
         <name>wdt_a.obj</name>
      </input_file>
      <input_file id="fl-34">
         <path>.\lib_PRAC\screen\</path>
         <kind>object</kind>
         <file>st7735.obj</file>
         <name>st7735.obj</name>
      </input_file>
      <input_file id="fl-35">
         <path>.\lib_PRAC\screen\</path>
         <kind>object</kind>
         <file>st7735_msp432.obj</file>
         <name>st7735_msp432.obj</name>
      </input_file>
      <input_file id="fl-36">
         <path>.\lib_PRAC\uoc\</path>
         <kind>object</kind>
         <file>circ_buffer.obj</file>
         <name>circ_buffer.obj</name>
      </input_file>
      <input_file id="fl-37">
         <path>.\lib_PRAC\uoc\</path>
         <kind>object</kind>
         <file>edu_boosterpack_accelerometer.obj</file>
         <name>edu_boosterpack_accelerometer.obj</name>
      </input_file>
      <input_file id="fl-38">
         <path>.\lib_PRAC\uoc\</path>
         <kind>object</kind>
         <file>edu_boosterpack_buttons.obj</file>
         <name>edu_boosterpack_buttons.obj</name>
      </input_file>
      <input_file id="fl-39">
         <path>.\lib_PRAC\uoc\</path>
         <kind>object</kind>
         <file>edu_boosterpack_rgb.obj</file>
         <name>edu_boosterpack_rgb.obj</name>
      </input_file>
      <input_file id="fl-3a">
         <path>.\lib_PRAC\uoc\</path>
         <kind>object</kind>
         <file>helper.obj</file>
         <name>helper.obj</name>
      </input_file>
      <input_file id="fl-3b">
         <path>.\lib_PRAC\uoc\</path>
         <kind>object</kind>
         <file>interrupts.obj</file>
         <name>interrupts.obj</name>
      </input_file>
      <input_file id="fl-3c">
         <path>.\lib_PRAC\uoc\</path>
         <kind>object</kind>
         <file>msp432_launchpad_board.obj</file>
         <name>msp432_launchpad_board.obj</name>
      </input_file>
      <input_file id="fl-3d">
         <path>.\lib_PRAC\uoc\</path>
         <kind>object</kind>
         <file>msp432_launchpad_temperature.obj</file>
         <name>msp432_launchpad_temperature.obj</name>
      </input_file>
      <input_file id="fl-3e">
         <path>.\lib_PRAC\uoc\</path>
         <kind>object</kind>
         <file>timer_driver.obj</file>
         <name>timer_driver.obj</name>
      </input_file>
      <input_file id="fl-3f">
         <path>.\lib_PRAC\uoc\</path>
         <kind>object</kind>
         <file>uart_driver.obj</file>
         <name>uart_driver.obj</name>
      </input_file>
      <input_file id="fl-43">
         <kind>object</kind>
         <file>&lt;internal&gt;</file>
         <name>&lt;internal&gt;</name>
      </input_file>
      <input_file id="fl-f9">
         <path>C:\ti\ccs901\ccs\tools\compiler\ti-cgt-arm_18.12.3.LTS\lib\</path>
         <kind>archive</kind>
         <file>rtsv7M4_T_le_v4SPD16_eabi.lib</file>
         <name>e_pow.c.obj</name>
      </input_file>
      <input_file id="fl-fa">
         <path>C:\ti\ccs901\ccs\tools\compiler\ti-cgt-arm_18.12.3.LTS\lib\</path>
         <kind>archive</kind>
         <file>rtsv7M4_T_le_v4SPD16_eabi.lib</file>
         <name>e_sqrt.c.obj</name>
      </input_file>
      <input_file id="fl-fb">
         <path>C:\ti\ccs901\ccs\tools\compiler\ti-cgt-arm_18.12.3.LTS\lib\</path>
         <kind>archive</kind>
         <file>rtsv7M4_T_le_v4SPD16_eabi.lib</file>
         <name>s_atan.c.obj</name>
      </input_file>
      <input_file id="fl-fc">
         <path>C:\ti\ccs901\ccs\tools\compiler\ti-cgt-arm_18.12.3.LTS\lib\</path>
         <kind>archive</kind>
         <file>rtsv7M4_T_le_v4SPD16_eabi.lib</file>
         <name>s_scalbn.c.obj</name>
      </input_file>
      <input_file id="fl-fd">
         <path>C:\ti\ccs901\ccs\tools\compiler\ti-cgt-arm_18.12.3.LTS\lib\</path>
         <kind>archive</kind>
         <file>rtsv7M4_T_le_v4SPD16_eabi.lib</file>
         <name>sprintf.c.obj</name>
      </input_file>
      <input_file id="fl-fe">
         <path>C:\ti\ccs901\ccs\tools\compiler\ti-cgt-arm_18.12.3.LTS\lib\</path>
         <kind>archive</kind>
         <file>rtsv7M4_T_le_v4SPD16_eabi.lib</file>
         <name>memset_t2.asm.obj</name>
      </input_file>
      <input_file id="fl-ff">
         <path>C:\ti\ccs901\ccs\tools\compiler\ti-cgt-arm_18.12.3.LTS\lib\</path>
         <kind>archive</kind>
         <file>rtsv7M4_T_le_v4SPD16_eabi.lib</file>
         <name>fd_add_t2.asm.obj</name>
      </input_file>
      <input_file id="fl-100">
         <path>C:\ti\ccs901\ccs\tools\compiler\ti-cgt-arm_18.12.3.LTS\lib\</path>
         <kind>archive</kind>
         <file>rtsv7M4_T_le_v4SPD16_eabi.lib</file>
         <name>fd_cmp_t2.asm.obj</name>
      </input_file>
      <input_file id="fl-101">
         <path>C:\ti\ccs901\ccs\tools\compiler\ti-cgt-arm_18.12.3.LTS\lib\</path>
         <kind>archive</kind>
         <file>rtsv7M4_T_le_v4SPD16_eabi.lib</file>
         <name>fd_div_t2.asm.obj</name>
      </input_file>
      <input_file id="fl-102">
         <path>C:\ti\ccs901\ccs\tools\compiler\ti-cgt-arm_18.12.3.LTS\lib\</path>
         <kind>archive</kind>
         <file>rtsv7M4_T_le_v4SPD16_eabi.lib</file>
         <name>fd_mul_t2.asm.obj</name>
      </input_file>
      <input_file id="fl-103">
         <path>C:\ti\ccs901\ccs\tools\compiler\ti-cgt-arm_18.12.3.LTS\lib\</path>
         <kind>archive</kind>
         <file>rtsv7M4_T_le_v4SPD16_eabi.lib</file>
         <name>fd_toi_t2.asm.obj</name>
      </input_file>
      <input_file id="fl-104">
         <path>C:\ti\ccs901\ccs\tools\compiler\ti-cgt-arm_18.12.3.LTS\lib\</path>
         <kind>archive</kind>
         <file>rtsv7M4_T_le_v4SPD16_eabi.lib</file>
         <name>fd_tos_t2.asm.obj</name>
      </input_file>
      <input_file id="fl-105">
         <path>C:\ti\ccs901\ccs\tools\compiler\ti-cgt-arm_18.12.3.LTS\lib\</path>
         <kind>archive</kind>
         <file>rtsv7M4_T_le_v4SPD16_eabi.lib</file>
         <name>fd_tou_t2.asm.obj</name>
      </input_file>
      <input_file id="fl-106">
         <path>C:\ti\ccs901\ccs\tools\compiler\ti-cgt-arm_18.12.3.LTS\lib\</path>
         <kind>archive</kind>
         <file>rtsv7M4_T_le_v4SPD16_eabi.lib</file>
         <name>fs_tod_t2.asm.obj</name>
      </input_file>
      <input_file id="fl-107">
         <path>C:\ti\ccs901\ccs\tools\compiler\ti-cgt-arm_18.12.3.LTS\lib\</path>
         <kind>archive</kind>
         <file>rtsv7M4_T_le_v4SPD16_eabi.lib</file>
         <name>i_tofd_t2.asm.obj</name>
      </input_file>
      <input_file id="fl-108">
         <path>C:\ti\ccs901\ccs\tools\compiler\ti-cgt-arm_18.12.3.LTS\lib\</path>
         <kind>archive</kind>
         <file>rtsv7M4_T_le_v4SPD16_eabi.lib</file>
         <name>memcpy_t2.asm.obj</name>
      </input_file>
      <input_file id="fl-109">
         <path>C:\ti\ccs901\ccs\tools\compiler\ti-cgt-arm_18.12.3.LTS\lib\</path>
         <kind>archive</kind>
         <file>rtsv7M4_T_le_v4SPD16_eabi.lib</file>
         <name>u_tofd_t2.asm.obj</name>
      </input_file>
      <input_file id="fl-10a">
         <path>C:\ti\ccs901\ccs\tools\compiler\ti-cgt-arm_18.12.3.LTS\lib\</path>
         <kind>archive</kind>
         <file>rtsv7M4_T_le_v4SPD16_eabi.lib</file>
         <name>copy_zero_init.c.obj</name>
      </input_file>
      <input_file id="fl-10b">
         <path>C:\ti\ccs901\ccs\tools\compiler\ti-cgt-arm_18.12.3.LTS\lib\</path>
         <kind>archive</kind>
         <file>rtsv7M4_T_le_v4SPD16_eabi.lib</file>
         <name>copy_decompress_none.c.obj</name>
      </input_file>
      <input_file id="fl-10c">
         <path>C:\ti\ccs901\ccs\tools\compiler\ti-cgt-arm_18.12.3.LTS\lib\</path>
         <kind>archive</kind>
         <file>rtsv7M4_T_le_v4SPD16_eabi.lib</file>
         <name>copy_decompress_lzss.c.obj</name>
      </input_file>
      <input_file id="fl-10d">
         <path>C:\ti\ccs901\ccs\tools\compiler\ti-cgt-arm_18.12.3.LTS\lib\</path>
         <kind>archive</kind>
         <file>rtsv7M4_T_le_v4SPD16_eabi.lib</file>
         <name>atoi.c.obj</name>
      </input_file>
      <input_file id="fl-10e">
         <path>C:\ti\ccs901\ccs\tools\compiler\ti-cgt-arm_18.12.3.LTS\lib\</path>
         <kind>archive</kind>
         <file>rtsv7M4_T_le_v4SPD16_eabi.lib</file>
         <name>ctype.c.obj</name>
      </input_file>
      <input_file id="fl-10f">
         <path>C:\ti\ccs901\ccs\tools\compiler\ti-cgt-arm_18.12.3.LTS\lib\</path>
         <kind>archive</kind>
         <file>rtsv7M4_T_le_v4SPD16_eabi.lib</file>
         <name>strncat.c.obj</name>
      </input_file>
      <input_file id="fl-110">
         <path>C:\ti\ccs901\ccs\tools\compiler\ti-cgt-arm_18.12.3.LTS\lib\</path>
         <kind>archive</kind>
         <file>rtsv7M4_T_le_v4SPD16_eabi.lib</file>
         <name>errno.c.obj</name>
      </input_file>
      <input_file id="fl-111">
         <path>C:\ti\ccs901\ccs\tools\compiler\ti-cgt-arm_18.12.3.LTS\lib\</path>
         <kind>archive</kind>
         <file>rtsv7M4_T_le_v4SPD16_eabi.lib</file>
         <name>boot_cortex_m.c.obj</name>
      </input_file>
      <input_file id="fl-112">
         <path>C:\ti\ccs901\ccs\tools\compiler\ti-cgt-arm_18.12.3.LTS\lib\</path>
         <kind>archive</kind>
         <file>rtsv7M4_T_le_v4SPD16_eabi.lib</file>
         <name>s_copysign.c.obj</name>
      </input_file>
      <input_file id="fl-113">
         <path>C:\ti\ccs901\ccs\tools\compiler\ti-cgt-arm_18.12.3.LTS\lib\</path>
         <kind>archive</kind>
         <file>rtsv7M4_T_le_v4SPD16_eabi.lib</file>
         <name>_printfi.c.obj</name>
      </input_file>
      <input_file id="fl-114">
         <path>C:\ti\ccs901\ccs\tools\compiler\ti-cgt-arm_18.12.3.LTS\lib\</path>
         <kind>archive</kind>
         <file>rtsv7M4_T_le_v4SPD16_eabi.lib</file>
         <name>wcslen.c.obj</name>
      </input_file>
      <input_file id="fl-115">
         <path>C:\ti\ccs901\ccs\tools\compiler\ti-cgt-arm_18.12.3.LTS\lib\</path>
         <kind>archive</kind>
         <file>rtsv7M4_T_le_v4SPD16_eabi.lib</file>
         <name>ull_div_t2.asm.obj</name>
      </input_file>
      <input_file id="fl-116">
         <path>C:\ti\ccs901\ccs\tools\compiler\ti-cgt-arm_18.12.3.LTS\lib\</path>
         <kind>archive</kind>
         <file>rtsv7M4_T_le_v4SPD16_eabi.lib</file>
         <name>autoinit.c.obj</name>
      </input_file>
      <input_file id="fl-117">
         <path>C:\ti\ccs901\ccs\tools\compiler\ti-cgt-arm_18.12.3.LTS\lib\</path>
         <kind>archive</kind>
         <file>rtsv7M4_T_le_v4SPD16_eabi.lib</file>
         <name>pre_init.c.obj</name>
      </input_file>
      <input_file id="fl-118">
         <path>C:\ti\ccs901\ccs\tools\compiler\ti-cgt-arm_18.12.3.LTS\lib\</path>
         <kind>archive</kind>
         <file>rtsv7M4_T_le_v4SPD16_eabi.lib</file>
         <name>cpy_tbl.c.obj</name>
      </input_file>
      <input_file id="fl-119">
         <path>C:\ti\ccs901\ccs\tools\compiler\ti-cgt-arm_18.12.3.LTS\lib\</path>
         <kind>archive</kind>
         <file>rtsv7M4_T_le_v4SPD16_eabi.lib</file>
         <name>exit.c.obj</name>
      </input_file>
      <input_file id="fl-11a">
         <path>C:\ti\ccs901\ccs\tools\compiler\ti-cgt-arm_18.12.3.LTS\lib\</path>
         <kind>archive</kind>
         <file>rtsv7M4_T_le_v4SPD16_eabi.lib</file>
         <name>_lock.c.obj</name>
      </input_file>
      <input_file id="fl-11b">
         <path>C:\ti\ccs901\ccs\tools\compiler\ti-cgt-arm_18.12.3.LTS\lib\</path>
         <kind>archive</kind>
         <file>rtsv7M4_T_le_v4SPD16_eabi.lib</file>
         <name>args_main.c.obj</name>
      </input_file>
      <input_file id="fl-11c">
         <path>C:\ti\ccs901\ccs\tools\compiler\ti-cgt-arm_18.12.3.LTS\lib\</path>
         <kind>archive</kind>
         <file>rtsv7M4_T_le_v4SPD16_eabi.lib</file>
         <name>ltoa.c.obj</name>
      </input_file>
      <input_file id="fl-11d">
         <path>C:\ti\ccs901\ccs\tools\compiler\ti-cgt-arm_18.12.3.LTS\lib\</path>
         <kind>archive</kind>
         <file>rtsv7M4_T_le_v4SPD16_eabi.lib</file>
         <name>memccpy.c.obj</name>
      </input_file>
      <input_file id="fl-11e">
         <path>C:\ti\ccs901\ccs\tools\compiler\ti-cgt-arm_18.12.3.LTS\lib\</path>
         <kind>archive</kind>
         <file>rtsv7M4_T_le_v4SPD16_eabi.lib</file>
         <name>strchr.c.obj</name>
      </input_file>
      <input_file id="fl-11f">
         <path>C:\ti\ccs901\ccs\tools\compiler\ti-cgt-arm_18.12.3.LTS\lib\</path>
         <kind>archive</kind>
         <file>rtsv7M4_T_le_v4SPD16_eabi.lib</file>
         <name>strlen.c.obj</name>
      </input_file>
      <input_file id="fl-120">
         <path>C:\ti\ccs901\ccs\tools\compiler\ti-cgt-arm_18.12.3.LTS\lib\</path>
         <kind>archive</kind>
         <file>rtsv7M4_T_le_v4SPD16_eabi.lib</file>
         <name>s_frexp.c.obj</name>
      </input_file>
      <input_file id="fl-121">
         <path>C:\ti\ccs901\ccs\tools\compiler\ti-cgt-arm_18.12.3.LTS\lib\</path>
         <kind>archive</kind>
         <file>rtsv7M4_T_le_v4SPD16_eabi.lib</file>
         <name>div0.asm.obj</name>
      </input_file>
   </input_file_list>
   <object_component_list>
      <object_component id="oc-10">
         <name>.intvecs:retain</name>
         <load_address>0x0</load_address>
         <run_address>0x0</run_address>
         <size>0x144</size>
         <input_file_ref idref="fl-3"/>
      </object_component>
      <object_component id="oc-95">
         <name>.text</name>
         <load_address>0x144</load_address>
         <run_address>0x144</run_address>
         <size>0x1a0c</size>
         <input_file_ref idref="fl-c"/>
      </object_component>
      <object_component id="oc-33f">
         <name>.text</name>
         <load_address>0x1b50</load_address>
         <run_address>0x1b50</run_address>
         <size>0x159c</size>
         <input_file_ref idref="fl-21"/>
      </object_component>
      <object_component id="oc-9c">
         <name>.text</name>
         <load_address>0x30ec</load_address>
         <run_address>0x30ec</run_address>
         <size>0xd7c</size>
         <input_file_ref idref="fl-1f"/>
      </object_component>
      <object_component id="oc-201">
         <name>.text</name>
         <load_address>0x3e68</load_address>
         <run_address>0x3e68</run_address>
         <size>0xca4</size>
         <input_file_ref idref="fl-b"/>
      </object_component>
      <object_component id="oc-134">
         <name>.text</name>
         <load_address>0x4b0c</load_address>
         <run_address>0x4b0c</run_address>
         <size>0xc34</size>
         <input_file_ref idref="fl-2"/>
      </object_component>
      <object_component id="oc-38f">
         <name>.text:__TI_printfi</name>
         <load_address>0x5740</load_address>
         <run_address>0x5740</run_address>
         <size>0xa4e</size>
         <input_file_ref idref="fl-113"/>
      </object_component>
      <object_component id="oc-578">
         <name>.text</name>
         <load_address>0x618e</load_address>
         <run_address>0x618e</run_address>
         <size>0x2</size>
         <input_file_ref idref="fl-121"/>
      </object_component>
      <object_component id="oc-f7">
         <name>.text</name>
         <load_address>0x6190</load_address>
         <run_address>0x6190</run_address>
         <size>0x8d4</size>
         <input_file_ref idref="fl-1a"/>
      </object_component>
      <object_component id="oc-426">
         <name>.text</name>
         <load_address>0x6a64</load_address>
         <run_address>0x6a64</run_address>
         <size>0x8a4</size>
         <input_file_ref idref="fl-2d"/>
      </object_component>
      <object_component id="oc-339">
         <name>.text</name>
         <load_address>0x7308</load_address>
         <run_address>0x7308</run_address>
         <size>0x838</size>
         <input_file_ref idref="fl-27"/>
      </object_component>
      <object_component id="oc-35a">
         <name>.text</name>
         <load_address>0x7b40</load_address>
         <run_address>0x7b40</run_address>
         <size>0x798</size>
         <input_file_ref idref="fl-31"/>
      </object_component>
      <object_component id="oc-213">
         <name>.text</name>
         <load_address>0x82d8</load_address>
         <run_address>0x82d8</run_address>
         <size>0x678</size>
         <input_file_ref idref="fl-34"/>
      </object_component>
      <object_component id="oc-225">
         <name>.text</name>
         <load_address>0x8950</load_address>
         <run_address>0x8950</run_address>
         <size>0x630</size>
         <input_file_ref idref="fl-19"/>
      </object_component>
      <object_component id="oc-3fe">
         <name>.text</name>
         <load_address>0x8f80</load_address>
         <run_address>0x8f80</run_address>
         <size>0x508</size>
         <input_file_ref idref="fl-2c"/>
      </object_component>
      <object_component id="oc-26f">
         <name>.text</name>
         <load_address>0x9488</load_address>
         <run_address>0x9488</run_address>
         <size>0x498</size>
         <input_file_ref idref="fl-10"/>
      </object_component>
      <object_component id="oc-387">
         <name>.text</name>
         <load_address>0x9920</load_address>
         <run_address>0x9920</run_address>
         <size>0x490</size>
         <input_file_ref idref="fl-16"/>
      </object_component>
      <object_component id="oc-b6">
         <name>.text</name>
         <load_address>0x9db0</load_address>
         <run_address>0x9db0</run_address>
         <size>0x480</size>
         <input_file_ref idref="fl-23"/>
      </object_component>
      <object_component id="oc-bc">
         <name>.text</name>
         <load_address>0xa230</load_address>
         <run_address>0xa230</run_address>
         <size>0x41c</size>
         <input_file_ref idref="fl-32"/>
      </object_component>
      <object_component id="oc-c2">
         <name>.text</name>
         <load_address>0xa64c</load_address>
         <run_address>0xa64c</run_address>
         <size>0x3f0</size>
         <input_file_ref idref="fl-25"/>
      </object_component>
      <object_component id="oc-207">
         <name>.text</name>
         <load_address>0xaa3c</load_address>
         <run_address>0xaa3c</run_address>
         <size>0x3b0</size>
         <input_file_ref idref="fl-3c"/>
      </object_component>
      <object_component id="oc-82">
         <name>.text</name>
         <load_address>0xadec</load_address>
         <run_address>0xadec</run_address>
         <size>0x328</size>
         <input_file_ref idref="fl-4"/>
      </object_component>
      <object_component id="oc-25f">
         <name>.text:atan</name>
         <load_address>0xb114</load_address>
         <run_address>0xb114</run_address>
         <size>0x2ec</size>
         <input_file_ref idref="fl-fb"/>
      </object_component>
      <object_component id="oc-30">
         <name>.text</name>
         <load_address>0xb400</load_address>
         <run_address>0xb400</run_address>
         <size>0x288</size>
         <input_file_ref idref="fl-5"/>
      </object_component>
      <object_component id="oc-464">
         <name>.text:_pconv_a</name>
         <load_address>0xb688</load_address>
         <run_address>0xb688</run_address>
         <size>0x270</size>
         <input_file_ref idref="fl-113"/>
      </object_component>
      <object_component id="oc-219">
         <name>.text</name>
         <load_address>0xb8f8</load_address>
         <run_address>0xb8f8</run_address>
         <size>0x266</size>
         <input_file_ref idref="fl-11"/>
      </object_component>
      <object_component id="oc-14a">
         <name>.text</name>
         <load_address>0xbb60</load_address>
         <run_address>0xbb60</run_address>
         <size>0x244</size>
         <input_file_ref idref="fl-2e"/>
      </object_component>
      <object_component id="oc-452">
         <name>.text:_pconv_g</name>
         <load_address>0xbda4</load_address>
         <run_address>0xbda4</run_address>
         <size>0x1d0</size>
         <input_file_ref idref="fl-113"/>
      </object_component>
      <object_component id="oc-246">
         <name>.text</name>
         <load_address>0xbf74</load_address>
         <run_address>0xbf74</run_address>
         <size>0x1b6</size>
         <input_file_ref idref="fl-ff"/>
      </object_component>
      <object_component id="oc-36">
         <name>.text</name>
         <load_address>0xc12c</load_address>
         <run_address>0xc12c</run_address>
         <size>0x1ac</size>
         <input_file_ref idref="fl-3f"/>
      </object_component>
      <object_component id="oc-20d">
         <name>.text</name>
         <load_address>0xc2d8</load_address>
         <run_address>0xc2d8</run_address>
         <size>0x180</size>
         <input_file_ref idref="fl-39"/>
      </object_component>
      <object_component id="oc-45e">
         <name>.text:_pconv_e</name>
         <load_address>0xc458</load_address>
         <run_address>0xc458</run_address>
         <size>0x13c</size>
         <input_file_ref idref="fl-113"/>
      </object_component>
      <object_component id="oc-250">
         <name>.text</name>
         <load_address>0xc594</load_address>
         <run_address>0xc594</run_address>
         <size>0x136</size>
         <input_file_ref idref="fl-101"/>
      </object_component>
      <object_component id="oc-37d">
         <name>.text</name>
         <load_address>0xc6ca</load_address>
         <run_address>0xc6ca</run_address>
         <size>0x134</size>
         <input_file_ref idref="fl-12"/>
      </object_component>
      <object_component id="oc-167">
         <name>.text</name>
         <load_address>0xc7fe</load_address>
         <run_address>0xc7fe</run_address>
         <size>0x12a</size>
         <input_file_ref idref="fl-a"/>
      </object_component>
      <object_component id="oc-51d">
         <name>.text:fcvt</name>
         <load_address>0xc928</load_address>
         <run_address>0xc928</run_address>
         <size>0x124</size>
         <input_file_ref idref="fl-113"/>
      </object_component>
      <object_component id="oc-531">
         <name>.text:scalbn</name>
         <load_address>0xca4c</load_address>
         <run_address>0xca4c</run_address>
         <size>0x110</size>
         <input_file_ref idref="fl-fc"/>
      </object_component>
      <object_component id="oc-3c">
         <name>.text</name>
         <load_address>0xcb5c</load_address>
         <run_address>0xcb5c</run_address>
         <size>0x104</size>
         <input_file_ref idref="fl-37"/>
      </object_component>
      <object_component id="oc-241">
         <name>.text</name>
         <load_address>0xcc60</load_address>
         <run_address>0xcc60</run_address>
         <size>0xfc</size>
         <input_file_ref idref="fl-102"/>
      </object_component>
      <object_component id="oc-c8">
         <name>.text</name>
         <load_address>0xcd5c</load_address>
         <run_address>0xcd5c</run_address>
         <size>0xfa</size>
         <input_file_ref idref="fl-36"/>
      </object_component>
      <object_component id="oc-88">
         <name>.text</name>
         <load_address>0xce58</load_address>
         <run_address>0xce58</run_address>
         <size>0xd8</size>
         <input_file_ref idref="fl-33"/>
      </object_component>
      <object_component id="oc-2b">
         <name>.text</name>
         <load_address>0xcf30</load_address>
         <run_address>0xcf30</run_address>
         <size>0xd2</size>
         <input_file_ref idref="fl-6"/>
      </object_component>
      <object_component id="oc-f1">
         <name>.text</name>
         <load_address>0xd004</load_address>
         <run_address>0xd004</run_address>
         <size>0xcc</size>
         <input_file_ref idref="fl-2a"/>
      </object_component>
      <object_component id="oc-36a">
         <name>.text</name>
         <load_address>0xd0d0</load_address>
         <run_address>0xd0d0</run_address>
         <size>0xcc</size>
         <input_file_ref idref="fl-35"/>
      </object_component>
      <object_component id="oc-333">
         <name>.text</name>
         <load_address>0xd19c</load_address>
         <run_address>0xd19c</run_address>
         <size>0xc0</size>
         <input_file_ref idref="fl-22"/>
      </object_component>
      <object_component id="oc-161">
         <name>.text</name>
         <load_address>0xd25c</load_address>
         <run_address>0xd25c</run_address>
         <size>0xb4</size>
         <input_file_ref idref="fl-9"/>
      </object_component>
      <object_component id="oc-44c">
         <name>.text:_ltostr</name>
         <load_address>0xd310</load_address>
         <run_address>0xd310</run_address>
         <size>0xb1</size>
         <input_file_ref idref="fl-113"/>
      </object_component>
      <object_component id="oc-50">
         <name>.text</name>
         <load_address>0xd3c2</load_address>
         <run_address>0xd3c2</run_address>
         <size>0x9c</size>
         <input_file_ref idref="fl-108"/>
      </object_component>
      <object_component id="oc-504">
         <name>.text</name>
         <load_address>0xd45e</load_address>
         <run_address>0xd45e</run_address>
         <size>0x96</size>
         <input_file_ref idref="fl-115"/>
      </object_component>
      <object_component id="oc-25a">
         <name>.text:__aeabi_cdcmple</name>
         <load_address>0xd4f4</load_address>
         <run_address>0xd4f4</run_address>
         <size>0x86</size>
         <input_file_ref idref="fl-100"/>
      </object_component>
      <object_component id="oc-255">
         <name>.text:__aeabi_cdrcmple</name>
         <load_address>0xd57a</load_address>
         <run_address>0xd57a</run_address>
         <size>0x86</size>
         <input_file_ref idref="fl-100"/>
      </object_component>
      <object_component id="oc-ec">
         <name>.text</name>
         <load_address>0xd600</load_address>
         <run_address>0xd600</run_address>
         <size>0x7a</size>
         <input_file_ref idref="fl-fe"/>
      </object_component>
      <object_component id="oc-516">
         <name>.text:_mcpy</name>
         <load_address>0xd67a</load_address>
         <run_address>0xd67a</run_address>
         <size>0x6e</size>
         <input_file_ref idref="fl-113"/>
      </object_component>
      <object_component id="oc-24b">
         <name>.text</name>
         <load_address>0xd6e8</load_address>
         <run_address>0xd6e8</run_address>
         <size>0x6e</size>
         <input_file_ref idref="fl-104"/>
      </object_component>
      <object_component id="oc-13">
         <name>.text:decompress:lzss:__TI_decompress_lzss</name>
         <load_address>0xd756</load_address>
         <run_address>0xd756</run_address>
         <size>0x68</size>
         <input_file_ref idref="fl-10c"/>
      </object_component>
      <object_component id="oc-354">
         <name>.text</name>
         <load_address>0xd7c0</load_address>
         <run_address>0xd7c0</run_address>
         <size>0x68</size>
         <input_file_ref idref="fl-28"/>
      </object_component>
      <object_component id="oc-52b">
         <name>.text:frexp</name>
         <load_address>0xd828</load_address>
         <run_address>0xd828</run_address>
         <size>0x64</size>
         <input_file_ref idref="fl-120"/>
      </object_component>
      <object_component id="oc-458">
         <name>.text:_pconv_f</name>
         <load_address>0xd88c</load_address>
         <run_address>0xd88c</run_address>
         <size>0x56</size>
         <input_file_ref idref="fl-113"/>
      </object_component>
      <object_component id="oc-50a">
         <name>.text:ltoa</name>
         <load_address>0xd8e2</load_address>
         <run_address>0xd8e2</run_address>
         <size>0x54</size>
         <input_file_ref idref="fl-11c"/>
      </object_component>
      <object_component id="oc-510">
         <name>.text:_ecpy</name>
         <load_address>0xd936</load_address>
         <run_address>0xd936</run_address>
         <size>0x52</size>
         <input_file_ref idref="fl-113"/>
      </object_component>
      <object_component id="oc-27b">
         <name>.text:atoi</name>
         <load_address>0xd988</load_address>
         <run_address>0xd988</run_address>
         <size>0x4c</size>
         <input_file_ref idref="fl-10d"/>
      </object_component>
      <object_component id="oc-26a">
         <name>.text</name>
         <load_address>0xd9d4</load_address>
         <run_address>0xd9d4</run_address>
         <size>0x48</size>
         <input_file_ref idref="fl-103"/>
      </object_component>
      <object_component id="oc-296">
         <name>.text:__TI_auto_init_nobinit_nopinit:__TI_auto_init_nobinit_nopinit</name>
         <load_address>0xda1c</load_address>
         <run_address>0xda1c</run_address>
         <size>0x44</size>
         <input_file_ref idref="fl-116"/>
      </object_component>
      <object_component id="oc-22b">
         <name>.text:sprintf</name>
         <load_address>0xda60</load_address>
         <run_address>0xda60</run_address>
         <size>0x40</size>
         <input_file_ref idref="fl-fd"/>
      </object_component>
      <object_component id="oc-523">
         <name>.text:_fcpy</name>
         <load_address>0xdaa0</load_address>
         <run_address>0xdaa0</run_address>
         <size>0x3e</size>
         <input_file_ref idref="fl-113"/>
      </object_component>
      <object_component id="oc-1a7">
         <name>.text</name>
         <load_address>0xdade</load_address>
         <run_address>0xdade</run_address>
         <size>0x3e</size>
         <input_file_ref idref="fl-1d"/>
      </object_component>
      <object_component id="oc-23c">
         <name>.text</name>
         <load_address>0xdb1c</load_address>
         <run_address>0xdb1c</run_address>
         <size>0x38</size>
         <input_file_ref idref="fl-106"/>
      </object_component>
      <object_component id="oc-6e">
         <name>.text:_c_int00_noargs:_c_int00_noargs</name>
         <load_address>0xdb54</load_address>
         <run_address>0xdb54</run_address>
         <size>0x34</size>
         <input_file_ref idref="fl-111"/>
      </object_component>
      <object_component id="oc-265">
         <name>.text</name>
         <load_address>0xdb88</load_address>
         <run_address>0xdb88</run_address>
         <size>0x2e</size>
         <input_file_ref idref="fl-107"/>
      </object_component>
      <object_component id="oc-275">
         <name>.text:strncat</name>
         <load_address>0xdbb6</load_address>
         <run_address>0xdbb6</run_address>
         <size>0x2e</size>
         <input_file_ref idref="fl-10f"/>
      </object_component>
      <object_component id="oc-1c4">
         <name>.text</name>
         <load_address>0xdbe4</load_address>
         <run_address>0xdbe4</run_address>
         <size>0x22</size>
         <input_file_ref idref="fl-3b"/>
      </object_component>
      <object_component id="oc-46a">
         <name>.text:memccpy</name>
         <load_address>0xdc06</load_address>
         <run_address>0xdc06</run_address>
         <size>0x1c</size>
         <input_file_ref idref="fl-11d"/>
      </object_component>
      <object_component id="oc-58b">
         <name>.text:copysign</name>
         <load_address>0xdc22</load_address>
         <run_address>0xdc22</run_address>
         <size>0x1a</size>
         <input_file_ref idref="fl-112"/>
      </object_component>
      <object_component id="oc-395">
         <name>.text:_outs</name>
         <load_address>0xdc3c</load_address>
         <run_address>0xdc3c</run_address>
         <size>0x18</size>
         <input_file_ref idref="fl-fd"/>
      </object_component>
      <object_component id="oc-25">
         <name>.text</name>
         <load_address>0xdc54</load_address>
         <run_address>0xdc54</run_address>
         <size>0x16</size>
         <input_file_ref idref="fl-3"/>
      </object_component>
      <object_component id="oc-537">
         <name>.text:strchr</name>
         <load_address>0xdc6a</load_address>
         <run_address>0xdc6a</run_address>
         <size>0x16</size>
         <input_file_ref idref="fl-11e"/>
      </object_component>
      <object_component id="oc-446">
         <name>.text:strlen</name>
         <load_address>0xdc80</load_address>
         <run_address>0xdc80</run_address>
         <size>0x14</size>
         <input_file_ref idref="fl-11f"/>
      </object_component>
      <object_component id="oc-470">
         <name>.text:wcslen</name>
         <load_address>0xdc94</load_address>
         <run_address>0xdc94</run_address>
         <size>0x12</size>
         <input_file_ref idref="fl-114"/>
      </object_component>
      <object_component id="oc-19">
         <name>.text:decompress:none:__TI_decompress_none</name>
         <load_address>0xdca6</load_address>
         <run_address>0xdca6</run_address>
         <size>0xe</size>
         <input_file_ref idref="fl-10b"/>
      </object_component>
      <object_component id="oc-62">
         <name>.text:decompress:ZI:__TI_zero_init</name>
         <load_address>0xdcb4</load_address>
         <run_address>0xdcb4</run_address>
         <size>0xc</size>
         <input_file_ref idref="fl-10a"/>
      </object_component>
      <object_component id="oc-39b">
         <name>.text:_outc</name>
         <load_address>0xdcc0</load_address>
         <run_address>0xdcc0</run_address>
         <size>0xa</size>
         <input_file_ref idref="fl-fd"/>
      </object_component>
      <object_component id="oc-476">
         <name>.text:__aeabi_errno_addr</name>
         <load_address>0xdccc</load_address>
         <run_address>0xdccc</run_address>
         <size>0x8</size>
         <input_file_ref idref="fl-110"/>
      </object_component>
      <object_component id="oc-12e">
         <name>.text:_system_pre_init</name>
         <load_address>0xdcd4</load_address>
         <run_address>0xdcd4</run_address>
         <size>0x4</size>
         <input_file_ref idref="fl-117"/>
      </object_component>
      <object_component id="oc-28a">
         <name>.text:abort:abort</name>
         <load_address>0xdcd8</load_address>
         <run_address>0xdcd8</run_address>
         <size>0x4</size>
         <input_file_ref idref="fl-119"/>
      </object_component>
      <object_component id="oc-3aa">
         <name>.const:.string:g_pucFontFixed6x8Data</name>
         <load_address>0xdce0</load_address>
         <run_address>0xdce0</run_address>
         <size>0x2f8</size>
         <input_file_ref idref="fl-13"/>
      </object_component>
      <object_component id="oc-3c6">
         <name>.const:.string:_ctypes_</name>
         <load_address>0xdfd8</load_address>
         <run_address>0xdfd8</run_address>
         <size>0x101</size>
         <input_file_ref idref="fl-10e"/>
      </object_component>
      <object_component id="oc-236">
         <name>.const:g_sFontFixed6x8</name>
         <load_address>0xe0dc</load_address>
         <run_address>0xe0dc</run_address>
         <size>0xc8</size>
         <input_file_ref idref="fl-13"/>
      </object_component>
      <object_component id="oc-3b7">
         <name>.const:$O1$$</name>
         <load_address>0xe1a8</load_address>
         <run_address>0xe1a8</run_address>
         <size>0x98</size>
         <input_file_ref idref="fl-fb"/>
      </object_component>
      <object_component id="oc-1e6">
         <name>.const:_ctlRegs</name>
         <load_address>0xe240</load_address>
         <run_address>0xe240</run_address>
         <size>0x80</size>
         <input_file_ref idref="fl-1a"/>
      </object_component>
      <object_component id="oc-1b3">
         <name>.const:g_pulRegs</name>
         <load_address>0xe2c0</load_address>
         <run_address>0xe2c0</run_address>
         <size>0x50</size>
         <input_file_ref idref="fl-25"/>
      </object_component>
      <object_component id="oc-366">
         <name>.const:leds</name>
         <load_address>0xe310</load_address>
         <run_address>0xe310</run_address>
         <size>0x30</size>
         <input_file_ref idref="fl-39"/>
      </object_component>
      <object_component id="oc-222">
         <name>.const:g_sCrystalfontz128x128</name>
         <load_address>0xe340</load_address>
         <run_address>0xe340</run_address>
         <size>0x2c</size>
         <input_file_ref idref="fl-34"/>
      </object_component>
      <object_component id="oc-ce">
         <name>.const:uart_config</name>
         <load_address>0xe36c</load_address>
         <run_address>0xe36c</run_address>
         <size>0x24</size>
         <input_file_ref idref="fl-3f"/>
      </object_component>
      <object_component id="oc-1b0">
         <name>.const:g_pulPriority</name>
         <load_address>0xe390</load_address>
         <run_address>0xe390</run_address>
         <size>0x20</size>
         <input_file_ref idref="fl-25"/>
      </object_component>
      <object_component id="oc-42c">
         <name>.const:$P$T0$1</name>
         <load_address>0xe3b0</load_address>
         <run_address>0xe3b0</run_address>
         <size>0x1c</size>
         <input_file_ref idref="fl-35"/>
      </object_component>
      <object_component id="oc-1a0">
         <name>.const:GPIO_PORT_TO_INT</name>
         <load_address>0xe3cc</load_address>
         <run_address>0xe3cc</run_address>
         <size>0x1c</size>
         <input_file_ref idref="fl-23"/>
      </object_component>
      <object_component id="oc-379">
         <name>.const:$P$T0$1</name>
         <load_address>0xe3e8</load_address>
         <run_address>0xe3e8</run_address>
         <size>0x8</size>
         <input_file_ref idref="fl-34"/>
      </object_component>
      <object_component id="oc-360">
         <name>.const:.string:port2_remapping</name>
         <load_address>0xe3f0</load_address>
         <run_address>0xe3f0</run_address>
         <size>0x8</size>
         <input_file_ref idref="fl-39"/>
      </object_component>
      <object_component id="oc-363">
         <name>.const:.string:port5_remapping</name>
         <load_address>0xe3f8</load_address>
         <run_address>0xe3f8</run_address>
         <size>0x8</size>
         <input_file_ref idref="fl-39"/>
      </object_component>
      <object_component id="oc-1b9">
         <name>.const:g_pulDisRegs</name>
         <load_address>0xe400</load_address>
         <run_address>0xe400</run_address>
         <size>0x8</size>
         <input_file_ref idref="fl-25"/>
      </object_component>
      <object_component id="oc-1b6">
         <name>.const:g_pulEnRegs</name>
         <load_address>0xe408</load_address>
         <run_address>0xe408</run_address>
         <size>0x8</size>
         <input_file_ref idref="fl-25"/>
      </object_component>
      <object_component id="oc-1bc">
         <name>.const:g_pulPendRegs</name>
         <load_address>0xe410</load_address>
         <run_address>0xe410</run_address>
         <size>0x8</size>
         <input_file_ref idref="fl-25"/>
      </object_component>
      <object_component id="oc-1bf">
         <name>.const:g_pulUnpendRegs</name>
         <load_address>0xe418</load_address>
         <run_address>0xe418</run_address>
         <size>0x8</size>
         <input_file_ref idref="fl-25"/>
      </object_component>
      <object_component id="oc-92">
         <name>.const</name>
         <load_address>0xe420</load_address>
         <run_address>0xe420</run_address>
         <size>0x8</size>
         <input_file_ref idref="fl-5"/>
      </object_component>
      <object_component id="oc-5e0">
         <name>.cinit..data.load</name>
         <load_address>0xe428</load_address>
         <run_address>0xe428</run_address>
         <size>0xa8</size>
      </object_component>
      <object_component id="oc-5dd">
         <name>__TI_handler_table</name>
         <load_address>0xe4d0</load_address>
         <run_address>0xe4d0</run_address>
         <size>0xc</size>
      </object_component>
      <object_component id="oc-5e1">
         <name>.cinit..bss.load</name>
         <load_address>0xe4e0</load_address>
         <run_address>0xe4e0</run_address>
         <size>0x8</size>
      </object_component>
      <object_component id="oc-5df">
         <name>.cinit..vtable.load</name>
         <load_address>0xe4e8</load_address>
         <run_address>0xe4e8</run_address>
         <size>0x8</size>
      </object_component>
      <object_component id="oc-5de">
         <name>__TI_cinit_table</name>
         <load_address>0xe4f0</load_address>
         <run_address>0xe4f0</run_address>
         <size>0x18</size>
      </object_component>
      <object_component id="oc-1ad">
         <name>.vtable</name>
         <uninitialized>true</uninitialized>
         <run_address>0x20000000</run_address>
         <size>0xe4</size>
         <input_file_ref idref="fl-25"/>
      </object_component>
      <object_component id="oc-146">
         <name>.data</name>
         <load_address>0x2000c79c</load_address>
         <run_address>0x2000c79c</run_address>
         <size>0x4</size>
         <input_file_ref idref="fl-4"/>
      </object_component>
      <object_component id="oc-a2">
         <name>.data</name>
         <load_address>0x2000c784</load_address>
         <run_address>0x2000c784</run_address>
         <size>0xc</size>
         <input_file_ref idref="fl-5"/>
      </object_component>
      <object_component id="oc-2df">
         <name>.data</name>
         <load_address>0x2000c790</load_address>
         <run_address>0x2000c790</run_address>
         <size>0x8</size>
         <input_file_ref idref="fl-9"/>
      </object_component>
      <object_component id="oc-8f">
         <name>.data</name>
         <load_address>0x2000c6a0</load_address>
         <run_address>0x2000c6a0</run_address>
         <size>0x34</size>
         <input_file_ref idref="fl-c"/>
      </object_component>
      <object_component id="oc-406">
         <name>.data:__getBurstProgramRegs</name>
         <load_address>0x2000c660</load_address>
         <run_address>0x2000c660</run_address>
         <size>0x40</size>
         <input_file_ref idref="fl-21"/>
      </object_component>
      <object_component id="oc-19d">
         <name>.data:GPIO_PORT_TO_BASE</name>
         <load_address>0x2000c6d4</load_address>
         <run_address>0x2000c6d4</run_address>
         <size>0x30</size>
         <input_file_ref idref="fl-23"/>
      </object_component>
      <object_component id="oc-41b">
         <name>.data:led_red_pwm_cfg</name>
         <load_address>0x2000c74c</load_address>
         <run_address>0x2000c74c</run_address>
         <size>0x18</size>
         <input_file_ref idref="fl-39"/>
      </object_component>
      <object_component id="oc-41e">
         <name>.data:led_green_pwm_cfg</name>
         <load_address>0x2000c734</load_address>
         <run_address>0x2000c734</run_address>
         <size>0x18</size>
         <input_file_ref idref="fl-39"/>
      </object_component>
      <object_component id="oc-421">
         <name>.data:led_blue_pwm_cfg</name>
         <load_address>0x2000c71c</load_address>
         <run_address>0x2000c71c</run_address>
         <size>0x18</size>
         <input_file_ref idref="fl-39"/>
      </object_component>
      <object_component id="oc-348">
         <name>.data:leds</name>
         <load_address>0x2000c774</load_address>
         <run_address>0x2000c774</run_address>
         <size>0x10</size>
         <input_file_ref idref="fl-3c"/>
      </object_component>
      <object_component id="oc-345">
         <name>.data:buttons</name>
         <load_address>0x2000c704</load_address>
         <run_address>0x2000c704</run_address>
         <size>0x18</size>
         <input_file_ref idref="fl-3c"/>
      </object_component>
      <object_component id="oc-34b">
         <name>.data:debug</name>
         <load_address>0x2000c764</load_address>
         <run_address>0x2000c764</run_address>
         <size>0x10</size>
         <input_file_ref idref="fl-3c"/>
      </object_component>
      <object_component id="oc-547">
         <name>.data</name>
         <load_address>0x2000c798</load_address>
         <run_address>0x2000c798</run_address>
         <size>0x4</size>
         <input_file_ref idref="fl-110"/>
      </object_component>
      <object_component id="oc-233">
         <name>.bss:g_sContext</name>
         <uninitialized>true</uninitialized>
         <run_address>0x2000c570</run_address>
         <size>0x1c</size>
         <input_file_ref idref="fl-2"/>
      </object_component>
      <object_component id="oc-2e2">
         <name>.bss:ucHeap</name>
         <uninitialized>true</uninitialized>
         <run_address>0x200000e4</run_address>
         <size>0xc000</size>
         <input_file_ref idref="fl-9"/>
      </object_component>
      <object_component id="oc-16d">
         <name>.bss:pxReadyTasksLists</name>
         <uninitialized>true</uninitialized>
         <run_address>0x2000c4e4</run_address>
         <size>0x8c</size>
         <input_file_ref idref="fl-c"/>
      </object_component>
      <object_component id="oc-17c">
         <name>.bss:xDelayedTaskList1</name>
         <uninitialized>true</uninitialized>
         <run_address>0x2000c58c</run_address>
         <size>0x14</size>
         <input_file_ref idref="fl-c"/>
      </object_component>
      <object_component id="oc-17f">
         <name>.bss:xDelayedTaskList2</name>
         <uninitialized>true</uninitialized>
         <run_address>0x2000c5a0</run_address>
         <size>0x14</size>
         <input_file_ref idref="fl-c"/>
      </object_component>
      <object_component id="oc-173">
         <name>.bss</name>
         <uninitialized>true</uninitialized>
         <run_address>0x2000c61c</run_address>
         <size>0x8</size>
         <input_file_ref idref="fl-c"/>
      </object_component>
      <object_component id="oc-179">
         <name>.bss:xPendingReadyList</name>
         <uninitialized>true</uninitialized>
         <run_address>0x2000c5b4</run_address>
         <size>0x14</size>
         <input_file_ref idref="fl-c"/>
      </object_component>
      <object_component id="oc-170">
         <name>.bss:xTasksWaitingTermination</name>
         <uninitialized>true</uninitialized>
         <run_address>0x2000c5dc</run_address>
         <size>0x14</size>
         <input_file_ref idref="fl-c"/>
      </object_component>
      <object_component id="oc-176">
         <name>.bss:xSuspendedTaskList</name>
         <uninitialized>true</uninitialized>
         <run_address>0x2000c5c8</run_address>
         <size>0x14</size>
         <input_file_ref idref="fl-c"/>
      </object_component>
      <object_component id="oc-183">
         <name>.bss</name>
         <uninitialized>true</uninitialized>
         <run_address>0x2000c614</run_address>
         <size>0x8</size>
         <input_file_ref idref="fl-1f"/>
      </object_component>
      <object_component id="oc-d4">
         <name>.bss:uart_tx_buffer</name>
         <uninitialized>true</uninitialized>
         <run_address>0x2000c2e4</run_address>
         <size>0x200</size>
         <input_file_ref idref="fl-3f"/>
      </object_component>
      <object_component id="oc-da">
         <name>.bss:uart_rx_buffer</name>
         <uninitialized>true</uninitialized>
         <run_address>0x2000c0e4</run_address>
         <size>0x200</size>
         <input_file_ref idref="fl-3f"/>
      </object_component>
      <object_component id="oc-d1">
         <name>.bss:buffer_tx</name>
         <uninitialized>true</uninitialized>
         <run_address>0x2000c5fc</run_address>
         <size>0xc</size>
         <input_file_ref idref="fl-3f"/>
      </object_component>
      <object_component id="oc-d7">
         <name>.bss:buffer_rx</name>
         <uninitialized>true</uninitialized>
         <run_address>0x2000c5f0</run_address>
         <size>0xc</size>
         <input_file_ref idref="fl-3f"/>
      </object_component>
      <object_component id="oc-dd">
         <name>.bss</name>
         <uninitialized>true</uninitialized>
         <run_address>0x2000c634</run_address>
         <size>0x4</size>
         <input_file_ref idref="fl-3f"/>
      </object_component>
      <object_component id="oc-231">
         <name>.common:xRunUARTReadingTaskSemaphore</name>
         <uninitialized>true</uninitialized>
         <run_address>0x2000c650</run_address>
         <size>0x4</size>
      </object_component>
      <object_component id="oc-232">
         <name>.common:xRunADCTaskSemaphore</name>
         <uninitialized>true</uninitialized>
         <run_address>0x2000c64c</run_address>
         <size>0x4</size>
      </object_component>
      <object_component id="oc-21f">
         <name>.common:xADCReadingAvailableSemaphore</name>
         <uninitialized>true</uninitialized>
         <run_address>0x2000c640</run_address>
         <size>0x4</size>
      </object_component>
      <object_component id="oc-220">
         <name>.common:xQueueADC2Process</name>
         <uninitialized>true</uninitialized>
         <run_address>0x2000c644</run_address>
         <size>0x4</size>
      </object_component>
      <object_component id="oc-221">
         <name>.common:xQueueProcess2LCD</name>
         <uninitialized>true</uninitialized>
         <run_address>0x2000c648</run_address>
         <size>0x4</size>
      </object_component>
      <object_component id="oc-23a">
         <name>.common:start_timestamp</name>
         <uninitialized>true</uninitialized>
         <run_address>0x2000c63c</run_address>
         <size>0x4</size>
      </object_component>
      <object_component id="oc-23b">
         <name>.common:accel_values</name>
         <uninitialized>true</uninitialized>
         <run_address>0x2000c62c</run_address>
         <size>0x6</size>
      </object_component>
      <object_component id="oc-283">
         <name>.common:uart_command</name>
         <uninitialized>true</uninitialized>
         <run_address>0x2000c608</run_address>
         <size>0xc</size>
      </object_component>
      <object_component id="oc-239">
         <name>.common:command</name>
         <uninitialized>true</uninitialized>
         <run_address>0x2000c658</run_address>
         <size>0x2</size>
      </object_component>
      <object_component id="oc-281">
         <name>.common:previous_lcd_x</name>
         <uninitialized>true</uninitialized>
         <run_address>0x2000c65e</run_address>
         <size>0x1</size>
      </object_component>
      <object_component id="oc-282">
         <name>.common:previous_lcd_y</name>
         <uninitialized>true</uninitialized>
         <run_address>0x2000c65f</run_address>
         <size>0x1</size>
      </object_component>
      <object_component id="oc-378">
         <name>.common:Lcd_Orientation</name>
         <uninitialized>true</uninitialized>
         <run_address>0x2000c65c</run_address>
         <size>0x1</size>
      </object_component>
      <object_component id="oc-370">
         <name>.common:Lcd_ScreenWidth</name>
         <uninitialized>true</uninitialized>
         <run_address>0x2000c654</run_address>
         <size>0x2</size>
      </object_component>
      <object_component id="oc-373">
         <name>.common:Lcd_ScreenHeigth</name>
         <uninitialized>true</uninitialized>
         <run_address>0x2000c632</run_address>
         <size>0x2</size>
      </object_component>
      <object_component id="oc-374">
         <name>.common:Lcd_PenSolid</name>
         <uninitialized>true</uninitialized>
         <run_address>0x2000c65d</run_address>
         <size>0x1</size>
      </object_component>
      <object_component id="oc-375">
         <name>.common:Lcd_FontSolid</name>
         <uninitialized>true</uninitialized>
         <run_address>0x2000c65b</run_address>
         <size>0x1</size>
      </object_component>
      <object_component id="oc-376">
         <name>.common:Lcd_FlagRead</name>
         <uninitialized>true</uninitialized>
         <run_address>0x2000c65a</run_address>
         <size>0x1</size>
      </object_component>
      <object_component id="oc-377">
         <name>.common:Lcd_TouchTrim</name>
         <uninitialized>true</uninitialized>
         <run_address>0x2000c656</run_address>
         <size>0x2</size>
      </object_component>
      <object_component id="oc-100">
         <name>.common:adc_callback_func</name>
         <uninitialized>true</uninitialized>
         <run_address>0x2000c638</run_address>
         <size>0x4</size>
      </object_component>
      <object_component id="oc-fd">
         <name>.common:results_buffer</name>
         <uninitialized>true</uninitialized>
         <run_address>0x2000c624</run_address>
         <size>0x8</size>
      </object_component>
      <object_component id="oc-22">
         <name>.stack</name>
         <uninitialized>true</uninitialized>
         <run_address>0x2000fe00</run_address>
         <size>0x4</size>
         <input_file_ref idref="fl-111"/>
      </object_component>
      <object_component id="oc-5e2">
         <name>.stack</name>
         <uninitialized>true</uninitialized>
         <run_address>0x2000fe00</run_address>
         <size>0x0</size>
      </object_component>
      <object_component id="oc-196">
         <name>.debug_info</name>
         <load_address>0x0</load_address>
         <run_address>0x0</run_address>
         <size>0x127f</size>
         <input_file_ref idref="fl-2"/>
      </object_component>
      <object_component id="oc-234">
         <name>.debug_info</name>
         <load_address>0x127f</load_address>
         <run_address>0x127f</run_address>
         <size>0x11c</size>
         <input_file_ref idref="fl-2"/>
      </object_component>
      <object_component id="oc-135">
         <name>.debug_info</name>
         <load_address>0x139b</load_address>
         <run_address>0x139b</run_address>
         <size>0x1538</size>
         <input_file_ref idref="fl-2"/>
      </object_component>
      <object_component id="oc-15a">
         <name>.debug_info</name>
         <load_address>0x28d3</load_address>
         <run_address>0x28d3</run_address>
         <size>0x30c</size>
         <input_file_ref idref="fl-2"/>
      </object_component>
      <object_component id="oc-1d0">
         <name>.debug_info</name>
         <load_address>0x2bdf</load_address>
         <run_address>0x2bdf</run_address>
         <size>0x86</size>
         <input_file_ref idref="fl-2"/>
      </object_component>
      <object_component id="oc-285">
         <name>.debug_info</name>
         <load_address>0x2c65</load_address>
         <run_address>0x2c65</run_address>
         <size>0x104</size>
         <input_file_ref idref="fl-2"/>
      </object_component>
      <object_component id="oc-2da">
         <name>.debug_info</name>
         <load_address>0x2d69</load_address>
         <run_address>0x2d69</run_address>
         <size>0x110</size>
         <input_file_ref idref="fl-2"/>
      </object_component>
      <object_component id="oc-113">
         <name>.debug_info</name>
         <load_address>0x2e79</load_address>
         <run_address>0x2e79</run_address>
         <size>0x26b</size>
         <input_file_ref idref="fl-2"/>
      </object_component>
      <object_component id="oc-10e">
         <name>.debug_info</name>
         <load_address>0x30e4</load_address>
         <run_address>0x30e4</run_address>
         <size>0x1055</size>
         <input_file_ref idref="fl-2"/>
      </object_component>
      <object_component id="oc-109">
         <name>.debug_info</name>
         <load_address>0x4139</load_address>
         <run_address>0x4139</run_address>
         <size>0x37e2</size>
         <input_file_ref idref="fl-2"/>
      </object_component>
      <object_component id="oc-2fb">
         <name>.debug_info</name>
         <load_address>0x791b</load_address>
         <run_address>0x791b</run_address>
         <size>0x1b5</size>
         <input_file_ref idref="fl-2"/>
      </object_component>
      <object_component id="oc-191">
         <name>.debug_info</name>
         <load_address>0x7ad0</load_address>
         <run_address>0x7ad0</run_address>
         <size>0x3cd</size>
         <input_file_ref idref="fl-2"/>
      </object_component>
      <object_component id="oc-302">
         <name>.debug_info</name>
         <load_address>0x7e9d</load_address>
         <run_address>0x7e9d</run_address>
         <size>0x40a</size>
         <input_file_ref idref="fl-2"/>
      </object_component>
      <object_component id="oc-4d1">
         <name>.debug_info</name>
         <load_address>0x82a7</load_address>
         <run_address>0x82a7</run_address>
         <size>0xc6</size>
         <input_file_ref idref="fl-2"/>
      </object_component>
      <object_component id="oc-4e7">
         <name>.debug_info</name>
         <load_address>0x836d</load_address>
         <run_address>0x836d</run_address>
         <size>0x341</size>
         <input_file_ref idref="fl-2"/>
      </object_component>
      <object_component id="oc-e6">
         <name>.debug_info</name>
         <load_address>0x86ae</load_address>
         <run_address>0x86ae</run_address>
         <size>0x8b</size>
         <input_file_ref idref="fl-2"/>
      </object_component>
      <object_component id="oc-30c">
         <name>.debug_info</name>
         <load_address>0x8739</load_address>
         <run_address>0x8739</run_address>
         <size>0x46</size>
         <input_file_ref idref="fl-2"/>
      </object_component>
      <object_component id="oc-307">
         <name>.debug_info</name>
         <load_address>0x877f</load_address>
         <run_address>0x877f</run_address>
         <size>0x2c</size>
         <input_file_ref idref="fl-2"/>
      </object_component>
      <object_component id="oc-a7">
         <name>.debug_info</name>
         <load_address>0x87ab</load_address>
         <run_address>0x87ab</run_address>
         <size>0x2c</size>
         <input_file_ref idref="fl-2"/>
      </object_component>
      <object_component id="oc-34f">
         <name>.debug_info</name>
         <load_address>0x87d7</load_address>
         <run_address>0x87d7</run_address>
         <size>0x2c</size>
         <input_file_ref idref="fl-2"/>
      </object_component>
      <object_component id="oc-102">
         <name>.debug_info</name>
         <load_address>0x8803</load_address>
         <run_address>0x8803</run_address>
         <size>0x39</size>
         <input_file_ref idref="fl-2"/>
      </object_component>
      <object_component id="oc-e1">
         <name>.debug_info</name>
         <load_address>0x883c</load_address>
         <run_address>0x883c</run_address>
         <size>0x2c</size>
         <input_file_ref idref="fl-2"/>
      </object_component>
      <object_component id="oc-198">
         <name>.debug_info</name>
         <load_address>0x8868</load_address>
         <run_address>0x8868</run_address>
         <size>0x297</size>
         <input_file_ref idref="fl-2"/>
      </object_component>
      <object_component id="oc-151">
         <name>.debug_info</name>
         <load_address>0x8aff</load_address>
         <run_address>0x8aff</run_address>
         <size>0xef</size>
         <input_file_ref idref="fl-2"/>
      </object_component>
      <object_component id="oc-b1">
         <name>.debug_info</name>
         <load_address>0x8bee</load_address>
         <run_address>0x8bee</run_address>
         <size>0xbb</size>
         <input_file_ref idref="fl-2"/>
      </object_component>
      <object_component id="oc-ac">
         <name>.debug_info</name>
         <load_address>0x8ca9</load_address>
         <run_address>0x8ca9</run_address>
         <size>0x53</size>
         <input_file_ref idref="fl-2"/>
      </object_component>
      <object_component id="oc-3a3">
         <name>.debug_info</name>
         <load_address>0x8cfc</load_address>
         <run_address>0x8cfc</run_address>
         <size>0x2c</size>
         <input_file_ref idref="fl-2"/>
      </object_component>
      <object_component id="oc-430">
         <name>.debug_info</name>
         <load_address>0x8d28</load_address>
         <run_address>0x8d28</run_address>
         <size>0x131</size>
         <input_file_ref idref="fl-2"/>
      </object_component>
      <object_component id="oc-1df">
         <name>.debug_info</name>
         <load_address>0x8e59</load_address>
         <run_address>0x8e59</run_address>
         <size>0xee</size>
         <input_file_ref idref="fl-2"/>
      </object_component>
      <object_component id="oc-18c">
         <name>.debug_info</name>
         <load_address>0x8f47</load_address>
         <run_address>0x8f47</run_address>
         <size>0x14c</size>
         <input_file_ref idref="fl-2"/>
      </object_component>
      <object_component id="oc-44">
         <name>.debug_info</name>
         <load_address>0x9093</load_address>
         <run_address>0x9093</run_address>
         <size>0x6d9</size>
         <input_file_ref idref="fl-3"/>
      </object_component>
      <object_component id="oc-11">
         <name>.debug_info</name>
         <load_address>0x976c</load_address>
         <run_address>0x976c</run_address>
         <size>0x137</size>
         <input_file_ref idref="fl-3"/>
      </object_component>
      <object_component id="oc-28">
         <name>.debug_info</name>
         <load_address>0x98a3</load_address>
         <run_address>0x98a3</run_address>
         <size>0x286</size>
         <input_file_ref idref="fl-3"/>
      </object_component>
      <object_component id="oc-4b">
         <name>.debug_info</name>
         <load_address>0x9b29</load_address>
         <run_address>0x9b29</run_address>
         <size>0x84</size>
         <input_file_ref idref="fl-3"/>
      </object_component>
      <object_component id="oc-147">
         <name>.debug_info</name>
         <load_address>0x9bad</load_address>
         <run_address>0x9bad</run_address>
         <size>0x135</size>
         <input_file_ref idref="fl-4"/>
      </object_component>
      <object_component id="oc-83">
         <name>.debug_info</name>
         <load_address>0x9ce2</load_address>
         <run_address>0x9ce2</run_address>
         <size>0x2a7</size>
         <input_file_ref idref="fl-4"/>
      </object_component>
      <object_component id="oc-a6">
         <name>.debug_info</name>
         <load_address>0x9f89</load_address>
         <run_address>0x9f89</run_address>
         <size>0x7af</size>
         <input_file_ref idref="fl-5"/>
      </object_component>
      <object_component id="oc-93">
         <name>.debug_info</name>
         <load_address>0xa738</load_address>
         <run_address>0xa738</run_address>
         <size>0x1fd</size>
         <input_file_ref idref="fl-5"/>
      </object_component>
      <object_component id="oc-a3">
         <name>.debug_info</name>
         <load_address>0xa935</load_address>
         <run_address>0xa935</run_address>
         <size>0x208</size>
         <input_file_ref idref="fl-5"/>
      </object_component>
      <object_component id="oc-31">
         <name>.debug_info</name>
         <load_address>0xab3d</load_address>
         <run_address>0xab3d</run_address>
         <size>0xf00</size>
         <input_file_ref idref="fl-5"/>
      </object_component>
      <object_component id="oc-2d">
         <name>.debug_info</name>
         <load_address>0xba3d</load_address>
         <run_address>0xba3d</run_address>
         <size>0x2ea</size>
         <input_file_ref idref="fl-6"/>
      </object_component>
      <object_component id="oc-3ed">
         <name>.debug_info</name>
         <load_address>0xbd27</load_address>
         <run_address>0xbd27</run_address>
         <size>0x97c</size>
         <input_file_ref idref="fl-8"/>
      </object_component>
      <object_component id="oc-4c5">
         <name>.debug_info</name>
         <load_address>0xc6a3</load_address>
         <run_address>0xc6a3</run_address>
         <size>0x39</size>
         <input_file_ref idref="fl-8"/>
      </object_component>
      <object_component id="oc-2d0">
         <name>.debug_info</name>
         <load_address>0xc6dc</load_address>
         <run_address>0xc6dc</run_address>
         <size>0x46</size>
         <input_file_ref idref="fl-8"/>
      </object_component>
      <object_component id="oc-4ca">
         <name>.debug_info</name>
         <load_address>0xc722</load_address>
         <run_address>0xc722</run_address>
         <size>0x76</size>
         <input_file_ref idref="fl-8"/>
      </object_component>
      <object_component id="oc-2e6">
         <name>.debug_info</name>
         <load_address>0xc798</load_address>
         <run_address>0xc798</run_address>
         <size>0x753</size>
         <input_file_ref idref="fl-9"/>
      </object_component>
      <object_component id="oc-2e3">
         <name>.debug_info</name>
         <load_address>0xceeb</load_address>
         <run_address>0xceeb</run_address>
         <size>0x182</size>
         <input_file_ref idref="fl-9"/>
      </object_component>
      <object_component id="oc-2e0">
         <name>.debug_info</name>
         <load_address>0xd06d</load_address>
         <run_address>0xd06d</run_address>
         <size>0x190</size>
         <input_file_ref idref="fl-9"/>
      </object_component>
      <object_component id="oc-163">
         <name>.debug_info</name>
         <load_address>0xd1fd</load_address>
         <run_address>0xd1fd</run_address>
         <size>0x6f8</size>
         <input_file_ref idref="fl-9"/>
      </object_component>
      <object_component id="oc-2e8">
         <name>.debug_info</name>
         <load_address>0xd8f5</load_address>
         <run_address>0xd8f5</run_address>
         <size>0x6cc</size>
         <input_file_ref idref="fl-a"/>
      </object_component>
      <object_component id="oc-168">
         <name>.debug_info</name>
         <load_address>0xdfc1</load_address>
         <run_address>0xdfc1</run_address>
         <size>0x932</size>
         <input_file_ref idref="fl-a"/>
      </object_component>
      <object_component id="oc-332">
         <name>.debug_info</name>
         <load_address>0xe8f3</load_address>
         <run_address>0xe8f3</run_address>
         <size>0xb25</size>
         <input_file_ref idref="fl-b"/>
      </object_component>
      <object_component id="oc-202">
         <name>.debug_info</name>
         <load_address>0xf418</load_address>
         <run_address>0xf418</run_address>
         <size>0x3fec</size>
         <input_file_ref idref="fl-b"/>
      </object_component>
      <object_component id="oc-3f8">
         <name>.debug_info</name>
         <load_address>0x13404</load_address>
         <run_address>0x13404</run_address>
         <size>0x17d</size>
         <input_file_ref idref="fl-b"/>
      </object_component>
      <object_component id="oc-159">
         <name>.debug_info</name>
         <load_address>0x13581</load_address>
         <run_address>0x13581</run_address>
         <size>0xadb</size>
         <input_file_ref idref="fl-c"/>
      </object_component>
      <object_component id="oc-90">
         <name>.debug_info</name>
         <load_address>0x1405c</load_address>
         <run_address>0x1405c</run_address>
         <size>0x3f1</size>
         <input_file_ref idref="fl-c"/>
      </object_component>
      <object_component id="oc-16e">
         <name>.debug_info</name>
         <load_address>0x1444d</load_address>
         <run_address>0x1444d</run_address>
         <size>0x198</size>
         <input_file_ref idref="fl-c"/>
      </object_component>
      <object_component id="oc-17d">
         <name>.debug_info</name>
         <load_address>0x145e5</load_address>
         <run_address>0x145e5</run_address>
         <size>0x198</size>
         <input_file_ref idref="fl-c"/>
      </object_component>
      <object_component id="oc-180">
         <name>.debug_info</name>
         <load_address>0x1477d</load_address>
         <run_address>0x1477d</run_address>
         <size>0x198</size>
         <input_file_ref idref="fl-c"/>
      </object_component>
[...]
         <value>0xa545</value>
         <object_component_ref idref="oc-bc"/>
      </symbol>
      <symbol id="sm-f6e">
         <name>UART_queryStatusFlags</name>
         <value>0xa395</value>
         <object_component_ref idref="oc-bc"/>
      </symbol>
      <symbol id="sm-f6f">
         <name>UART_disableInterrupt</name>
         <value>0xa49d</value>
         <object_component_ref idref="oc-bc"/>
      </symbol>
      <symbol id="sm-f70">
         <name>UART_setDormant</name>
         <value>0xa3a9</value>
         <object_component_ref idref="oc-bc"/>
      </symbol>
      <symbol id="sm-f71">
         <name>UART_resetDormant</name>
         <value>0xa3bd</value>
         <object_component_ref idref="oc-bc"/>
      </symbol>
      <symbol id="sm-f88">
         <name>WDT_A_setTimeoutReset</name>
         <value>0xcefd</value>
         <object_component_ref idref="oc-88"/>
      </symbol>
      <symbol id="sm-f89">
         <name>WDT_A_registerInterrupt</name>
         <value>0xcf09</value>
         <object_component_ref idref="oc-88"/>
      </symbol>
      <symbol id="sm-f8a">
         <name>WDT_A_setPasswordViolationReset</name>
         <value>0xcef1</value>
         <object_component_ref idref="oc-88"/>
      </symbol>
      <symbol id="sm-f8b">
         <name>WDT_A_initIntervalTimer</name>
         <value>0xced5</value>
         <object_component_ref idref="oc-88"/>
      </symbol>
      <symbol id="sm-f8c">
         <name>WDT_A_clearTimer</name>
         <value>0xce99</value>
         <object_component_ref idref="oc-88"/>
      </symbol>
      <symbol id="sm-f8d">
         <name>WDT_A_holdTimer</name>
         <value>0xce59</value>
         <object_component_ref idref="oc-88"/>
      </symbol>
      <symbol id="sm-f8e">
         <name>WDT_A_initWatchdogTimer</name>
         <value>0xceb9</value>
         <object_component_ref idref="oc-88"/>
      </symbol>
      <symbol id="sm-f8f">
         <name>WDT_A_startTimer</name>
         <value>0xce79</value>
         <object_component_ref idref="oc-88"/>
      </symbol>
      <symbol id="sm-f90">
         <name>WDT_A_unregisterInterrupt</name>
         <value>0xcf1d</value>
         <object_component_ref idref="oc-88"/>
      </symbol>
      <symbol id="sm-ff6">
         <name>Lcd_Orientation</name>
         <value>0x2000c65c</value>
      </symbol>
      <symbol id="sm-ff7">
         <name>Lcd_ScreenWidth</name>
         <value>0x2000c654</value>
      </symbol>
      <symbol id="sm-ff8">
         <name>Lcd_ScreenHeigth</name>
         <value>0x2000c632</value>
      </symbol>
      <symbol id="sm-ff9">
         <name>Lcd_PenSolid</name>
         <value>0x2000c65d</value>
      </symbol>
      <symbol id="sm-ffa">
         <name>Lcd_FontSolid</name>
         <value>0x2000c65b</value>
      </symbol>
      <symbol id="sm-ffb">
         <name>Lcd_FlagRead</name>
         <value>0x2000c65a</value>
      </symbol>
      <symbol id="sm-ffc">
         <name>Lcd_TouchTrim</name>
         <value>0x2000c656</value>
      </symbol>
      <symbol id="sm-ffd">
         <name>Crystalfontz128x128_SetDrawFrame</name>
         <value>0x83ed</value>
         <object_component_ref idref="oc-213"/>
      </symbol>
      <symbol id="sm-ffe">
         <name>Crystalfontz128x128_SetOrientation</name>
         <value>0x851b</value>
         <object_component_ref idref="oc-213"/>
      </symbol>
      <symbol id="sm-fff">
         <name>g_sCrystalfontz128x128</name>
         <value>0xe340</value>
         <object_component_ref idref="oc-222"/>
      </symbol>
      <symbol id="sm-1000">
         <name>Crystalfontz128x128_Init</name>
         <value>0x82d9</value>
         <object_component_ref idref="oc-213"/>
      </symbol>
      <symbol id="sm-101e">
         <name>HAL_LCD_writeData</name>
         <value>0xd16d</value>
         <object_component_ref idref="oc-36a"/>
      </symbol>
      <symbol id="sm-101f">
         <name>HAL_LCD_SpiInit</name>
         <value>0xd101</value>
         <object_component_ref idref="oc-36a"/>
      </symbol>
      <symbol id="sm-1020">
         <name>HAL_LCD_PortInit</name>
         <value>0xd0d1</value>
         <object_component_ref idref="oc-36a"/>
      </symbol>
      <symbol id="sm-1021">
         <name>HAL_LCD_writeCommand</name>
         <value>0xd137</value>
         <object_component_ref idref="oc-36a"/>
      </symbol>
      <symbol id="sm-1038">
         <name>circ_buffer_push</name>
         <value>0xcd87</value>
         <object_component_ref idref="oc-c8"/>
      </symbol>
      <symbol id="sm-1039">
         <name>circ_buffer_is_full</name>
         <value>0xce11</value>
         <object_component_ref idref="oc-c8"/>
      </symbol>
      <symbol id="sm-103a">
         <name>circ_buffer_init</name>
         <value>0xcd5d</value>
         <object_component_ref idref="oc-c8"/>
      </symbol>
      <symbol id="sm-103b">
         <name>circ_buffer_is_empty</name>
         <value>0xcdf1</value>
         <object_component_ref idref="oc-c8"/>
      </symbol>
      <symbol id="sm-103c">
         <name>circ_buffer_pop</name>
         <value>0xcdb9</value>
         <object_component_ref idref="oc-c8"/>
      </symbol>
      <symbol id="sm-1059">
         <name>adc_callback_func</name>
         <value>0x2000c638</value>
      </symbol>
      <symbol id="sm-105a">
         <name>results_buffer</name>
         <value>0x2000c624</value>
      </symbol>
      <symbol id="sm-105b">
         <name>edu_boosterpack_accelerometer_disable</name>
         <value>0xcbf1</value>
         <object_component_ref idref="oc-3c"/>
      </symbol>
      <symbol id="sm-105c">
         <name>edu_boosterpack_accelerometer_clear_callback</name>
         <value>0xcc1b</value>
         <object_component_ref idref="oc-3c"/>
      </symbol>
      <symbol id="sm-105d">
         <name>edu_boosterpack_accelerometer_read</name>
         <value>0xcbe5</value>
         <object_component_ref idref="oc-3c"/>
      </symbol>
      <symbol id="sm-105e">
         <name>ADC_IRQHandler</name>
         <value>0xcc23</value>
         <object_component_ref idref="oc-3c"/>
      </symbol>
      <symbol id="sm-105f">
         <name>edu_boosterpack_accelerometer_set_callback</name>
         <value>0xcc0b</value>
         <object_component_ref idref="oc-3c"/>
      </symbol>
      <symbol id="sm-1060">
         <name>edu_boosterpack_accelerometer_init</name>
         <value>0xcb5d</value>
         <object_component_ref idref="oc-3c"/>
      </symbol>
      <symbol id="sm-10b0">
         <name>edu_boosterpack_rgb_init</name>
         <value>0xc2d9</value>
         <object_component_ref idref="oc-20d"/>
      </symbol>
      <symbol id="sm-10b1">
         <name>edu_boosterpack_rgb_off</name>
         <value>0xc2f3</value>
         <object_component_ref idref="oc-20d"/>
      </symbol>
      <symbol id="sm-10b2">
         <name>edu_boosterpack_rgb_pwm_all</name>
         <value>0xc31d</value>
         <object_component_ref idref="oc-20d"/>
      </symbol>
      <symbol id="sm-10b3">
         <name>edu_boosterpack_rgb_pwm</name>
         <value>0xc305</value>
         <object_component_ref idref="oc-20d"/>
      </symbol>
      <symbol id="sm-10b4">
         <name>edu_boosterpack_rgb_on</name>
         <value>0xc2e1</value>
         <object_component_ref idref="oc-20d"/>
      </symbol>
      <symbol id="sm-10c0">
         <name>interrupts_restore</name>
         <value>0xdbe5</value>
         <object_component_ref idref="oc-1c4"/>
      </symbol>
      <symbol id="sm-10c1">
         <name>interrupts_disable</name>
         <value>0xdbf5</value>
         <object_component_ref idref="oc-1c4"/>
      </symbol>
      <symbol id="sm-111a">
         <name>board_buttons_clear_callback</name>
         <value>0xaa81</value>
         <object_component_ref idref="oc-207"/>
      </symbol>
      <symbol id="sm-111b">
         <name>debug_off</name>
         <value>0xab45</value>
         <object_component_ref idref="oc-207"/>
      </symbol>
      <symbol id="sm-111c">
         <name>led_on</name>
         <value>0xaaa5</value>
         <object_component_ref idref="oc-207"/>
      </symbol>
      <symbol id="sm-111d">
         <name>PORT1_IRQHandler</name>
         <value>0xad83</value>
         <object_component_ref idref="oc-207"/>
      </symbol>
      <symbol id="sm-111e">
         <name>board_init</name>
         <value>0xaa3d</value>
         <object_component_ref idref="oc-207"/>
      </symbol>
      <symbol id="sm-111f">
         <name>led_toggle</name>
         <value>0xaaf5</value>
         <object_component_ref idref="oc-207"/>
      </symbol>
      <symbol id="sm-1120">
         <name>debug_on</name>
         <value>0xab1d</value>
         <object_component_ref idref="oc-207"/>
      </symbol>
      <symbol id="sm-1121">
         <name>board_lock</name>
         <value>0xaa51</value>
         <object_component_ref idref="oc-207"/>
      </symbol>
      <symbol id="sm-1122">
         <name>debug_toggle</name>
         <value>0xab6d</value>
         <object_component_ref idref="oc-207"/>
      </symbol>
      <symbol id="sm-1123">
         <name>board_buttons_set_callback</name>
         <value>0xaa5b</value>
         <object_component_ref idref="oc-207"/>
      </symbol>
      <symbol id="sm-1124">
         <name>led_off</name>
         <value>0xaacd</value>
         <object_component_ref idref="oc-207"/>
      </symbol>
      <symbol id="sm-1178">
         <name>uart_get_char</name>
         <value>0xc1b1</value>
         <object_component_ref idref="oc-36"/>
      </symbol>
      <symbol id="sm-1179">
         <name>uart_init</name>
         <value>0xc12d</value>
         <object_component_ref idref="oc-36"/>
      </symbol>
      <symbol id="sm-117a">
         <name>uart_put_char</name>
         <value>0xc183</value>
         <object_component_ref idref="oc-36"/>
      </symbol>
      <symbol id="sm-117b">
         <name>EUSCIA0_IRQHandler</name>
         <value>0xc211</value>
         <object_component_ref idref="oc-36"/>
      </symbol>
      <symbol id="sm-117c">
         <name>uart_print</name>
         <value>0xc1cf</value>
         <object_component_ref idref="oc-36"/>
      </symbol>
      <symbol id="sm-11be">
         <name>atanl</name>
         <value>0xb115</value>
         <object_component_ref idref="oc-25f"/>
      </symbol>
      <symbol id="sm-11bf">
         <name>atan</name>
         <value>0xb115</value>
         <object_component_ref idref="oc-25f"/>
      </symbol>
      <symbol id="sm-11e6">
         <name>scalbn</name>
         <value>0xca4d</value>
         <object_component_ref idref="oc-531"/>
      </symbol>
      <symbol id="sm-11e7">
         <name>scalbnl</name>
         <value>0xca4d</value>
         <object_component_ref idref="oc-531"/>
      </symbol>
      <symbol id="sm-11e8">
         <name>ldexpl</name>
         <value>0xca4d</value>
         <object_component_ref idref="oc-531"/>
      </symbol>
      <symbol id="sm-11e9">
         <name>ldexp</name>
         <value>0xca4d</value>
         <object_component_ref idref="oc-531"/>
      </symbol>
      <symbol id="sm-1210">
         <name>sprintf</name>
         <value>0xda61</value>
         <object_component_ref idref="oc-22b"/>
      </symbol>
      <symbol id="sm-121f">
         <name>__aeabi_memset</name>
         <value>0xd603</value>
         <object_component_ref idref="oc-ec"/>
      </symbol>
      <symbol id="sm-1220">
         <name>memset</name>
         <value>0xd609</value>
         <object_component_ref idref="oc-ec"/>
      </symbol>
      <symbol id="sm-1221">
         <name>__aeabi_memset8</name>
         <value>0xd603</value>
         <object_component_ref idref="oc-ec"/>
      </symbol>
      <symbol id="sm-1222">
         <name>__aeabi_memset4</name>
         <value>0xd603</value>
         <object_component_ref idref="oc-ec"/>
      </symbol>
      <symbol id="sm-1223">
         <name>__aeabi_memclr8</name>
         <value>0xd601</value>
         <object_component_ref idref="oc-ec"/>
      </symbol>
      <symbol id="sm-1224">
         <name>__aeabi_memclr4</name>
         <value>0xd601</value>
         <object_component_ref idref="oc-ec"/>
      </symbol>
      <symbol id="sm-1225">
         <name>__aeabi_memclr</name>
         <value>0xd601</value>
         <object_component_ref idref="oc-ec"/>
      </symbol>
      <symbol id="sm-123c">
         <name>__aeabi_dsub</name>
         <value>0xbf75</value>
         <object_component_ref idref="oc-246"/>
      </symbol>
      <symbol id="sm-123d">
         <name>__aeabi_dadd</name>
         <value>0xbf7f</value>
         <object_component_ref idref="oc-246"/>
      </symbol>
      <symbol id="sm-125f">
         <name>__aeabi_cdcmpeq</name>
         <value>0xd4f5</value>
         <object_component_ref idref="oc-25a"/>
      </symbol>
      <symbol id="sm-1260">
         <name>__aeabi_cdcmple</name>
         <value>0xd4f5</value>
         <object_component_ref idref="oc-25a"/>
      </symbol>
      <symbol id="sm-1261">
         <name>__aeabi_cdrcmple</name>
         <value>0xd57b</value>
         <object_component_ref idref="oc-255"/>
      </symbol>
      <symbol id="sm-1275">
         <name>__aeabi_ddiv</name>
         <value>0xc595</value>
         <object_component_ref idref="oc-250"/>
      </symbol>
      <symbol id="sm-1280">
         <name>__aeabi_dmul</name>
         <value>0xcc61</value>
         <object_component_ref idref="oc-241"/>
      </symbol>
      <symbol id="sm-128a">
         <name>__aeabi_d2iz</name>
         <value>0xd9d5</value>
         <object_component_ref idref="oc-26a"/>
      </symbol>
      <symbol id="sm-1296">
         <name>__aeabi_d2f</name>
         <value>0xd6e9</value>
         <object_component_ref idref="oc-24b"/>
      </symbol>
      <symbol id="sm-12a2">
         <name>__aeabi_f2d</name>
         <value>0xdb1d</value>
         <object_component_ref idref="oc-23c"/>
      </symbol>
      <symbol id="sm-12ac">
         <name>__aeabi_i2d</name>
         <value>0xdb89</value>
         <object_component_ref idref="oc-265"/>
      </symbol>
      <symbol id="sm-12c7">
         <name>memcpy</name>
         <value>0xd3c3</value>
         <object_component_ref idref="oc-50"/>
      </symbol>
      <symbol id="sm-12c8">
         <name>__aeabi_memcpy</name>
         <value>0xd3c3</value>
         <object_component_ref idref="oc-50"/>
      </symbol>
      <symbol id="sm-12c9">
         <name>__aeabi_memcpy8</name>
         <value>0xd3c3</value>
         <object_component_ref idref="oc-50"/>
      </symbol>
      <symbol id="sm-12ca">
         <name>__aeabi_memcpy4</name>
         <value>0xd3c3</value>
         <object_component_ref idref="oc-50"/>
      </symbol>
      <symbol id="sm-12e2">
         <name>__TI_zero_init</name>
         <value>0xdcb5</value>
         <object_component_ref idref="oc-62"/>
      </symbol>
      <symbol id="sm-12f9">
         <name>__TI_decompress_none</name>
         <value>0xdca7</value>
         <object_component_ref idref="oc-19"/>
      </symbol>
      <symbol id="sm-131c">
         <name>__TI_decompress_lzss</name>
         <value>0xd757</value>
         <object_component_ref idref="oc-13"/>
      </symbol>
      <symbol id="sm-1332">
         <name>atoi</name>
         <value>0xd989</value>
         <object_component_ref idref="oc-27b"/>
      </symbol>
      <symbol id="sm-133d">
         <name>_ctypes_</name>
         <value>0xdfd8</value>
         <object_component_ref idref="oc-3c6"/>
      </symbol>
      <symbol id="sm-134e">
         <name>strncat</name>
         <value>0xdbb7</value>
         <object_component_ref idref="oc-275"/>
      </symbol>
      <symbol id="sm-1364">
         <name>__aeabi_errno_addr</name>
         <value>0xdccd</value>
         <object_component_ref idref="oc-476"/>
      </symbol>
      <symbol id="sm-1365">
         <name>errno</name>
         <value>0x2000c798</value>
         <object_component_ref idref="oc-547"/>
      </symbol>
      <symbol id="sm-1378">
         <name>__stack</name>
         <value>0x2000fe00</value>
         <object_component_ref idref="oc-22"/>
      </symbol>
      <symbol id="sm-1379">
         <name>_c_int00_noargs</name>
         <value>0xdb55</value>
         <object_component_ref idref="oc-6e"/>
      </symbol>
      <symbol id="sm-1383">
         <name>copysign</name>
         <value>0xdc23</value>
         <object_component_ref idref="oc-58b"/>
      </symbol>
      <symbol id="sm-1384">
         <name>copysignl</name>
         <value>0xdc23</value>
         <object_component_ref idref="oc-58b"/>
      </symbol>
      <symbol id="sm-14e9">
         <name>__TI_printfi</name>
         <value>0x5741</value>
         <object_component_ref idref="oc-38f"/>
      </symbol>
      <symbol id="sm-1502">
         <name>wcslen</name>
         <value>0xdc95</value>
         <object_component_ref idref="oc-470"/>
      </symbol>
      <symbol id="sm-150f">
         <name>__aeabi_uldivmod</name>
         <value>0xd45f</value>
         <object_component_ref idref="oc-504"/>
      </symbol>
      <symbol id="sm-1537">
         <name>__TI_auto_init_nobinit_nopinit</name>
         <value>0xda1d</value>
         <object_component_ref idref="oc-296"/>
      </symbol>
      <symbol id="sm-1541">
         <name>_system_pre_init</name>
         <value>0xdcd5</value>
         <object_component_ref idref="oc-12e"/>
      </symbol>
      <symbol id="sm-154d">
         <name>C$$EXIT</name>
         <value>0xdcd9</value>
         <object_component_ref idref="oc-28a"/>
      </symbol>
      <symbol id="sm-154e">
         <name>abort</name>
         <value>0xdcd9</value>
         <object_component_ref idref="oc-28a"/>
      </symbol>
      <symbol id="sm-155f">
         <name>ltoa</name>
         <value>0xd8e3</value>
         <object_component_ref idref="oc-50a"/>
      </symbol>
      <symbol id="sm-156f">
         <name>memccpy</name>
         <value>0xdc07</value>
         <object_component_ref idref="oc-46a"/>
      </symbol>
      <symbol id="sm-157f">
         <name>strchr</name>
         <value>0xdc6b</value>
         <object_component_ref idref="oc-537"/>
      </symbol>
      <symbol id="sm-158d">
         <name>strlen</name>
         <value>0xdc81</value>
         <object_component_ref idref="oc-446"/>
      </symbol>
      <symbol id="sm-15a3">
         <name>frexpl</name>
         <value>0xd829</value>
         <object_component_ref idref="oc-52b"/>
      </symbol>
      <symbol id="sm-15a4">
         <name>frexp</name>
         <value>0xd829</value>
         <object_component_ref idref="oc-52b"/>
      </symbol>
      <symbol id="sm-15ae">
         <name>__aeabi_idiv0</name>
         <value>0x618f</value>
         <object_component_ref idref="oc-578"/>
      </symbol>
      <symbol id="sm-15af">
         <name>__aeabi_ldiv0</name>
         <value>0x618f</value>
         <object_component_ref idref="oc-578"/>
      </symbol>
      <symbol id="sm-15b0">
         <name>__TI_static_base__</name>
         <value>0x0</value>
      </symbol>
      <symbol id="sm-15b3">
         <name>__mpu_init</name>
         <value>0x0</value>
      </symbol>
      <symbol id="sm-15b4">
         <name>_system_post_cinit</name>
         <value>0x0</value>
      </symbol>
   </symbol_table>
   <title>Link successful</title>
</link_info>
