<?xml version="1.0" encoding="ISO-8859-1" ?>
<link_info>
   <banner>TI ARM Linker PC v18.12.3.LTS</banner>
   <copyright>Copyright (c) 1996-2018 Texas Instruments Incorporated</copyright>
   <link_time>0x5debe6ba</link_time>
   <link_errors>0x0</link_errors>
   <output_file>PRAC-Projecte-2_v3.out</output_file>
   <entry_point>
      <name>_c_int00_noargs</name>
      <address>0xcd79</address>
   </entry_point>
   <input_file_list>
      <input_file id="fl-2">
         <path>.\</path>
         <kind>object</kind>
         <file>main.obj</file>
         <name>main.obj</name>
      </input_file>
      <input_file id="fl-3">
         <path>.\</path>
         <kind>object</kind>
         <file>msp432_startup_ccs.obj</file>
         <name>msp432_startup_ccs.obj</name>
      </input_file>
      <input_file id="fl-4">
         <path>.\</path>
         <kind>object</kind>
         <file>system_msp432p401r.obj</file>
         <name>system_msp432p401r.obj</name>
      </input_file>
      <input_file id="fl-5">
         <path>.\lib_PRAC\freertos\cortex-m4\</path>
         <kind>object</kind>
         <file>port.obj</file>
         <name>port.obj</name>
      </input_file>
      <input_file id="fl-6">
         <path>.\lib_PRAC\freertos\cortex-m4\</path>
         <kind>object</kind>
         <file>portasm.obj</file>
         <name>portasm.obj</name>
      </input_file>
      <input_file id="fl-7">
         <path>.\lib_PRAC\freertos\src\</path>
         <kind>object</kind>
         <file>croutine.obj</file>
         <name>croutine.obj</name>
      </input_file>
      <input_file id="fl-8">
         <path>.\lib_PRAC\freertos\src\</path>
         <kind>object</kind>
         <file>event_groups.obj</file>
         <name>event_groups.obj</name>
      </input_file>
      <input_file id="fl-9">
         <path>.\lib_PRAC\freertos\src\</path>
         <kind>object</kind>
         <file>heap_1.obj</file>
         <name>heap_1.obj</name>
      </input_file>
      <input_file id="fl-a">
         <path>.\lib_PRAC\freertos\src\</path>
         <kind>object</kind>
         <file>list.obj</file>
         <name>list.obj</name>
      </input_file>
      <input_file id="fl-b">
         <path>.\lib_PRAC\freertos\src\</path>
         <kind>object</kind>
         <file>queue.obj</file>
         <name>queue.obj</name>
      </input_file>
      <input_file id="fl-c">
         <path>.\lib_PRAC\freertos\src\</path>
         <kind>object</kind>
         <file>tasks.obj</file>
         <name>tasks.obj</name>
      </input_file>
      <input_file id="fl-d">
         <path>.\lib_PRAC\freertos\src\</path>
         <kind>object</kind>
         <file>timers.obj</file>
         <name>timers.obj</name>
      </input_file>
      <input_file id="fl-e">
         <path>.\lib_PRAC\graphics\</path>
         <kind>object</kind>
         <file>button.obj</file>
         <name>button.obj</name>
      </input_file>
      <input_file id="fl-f">
         <path>.\lib_PRAC\graphics\</path>
         <kind>object</kind>
         <file>checkbox.obj</file>
         <name>checkbox.obj</name>
      </input_file>
      <input_file id="fl-10">
         <path>.\lib_PRAC\graphics\</path>
         <kind>object</kind>
         <file>circle.obj</file>
         <name>circle.obj</name>
      </input_file>
      <input_file id="fl-11">
         <path>.\lib_PRAC\graphics\</path>
         <kind>object</kind>
         <file>context.obj</file>
         <name>context.obj</name>
      </input_file>
      <input_file id="fl-12">
         <path>.\lib_PRAC\graphics\</path>
         <kind>object</kind>
         <file>display.obj</file>
         <name>display.obj</name>
      </input_file>
      <input_file id="fl-13">
         <path>.\lib_PRAC\graphics\</path>
         <kind>object</kind>
         <file>fontfixed6x8.obj</file>
         <name>fontfixed6x8.obj</name>
      </input_file>
      <input_file id="fl-14">
         <path>.\lib_PRAC\graphics\</path>
         <kind>object</kind>
         <file>image.obj</file>
         <name>image.obj</name>
      </input_file>
      <input_file id="fl-15">
         <path>.\lib_PRAC\graphics\</path>
         <kind>object</kind>
         <file>imageButton.obj</file>
         <name>imageButton.obj</name>
      </input_file>
      <input_file id="fl-16">
         <path>.\lib_PRAC\graphics\</path>
         <kind>object</kind>
         <file>line.obj</file>
         <name>line.obj</name>
      </input_file>
      <input_file id="fl-17">
         <path>.\lib_PRAC\graphics\</path>
         <kind>object</kind>
         <file>radioButton.obj</file>
         <name>radioButton.obj</name>
      </input_file>
      <input_file id="fl-18">
         <path>.\lib_PRAC\graphics\</path>
         <kind>object</kind>
         <file>rectangle.obj</file>
         <name>rectangle.obj</name>
      </input_file>
      <input_file id="fl-19">
         <path>.\lib_PRAC\graphics\</path>
         <kind>object</kind>
         <file>string.obj</file>
         <name>string.obj</name>
      </input_file>
      <input_file id="fl-1a">
         <path>.\lib_PRAC\msp432\</path>
         <kind>object</kind>
         <file>adc14.obj</file>
         <name>adc14.obj</name>
      </input_file>
      <input_file id="fl-1b">
         <path>.\lib_PRAC\msp432\</path>
         <kind>object</kind>
         <file>aes256.obj</file>
         <name>aes256.obj</name>
      </input_file>
      <input_file id="fl-1c">
         <path>.\lib_PRAC\msp432\</path>
         <kind>object</kind>
         <file>comp_e.obj</file>
         <name>comp_e.obj</name>
      </input_file>
      <input_file id="fl-1d">
         <path>.\lib_PRAC\msp432\</path>
         <kind>object</kind>
         <file>cpu.obj</file>
         <name>cpu.obj</name>
      </input_file>
      <input_file id="fl-1e">
         <path>.\lib_PRAC\msp432\</path>
         <kind>object</kind>
         <file>crc32.obj</file>
         <name>crc32.obj</name>
      </input_file>
      <input_file id="fl-1f">
         <path>.\lib_PRAC\msp432\</path>
         <kind>object</kind>
         <file>cs.obj</file>
         <name>cs.obj</name>
      </input_file>
      <input_file id="fl-20">
         <path>.\lib_PRAC\msp432\</path>
         <kind>object</kind>
         <file>dma.obj</file>
         <name>dma.obj</name>
      </input_file>
      <input_file id="fl-21">
         <path>.\lib_PRAC\msp432\</path>
         <kind>object</kind>
         <file>flash.obj</file>
         <name>flash.obj</name>
      </input_file>
      <input_file id="fl-22">
         <path>.\lib_PRAC\msp432\</path>
         <kind>object</kind>
         <file>fpu.obj</file>
         <name>fpu.obj</name>
      </input_file>
      <input_file id="fl-23">
         <path>.\lib_PRAC\msp432\</path>
         <kind>object</kind>
         <file>gpio.obj</file>
         <name>gpio.obj</name>
      </input_file>
      <input_file id="fl-24">
         <path>.\lib_PRAC\msp432\</path>
         <kind>object</kind>
         <file>i2c.obj</file>
         <name>i2c.obj</name>
      </input_file>
      <input_file id="fl-25">
         <path>.\lib_PRAC\msp432\</path>
         <kind>object</kind>
         <file>interrupt.obj</file>
         <name>interrupt.obj</name>
      </input_file>
      <input_file id="fl-26">
         <path>.\lib_PRAC\msp432\</path>
         <kind>object</kind>
         <file>mpu.obj</file>
         <name>mpu.obj</name>
      </input_file>
      <input_file id="fl-27">
         <path>.\lib_PRAC\msp432\</path>
         <kind>object</kind>
         <file>pcm.obj</file>
         <name>pcm.obj</name>
      </input_file>
      <input_file id="fl-28">
         <path>.\lib_PRAC\msp432\</path>
         <kind>object</kind>
         <file>pmap.obj</file>
         <name>pmap.obj</name>
      </input_file>
      <input_file id="fl-29">
         <path>.\lib_PRAC\msp432\</path>
         <kind>object</kind>
         <file>pss.obj</file>
         <name>pss.obj</name>
      </input_file>
      <input_file id="fl-2a">
         <path>.\lib_PRAC\msp432\</path>
         <kind>object</kind>
         <file>ref_a.obj</file>
         <name>ref_a.obj</name>
      </input_file>
      <input_file id="fl-2b">
         <path>.\lib_PRAC\msp432\</path>
         <kind>object</kind>
         <file>reset.obj</file>
         <name>reset.obj</name>
      </input_file>
      <input_file id="fl-2c">
         <path>.\lib_PRAC\msp432\</path>
         <kind>object</kind>
         <file>rtc_c.obj</file>
         <name>rtc_c.obj</name>
      </input_file>
      <input_file id="fl-2d">
         <path>.\lib_PRAC\msp432\</path>
         <kind>object</kind>
         <file>spi.obj</file>
         <name>spi.obj</name>
      </input_file>
      <input_file id="fl-2e">
         <path>.\lib_PRAC\msp432\</path>
         <kind>object</kind>
         <file>sysctl.obj</file>
         <name>sysctl.obj</name>
      </input_file>
      <input_file id="fl-2f">
         <path>.\lib_PRAC\msp432\</path>
         <kind>object</kind>
         <file>systick.obj</file>
         <name>systick.obj</name>
      </input_file>
      <input_file id="fl-30">
         <path>.\lib_PRAC\msp432\</path>
         <kind>object</kind>
         <file>timer32.obj</file>
         <name>timer32.obj</name>
      </input_file>
      <input_file id="fl-31">
         <path>.\lib_PRAC\msp432\</path>
         <kind>object</kind>
         <file>timer_a.obj</file>
         <name>timer_a.obj</name>
      </input_file>
      <input_file id="fl-32">
         <path>.\lib_PRAC\msp432\</path>
         <kind>object</kind>
         <file>uart.obj</file>
         <name>uart.obj</name>
      </input_file>
      <input_file id="fl-33">
         <path>.\lib_PRAC\msp432\</path>
         <kind>object</kind>
         <file>wdt_a.obj</file>
         <name>wdt_a.obj</name>
      </input_file>
      <input_file id="fl-34">
         <path>.\lib_PRAC\screen\</path>
         <kind>object</kind>
         <file>st7735.obj</file>
         <name>st7735.obj</name>
      </input_file>
      <input_file id="fl-35">
         <path>.\lib_PRAC\screen\</path>
         <kind>object</kind>
         <file>st7735_msp432.obj</file>
         <name>st7735_msp432.obj</name>
      </input_file>
      <input_file id="fl-36">
         <path>.\lib_PRAC\uoc\</path>
         <kind>object</kind>
         <file>circ_buffer.obj</file>
         <name>circ_buffer.obj</name>
      </input_file>
      <input_file id="fl-37">
         <path>.\lib_PRAC\uoc\</path>
         <kind>object</kind>
         <file>edu_boosterpack_accelerometer.obj</file>
         <name>edu_boosterpack_accelerometer.obj</name>
      </input_file>
      <input_file id="fl-38">
         <path>.\lib_PRAC\uoc\</path>
         <kind>object</kind>
         <file>edu_boosterpack_buttons.obj</file>
         <name>edu_boosterpack_buttons.obj</name>
      </input_file>
      <input_file id="fl-39">
         <path>.\lib_PRAC\uoc\</path>
         <kind>object</kind>
         <file>edu_boosterpack_rgb.obj</file>
         <name>edu_boosterpack_rgb.obj</name>
      </input_file>
      <input_file id="fl-3a">
         <path>.\lib_PRAC\uoc\</path>
         <kind>object</kind>
         <file>helper.obj</file>
         <name>helper.obj</name>
      </input_file>
      <input_file id="fl-3b">
         <path>.\lib_PRAC\uoc\</path>
         <kind>object</kind>
         <file>interrupts.obj</file>
         <name>interrupts.obj</name>
      </input_file>
      <input_file id="fl-3c">
         <path>.\lib_PRAC\uoc\</path>
         <kind>object</kind>
         <file>msp432_launchpad_board.obj</file>
         <name>msp432_launchpad_board.obj</name>
      </input_file>
      <input_file id="fl-3d">
         <path>.\lib_PRAC\uoc\</path>
         <kind>object</kind>
         <file>msp432_launchpad_temperature.obj</file>
         <name>msp432_launchpad_temperature.obj</name>
      </input_file>
      <input_file id="fl-3e">
         <path>.\lib_PRAC\uoc\</path>
         <kind>object</kind>
         <file>timer_driver.obj</file>
         <name>timer_driver.obj</name>
      </input_file>
      <input_file id="fl-3f">
         <path>.\lib_PRAC\uoc\</path>
         <kind>object</kind>
         <file>uart_driver.obj</file>
         <name>uart_driver.obj</name>
      </input_file>
      <input_file id="fl-43">
         <kind>object</kind>
         <file>&lt;internal&gt;</file>
         <name>&lt;internal&gt;</name>
      </input_file>
      <input_file id="fl-f9">
         <path>C:\ti\ccs901\ccs\tools\compiler\ti-cgt-arm_18.12.3.LTS\lib\</path>
         <kind>archive</kind>
         <file>rtsv7M4_T_le_v4SPD16_eabi.lib</file>
         <name>e_pow.c.obj</name>
      </input_file>
      <input_file id="fl-fa">
         <path>C:\ti\ccs901\ccs\tools\compiler\ti-cgt-arm_18.12.3.LTS\lib\</path>
         <kind>archive</kind>
         <file>rtsv7M4_T_le_v4SPD16_eabi.lib</file>
         <name>e_sqrt.c.obj</name>
      </input_file>
      <input_file id="fl-fb">
         <path>C:\ti\ccs901\ccs\tools\compiler\ti-cgt-arm_18.12.3.LTS\lib\</path>
         <kind>archive</kind>
         <file>rtsv7M4_T_le_v4SPD16_eabi.lib</file>
         <name>s_scalbn.c.obj</name>
      </input_file>
      <input_file id="fl-fc">
         <path>C:\ti\ccs901\ccs\tools\compiler\ti-cgt-arm_18.12.3.LTS\lib\</path>
         <kind>archive</kind>
         <file>rtsv7M4_T_le_v4SPD16_eabi.lib</file>
         <name>sprintf.c.obj</name>
      </input_file>
      <input_file id="fl-fd">
         <path>C:\ti\ccs901\ccs\tools\compiler\ti-cgt-arm_18.12.3.LTS\lib\</path>
         <kind>archive</kind>
         <file>rtsv7M4_T_le_v4SPD16_eabi.lib</file>
         <name>memset_t2.asm.obj</name>
      </input_file>
      <input_file id="fl-fe">
         <path>C:\ti\ccs901\ccs\tools\compiler\ti-cgt-arm_18.12.3.LTS\lib\</path>
         <kind>archive</kind>
         <file>rtsv7M4_T_le_v4SPD16_eabi.lib</file>
         <name>fd_add_t2.asm.obj</name>
      </input_file>
      <input_file id="fl-ff">
         <path>C:\ti\ccs901\ccs\tools\compiler\ti-cgt-arm_18.12.3.LTS\lib\</path>
         <kind>archive</kind>
         <file>rtsv7M4_T_le_v4SPD16_eabi.lib</file>
         <name>fd_cmp_t2.asm.obj</name>
      </input_file>
      <input_file id="fl-100">
         <path>C:\ti\ccs901\ccs\tools\compiler\ti-cgt-arm_18.12.3.LTS\lib\</path>
         <kind>archive</kind>
         <file>rtsv7M4_T_le_v4SPD16_eabi.lib</file>
         <name>fd_div_t2.asm.obj</name>
      </input_file>
      <input_file id="fl-101">
         <path>C:\ti\ccs901\ccs\tools\compiler\ti-cgt-arm_18.12.3.LTS\lib\</path>
         <kind>archive</kind>
         <file>rtsv7M4_T_le_v4SPD16_eabi.lib</file>
         <name>fd_mul_t2.asm.obj</name>
      </input_file>
      <input_file id="fl-102">
         <path>C:\ti\ccs901\ccs\tools\compiler\ti-cgt-arm_18.12.3.LTS\lib\</path>
         <kind>archive</kind>
         <file>rtsv7M4_T_le_v4SPD16_eabi.lib</file>
         <name>fd_tos_t2.asm.obj</name>
      </input_file>
      <input_file id="fl-103">
         <path>C:\ti\ccs901\ccs\tools\compiler\ti-cgt-arm_18.12.3.LTS\lib\</path>
         <kind>archive</kind>
         <file>rtsv7M4_T_le_v4SPD16_eabi.lib</file>
         <name>fd_tou_t2.asm.obj</name>
      </input_file>
      <input_file id="fl-104">
         <path>C:\ti\ccs901\ccs\tools\compiler\ti-cgt-arm_18.12.3.LTS\lib\</path>
         <kind>archive</kind>
         <file>rtsv7M4_T_le_v4SPD16_eabi.lib</file>
         <name>fs_tod_t2.asm.obj</name>
      </input_file>
      <input_file id="fl-105">
         <path>C:\ti\ccs901\ccs\tools\compiler\ti-cgt-arm_18.12.3.LTS\lib\</path>
         <kind>archive</kind>
         <file>rtsv7M4_T_le_v4SPD16_eabi.lib</file>
         <name>i_tofd_t2.asm.obj</name>
      </input_file>
      <input_file id="fl-106">
         <path>C:\ti\ccs901\ccs\tools\compiler\ti-cgt-arm_18.12.3.LTS\lib\</path>
         <kind>archive</kind>
         <file>rtsv7M4_T_le_v4SPD16_eabi.lib</file>
         <name>memcpy_t2.asm.obj</name>
      </input_file>
      <input_file id="fl-107">
         <path>C:\ti\ccs901\ccs\tools\compiler\ti-cgt-arm_18.12.3.LTS\lib\</path>
         <kind>archive</kind>
         <file>rtsv7M4_T_le_v4SPD16_eabi.lib</file>
         <name>u_tofd_t2.asm.obj</name>
      </input_file>
      <input_file id="fl-108">
         <path>C:\ti\ccs901\ccs\tools\compiler\ti-cgt-arm_18.12.3.LTS\lib\</path>
         <kind>archive</kind>
         <file>rtsv7M4_T_le_v4SPD16_eabi.lib</file>
         <name>copy_zero_init.c.obj</name>
      </input_file>
      <input_file id="fl-109">
         <path>C:\ti\ccs901\ccs\tools\compiler\ti-cgt-arm_18.12.3.LTS\lib\</path>
         <kind>archive</kind>
         <file>rtsv7M4_T_le_v4SPD16_eabi.lib</file>
         <name>copy_decompress_none.c.obj</name>
      </input_file>
      <input_file id="fl-10a">
         <path>C:\ti\ccs901\ccs\tools\compiler\ti-cgt-arm_18.12.3.LTS\lib\</path>
         <kind>archive</kind>
         <file>rtsv7M4_T_le_v4SPD16_eabi.lib</file>
         <name>copy_decompress_lzss.c.obj</name>
      </input_file>
      <input_file id="fl-10b">
         <path>C:\ti\ccs901\ccs\tools\compiler\ti-cgt-arm_18.12.3.LTS\lib\</path>
         <kind>archive</kind>
         <file>rtsv7M4_T_le_v4SPD16_eabi.lib</file>
         <name>atoi.c.obj</name>
      </input_file>
      <input_file id="fl-10c">
         <path>C:\ti\ccs901\ccs\tools\compiler\ti-cgt-arm_18.12.3.LTS\lib\</path>
         <kind>archive</kind>
         <file>rtsv7M4_T_le_v4SPD16_eabi.lib</file>
         <name>ctype.c.obj</name>
      </input_file>
      <input_file id="fl-10d">
         <path>C:\ti\ccs901\ccs\tools\compiler\ti-cgt-arm_18.12.3.LTS\lib\</path>
         <kind>archive</kind>
         <file>rtsv7M4_T_le_v4SPD16_eabi.lib</file>
         <name>strncat.c.obj</name>
      </input_file>
      <input_file id="fl-10e">
         <path>C:\ti\ccs901\ccs\tools\compiler\ti-cgt-arm_18.12.3.LTS\lib\</path>
         <kind>archive</kind>
         <file>rtsv7M4_T_le_v4SPD16_eabi.lib</file>
         <name>errno.c.obj</name>
      </input_file>
      <input_file id="fl-10f">
         <path>C:\ti\ccs901\ccs\tools\compiler\ti-cgt-arm_18.12.3.LTS\lib\</path>
         <kind>archive</kind>
         <file>rtsv7M4_T_le_v4SPD16_eabi.lib</file>
         <name>boot_cortex_m.c.obj</name>
      </input_file>
      <input_file id="fl-110">
         <path>C:\ti\ccs901\ccs\tools\compiler\ti-cgt-arm_18.12.3.LTS\lib\</path>
         <kind>archive</kind>
         <file>rtsv7M4_T_le_v4SPD16_eabi.lib</file>
         <name>s_copysign.c.obj</name>
      </input_file>
      <input_file id="fl-111">
         <path>C:\ti\ccs901\ccs\tools\compiler\ti-cgt-arm_18.12.3.LTS\lib\</path>
         <kind>archive</kind>
         <file>rtsv7M4_T_le_v4SPD16_eabi.lib</file>
         <name>_printfi.c.obj</name>
      </input_file>
      <input_file id="fl-112">
         <path>C:\ti\ccs901\ccs\tools\compiler\ti-cgt-arm_18.12.3.LTS\lib\</path>
         <kind>archive</kind>
         <file>rtsv7M4_T_le_v4SPD16_eabi.lib</file>
         <name>wcslen.c.obj</name>
      </input_file>
      <input_file id="fl-113">
         <path>C:\ti\ccs901\ccs\tools\compiler\ti-cgt-arm_18.12.3.LTS\lib\</path>
         <kind>archive</kind>
         <file>rtsv7M4_T_le_v4SPD16_eabi.lib</file>
         <name>ull_div_t2.asm.obj</name>
      </input_file>
      <input_file id="fl-114">
         <path>C:\ti\ccs901\ccs\tools\compiler\ti-cgt-arm_18.12.3.LTS\lib\</path>
         <kind>archive</kind>
         <file>rtsv7M4_T_le_v4SPD16_eabi.lib</file>
         <name>fd_toi_t2.asm.obj</name>
      </input_file>
      <input_file id="fl-115">
         <path>C:\ti\ccs901\ccs\tools\compiler\ti-cgt-arm_18.12.3.LTS\lib\</path>
         <kind>archive</kind>
         <file>rtsv7M4_T_le_v4SPD16_eabi.lib</file>
         <name>autoinit.c.obj</name>
      </input_file>
      <input_file id="fl-116">
         <path>C:\ti\ccs901\ccs\tools\compiler\ti-cgt-arm_18.12.3.LTS\lib\</path>
         <kind>archive</kind>
         <file>rtsv7M4_T_le_v4SPD16_eabi.lib</file>
         <name>pre_init.c.obj</name>
      </input_file>
      <input_file id="fl-117">
         <path>C:\ti\ccs901\ccs\tools\compiler\ti-cgt-arm_18.12.3.LTS\lib\</path>
         <kind>archive</kind>
         <file>rtsv7M4_T_le_v4SPD16_eabi.lib</file>
         <name>cpy_tbl.c.obj</name>
      </input_file>
      <input_file id="fl-118">
         <path>C:\ti\ccs901\ccs\tools\compiler\ti-cgt-arm_18.12.3.LTS\lib\</path>
         <kind>archive</kind>
         <file>rtsv7M4_T_le_v4SPD16_eabi.lib</file>
         <name>exit.c.obj</name>
      </input_file>
      <input_file id="fl-119">
         <path>C:\ti\ccs901\ccs\tools\compiler\ti-cgt-arm_18.12.3.LTS\lib\</path>
         <kind>archive</kind>
         <file>rtsv7M4_T_le_v4SPD16_eabi.lib</file>
         <name>_lock.c.obj</name>
      </input_file>
      <input_file id="fl-11a">
         <path>C:\ti\ccs901\ccs\tools\compiler\ti-cgt-arm_18.12.3.LTS\lib\</path>
         <kind>archive</kind>
         <file>rtsv7M4_T_le_v4SPD16_eabi.lib</file>
         <name>args_main.c.obj</name>
      </input_file>
      <input_file id="fl-11b">
         <path>C:\ti\ccs901\ccs\tools\compiler\ti-cgt-arm_18.12.3.LTS\lib\</path>
         <kind>archive</kind>
         <file>rtsv7M4_T_le_v4SPD16_eabi.lib</file>
         <name>ltoa.c.obj</name>
      </input_file>
      <input_file id="fl-11c">
         <path>C:\ti\ccs901\ccs\tools\compiler\ti-cgt-arm_18.12.3.LTS\lib\</path>
         <kind>archive</kind>
         <file>rtsv7M4_T_le_v4SPD16_eabi.lib</file>
         <name>memccpy.c.obj</name>
      </input_file>
      <input_file id="fl-11d">
         <path>C:\ti\ccs901\ccs\tools\compiler\ti-cgt-arm_18.12.3.LTS\lib\</path>
         <kind>archive</kind>
         <file>rtsv7M4_T_le_v4SPD16_eabi.lib</file>
         <name>strchr.c.obj</name>
      </input_file>
      <input_file id="fl-11e">
         <path>C:\ti\ccs901\ccs\tools\compiler\ti-cgt-arm_18.12.3.LTS\lib\</path>
         <kind>archive</kind>
         <file>rtsv7M4_T_le_v4SPD16_eabi.lib</file>
         <name>strlen.c.obj</name>
      </input_file>
      <input_file id="fl-11f">
         <path>C:\ti\ccs901\ccs\tools\compiler\ti-cgt-arm_18.12.3.LTS\lib\</path>
         <kind>archive</kind>
         <file>rtsv7M4_T_le_v4SPD16_eabi.lib</file>
         <name>s_frexp.c.obj</name>
      </input_file>
      <input_file id="fl-120">
         <path>C:\ti\ccs901\ccs\tools\compiler\ti-cgt-arm_18.12.3.LTS\lib\</path>
         <kind>archive</kind>
         <file>rtsv7M4_T_le_v4SPD16_eabi.lib</file>
         <name>div0.asm.obj</name>
      </input_file>
   </input_file_list>
   <object_component_list>
      <object_component id="oc-10">
         <name>.intvecs:retain</name>
         <load_address>0x0</load_address>
         <run_address>0x0</run_address>
         <size>0x144</size>
         <input_file_ref idref="fl-3"/>
      </object_component>
      <object_component id="oc-95">
         <name>.text</name>
         <load_address>0x144</load_address>
         <run_address>0x144</run_address>
         <size>0x1a0c</size>
         <input_file_ref idref="fl-c"/>
      </object_component>
      <object_component id="oc-307">
         <name>.text</name>
         <load_address>0x1b50</load_address>
         <run_address>0x1b50</run_address>
         <size>0x159c</size>
         <input_file_ref idref="fl-21"/>
      </object_component>
      <object_component id="oc-9c">
         <name>.text</name>
         <load_address>0x30ec</load_address>
         <run_address>0x30ec</run_address>
         <size>0xd7c</size>
         <input_file_ref idref="fl-1f"/>
      </object_component>
      <object_component id="oc-201">
         <name>.text</name>
         <load_address>0x3e68</load_address>
         <run_address>0x3e68</run_address>
         <size>0xca4</size>
         <input_file_ref idref="fl-b"/>
      </object_component>
      <object_component id="oc-355">
         <name>.text:__TI_printfi</name>
         <load_address>0x4b0c</load_address>
         <run_address>0x4b0c</run_address>
         <size>0xa4e</size>
         <input_file_ref idref="fl-111"/>
      </object_component>
      <object_component id="oc-545">
         <name>.text</name>
         <load_address>0x555a</load_address>
         <run_address>0x555a</run_address>
         <size>0x2</size>
         <input_file_ref idref="fl-120"/>
      </object_component>
      <object_component id="oc-f7">
         <name>.text</name>
         <load_address>0x555c</load_address>
         <run_address>0x555c</run_address>
         <size>0x8d4</size>
         <input_file_ref idref="fl-1a"/>
      </object_component>
      <object_component id="oc-3dc">
         <name>.text</name>
         <load_address>0x5e30</load_address>
         <run_address>0x5e30</run_address>
         <size>0x8a4</size>
         <input_file_ref idref="fl-2d"/>
      </object_component>
      <object_component id="oc-301">
         <name>.text</name>
         <load_address>0x66d4</load_address>
         <run_address>0x66d4</run_address>
         <size>0x838</size>
         <input_file_ref idref="fl-27"/>
      </object_component>
      <object_component id="oc-322">
         <name>.text</name>
         <load_address>0x6f0c</load_address>
         <run_address>0x6f0c</run_address>
         <size>0x798</size>
         <input_file_ref idref="fl-31"/>
      </object_component>
      <object_component id="oc-134">
         <name>.text</name>
         <load_address>0x76a4</load_address>
         <run_address>0x76a4</run_address>
         <size>0x684</size>
         <input_file_ref idref="fl-2"/>
      </object_component>
      <object_component id="oc-213">
         <name>.text</name>
         <load_address>0x7d28</load_address>
         <run_address>0x7d28</run_address>
         <size>0x678</size>
         <input_file_ref idref="fl-34"/>
      </object_component>
      <object_component id="oc-21f">
         <name>.text</name>
         <load_address>0x83a0</load_address>
         <run_address>0x83a0</run_address>
         <size>0x630</size>
         <input_file_ref idref="fl-19"/>
      </object_component>
      <object_component id="oc-3b4">
         <name>.text</name>
         <load_address>0x89d0</load_address>
         <run_address>0x89d0</run_address>
         <size>0x508</size>
         <input_file_ref idref="fl-2c"/>
      </object_component>
      <object_component id="oc-34d">
         <name>.text</name>
         <load_address>0x8ed8</load_address>
         <run_address>0x8ed8</run_address>
         <size>0x490</size>
         <input_file_ref idref="fl-16"/>
      </object_component>
      <object_component id="oc-b6">
         <name>.text</name>
         <load_address>0x9368</load_address>
         <run_address>0x9368</run_address>
         <size>0x480</size>
         <input_file_ref idref="fl-23"/>
      </object_component>
      <object_component id="oc-bc">
         <name>.text</name>
         <load_address>0x97e8</load_address>
         <run_address>0x97e8</run_address>
         <size>0x41c</size>
         <input_file_ref idref="fl-32"/>
      </object_component>
      <object_component id="oc-c2">
         <name>.text</name>
         <load_address>0x9c04</load_address>
         <run_address>0x9c04</run_address>
         <size>0x3f0</size>
         <input_file_ref idref="fl-25"/>
      </object_component>
      <object_component id="oc-207">
         <name>.text</name>
         <load_address>0x9ff4</load_address>
         <run_address>0x9ff4</run_address>
         <size>0x3b0</size>
         <input_file_ref idref="fl-3c"/>
      </object_component>
      <object_component id="oc-82">
         <name>.text</name>
         <load_address>0xa3a4</load_address>
         <run_address>0xa3a4</run_address>
         <size>0x328</size>
         <input_file_ref idref="fl-4"/>
      </object_component>
      <object_component id="oc-30">
         <name>.text</name>
         <load_address>0xa6cc</load_address>
         <run_address>0xa6cc</run_address>
         <size>0x288</size>
         <input_file_ref idref="fl-5"/>
      </object_component>
      <object_component id="oc-41f">
         <name>.text:_pconv_a</name>
         <load_address>0xa954</load_address>
         <run_address>0xa954</run_address>
         <size>0x270</size>
         <input_file_ref idref="fl-111"/>
      </object_component>
      <object_component id="oc-219">
         <name>.text</name>
         <load_address>0xabc4</load_address>
         <run_address>0xabc4</run_address>
         <size>0x266</size>
         <input_file_ref idref="fl-11"/>
      </object_component>
      <object_component id="oc-14a">
         <name>.text</name>
         <load_address>0xae2c</load_address>
         <run_address>0xae2c</run_address>
         <size>0x244</size>
         <input_file_ref idref="fl-2e"/>
      </object_component>
      <object_component id="oc-40d">
         <name>.text:_pconv_g</name>
         <load_address>0xb070</load_address>
         <run_address>0xb070</run_address>
         <size>0x1d0</size>
         <input_file_ref idref="fl-111"/>
      </object_component>
      <object_component id="oc-4da">
         <name>.text</name>
         <load_address>0xb240</load_address>
         <run_address>0xb240</run_address>
         <size>0x1b6</size>
         <input_file_ref idref="fl-fe"/>
      </object_component>
      <object_component id="oc-36">
         <name>.text</name>
         <load_address>0xb3f8</load_address>
         <run_address>0xb3f8</run_address>
         <size>0x1ac</size>
         <input_file_ref idref="fl-3f"/>
      </object_component>
      <object_component id="oc-20d">
         <name>.text</name>
         <load_address>0xb5a4</load_address>
         <run_address>0xb5a4</run_address>
         <size>0x180</size>
         <input_file_ref idref="fl-39"/>
      </object_component>
      <object_component id="oc-419">
         <name>.text:_pconv_e</name>
         <load_address>0xb724</load_address>
         <run_address>0xb724</run_address>
         <size>0x13c</size>
         <input_file_ref idref="fl-111"/>
      </object_component>
      <object_component id="oc-4c0">
         <name>.text</name>
         <load_address>0xb860</load_address>
         <run_address>0xb860</run_address>
         <size>0x136</size>
         <input_file_ref idref="fl-100"/>
      </object_component>
      <object_component id="oc-345">
         <name>.text</name>
         <load_address>0xb996</load_address>
         <run_address>0xb996</run_address>
         <size>0x134</size>
         <input_file_ref idref="fl-12"/>
      </object_component>
      <object_component id="oc-167">
         <name>.text</name>
         <load_address>0xbaca</load_address>
         <run_address>0xbaca</run_address>
         <size>0x12a</size>
         <input_file_ref idref="fl-a"/>
      </object_component>
      <object_component id="oc-4ec">
         <name>.text:fcvt</name>
         <load_address>0xbbf4</load_address>
         <run_address>0xbbf4</run_address>
         <size>0x124</size>
         <input_file_ref idref="fl-111"/>
      </object_component>
      <object_component id="oc-500">
         <name>.text:scalbn</name>
         <load_address>0xbd18</load_address>
         <run_address>0xbd18</run_address>
         <size>0x110</size>
         <input_file_ref idref="fl-fb"/>
      </object_component>
      <object_component id="oc-3c">
         <name>.text</name>
         <load_address>0xbe28</load_address>
         <run_address>0xbe28</run_address>
         <size>0x104</size>
         <input_file_ref idref="fl-37"/>
      </object_component>
      <object_component id="oc-4bb">
         <name>.text</name>
         <load_address>0xbf2c</load_address>
         <run_address>0xbf2c</run_address>
         <size>0xfc</size>
         <input_file_ref idref="fl-101"/>
      </object_component>
      <object_component id="oc-c8">
         <name>.text</name>
         <load_address>0xc028</load_address>
         <run_address>0xc028</run_address>
         <size>0xfa</size>
         <input_file_ref idref="fl-36"/>
      </object_component>
      <object_component id="oc-88">
         <name>.text</name>
         <load_address>0xc124</load_address>
         <run_address>0xc124</run_address>
         <size>0xd8</size>
         <input_file_ref idref="fl-33"/>
      </object_component>
      <object_component id="oc-2b">
         <name>.text</name>
         <load_address>0xc1fc</load_address>
         <run_address>0xc1fc</run_address>
         <size>0xd2</size>
         <input_file_ref idref="fl-6"/>
      </object_component>
      <object_component id="oc-f1">
         <name>.text</name>
         <load_address>0xc2d0</load_address>
         <run_address>0xc2d0</run_address>
         <size>0xcc</size>
         <input_file_ref idref="fl-2a"/>
      </object_component>
      <object_component id="oc-332">
         <name>.text</name>
         <load_address>0xc39c</load_address>
         <run_address>0xc39c</run_address>
         <size>0xcc</size>
         <input_file_ref idref="fl-35"/>
      </object_component>
      <object_component id="oc-2fb">
         <name>.text</name>
         <load_address>0xc468</load_address>
         <run_address>0xc468</run_address>
         <size>0xc0</size>
         <input_file_ref idref="fl-22"/>
      </object_component>
      <object_component id="oc-161">
         <name>.text</name>
         <load_address>0xc528</load_address>
         <run_address>0xc528</run_address>
         <size>0xb4</size>
         <input_file_ref idref="fl-9"/>
      </object_component>
      <object_component id="oc-402">
         <name>.text:_ltostr</name>
         <load_address>0xc5dc</load_address>
         <run_address>0xc5dc</run_address>
         <size>0xb1</size>
         <input_file_ref idref="fl-111"/>
      </object_component>
      <object_component id="oc-50">
         <name>.text</name>
         <load_address>0xc68e</load_address>
         <run_address>0xc68e</run_address>
         <size>0x9c</size>
         <input_file_ref idref="fl-106"/>
      </object_component>
      <object_component id="oc-4b4">
         <name>.text</name>
         <load_address>0xc72a</load_address>
         <run_address>0xc72a</run_address>
         <size>0x96</size>
         <input_file_ref idref="fl-113"/>
      </object_component>
      <object_component id="oc-408">
         <name>.text:__aeabi_cdcmple</name>
         <load_address>0xc7c0</load_address>
         <run_address>0xc7c0</run_address>
         <size>0x86</size>
         <input_file_ref idref="fl-ff"/>
      </object_component>
      <object_component id="oc-4c5">
         <name>.text:__aeabi_cdrcmple</name>
         <load_address>0xc846</load_address>
         <run_address>0xc846</run_address>
         <size>0x86</size>
         <input_file_ref idref="fl-ff"/>
      </object_component>
      <object_component id="oc-ec">
         <name>.text</name>
         <load_address>0xc8cc</load_address>
         <run_address>0xc8cc</run_address>
         <size>0x7a</size>
         <input_file_ref idref="fl-fd"/>
      </object_component>
      <object_component id="oc-4e5">
         <name>.text:_mcpy</name>
         <load_address>0xc946</load_address>
         <run_address>0xc946</run_address>
         <size>0x6e</size>
         <input_file_ref idref="fl-111"/>
      </object_component>
      <object_component id="oc-13">
         <name>.text:decompress:lzss:__TI_decompress_lzss</name>
         <load_address>0xc9b4</load_address>
         <run_address>0xc9b4</run_address>
         <size>0x68</size>
         <input_file_ref idref="fl-10a"/>
      </object_component>
      <object_component id="oc-31c">
         <name>.text</name>
         <load_address>0xca1c</load_address>
         <run_address>0xca1c</run_address>
         <size>0x68</size>
         <input_file_ref idref="fl-28"/>
      </object_component>
      <object_component id="oc-4fa">
         <name>.text:frexp</name>
         <load_address>0xca84</load_address>
         <run_address>0xca84</run_address>
         <size>0x64</size>
         <input_file_ref idref="fl-11f"/>
      </object_component>
      <object_component id="oc-413">
         <name>.text:_pconv_f</name>
         <load_address>0xcae8</load_address>
         <run_address>0xcae8</run_address>
         <size>0x56</size>
         <input_file_ref idref="fl-111"/>
      </object_component>
      <object_component id="oc-4cf">
         <name>.text:ltoa</name>
         <load_address>0xcb3e</load_address>
         <run_address>0xcb3e</run_address>
         <size>0x54</size>
         <input_file_ref idref="fl-11b"/>
      </object_component>
      <object_component id="oc-4df">
         <name>.text:_ecpy</name>
         <load_address>0xcb92</load_address>
         <run_address>0xcb92</run_address>
         <size>0x52</size>
         <input_file_ref idref="fl-111"/>
      </object_component>
      <object_component id="oc-244">
         <name>.text:atoi</name>
         <load_address>0xcbe4</load_address>
         <run_address>0xcbe4</run_address>
         <size>0x4c</size>
         <input_file_ref idref="fl-10b"/>
      </object_component>
      <object_component id="oc-4ca">
         <name>.text</name>
         <load_address>0xcc30</load_address>
         <run_address>0xcc30</run_address>
         <size>0x48</size>
         <input_file_ref idref="fl-114"/>
      </object_component>
      <object_component id="oc-25e">
         <name>.text:__TI_auto_init_nobinit_nopinit:__TI_auto_init_nobinit_nopinit</name>
         <load_address>0xcc78</load_address>
         <run_address>0xcc78</run_address>
         <size>0x44</size>
         <input_file_ref idref="fl-115"/>
      </object_component>
      <object_component id="oc-225">
         <name>.text:sprintf</name>
         <load_address>0xccbc</load_address>
         <run_address>0xccbc</run_address>
         <size>0x40</size>
         <input_file_ref idref="fl-fc"/>
      </object_component>
      <object_component id="oc-4f2">
         <name>.text:_fcpy</name>
         <load_address>0xccfc</load_address>
         <run_address>0xccfc</run_address>
         <size>0x3e</size>
         <input_file_ref idref="fl-111"/>
      </object_component>
      <object_component id="oc-1a7">
         <name>.text</name>
         <load_address>0xcd3a</load_address>
         <run_address>0xcd3a</run_address>
         <size>0x3e</size>
         <input_file_ref idref="fl-1d"/>
      </object_component>
      <object_component id="oc-6e">
         <name>.text:_c_int00_noargs:_c_int00_noargs</name>
         <load_address>0xcd78</load_address>
         <run_address>0xcd78</run_address>
         <size>0x34</size>
         <input_file_ref idref="fl-10f"/>
      </object_component>
      <object_component id="oc-4d5">
         <name>.text</name>
         <load_address>0xcdac</load_address>
         <run_address>0xcdac</run_address>
         <size>0x2e</size>
         <input_file_ref idref="fl-105"/>
      </object_component>
      <object_component id="oc-23e">
         <name>.text:strncat</name>
         <load_address>0xcdda</load_address>
         <run_address>0xcdda</run_address>
         <size>0x2e</size>
         <input_file_ref idref="fl-10d"/>
      </object_component>
      <object_component id="oc-1c4">
         <name>.text</name>
         <load_address>0xce08</load_address>
         <run_address>0xce08</run_address>
         <size>0x22</size>
         <input_file_ref idref="fl-3b"/>
      </object_component>
      <object_component id="oc-425">
         <name>.text:memccpy</name>
         <load_address>0xce2a</load_address>
         <run_address>0xce2a</run_address>
         <size>0x1c</size>
         <input_file_ref idref="fl-11c"/>
      </object_component>
      <object_component id="oc-55e">
         <name>.text:copysign</name>
         <load_address>0xce46</load_address>
         <run_address>0xce46</run_address>
         <size>0x1a</size>
         <input_file_ref idref="fl-110"/>
      </object_component>
      <object_component id="oc-35b">
         <name>.text:_outs</name>
         <load_address>0xce60</load_address>
         <run_address>0xce60</run_address>
         <size>0x18</size>
         <input_file_ref idref="fl-fc"/>
      </object_component>
      <object_component id="oc-25">
         <name>.text</name>
         <load_address>0xce78</load_address>
         <run_address>0xce78</run_address>
         <size>0x16</size>
         <input_file_ref idref="fl-3"/>
      </object_component>
      <object_component id="oc-506">
         <name>.text:strchr</name>
         <load_address>0xce8e</load_address>
         <run_address>0xce8e</run_address>
         <size>0x16</size>
         <input_file_ref idref="fl-11d"/>
      </object_component>
      <object_component id="oc-3fc">
         <name>.text:strlen</name>
         <load_address>0xcea4</load_address>
         <run_address>0xcea4</run_address>
         <size>0x14</size>
         <input_file_ref idref="fl-11e"/>
      </object_component>
      <object_component id="oc-42b">
         <name>.text:wcslen</name>
         <load_address>0xceb8</load_address>
         <run_address>0xceb8</run_address>
         <size>0x12</size>
         <input_file_ref idref="fl-112"/>
      </object_component>
      <object_component id="oc-19">
         <name>.text:decompress:none:__TI_decompress_none</name>
         <load_address>0xceca</load_address>
         <run_address>0xceca</run_address>
         <size>0xe</size>
         <input_file_ref idref="fl-109"/>
      </object_component>
      <object_component id="oc-62">
         <name>.text:decompress:ZI:__TI_zero_init</name>
         <load_address>0xced8</load_address>
         <run_address>0xced8</run_address>
         <size>0xc</size>
         <input_file_ref idref="fl-108"/>
      </object_component>
      <object_component id="oc-361">
         <name>.text:_outc</name>
         <load_address>0xcee4</load_address>
         <run_address>0xcee4</run_address>
         <size>0xa</size>
         <input_file_ref idref="fl-fc"/>
      </object_component>
      <object_component id="oc-431">
         <name>.text:__aeabi_errno_addr</name>
         <load_address>0xcef0</load_address>
         <run_address>0xcef0</run_address>
         <size>0x8</size>
         <input_file_ref idref="fl-10e"/>
      </object_component>
      <object_component id="oc-12e">
         <name>.text:_system_pre_init</name>
         <load_address>0xcef8</load_address>
         <run_address>0xcef8</run_address>
         <size>0x4</size>
         <input_file_ref idref="fl-116"/>
      </object_component>
      <object_component id="oc-252">
         <name>.text:abort:abort</name>
         <load_address>0xcefc</load_address>
         <run_address>0xcefc</run_address>
         <size>0x4</size>
         <input_file_ref idref="fl-118"/>
      </object_component>
      <object_component id="oc-372">
         <name>.const:.string:g_pucFontFixed6x8Data</name>
         <load_address>0xcf00</load_address>
         <run_address>0xcf00</run_address>
         <size>0x2f8</size>
         <input_file_ref idref="fl-13"/>
      </object_component>
      <object_component id="oc-37c">
         <name>.const:.string:_ctypes_</name>
         <load_address>0xd1f8</load_address>
         <run_address>0xd1f8</run_address>
         <size>0x101</size>
         <input_file_ref idref="fl-10c"/>
      </object_component>
      <object_component id="oc-234">
         <name>.const:g_sFontFixed6x8</name>
         <load_address>0xd2fc</load_address>
         <run_address>0xd2fc</run_address>
         <size>0xc8</size>
         <input_file_ref idref="fl-13"/>
      </object_component>
      <object_component id="oc-1e6">
         <name>.const:_ctlRegs</name>
         <load_address>0xd3c4</load_address>
         <run_address>0xd3c4</run_address>
         <size>0x80</size>
         <input_file_ref idref="fl-1a"/>
      </object_component>
      <object_component id="oc-1b3">
         <name>.const:g_pulRegs</name>
         <load_address>0xd444</load_address>
         <run_address>0xd444</run_address>
         <size>0x50</size>
         <input_file_ref idref="fl-25"/>
      </object_component>
      <object_component id="oc-32e">
         <name>.const:leds</name>
         <load_address>0xd494</load_address>
         <run_address>0xd494</run_address>
         <size>0x30</size>
         <input_file_ref idref="fl-39"/>
      </object_component>
      <object_component id="oc-231">
         <name>.const:g_sCrystalfontz128x128</name>
         <load_address>0xd4c4</load_address>
         <run_address>0xd4c4</run_address>
         <size>0x2c</size>
         <input_file_ref idref="fl-34"/>
      </object_component>
      <object_component id="oc-ce">
         <name>.const:uart_config</name>
         <load_address>0xd4f0</load_address>
         <run_address>0xd4f0</run_address>
         <size>0x24</size>
         <input_file_ref idref="fl-3f"/>
      </object_component>
      <object_component id="oc-1b0">
         <name>.const:g_pulPriority</name>
         <load_address>0xd514</load_address>
         <run_address>0xd514</run_address>
         <size>0x20</size>
         <input_file_ref idref="fl-25"/>
      </object_component>
      <object_component id="oc-3e2">
         <name>.const:$P$T0$1</name>
         <load_address>0xd534</load_address>
         <run_address>0xd534</run_address>
         <size>0x1c</size>
         <input_file_ref idref="fl-35"/>
      </object_component>
      <object_component id="oc-1a0">
         <name>.const:GPIO_PORT_TO_INT</name>
         <load_address>0xd550</load_address>
         <run_address>0xd550</run_address>
         <size>0x1c</size>
         <input_file_ref idref="fl-23"/>
      </object_component>
      <object_component id="oc-341">
         <name>.const:$P$T0$1</name>
         <load_address>0xd56c</load_address>
         <run_address>0xd56c</run_address>
         <size>0x8</size>
         <input_file_ref idref="fl-34"/>
      </object_component>
      <object_component id="oc-328">
         <name>.const:.string:port2_remapping</name>
         <load_address>0xd574</load_address>
         <run_address>0xd574</run_address>
         <size>0x8</size>
         <input_file_ref idref="fl-39"/>
      </object_component>
      <object_component id="oc-32b">
         <name>.const:.string:port5_remapping</name>
         <load_address>0xd57c</load_address>
         <run_address>0xd57c</run_address>
         <size>0x8</size>
         <input_file_ref idref="fl-39"/>
      </object_component>
      <object_component id="oc-1b9">
         <name>.const:g_pulDisRegs</name>
         <load_address>0xd584</load_address>
         <run_address>0xd584</run_address>
         <size>0x8</size>
         <input_file_ref idref="fl-25"/>
      </object_component>
      <object_component id="oc-1b6">
         <name>.const:g_pulEnRegs</name>
         <load_address>0xd58c</load_address>
         <run_address>0xd58c</run_address>
         <size>0x8</size>
         <input_file_ref idref="fl-25"/>
      </object_component>
      <object_component id="oc-1bc">
         <name>.const:g_pulPendRegs</name>
         <load_address>0xd594</load_address>
         <run_address>0xd594</run_address>
         <size>0x8</size>
         <input_file_ref idref="fl-25"/>
      </object_component>
      <object_component id="oc-1bf">
         <name>.const:g_pulUnpendRegs</name>
         <load_address>0xd59c</load_address>
         <run_address>0xd59c</run_address>
         <size>0x8</size>
         <input_file_ref idref="fl-25"/>
      </object_component>
      <object_component id="oc-92">
         <name>.const</name>
         <load_address>0xd5a4</load_address>
         <run_address>0xd5a4</run_address>
         <size>0x8</size>
         <input_file_ref idref="fl-5"/>
      </object_component>
      <object_component id="oc-5b3">
         <name>.cinit..data.load</name>
         <load_address>0xd5b0</load_address>
         <run_address>0xd5b0</run_address>
         <size>0xa9</size>
      </object_component>
      <object_component id="oc-5b0">
         <name>__TI_handler_table</name>
         <load_address>0xd65c</load_address>
         <run_address>0xd65c</run_address>
         <size>0xc</size>
      </object_component>
      <object_component id="oc-5b4">
         <name>.cinit..bss.load</name>
         <load_address>0xd668</load_address>
         <run_address>0xd668</run_address>
         <size>0x8</size>
      </object_component>
      <object_component id="oc-5b2">
         <name>.cinit..vtable.load</name>
         <load_address>0xd670</load_address>
         <run_address>0xd670</run_address>
         <size>0x8</size>
      </object_component>
      <object_component id="oc-5b1">
         <name>__TI_cinit_table</name>
         <load_address>0xd678</load_address>
         <run_address>0xd678</run_address>
         <size>0x18</size>
      </object_component>
      <object_component id="oc-1ad">
         <name>.vtable</name>
         <uninitialized>true</uninitialized>
         <run_address>0x20000000</run_address>
         <size>0xe4</size>
         <input_file_ref idref="fl-25"/>
      </object_component>
      <object_component id="oc-23b">
         <name>.data</name>
         <load_address>0x2000c7a0</load_address>
         <run_address>0x2000c7a0</run_address>
         <size>0x1</size>
         <input_file_ref idref="fl-2"/>
      </object_component>
      <object_component id="oc-146">
         <name>.data</name>
         <load_address>0x2000c79c</load_address>
         <run_address>0x2000c79c</run_address>
         <size>0x4</size>
         <input_file_ref idref="fl-4"/>
      </object_component>
      <object_component id="oc-a2">
         <name>.data</name>
         <load_address>0x2000c784</load_address>
         <run_address>0x2000c784</run_address>
         <size>0xc</size>
         <input_file_ref idref="fl-5"/>
      </object_component>
      <object_component id="oc-2a7">
         <name>.data</name>
         <load_address>0x2000c790</load_address>
         <run_address>0x2000c790</run_address>
         <size>0x8</size>
         <input_file_ref idref="fl-9"/>
      </object_component>
      <object_component id="oc-8f">
         <name>.data</name>
         <load_address>0x2000c6a0</load_address>
         <run_address>0x2000c6a0</run_address>
         <size>0x34</size>
         <input_file_ref idref="fl-c"/>
      </object_component>
      <object_component id="oc-3bc">
         <name>.data:__getBurstProgramRegs</name>
         <load_address>0x2000c660</load_address>
         <run_address>0x2000c660</run_address>
         <size>0x40</size>
         <input_file_ref idref="fl-21"/>
      </object_component>
      <object_component id="oc-19d">
         <name>.data:GPIO_PORT_TO_BASE</name>
         <load_address>0x2000c6d4</load_address>
         <run_address>0x2000c6d4</run_address>
         <size>0x30</size>
         <input_file_ref idref="fl-23"/>
      </object_component>
      <object_component id="oc-3d1">
         <name>.data:led_red_pwm_cfg</name>
         <load_address>0x2000c74c</load_address>
         <run_address>0x2000c74c</run_address>
         <size>0x18</size>
         <input_file_ref idref="fl-39"/>
      </object_component>
      <object_component id="oc-3d4">
         <name>.data:led_green_pwm_cfg</name>
         <load_address>0x2000c734</load_address>
         <run_address>0x2000c734</run_address>
         <size>0x18</size>
         <input_file_ref idref="fl-39"/>
      </object_component>
      <object_component id="oc-3d7">
         <name>.data:led_blue_pwm_cfg</name>
         <load_address>0x2000c71c</load_address>
         <run_address>0x2000c71c</run_address>
         <size>0x18</size>
         <input_file_ref idref="fl-39"/>
      </object_component>
      <object_component id="oc-310">
         <name>.data:leds</name>
         <load_address>0x2000c774</load_address>
         <run_address>0x2000c774</run_address>
         <size>0x10</size>
         <input_file_ref idref="fl-3c"/>
      </object_component>
      <object_component id="oc-30d">
         <name>.data:buttons</name>
         <load_address>0x2000c704</load_address>
         <run_address>0x2000c704</run_address>
         <size>0x18</size>
         <input_file_ref idref="fl-3c"/>
      </object_component>
      <object_component id="oc-313">
         <name>.data:debug</name>
         <load_address>0x2000c764</load_address>
         <run_address>0x2000c764</run_address>
         <size>0x10</size>
         <input_file_ref idref="fl-3c"/>
      </object_component>
      <object_component id="oc-516">
         <name>.data</name>
         <load_address>0x2000c798</load_address>
         <run_address>0x2000c798</run_address>
         <size>0x4</size>
         <input_file_ref idref="fl-10e"/>
      </object_component>
      <object_component id="oc-22e">
         <name>.bss:g_sContext</name>
         <uninitialized>true</uninitialized>
         <run_address>0x2000c570</run_address>
         <size>0x1c</size>
         <input_file_ref idref="fl-2"/>
      </object_component>
      <object_component id="oc-2aa">
         <name>.bss:ucHeap</name>
         <uninitialized>true</uninitialized>
         <run_address>0x200000e4</run_address>
         <size>0xc000</size>
         <input_file_ref idref="fl-9"/>
      </object_component>
      <object_component id="oc-16d">
         <name>.bss:pxReadyTasksLists</name>
         <uninitialized>true</uninitialized>
         <run_address>0x2000c4e4</run_address>
         <size>0x8c</size>
         <input_file_ref idref="fl-c"/>
      </object_component>
      <object_component id="oc-17c">
         <name>.bss:xDelayedTaskList1</name>
         <uninitialized>true</uninitialized>
         <run_address>0x2000c58c</run_address>
         <size>0x14</size>
         <input_file_ref idref="fl-c"/>
      </object_component>
      <object_component id="oc-17f">
         <name>.bss:xDelayedTaskList2</name>
         <uninitialized>true</uninitialized>
         <run_address>0x2000c5a0</run_address>
         <size>0x14</size>
         <input_file_ref idref="fl-c"/>
      </object_component>
      <object_component id="oc-173">
         <name>.bss</name>
         <uninitialized>true</uninitialized>
         <run_address>0x2000c61c</run_address>
         <size>0x8</size>
         <input_file_ref idref="fl-c"/>
      </object_component>
      <object_component id="oc-179">
         <name>.bss:xPendingReadyList</name>
         <uninitialized>true</uninitialized>
         <run_address>0x2000c5b4</run_address>
         <size>0x14</size>
         <input_file_ref idref="fl-c"/>
      </object_component>
      <object_component id="oc-170">
         <name>.bss:xTasksWaitingTermination</name>
         <uninitialized>true</uninitialized>
         <run_address>0x2000c5dc</run_address>
         <size>0x14</size>
         <input_file_ref idref="fl-c"/>
      </object_component>
      <object_component id="oc-176">
         <name>.bss:xSuspendedTaskList</name>
         <uninitialized>true</uninitialized>
         <run_address>0x2000c5c8</run_address>
         <size>0x14</size>
         <input_file_ref idref="fl-c"/>
      </object_component>
      <object_component id="oc-183">
         <name>.bss</name>
         <uninitialized>true</uninitialized>
         <run_address>0x2000c614</run_address>
         <size>0x8</size>
         <input_file_ref idref="fl-1f"/>
      </object_component>
      <object_component id="oc-d4">
         <name>.bss:uart_tx_buffer</name>
         <uninitialized>true</uninitialized>
         <run_address>0x2000c2e4</run_address>
         <size>0x200</size>
         <input_file_ref idref="fl-3f"/>
      </object_component>
      <object_component id="oc-da">
         <name>.bss:uart_rx_buffer</name>
         <uninitialized>true</uninitialized>
         <run_address>0x2000c0e4</run_address>
         <size>0x200</size>
         <input_file_ref idref="fl-3f"/>
      </object_component>
      <object_component id="oc-d1">
         <name>.bss:buffer_tx</name>
         <uninitialized>true</uninitialized>
         <run_address>0x2000c5fc</run_address>
         <size>0xc</size>
         <input_file_ref idref="fl-3f"/>
      </object_component>
      <object_component id="oc-d7">
         <name>.bss:buffer_rx</name>
         <uninitialized>true</uninitialized>
         <run_address>0x2000c5f0</run_address>
         <size>0xc</size>
         <input_file_ref idref="fl-3f"/>
      </object_component>
      <object_component id="oc-dd">
         <name>.bss</name>
         <uninitialized>true</uninitialized>
         <run_address>0x2000c634</run_address>
         <size>0x4</size>
         <input_file_ref idref="fl-3f"/>
      </object_component>
      <object_component id="oc-22b">
         <name>.common:xRunUARTReadingTaskSemaphore</name>
         <uninitialized>true</uninitialized>
         <run_address>0x2000c650</run_address>
         <size>0x4</size>
      </object_component>
      <object_component id="oc-237">
         <name>.common:xRunADCTaskSemaphore</name>
         <uninitialized>true</uninitialized>
         <run_address>0x2000c64c</run_address>
         <size>0x4</size>
      </object_component>
      <object_component id="oc-238">
         <name>.common:xADCReadingAvailableSemaphore</name>
         <uninitialized>true</uninitialized>
         <run_address>0x2000c63c</run_address>
         <size>0x4</size>
      </object_component>
      <object_component id="oc-22c">
         <name>.common:xQueueUART2ADC</name>
         <uninitialized>true</uninitialized>
         <run_address>0x2000c648</run_address>
         <size>0x4</size>
      </object_component>
      <object_component id="oc-239">
         <name>.common:xQueueADC2Process</name>
         <uninitialized>true</uninitialized>
         <run_address>0x2000c640</run_address>
         <size>0x4</size>
      </object_component>
      <object_component id="oc-22d">
         <name>.common:xQueueProcess2LCD</name>
         <uninitialized>true</uninitialized>
         <run_address>0x2000c644</run_address>
         <size>0x4</size>
      </object_component>
      <object_component id="oc-24a">
         <name>.common:accel_values</name>
         <uninitialized>true</uninitialized>
         <run_address>0x2000c62c</run_address>
         <size>0x6</size>
      </object_component>
      <object_component id="oc-24b">
         <name>.common:uart_command</name>
         <uninitialized>true</uninitialized>
         <run_address>0x2000c608</run_address>
         <size>0xc</size>
      </object_component>
      <object_component id="oc-23a">
         <name>.common:command</name>
         <uninitialized>true</uninitialized>
         <run_address>0x2000c658</run_address>
         <size>0x2</size>
      </object_component>
      <object_component id="oc-340">
         <name>.common:Lcd_Orientation</name>
         <uninitialized>true</uninitialized>
         <run_address>0x2000c65c</run_address>
         <size>0x1</size>
      </object_component>
      <object_component id="oc-338">
         <name>.common:Lcd_ScreenWidth</name>
         <uninitialized>true</uninitialized>
         <run_address>0x2000c654</run_address>
         <size>0x2</size>
      </object_component>
      <object_component id="oc-33b">
         <name>.common:Lcd_ScreenHeigth</name>
         <uninitialized>true</uninitialized>
         <run_address>0x2000c632</run_address>
         <size>0x2</size>
      </object_component>
      <object_component id="oc-33c">
         <name>.common:Lcd_PenSolid</name>
         <uninitialized>true</uninitialized>
         <run_address>0x2000c65d</run_address>
         <size>0x1</size>
      </object_component>
      <object_component id="oc-33d">
         <name>.common:Lcd_FontSolid</name>
         <uninitialized>true</uninitialized>
         <run_address>0x2000c65b</run_address>
         <size>0x1</size>
      </object_component>
      <object_component id="oc-33e">
         <name>.common:Lcd_FlagRead</name>
         <uninitialized>true</uninitialized>
         <run_address>0x2000c65a</run_address>
         <size>0x1</size>
      </object_component>
      <object_component id="oc-33f">
         <name>.common:Lcd_TouchTrim</name>
         <uninitialized>true</uninitialized>
         <run_address>0x2000c656</run_address>
         <size>0x2</size>
      </object_component>
      <object_component id="oc-100">
         <name>.common:adc_callback_func</name>
         <uninitialized>true</uninitialized>
         <run_address>0x2000c638</run_address>
         <size>0x4</size>
      </object_component>
      <object_component id="oc-fd">
         <name>.common:results_buffer</name>
         <uninitialized>true</uninitialized>
         <run_address>0x2000c624</run_address>
         <size>0x8</size>
      </object_component>
      <object_component id="oc-22">
         <name>.stack</name>
         <uninitialized>true</uninitialized>
         <run_address>0x2000fe00</run_address>
         <size>0x4</size>
         <input_file_ref idref="fl-10f"/>
      </object_component>
      <object_component id="oc-5b5">
         <name>.stack</name>
         <uninitialized>true</uninitialized>
         <run_address>0x2000fe00</run_address>
         <size>0x0</size>
      </object_component>
      <object_component id="oc-196">
         <name>.debug_info</name>
         <load_address>0x0</load_address>
         <run_address>0x0</run_address>
         <size>0x10ef</size>
         <input_file_ref idref="fl-2"/>
      </object_component>
      <object_component id="oc-22f">
         <name>.debug_info</name>
         <load_address>0x10ef</load_address>
         <run_address>0x10ef</run_address>
         <size>0x119</size>
         <input_file_ref idref="fl-2"/>
      </object_component>
      <object_component id="oc-23c">
         <name>.debug_info</name>
         <load_address>0x1208</load_address>
         <run_address>0x1208</run_address>
         <size>0x124</size>
         <input_file_ref idref="fl-2"/>
      </object_component>
      <object_component id="oc-135">
         <name>.debug_info</name>
         <load_address>0x132c</load_address>
         <run_address>0x132c</run_address>
         <size>0xbf8</size>
         <input_file_ref idref="fl-2"/>
      </object_component>
      <object_component id="oc-15a">
         <name>.debug_info</name>
         <load_address>0x1f24</load_address>
         <run_address>0x1f24</run_address>
         <size>0x30c</size>
         <input_file_ref idref="fl-2"/>
      </object_component>
      <object_component id="oc-1d0">
         <name>.debug_info</name>
         <load_address>0x2230</load_address>
         <run_address>0x2230</run_address>
         <size>0x86</size>
         <input_file_ref idref="fl-2"/>
      </object_component>
      <object_component id="oc-24d">
         <name>.debug_info</name>
         <load_address>0x22b6</load_address>
         <run_address>0x22b6</run_address>
         <size>0xb1</size>
         <input_file_ref idref="fl-2"/>
      </object_component>
      <object_component id="oc-2a2">
         <name>.debug_info</name>
         <load_address>0x2367</load_address>
         <run_address>0x2367</run_address>
         <size>0x110</size>
         <input_file_ref idref="fl-2"/>
      </object_component>
      <object_component id="oc-113">
         <name>.debug_info</name>
         <load_address>0x2477</load_address>
         <run_address>0x2477</run_address>
         <size>0x26b</size>
         <input_file_ref idref="fl-2"/>
      </object_component>
      <object_component id="oc-10e">
         <name>.debug_info</name>
         <load_address>0x26e2</load_address>
         <run_address>0x26e2</run_address>
         <size>0x1055</size>
         <input_file_ref idref="fl-2"/>
      </object_component>
      <object_component id="oc-109">
         <name>.debug_info</name>
         <load_address>0x3737</load_address>
         <run_address>0x3737</run_address>
         <size>0x37e2</size>
         <input_file_ref idref="fl-2"/>
      </object_component>
      <object_component id="oc-2c3">
         <name>.debug_info</name>
         <load_address>0x6f19</load_address>
         <run_address>0x6f19</run_address>
         <size>0x1b5</size>
         <input_file_ref idref="fl-2"/>
      </object_component>
      <object_component id="oc-191">
         <name>.debug_info</name>
         <load_address>0x70ce</load_address>
         <run_address>0x70ce</run_address>
         <size>0x3cd</size>
         <input_file_ref idref="fl-2"/>
      </object_component>
      <object_component id="oc-2ca">
         <name>.debug_info</name>
         <load_address>0x749b</load_address>
         <run_address>0x749b</run_address>
         <size>0x40a</size>
         <input_file_ref idref="fl-2"/>
      </object_component>
      <object_component id="oc-481">
         <name>.debug_info</name>
         <load_address>0x78a5</load_address>
         <run_address>0x78a5</run_address>
         <size>0xc6</size>
         <input_file_ref idref="fl-2"/>
      </object_component>
      <object_component id="oc-497">
         <name>.debug_info</name>
         <load_address>0x796b</load_address>
         <run_address>0x796b</run_address>
         <size>0x341</size>
         <input_file_ref idref="fl-2"/>
      </object_component>
      <object_component id="oc-e6">
         <name>.debug_info</name>
         <load_address>0x7cac</load_address>
         <run_address>0x7cac</run_address>
         <size>0x8b</size>
         <input_file_ref idref="fl-2"/>
      </object_component>
      <object_component id="oc-2d4">
         <name>.debug_info</name>
         <load_address>0x7d37</load_address>
         <run_address>0x7d37</run_address>
         <size>0x46</size>
         <input_file_ref idref="fl-2"/>
      </object_component>
      <object_component id="oc-2cf">
         <name>.debug_info</name>
         <load_address>0x7d7d</load_address>
         <run_address>0x7d7d</run_address>
         <size>0x2c</size>
         <input_file_ref idref="fl-2"/>
      </object_component>
      <object_component id="oc-a7">
         <name>.debug_info</name>
         <load_address>0x7da9</load_address>
         <run_address>0x7da9</run_address>
         <size>0x2c</size>
         <input_file_ref idref="fl-2"/>
      </object_component>
      <object_component id="oc-317">
         <name>.debug_info</name>
         <load_address>0x7dd5</load_address>
         <run_address>0x7dd5</run_address>
         <size>0x2c</size>
         <input_file_ref idref="fl-2"/>
      </object_component>
      <object_component id="oc-102">
         <name>.debug_info</name>
         <load_address>0x7e01</load_address>
         <run_address>0x7e01</run_address>
         <size>0x39</size>
         <input_file_ref idref="fl-2"/>
      </object_component>
      <object_component id="oc-e1">
         <name>.debug_info</name>
         <load_address>0x7e3a</load_address>
         <run_address>0x7e3a</run_address>
         <size>0x2c</size>
         <input_file_ref idref="fl-2"/>
      </object_component>
      <object_component id="oc-198">
         <name>.debug_info</name>
         <load_address>0x7e66</load_address>
         <run_address>0x7e66</run_address>
         <size>0x297</size>
         <input_file_ref idref="fl-2"/>
      </object_component>
      <object_component id="oc-151">
         <name>.debug_info</name>
         <load_address>0x80fd</load_address>
         <run_address>0x80fd</run_address>
         <size>0xef</size>
         <input_file_ref idref="fl-2"/>
      </object_component>
      <object_component id="oc-b1">
         <name>.debug_info</name>
         <load_address>0x81ec</load_address>
         <run_address>0x81ec</run_address>
         <size>0xbb</size>
         <input_file_ref idref="fl-2"/>
      </object_component>
      <object_component id="oc-ac">
         <name>.debug_info</name>
         <load_address>0x82a7</load_address>
         <run_address>0x82a7</run_address>
         <size>0x53</size>
         <input_file_ref idref="fl-2"/>
      </object_component>
      <object_component id="oc-369">
         <name>.debug_info</name>
         <load_address>0x82fa</load_address>
         <run_address>0x82fa</run_address>
         <size>0x2c</size>
         <input_file_ref idref="fl-2"/>
      </object_component>
      <object_component id="oc-3e6">
         <name>.debug_info</name>
         <load_address>0x8326</load_address>
         <run_address>0x8326</run_address>
         <size>0x131</size>
         <input_file_ref idref="fl-2"/>
      </object_component>
      <object_component id="oc-1df">
         <name>.debug_info</name>
         <load_address>0x8457</load_address>
         <run_address>0x8457</run_address>
         <size>0xee</size>
         <input_file_ref idref="fl-2"/>
      </object_component>
      <object_component id="oc-18c">
         <name>.debug_info</name>
         <load_address>0x8545</load_address>
         <run_address>0x8545</run_address>
         <size>0x14c</size>
         <input_file_ref idref="fl-2"/>
      </object_component>
      <object_component id="oc-44">
         <name>.debug_info</name>
         <load_address>0x8691</load_address>
         <run_address>0x8691</run_address>
         <size>0x6d6</size>
         <input_file_ref idref="fl-3"/>
      </object_component>
      <object_component id="oc-11">
         <name>.debug_info</name>
         <load_address>0x8d67</load_address>
         <run_address>0x8d67</run_address>
         <size>0x134</size>
         <input_file_ref idref="fl-3"/>
      </object_component>
      <object_component id="oc-26">
         <name>.debug_info</name>
         <load_address>0x8e9b</load_address>
         <run_address>0x8e9b</run_address>
         <size>0x283</size>
         <input_file_ref idref="fl-3"/>
      </object_component>
      <object_component id="oc-4b">
         <name>.debug_info</name>
         <load_address>0x911e</load_address>
         <run_address>0x911e</run_address>
         <size>0x84</size>
         <input_file_ref idref="fl-3"/>
      </object_component>
      <object_component id="oc-147">
         <name>.debug_info</name>
         <load_address>0x91a2</load_address>
         <run_address>0x91a2</run_address>
         <size>0x132</size>
         <input_file_ref idref="fl-4"/>
      </object_component>
      <object_component id="oc-83">
         <name>.debug_info</name>
         <load_address>0x92d4</load_address>
         <run_address>0x92d4</run_address>
         <size>0x2a4</size>
         <input_file_ref idref="fl-4"/>
      </object_component>
      <object_component id="oc-a6">
         <name>.debug_info</name>
         <load_address>0x9578</load_address>
         <run_address>0x9578</run_address>
         <size>0x7ac</size>
         <input_file_ref idref="fl-5"/>
      </object_component>
      <object_component id="oc-93">
         <name>.debug_info</name>
         <load_address>0x9d24</load_address>
         <run_address>0x9d24</run_address>
         <size>0x1fa</size>
         <input_file_ref idref="fl-5"/>
      </object_component>
      <object_component id="oc-a3">
         <name>.debug_info</name>
         <load_address>0x9f1e</load_address>
         <run_address>0x9f1e</run_address>
         <size>0x205</size>
         <input_file_ref idref="fl-5"/>
      </object_component>
      <object_component id="oc-31">
         <name>.debug_info</name>
         <load_address>0xa123</load_address>
         <run_address>0xa123</run_address>
         <size>0xefd</size>
         <input_file_ref idref="fl-5"/>
      </object_component>
      <object_component id="oc-2d">
         <name>.debug_info</name>
         <load_address>0xb020</load_address>
         <run_address>0xb020</run_address>
         <size>0x2e7</size>
         <input_file_ref idref="fl-6"/>
      </object_component>
      <object_component id="oc-3a3">
         <name>.debug_info</name>
         <load_address>0xb307</load_address>
         <run_address>0xb307</run_address>
         <size>0x979</size>
         <input_file_ref idref="fl-8"/>
      </object_component>
      <object_component id="oc-475">
         <name>.debug_info</name>
         <load_address>0xbc80</load_address>
         <run_address>0xbc80</run_address>
         <size>0x39</size>
         <input_file_ref idref="fl-8"/>
      </object_component>
      <object_component id="oc-298">
         <name>.debug_info</name>
         <load_address>0xbcb9</load_address>
         <run_address>0xbcb9</run_address>
         <size>0x46</size>
         <input_file_ref idref="fl-8"/>
      </object_component>
      <object_component id="oc-47a">
         <name>.debug_info</name>
         <load_address>0xbcff</load_address>
         <run_address>0xbcff</run_address>
         <size>0x76</size>
         <input_file_ref idref="fl-8"/>
      </object_component>
      <object_component id="oc-2ae">
         <name>.debug_info</name>
         <load_address>0xbd75</load_address>
         <run_address>0xbd75</run_address>
         <size>0x750</size>
         <input_file_ref idref="fl-9"/>
      </object_component>
      <object_component id="oc-2ab">
         <name>.debug_info</name>
         <load_address>0xc4c5</load_address>
         <run_address>0xc4c5</run_address>
         <size>0x17f</size>
         <input_file_ref idref="fl-9"/>
      </object_component>
      <object_component id="oc-2a8">
         <name>.debug_info</name>
         <load_address>0xc644</load_address>
         <run_address>0xc644</run_address>
         <size>0x18d</size>
         <input_file_ref idref="fl-9"/>
      </object_component>
      <object_component id="oc-162">
         <name>.debug_info</name>
         <load_address>0xc7d1</load_address>
         <run_address>0xc7d1</run_address>
         <size>0x6f5</size>
         <input_file_ref idref="fl-9"/>
      </object_component>
      <object_component id="oc-2b0">
         <name>.debug_info</name>
         <load_address>0xcec6</load_address>
         <run_address>0xcec6</run_address>
         <size>0x6c9</size>
         <input_file_ref idref="fl-a"/>
      </object_component>
      <object_component id="oc-168">
         <name>.debug_info</name>
         <load_address>0xd58f</load_address>
         <run_address>0xd58f</run_address>
         <size>0x92f</size>
         <input_file_ref idref="fl-a"/>
      </object_component>
      <object_component id="oc-2fa">
         <name>.debug_info</name>
         <load_address>0xdebe</load_address>
         <run_address>0xdebe</run_address>
         <size>0xb22</size>
         <input_file_ref idref="fl-b"/>
      </object_component>
      <object_component id="oc-203">
         <name>.debug_info</name>
         <load_address>0xe9e0</load_address>
         <run_address>0xe9e0</run_address>
         <size>0x3fe9</size>
         <input_file_ref idref="fl-b"/>
      </object_component>
      <object_component id="oc-3ae">
         <name>.debug_info</name>
         <load_address>0x129c9</load_address>
         <run_address>0x129c9</run_address>
         <size>0x17d</size>
         <input_file_ref idref="fl-b"/>
      </object_component>
      <object_component id="oc-159">
         <name>.debug_info</name>
         <load_address>0x12b46</load_address>
         <run_address>0x12b46</run_address>
         <size>0xad8</size>
         <input_file_ref idref="fl-c"/>
      </object_component>
      <object_component id="oc-90">
         <name>.debug_info</name>
         <load_address>0x1361e</load_address>
         <run_address>0x1361e</run_address>
         <size>0x3ee</size>
         <input_file_ref idref="fl-c"/>
      </object_component>
      <object_component id="oc-16e">
         <name>.debug_info</name>
         <load_address>0x13a0c</load_address>
         <run_address>0x13a0c</run_address>
         <size>0x195</size>
         <input_file_ref idref="fl-c"/>
      </object_component>
      <object_component id="oc-17d">
         <name>.debug_info</name>
         <load_address>0x13ba1</load_address>
         <run_address>0x13ba1</run_address>
         <size>0x195</size>
         <input_file_ref idref="fl-c"/>
      </object_component>
      <object_component id="oc-180">
         <name>.debug_info</name>
         <load_address>0x13d36</load_address>
         <run_address>0x13d36</run_address>
         <size>0x195</size>
         <input_file_ref idref="fl-c"/>
      </object_component>
      <object_component id="oc-174">
         <name>.debug_info</name>
         <load_address>0x13ecb</load_address>
         <run_address>0x13ecb</run_address>
         <size>0x1d8</size>
         <input_file_ref idref="fl-c"/>
      </object_component>
      <object_component id="oc-17a">
         <name>.debug_info</name>
         <load_address>0x140a3</load_address>
         <run_address>0x140a3</run_address>
         <size>0x195</size>
         <input_file_ref idref="fl-c"/>
      </object_component>
      <object_component id="oc-171">
         <name>.debug_info</name>
         <load_address>0x14238</load_address>
         <run_address>0x14238</run_address>
         <size>0x1a3</size>
         <input_file_ref idref="fl-c"/>
      </object_component>
      <object_component id="oc-177">
         <name>.debug_info</name>
         <load_address>0x143db</load_address>
         <run_address>0x143db</run_address>
         <size>0x197</size>
         <input_file_ref idref="fl-c"/>
      </object_component>
      <object_component id="oc-97">
         <name>.debug_info</name>
         <load_address>0x14572</load_address>
         <run_address>0x14572</run_address>
         <size>0x6ce6</size>
         <input_file_ref idref="fl-c"/>
      </object_component>
      <object_component id="oc-29d">
         <name>.debug_info</name>
         <load_address>0x1b258</load_address>
         <run_address>0x1b258</run_address>
[...]
      </symbol>
      <symbol id="sm-f0d">
         <name>UART_getTransmitBufferAddressForDMA</name>
         <value>0x99fb</value>
         <object_component_ref idref="oc-bc"/>
      </symbol>
      <symbol id="sm-f0e">
         <name>UART_initModule</name>
         <value>0x97e9</value>
         <object_component_ref idref="oc-bc"/>
      </symbol>
      <symbol id="sm-f0f">
         <name>UART_transmitAddress</name>
         <value>0x9989</value>
         <object_component_ref idref="oc-bc"/>
      </symbol>
      <symbol id="sm-f10">
         <name>UART_clearInterruptFlag</name>
         <value>0x9afd</value>
         <object_component_ref idref="oc-bc"/>
      </symbol>
      <symbol id="sm-f11">
         <name>UART_queryStatusFlags</name>
         <value>0x994d</value>
         <object_component_ref idref="oc-bc"/>
      </symbol>
      <symbol id="sm-f12">
         <name>UART_disableInterrupt</name>
         <value>0x9a55</value>
         <object_component_ref idref="oc-bc"/>
      </symbol>
      <symbol id="sm-f13">
         <name>UART_setDormant</name>
         <value>0x9961</value>
         <object_component_ref idref="oc-bc"/>
      </symbol>
      <symbol id="sm-f14">
         <name>UART_resetDormant</name>
         <value>0x9975</value>
         <object_component_ref idref="oc-bc"/>
      </symbol>
      <symbol id="sm-f2b">
         <name>WDT_A_setTimeoutReset</name>
         <value>0xc1c9</value>
         <object_component_ref idref="oc-88"/>
      </symbol>
      <symbol id="sm-f2c">
         <name>WDT_A_registerInterrupt</name>
         <value>0xc1d5</value>
         <object_component_ref idref="oc-88"/>
      </symbol>
      <symbol id="sm-f2d">
         <name>WDT_A_setPasswordViolationReset</name>
         <value>0xc1bd</value>
         <object_component_ref idref="oc-88"/>
      </symbol>
      <symbol id="sm-f2e">
         <name>WDT_A_initIntervalTimer</name>
         <value>0xc1a1</value>
         <object_component_ref idref="oc-88"/>
      </symbol>
      <symbol id="sm-f2f">
         <name>WDT_A_clearTimer</name>
         <value>0xc165</value>
         <object_component_ref idref="oc-88"/>
      </symbol>
      <symbol id="sm-f30">
         <name>WDT_A_holdTimer</name>
         <value>0xc125</value>
         <object_component_ref idref="oc-88"/>
      </symbol>
      <symbol id="sm-f31">
         <name>WDT_A_initWatchdogTimer</name>
         <value>0xc185</value>
         <object_component_ref idref="oc-88"/>
      </symbol>
      <symbol id="sm-f32">
         <name>WDT_A_startTimer</name>
         <value>0xc145</value>
         <object_component_ref idref="oc-88"/>
      </symbol>
      <symbol id="sm-f33">
         <name>WDT_A_unregisterInterrupt</name>
         <value>0xc1e9</value>
         <object_component_ref idref="oc-88"/>
      </symbol>
      <symbol id="sm-f99">
         <name>Lcd_Orientation</name>
         <value>0x2000c65c</value>
      </symbol>
      <symbol id="sm-f9a">
         <name>Lcd_ScreenWidth</name>
         <value>0x2000c654</value>
      </symbol>
      <symbol id="sm-f9b">
         <name>Lcd_ScreenHeigth</name>
         <value>0x2000c632</value>
      </symbol>
      <symbol id="sm-f9c">
         <name>Lcd_PenSolid</name>
         <value>0x2000c65d</value>
      </symbol>
      <symbol id="sm-f9d">
         <name>Lcd_FontSolid</name>
         <value>0x2000c65b</value>
      </symbol>
      <symbol id="sm-f9e">
         <name>Lcd_FlagRead</name>
         <value>0x2000c65a</value>
      </symbol>
      <symbol id="sm-f9f">
         <name>Lcd_TouchTrim</name>
         <value>0x2000c656</value>
      </symbol>
      <symbol id="sm-fa0">
         <name>Crystalfontz128x128_SetDrawFrame</name>
         <value>0x7e3d</value>
         <object_component_ref idref="oc-213"/>
      </symbol>
      <symbol id="sm-fa1">
         <name>Crystalfontz128x128_SetOrientation</name>
         <value>0x7f6b</value>
         <object_component_ref idref="oc-213"/>
      </symbol>
      <symbol id="sm-fa2">
         <name>g_sCrystalfontz128x128</name>
         <value>0xd4c4</value>
         <object_component_ref idref="oc-231"/>
      </symbol>
      <symbol id="sm-fa3">
         <name>Crystalfontz128x128_Init</name>
         <value>0x7d29</value>
         <object_component_ref idref="oc-213"/>
      </symbol>
      <symbol id="sm-fc1">
         <name>HAL_LCD_writeData</name>
         <value>0xc439</value>
         <object_component_ref idref="oc-332"/>
      </symbol>
      <symbol id="sm-fc2">
         <name>HAL_LCD_SpiInit</name>
         <value>0xc3cd</value>
         <object_component_ref idref="oc-332"/>
      </symbol>
      <symbol id="sm-fc3">
         <name>HAL_LCD_PortInit</name>
         <value>0xc39d</value>
         <object_component_ref idref="oc-332"/>
      </symbol>
      <symbol id="sm-fc4">
         <name>HAL_LCD_writeCommand</name>
         <value>0xc403</value>
         <object_component_ref idref="oc-332"/>
      </symbol>
      <symbol id="sm-fdb">
         <name>circ_buffer_push</name>
         <value>0xc053</value>
         <object_component_ref idref="oc-c8"/>
      </symbol>
      <symbol id="sm-fdc">
         <name>circ_buffer_is_full</name>
         <value>0xc0dd</value>
         <object_component_ref idref="oc-c8"/>
      </symbol>
      <symbol id="sm-fdd">
         <name>circ_buffer_init</name>
         <value>0xc029</value>
         <object_component_ref idref="oc-c8"/>
      </symbol>
      <symbol id="sm-fde">
         <name>circ_buffer_is_empty</name>
         <value>0xc0bd</value>
         <object_component_ref idref="oc-c8"/>
      </symbol>
      <symbol id="sm-fdf">
         <name>circ_buffer_pop</name>
         <value>0xc085</value>
         <object_component_ref idref="oc-c8"/>
      </symbol>
      <symbol id="sm-ffc">
         <name>adc_callback_func</name>
         <value>0x2000c638</value>
      </symbol>
      <symbol id="sm-ffd">
         <name>results_buffer</name>
         <value>0x2000c624</value>
      </symbol>
      <symbol id="sm-ffe">
         <name>edu_boosterpack_accelerometer_disable</name>
         <value>0xbebd</value>
         <object_component_ref idref="oc-3c"/>
      </symbol>
      <symbol id="sm-fff">
         <name>edu_boosterpack_accelerometer_clear_callback</name>
         <value>0xbee7</value>
         <object_component_ref idref="oc-3c"/>
      </symbol>
      <symbol id="sm-1000">
         <name>edu_boosterpack_accelerometer_read</name>
         <value>0xbeb1</value>
         <object_component_ref idref="oc-3c"/>
      </symbol>
      <symbol id="sm-1001">
         <name>ADC_IRQHandler</name>
         <value>0xbeef</value>
         <object_component_ref idref="oc-3c"/>
      </symbol>
      <symbol id="sm-1002">
         <name>edu_boosterpack_accelerometer_set_callback</name>
         <value>0xbed7</value>
         <object_component_ref idref="oc-3c"/>
      </symbol>
      <symbol id="sm-1003">
         <name>edu_boosterpack_accelerometer_init</name>
         <value>0xbe29</value>
         <object_component_ref idref="oc-3c"/>
      </symbol>
      <symbol id="sm-1053">
         <name>edu_boosterpack_rgb_init</name>
         <value>0xb5a5</value>
         <object_component_ref idref="oc-20d"/>
      </symbol>
      <symbol id="sm-1054">
         <name>edu_boosterpack_rgb_off</name>
         <value>0xb5bf</value>
         <object_component_ref idref="oc-20d"/>
      </symbol>
      <symbol id="sm-1055">
         <name>edu_boosterpack_rgb_pwm_all</name>
         <value>0xb5e9</value>
         <object_component_ref idref="oc-20d"/>
      </symbol>
      <symbol id="sm-1056">
         <name>edu_boosterpack_rgb_pwm</name>
         <value>0xb5d1</value>
         <object_component_ref idref="oc-20d"/>
      </symbol>
      <symbol id="sm-1057">
         <name>edu_boosterpack_rgb_on</name>
         <value>0xb5ad</value>
         <object_component_ref idref="oc-20d"/>
      </symbol>
      <symbol id="sm-1063">
         <name>interrupts_restore</name>
         <value>0xce09</value>
         <object_component_ref idref="oc-1c4"/>
      </symbol>
      <symbol id="sm-1064">
         <name>interrupts_disable</name>
         <value>0xce19</value>
         <object_component_ref idref="oc-1c4"/>
      </symbol>
      <symbol id="sm-10bd">
         <name>board_buttons_clear_callback</name>
         <value>0xa039</value>
         <object_component_ref idref="oc-207"/>
      </symbol>
      <symbol id="sm-10be">
         <name>debug_off</name>
         <value>0xa0fd</value>
         <object_component_ref idref="oc-207"/>
      </symbol>
      <symbol id="sm-10bf">
         <name>led_on</name>
         <value>0xa05d</value>
         <object_component_ref idref="oc-207"/>
      </symbol>
      <symbol id="sm-10c0">
         <name>PORT1_IRQHandler</name>
         <value>0xa33b</value>
         <object_component_ref idref="oc-207"/>
      </symbol>
      <symbol id="sm-10c1">
         <name>board_init</name>
         <value>0x9ff5</value>
         <object_component_ref idref="oc-207"/>
      </symbol>
      <symbol id="sm-10c2">
         <name>led_toggle</name>
         <value>0xa0ad</value>
         <object_component_ref idref="oc-207"/>
      </symbol>
      <symbol id="sm-10c3">
         <name>debug_on</name>
         <value>0xa0d5</value>
         <object_component_ref idref="oc-207"/>
      </symbol>
      <symbol id="sm-10c4">
         <name>board_lock</name>
         <value>0xa009</value>
         <object_component_ref idref="oc-207"/>
      </symbol>
      <symbol id="sm-10c5">
         <name>debug_toggle</name>
         <value>0xa125</value>
         <object_component_ref idref="oc-207"/>
      </symbol>
      <symbol id="sm-10c6">
         <name>board_buttons_set_callback</name>
         <value>0xa013</value>
         <object_component_ref idref="oc-207"/>
      </symbol>
      <symbol id="sm-10c7">
         <name>led_off</name>
         <value>0xa085</value>
         <object_component_ref idref="oc-207"/>
      </symbol>
      <symbol id="sm-111b">
         <name>uart_get_char</name>
         <value>0xb47d</value>
         <object_component_ref idref="oc-36"/>
      </symbol>
      <symbol id="sm-111c">
         <name>uart_init</name>
         <value>0xb3f9</value>
         <object_component_ref idref="oc-36"/>
      </symbol>
      <symbol id="sm-111d">
         <name>uart_put_char</name>
         <value>0xb44f</value>
         <object_component_ref idref="oc-36"/>
      </symbol>
      <symbol id="sm-111e">
         <name>EUSCIA0_IRQHandler</name>
         <value>0xb4dd</value>
         <object_component_ref idref="oc-36"/>
      </symbol>
      <symbol id="sm-111f">
         <name>uart_print</name>
         <value>0xb49b</value>
         <object_component_ref idref="oc-36"/>
      </symbol>
      <symbol id="sm-1148">
         <name>scalbn</name>
         <value>0xbd19</value>
         <object_component_ref idref="oc-500"/>
      </symbol>
      <symbol id="sm-1149">
         <name>scalbnl</name>
         <value>0xbd19</value>
         <object_component_ref idref="oc-500"/>
      </symbol>
      <symbol id="sm-114a">
         <name>ldexpl</name>
         <value>0xbd19</value>
         <object_component_ref idref="oc-500"/>
      </symbol>
      <symbol id="sm-114b">
         <name>ldexp</name>
         <value>0xbd19</value>
         <object_component_ref idref="oc-500"/>
      </symbol>
      <symbol id="sm-1172">
         <name>sprintf</name>
         <value>0xccbd</value>
         <object_component_ref idref="oc-225"/>
      </symbol>
      <symbol id="sm-1181">
         <name>__aeabi_memset</name>
         <value>0xc8cf</value>
         <object_component_ref idref="oc-ec"/>
      </symbol>
      <symbol id="sm-1182">
         <name>memset</name>
         <value>0xc8d5</value>
         <object_component_ref idref="oc-ec"/>
      </symbol>
      <symbol id="sm-1183">
         <name>__aeabi_memset8</name>
         <value>0xc8cf</value>
         <object_component_ref idref="oc-ec"/>
      </symbol>
      <symbol id="sm-1184">
         <name>__aeabi_memset4</name>
         <value>0xc8cf</value>
         <object_component_ref idref="oc-ec"/>
      </symbol>
      <symbol id="sm-1185">
         <name>__aeabi_memclr8</name>
         <value>0xc8cd</value>
         <object_component_ref idref="oc-ec"/>
      </symbol>
      <symbol id="sm-1186">
         <name>__aeabi_memclr4</name>
         <value>0xc8cd</value>
         <object_component_ref idref="oc-ec"/>
      </symbol>
      <symbol id="sm-1187">
         <name>__aeabi_memclr</name>
         <value>0xc8cd</value>
         <object_component_ref idref="oc-ec"/>
      </symbol>
      <symbol id="sm-119e">
         <name>__aeabi_dsub</name>
         <value>0xb241</value>
         <object_component_ref idref="oc-4da"/>
      </symbol>
      <symbol id="sm-119f">
         <name>__aeabi_dadd</name>
         <value>0xb24b</value>
         <object_component_ref idref="oc-4da"/>
      </symbol>
      <symbol id="sm-11c1">
         <name>__aeabi_cdcmpeq</name>
         <value>0xc7c1</value>
         <object_component_ref idref="oc-408"/>
      </symbol>
      <symbol id="sm-11c2">
         <name>__aeabi_cdcmple</name>
         <value>0xc7c1</value>
         <object_component_ref idref="oc-408"/>
      </symbol>
      <symbol id="sm-11c3">
         <name>__aeabi_cdrcmple</name>
         <value>0xc847</value>
         <object_component_ref idref="oc-4c5"/>
      </symbol>
      <symbol id="sm-11d7">
         <name>__aeabi_ddiv</name>
         <value>0xb861</value>
         <object_component_ref idref="oc-4c0"/>
      </symbol>
      <symbol id="sm-11e2">
         <name>__aeabi_dmul</name>
         <value>0xbf2d</value>
         <object_component_ref idref="oc-4bb"/>
      </symbol>
      <symbol id="sm-11ef">
         <name>__aeabi_i2d</name>
         <value>0xcdad</value>
         <object_component_ref idref="oc-4d5"/>
      </symbol>
      <symbol id="sm-120a">
         <name>memcpy</name>
         <value>0xc68f</value>
         <object_component_ref idref="oc-50"/>
      </symbol>
      <symbol id="sm-120b">
         <name>__aeabi_memcpy</name>
         <value>0xc68f</value>
         <object_component_ref idref="oc-50"/>
      </symbol>
      <symbol id="sm-120c">
         <name>__aeabi_memcpy8</name>
         <value>0xc68f</value>
         <object_component_ref idref="oc-50"/>
      </symbol>
      <symbol id="sm-120d">
         <name>__aeabi_memcpy4</name>
         <value>0xc68f</value>
         <object_component_ref idref="oc-50"/>
      </symbol>
      <symbol id="sm-1225">
         <name>__TI_zero_init</name>
         <value>0xced9</value>
         <object_component_ref idref="oc-62"/>
      </symbol>
      <symbol id="sm-123c">
         <name>__TI_decompress_none</name>
         <value>0xcecb</value>
         <object_component_ref idref="oc-19"/>
      </symbol>
      <symbol id="sm-125f">
         <name>__TI_decompress_lzss</name>
         <value>0xc9b5</value>
         <object_component_ref idref="oc-13"/>
      </symbol>
      <symbol id="sm-1275">
         <name>atoi</name>
         <value>0xcbe5</value>
         <object_component_ref idref="oc-244"/>
      </symbol>
      <symbol id="sm-1280">
         <name>_ctypes_</name>
         <value>0xd1f8</value>
         <object_component_ref idref="oc-37c"/>
      </symbol>
      <symbol id="sm-1291">
         <name>strncat</name>
         <value>0xcddb</value>
         <object_component_ref idref="oc-23e"/>
      </symbol>
      <symbol id="sm-12a7">
         <name>__aeabi_errno_addr</name>
         <value>0xcef1</value>
         <object_component_ref idref="oc-431"/>
      </symbol>
      <symbol id="sm-12a8">
         <name>errno</name>
         <value>0x2000c798</value>
         <object_component_ref idref="oc-516"/>
      </symbol>
      <symbol id="sm-12bb">
         <name>__stack</name>
         <value>0x2000fe00</value>
         <object_component_ref idref="oc-22"/>
      </symbol>
      <symbol id="sm-12bc">
         <name>_c_int00_noargs</name>
         <value>0xcd79</value>
         <object_component_ref idref="oc-6e"/>
      </symbol>
      <symbol id="sm-12c6">
         <name>copysign</name>
         <value>0xce47</value>
         <object_component_ref idref="oc-55e"/>
      </symbol>
      <symbol id="sm-12c7">
         <name>copysignl</name>
         <value>0xce47</value>
         <object_component_ref idref="oc-55e"/>
      </symbol>
      <symbol id="sm-142c">
         <name>__TI_printfi</name>
         <value>0x4b0d</value>
         <object_component_ref idref="oc-355"/>
      </symbol>
      <symbol id="sm-1445">
         <name>wcslen</name>
         <value>0xceb9</value>
         <object_component_ref idref="oc-42b"/>
      </symbol>
      <symbol id="sm-1452">
         <name>__aeabi_uldivmod</name>
         <value>0xc72b</value>
         <object_component_ref idref="oc-4b4"/>
      </symbol>
      <symbol id="sm-145c">
         <name>__aeabi_d2iz</name>
         <value>0xcc31</value>
         <object_component_ref idref="oc-4ca"/>
      </symbol>
      <symbol id="sm-1484">
         <name>__TI_auto_init_nobinit_nopinit</name>
         <value>0xcc79</value>
         <object_component_ref idref="oc-25e"/>
      </symbol>
      <symbol id="sm-148e">
         <name>_system_pre_init</name>
         <value>0xcef9</value>
         <object_component_ref idref="oc-12e"/>
      </symbol>
      <symbol id="sm-149a">
         <name>C$$EXIT</name>
         <value>0xcefd</value>
         <object_component_ref idref="oc-252"/>
      </symbol>
      <symbol id="sm-149b">
         <name>abort</name>
         <value>0xcefd</value>
         <object_component_ref idref="oc-252"/>
      </symbol>
      <symbol id="sm-14ac">
         <name>ltoa</name>
         <value>0xcb3f</value>
         <object_component_ref idref="oc-4cf"/>
      </symbol>
      <symbol id="sm-14bc">
         <name>memccpy</name>
         <value>0xce2b</value>
         <object_component_ref idref="oc-425"/>
      </symbol>
      <symbol id="sm-14cc">
         <name>strchr</name>
         <value>0xce8f</value>
         <object_component_ref idref="oc-506"/>
      </symbol>
      <symbol id="sm-14da">
         <name>strlen</name>
         <value>0xcea5</value>
         <object_component_ref idref="oc-3fc"/>
      </symbol>
      <symbol id="sm-14f0">
         <name>frexpl</name>
         <value>0xca85</value>
         <object_component_ref idref="oc-4fa"/>
      </symbol>
      <symbol id="sm-14f1">
         <name>frexp</name>
         <value>0xca85</value>
         <object_component_ref idref="oc-4fa"/>
      </symbol>
      <symbol id="sm-14fb">
         <name>__aeabi_idiv0</name>
         <value>0x555b</value>
         <object_component_ref idref="oc-545"/>
      </symbol>
      <symbol id="sm-14fc">
         <name>__aeabi_ldiv0</name>
         <value>0x555b</value>
         <object_component_ref idref="oc-545"/>
      </symbol>
      <symbol id="sm-14fd">
         <name>__TI_static_base__</name>
         <value>0x0</value>
      </symbol>
      <symbol id="sm-1500">
         <name>__mpu_init</name>
         <value>0x0</value>
      </symbol>
      <symbol id="sm-1501">
         <name>_system_post_cinit</name>
         <value>0x0</value>
      </symbol>
   </symbol_table>
   <title>Link successful</title>
</link_info>
