******************************************************************************
                  TI ARM Linker PC v18.12.3                    
******************************************************************************
>> Linked Thu Dec 12 17:49:06 2019

OUTPUT FILE NAME:   <PRAC-Projecte-2_v5.out>
ENTRY POINT SYMBOL: "_c_int00_noargs"  address: 0000dbe1


MEMORY CONFIGURATION

         name            origin    length      used     unused   attr    fill
----------------------  --------  ---------  --------  --------  ----  --------
  MAIN                  00000000   00040000  0000e590  00031a70  R  X
  INFO                  00200000   00004000  00000000  00004000  R  X
  SRAM_CODE             01000000   00010000  00000000  00010000  RW X
  SRAM_DATA             20000000   00010000  0000c9a7  00003659  RW  


SEGMENT ALLOCATION MAP

run origin  load origin   length   init length attrs members
----------  ----------- ---------- ----------- ----- -------
00000000    00000000    0000e590   0000e590    r-x
  00000000    00000000    00000144   00000144    r-- .intvecs
  00000144    00000144    0000dc24   0000dc24    r-x .text
  0000dd68    0000dd68    00000748   00000748    r-- .const
  0000e4b0    0000e4b0    000000e0   000000e0    r-- .cinit
20000000    20000000    0000c7a9   00000000    rw-
  20000000    20000000    000000e4   00000000    rw- .vtable
  200000e4    200000e4    0000c582   00000000    rw- .bss
  2000c668    2000c668    00000141   00000000    rw- .data
2000fe00    2000fe00    00000200   00000000    rw-
  2000fe00    2000fe00    00000200   00000000    rw- .stack


SECTION ALLOCATION MAP

 output                                  attributes/
section   page    origin      length       input sections
--------  ----  ----------  ----------   ----------------
.intvecs   0    00000000    00000144     
                  00000000    00000144     msp432_startup_ccs.obj (.intvecs:retain)

.text      0    00000144    0000dc24     
                  00000144    00001a0c     tasks.obj (.text)
                  00001b50    0000159c     flash.obj (.text)
                  000030ec    00000d7c     cs.obj (.text)
                  00003e68    00000cc0     main.obj (.text)
                  00004b28    00000ca4     queue.obj (.text)
                  000057cc    00000a4e     rtsv7M4_T_le_v4SPD16_eabi.lib : _printfi.c.obj (.text:__TI_printfi)
                  0000621a    00000002                                   : div0.asm.obj (.text)
                  0000621c    000008d4     adc14.obj (.text)
                  00006af0    000008a4     spi.obj (.text)
                  00007394    00000838     pcm.obj (.text)
                  00007bcc    00000798     timer_a.obj (.text)
                  00008364    00000678     st7735.obj (.text)
                  000089dc    00000630     string.obj (.text)
                  0000900c    00000508     rtc_c.obj (.text)
                  00009514    00000498     circle.obj (.text)
                  000099ac    00000490     line.obj (.text)
                  00009e3c    00000480     gpio.obj (.text)
                  0000a2bc    0000041c     uart.obj (.text)
                  0000a6d8    000003f0     interrupt.obj (.text)
                  0000aac8    000003b0     msp432_launchpad_board.obj (.text)
                  0000ae78    00000328     system_msp432p401r.obj (.text)
                  0000b1a0    000002ec     rtsv7M4_T_le_v4SPD16_eabi.lib : s_atan.c.obj (.text:atan)
                  0000b48c    00000288     port.obj (.text)
                  0000b714    00000270     rtsv7M4_T_le_v4SPD16_eabi.lib : _printfi.c.obj (.text:_pconv_a)
                  0000b984    00000266     context.obj (.text)
                  0000bbea    00000002     --HOLE-- [fill = 0]
                  0000bbec    00000244     sysctl.obj (.text)
                  0000be30    000001d0     rtsv7M4_T_le_v4SPD16_eabi.lib : _printfi.c.obj (.text:_pconv_g)
                  0000c000    000001b6                                   : fd_add_t2.asm.obj (.text)
                  0000c1b6    00000002     --HOLE-- [fill = 0]
                  0000c1b8    000001ac     uart_driver.obj (.text)
                  0000c364    00000180     edu_boosterpack_rgb.obj (.text)
                  0000c4e4    0000013c     rtsv7M4_T_le_v4SPD16_eabi.lib : _printfi.c.obj (.text:_pconv_e)
                  0000c620    00000136                                   : fd_div_t2.asm.obj (.text)
                  0000c756    00000134     display.obj (.text)
                  0000c88a    0000012a     list.obj (.text)
                  0000c9b4    00000124     rtsv7M4_T_le_v4SPD16_eabi.lib : _printfi.c.obj (.text:fcvt)
                  0000cad8    00000110                                   : s_scalbn.c.obj (.text:scalbn)
                  0000cbe8    00000104     edu_boosterpack_accelerometer.obj (.text)
                  0000ccec    000000fc     rtsv7M4_T_le_v4SPD16_eabi.lib : fd_mul_t2.asm.obj (.text)
                  0000cde8    000000fa     circ_buffer.obj (.text)
                  0000cee2    00000002     --HOLE-- [fill = 0]
                  0000cee4    000000d8     wdt_a.obj (.text)
                  0000cfbc    000000d2     portasm.obj (.text)
                  0000d08e    00000002     --HOLE-- [fill = 0]
                  0000d090    000000cc     ref_a.obj (.text)
                  0000d15c    000000cc     st7735_msp432.obj (.text)
                  0000d228    000000c0     fpu.obj (.text)
                  0000d2e8    000000b4     heap_1.obj (.text)
                  0000d39c    000000b1     rtsv7M4_T_le_v4SPD16_eabi.lib : _printfi.c.obj (.text:_ltostr)
                  0000d44d    00000001     --HOLE-- [fill = 0]
                  0000d44e    0000009c                                   : memcpy_t2.asm.obj (.text)
                  0000d4ea    00000096                                   : ull_div_t2.asm.obj (.text)
                  0000d580    00000086                                   : fd_cmp_t2.asm.obj (.text:__aeabi_cdcmple)
                  0000d606    00000086                                   : fd_cmp_t2.asm.obj (.text:__aeabi_cdrcmple)
                  0000d68c    0000007a                                   : memset_t2.asm.obj (.text)
                  0000d706    0000006e                                   : _printfi.c.obj (.text:_mcpy)
                  0000d774    0000006e                                   : fd_tos_t2.asm.obj (.text)
                  0000d7e2    00000068                                   : copy_decompress_lzss.c.obj (.text:decompress:lzss:__TI_decompress_lzss)
                  0000d84a    00000002     --HOLE-- [fill = 0]
                  0000d84c    00000068     pmap.obj (.text)
                  0000d8b4    00000064     rtsv7M4_T_le_v4SPD16_eabi.lib : s_frexp.c.obj (.text:frexp)
                  0000d918    00000056                                   : _printfi.c.obj (.text:_pconv_f)
                  0000d96e    00000054                                   : ltoa.c.obj (.text:ltoa)
                  0000d9c2    00000052                                   : _printfi.c.obj (.text:_ecpy)
                  0000da14    0000004c                                   : atoi.c.obj (.text:atoi)
                  0000da60    00000048                                   : fd_toi_t2.asm.obj (.text)
                  0000daa8    00000044                                   : autoinit.c.obj (.text:__TI_auto_init_nobinit_nopinit:__TI_auto_init_nobinit_nopinit)
                  0000daec    00000040                                   : sprintf.c.obj (.text:sprintf)
                  0000db2c    0000003e                                   : _printfi.c.obj (.text:_fcpy)
                  0000db6a    0000003e     cpu.obj (.text)
                  0000dba8    00000038     rtsv7M4_T_le_v4SPD16_eabi.lib : fs_tod_t2.asm.obj (.text)
                  0000dbe0    00000034                                   : boot_cortex_m.c.obj (.text:_c_int00_noargs:_c_int00_noargs)
                  0000dc14    0000002e                                   : i_tofd_t2.asm.obj (.text)
                  0000dc42    0000002e                                   : strncat.c.obj (.text:strncat)
                  0000dc70    00000022     interrupts.obj (.text)
                  0000dc92    0000001c     rtsv7M4_T_le_v4SPD16_eabi.lib : memccpy.c.obj (.text:memccpy)
                  0000dcae    0000001a                                   : s_copysign.c.obj (.text:copysign)
                  0000dcc8    00000018                                   : sprintf.c.obj (.text:_outs)
                  0000dce0    00000016     msp432_startup_ccs.obj (.text)
                  0000dcf6    00000016     rtsv7M4_T_le_v4SPD16_eabi.lib : strchr.c.obj (.text:strchr)
                  0000dd0c    00000014                                   : strlen.c.obj (.text:strlen)
                  0000dd20    00000012                                   : wcslen.c.obj (.text:wcslen)
                  0000dd32    0000000e                                   : copy_decompress_none.c.obj (.text:decompress:none:__TI_decompress_none)
                  0000dd40    0000000c                                   : copy_zero_init.c.obj (.text:decompress:ZI:__TI_zero_init)
                  0000dd4c    0000000a                                   : sprintf.c.obj (.text:_outc)
                  0000dd56    00000002     --HOLE-- [fill = 0]
                  0000dd58    00000008                                   : errno.c.obj (.text:__aeabi_errno_addr)
                  0000dd60    00000004                                   : pre_init.c.obj (.text:_system_pre_init)
                  0000dd64    00000004                                   : exit.c.obj (.text:abort:abort)

.const     0    0000dd68    00000748     
                  0000dd68    000002f8     fontfixed6x8.obj (.const:.string:g_pucFontFixed6x8Data)
                  0000e060    00000101     rtsv7M4_T_le_v4SPD16_eabi.lib : ctype.c.obj (.const:.string:_ctypes_)
                  0000e161    00000003     --HOLE-- [fill = 0]
                  0000e164    000000c8     fontfixed6x8.obj (.const:g_sFontFixed6x8)
                  0000e22c    00000004     --HOLE-- [fill = 0]
                  0000e230    00000098     rtsv7M4_T_le_v4SPD16_eabi.lib : s_atan.c.obj (.const:$O1$$)
                  0000e2c8    00000080     adc14.obj (.const:_ctlRegs)
                  0000e348    00000050     interrupt.obj (.const:g_pulRegs)
                  0000e398    00000030     edu_boosterpack_rgb.obj (.const:leds)
                  0000e3c8    0000002c     st7735.obj (.const:g_sCrystalfontz128x128)
                  0000e3f4    00000024     uart_driver.obj (.const:uart_config)
                  0000e418    00000020     interrupt.obj (.const:g_pulPriority)
                  0000e438    0000001c     st7735_msp432.obj (.const:$P$T0$1)
                  0000e454    0000001c     gpio.obj (.const:GPIO_PORT_TO_INT)
                  0000e470    00000008     st7735.obj (.const:$P$T0$1)
                  0000e478    00000008     edu_boosterpack_rgb.obj (.const:.string:port2_remapping)
                  0000e480    00000008     edu_boosterpack_rgb.obj (.const:.string:port5_remapping)
                  0000e488    00000008     interrupt.obj (.const:g_pulDisRegs)
                  0000e490    00000008     interrupt.obj (.const:g_pulEnRegs)
                  0000e498    00000008     interrupt.obj (.const:g_pulPendRegs)
                  0000e4a0    00000008     interrupt.obj (.const:g_pulUnpendRegs)
                  0000e4a8    00000008     port.obj (.const)

.cinit     0    0000e4b0    000000e0     
                  0000e4b0    000000a9     (.cinit..data.load) [load image, compression = lzss]
                  0000e559    00000003     --HOLE-- [fill = 0]
                  0000e55c    0000000c     (__TI_handler_table)
                  0000e568    00000008     (.cinit..bss.load) [load image, compression = zero_init]
                  0000e570    00000008     (.cinit..vtable.load) [load image, compression = zero_init]
                  0000e578    00000018     (__TI_cinit_table)

.vtable    0    20000000    000000e4     UNINITIALIZED
                  20000000    000000e4     interrupt.obj (.vtable)

.bss       0    200000e4    0000c582     UNINITIALIZED
                  200000e4    0000c000     heap_1.obj (.bss:ucHeap)
                  2000c0e4    00000200     uart_driver.obj (.bss:uart_rx_buffer)
                  2000c2e4    00000200     uart_driver.obj (.bss:uart_tx_buffer)
                  2000c4e4    0000008c     tasks.obj (.bss:pxReadyTasksLists)
                  2000c570    0000001c     main.obj (.bss:g_sContext)
                  2000c58c    00000014     tasks.obj (.bss:xDelayedTaskList1)
                  2000c5a0    00000014     tasks.obj (.bss:xDelayedTaskList2)
                  2000c5b4    00000014     tasks.obj (.bss:xPendingReadyList)
                  2000c5c8    00000014     tasks.obj (.bss:xSuspendedTaskList)
                  2000c5dc    00000014     tasks.obj (.bss:xTasksWaitingTermination)
                  2000c5f0    0000000c     uart_driver.obj (.bss:buffer_rx)
                  2000c5fc    0000000c     uart_driver.obj (.bss:buffer_tx)
                  2000c608    0000000c     (.common:uart_command)
                  2000c614    00000008     cs.obj (.bss)
                  2000c61c    00000008     tasks.obj (.bss)
                  2000c624    00000008     (.common:results_buffer)
                  2000c62c    00000006     (.common:accel_values)
                  2000c632    00000002     (.common:Lcd_ScreenHeigth)
                  2000c634    00000004     uart_driver.obj (.bss)
                  2000c638    00000004     (.common:adc_callback_func)
                  2000c63c    00000004     (.common:start_timestamp)
                  2000c640    00000004     (.common:xADCReadingAvailableSemaphore)
                  2000c644    00000004     (.common:xMutex)
                  2000c648    00000004     (.common:xQueueADC2Process)
                  2000c64c    00000004     (.common:xQueueProcess2LCD)
                  2000c650    00000004     (.common:xQueueUART2ADC)
                  2000c654    00000004     (.common:xRunADCTaskSemaphore)
                  2000c658    00000004     (.common:xRunUARTReadingTaskSemaphore)
                  2000c65c    00000002     (.common:Lcd_ScreenWidth)
                  2000c65e    00000002     (.common:Lcd_TouchTrim)
                  2000c660    00000002     (.common:command)
                  2000c662    00000001     (.common:Lcd_FlagRead)
                  2000c663    00000001     (.common:Lcd_FontSolid)
                  2000c664    00000001     (.common:Lcd_Orientation)
                  2000c665    00000001     (.common:Lcd_PenSolid)

.data      0    2000c668    00000141     UNINITIALIZED
                  2000c668    00000040     flash.obj (.data:__getBurstProgramRegs)
                  2000c6a8    00000034     tasks.obj (.data)
                  2000c6dc    00000030     gpio.obj (.data:GPIO_PORT_TO_BASE)
                  2000c70c    00000018     msp432_launchpad_board.obj (.data:buttons)
                  2000c724    00000018     edu_boosterpack_rgb.obj (.data:led_blue_pwm_cfg)
                  2000c73c    00000018     edu_boosterpack_rgb.obj (.data:led_green_pwm_cfg)
                  2000c754    00000018     edu_boosterpack_rgb.obj (.data:led_red_pwm_cfg)
                  2000c76c    00000010     msp432_launchpad_board.obj (.data:debug)
                  2000c77c    00000010     msp432_launchpad_board.obj (.data:leds)
                  2000c78c    0000000c     port.obj (.data)
                  2000c798    00000008     heap_1.obj (.data)
                  2000c7a0    00000004     rtsv7M4_T_le_v4SPD16_eabi.lib : errno.c.obj (.data)
                  2000c7a4    00000004     system_msp432p401r.obj (.data)
                  2000c7a8    00000001     main.obj (.data)

.stack     0    2000fe00    00000200     UNINITIALIZED
                  2000fe00    00000004     rtsv7M4_T_le_v4SPD16_eabi.lib : boot_cortex_m.c.obj (.stack)
                  2000fe04    000001fc     --HOLE--

MODULE SUMMARY

       Module                              code    ro data   rw data
       ------                              ----    -------   -------
    .\
       main.obj                            3264    0         81     
       system_msp432p401r.obj              808     0         4      
       msp432_startup_ccs.obj              22      324       0      
    +--+-----------------------------------+-------+---------+---------+
       Total:                              4094    324       85     
                                                                    
    .\lib_PRAC\freertos\cortex-m4\
       port.obj                            648     8         12     
       portasm.obj                         210     0         0      
    +--+-----------------------------------+-------+---------+---------+
       Total:                              858     8         12     
                                                                    
    .\lib_PRAC\freertos\src\
       heap_1.obj                          180     0         49160  
       tasks.obj                           6668    0         300    
       queue.obj                           3236    0         0      
       list.obj                            298     0         0      
    +--+-----------------------------------+-------+---------+---------+
       Total:                              10382   0         49460  
                                                                    
    .\lib_PRAC\graphics\
       string.obj                          1584    0         0      
       circle.obj                          1176    0         0      
       line.obj                            1168    0         0      
       fontfixed6x8.obj                    0       960       0      
       context.obj                         614     0         0      
       display.obj                         308     0         0      
    +--+-----------------------------------+-------+---------+---------+
       Total:                              4850    960       0      
                                                                    
    .\lib_PRAC\msp432\
       flash.obj                           5532    0         64     
       cs.obj                              3452    0         8      
       adc14.obj                           2260    128       0      
       spi.obj                             2212    0         0      
       pcm.obj                             2104    0         0      
       timer_a.obj                         1944    0         0      
       interrupt.obj                       1008    144       228    
       rtc_c.obj                           1288    0         0      
       gpio.obj                            1152    28        48     
       uart.obj                            1052    0         0      
       sysctl.obj                          580     0         0      
       wdt_a.obj                           216     0         0      
       ref_a.obj                           204     0         0      
       fpu.obj                             192     0         0      
       pmap.obj                            104     0         0      
       cpu.obj                             62      0         0      
    +--+-----------------------------------+-------+---------+---------+
       Total:                              23362   300       348    
                                                                    
    .\lib_PRAC\screen\
       st7735.obj                          1656    52        10     
       st7735_msp432.obj                   204     28        0      
    +--+-----------------------------------+-------+---------+---------+
       Total:                              1860    80        10     
                                                                    
    .\lib_PRAC\uoc\
       uart_driver.obj                     428     36        1052   
       msp432_launchpad_board.obj          944     0         56     
       edu_boosterpack_rgb.obj             384     64        72     
       edu_boosterpack_accelerometer.obj   260     0         12     
       circ_buffer.obj                     250     0         0      
       interrupts.obj                      34      0         0      
    +--+-----------------------------------+-------+---------+---------+
       Total:                              2300    100       1192   
                                                                    
    C:\ti\ccs901\ccs\tools\compiler\ti-cgt-arm_18.12.3.LTS\lib\rtsv7M4_T_le_v4SPD16_eabi.lib
       _printfi.c.obj                      4851    0         0      
       s_atan.c.obj                        748     152       0      
       fd_add_t2.asm.obj                   438     0         0      
       fd_div_t2.asm.obj                   310     0         0      
       s_scalbn.c.obj                      272     0         0      
       fd_cmp_t2.asm.obj                   268     0         0      
       ctype.c.obj                         0       257       0      
       fd_mul_t2.asm.obj                   252     0         0      
       memcpy_t2.asm.obj                   156     0         0      
       ull_div_t2.asm.obj                  150     0         0      
       memset_t2.asm.obj                   122     0         0      
       fd_tos_t2.asm.obj                   110     0         0      
       copy_decompress_lzss.c.obj          104     0         0      
       s_frexp.c.obj                       100     0         0      
       sprintf.c.obj                       98      0         0      
       ltoa.c.obj                          84      0         0      
       atoi.c.obj                          76      0         0      
       fd_toi_t2.asm.obj                   72      0         0      
       autoinit.c.obj                      68      0         0      
       fs_tod_t2.asm.obj                   56      0         0      
       boot_cortex_m.c.obj                 52      0         0      
       i_tofd_t2.asm.obj                   46      0         0      
       strncat.c.obj                       46      0         0      
       memccpy.c.obj                       28      0         0      
       s_copysign.c.obj                    26      0         0      
       strchr.c.obj                        22      0         0      
       strlen.c.obj                        20      0         0      
       wcslen.c.obj                        18      0         0      
       copy_decompress_none.c.obj          14      0         0      
       copy_zero_init.c.obj                12      0         0      
       errno.c.obj                         8       0         4      
       exit.c.obj                          4       0         0      
       pre_init.c.obj                      4       0         0      
       div0.asm.obj                        2       0         0      
    +--+-----------------------------------+-------+---------+---------+
       Total:                              8637    409       4      
                                                                    
       Stack:                              0       0         512    
       Linker Generated:                   0       221       0      
    +--+-----------------------------------+-------+---------+---------+
       Grand Total:                        56343   2402      51623  


LINKER GENERATED COPY TABLES

__TI_cinit_table @ 0000e578 records: 3, size/record: 8, table size: 24
	.data: load addr=0000e4b0, load size=000000a9 bytes, run addr=2000c668, run size=00000141 bytes, compression=lzss
	.bss: load addr=0000e568, load size=00000008 bytes, run addr=200000e4, run size=0000c582 bytes, compression=zero_init
	.vtable: load addr=0000e570, load size=00000008 bytes, run addr=20000000, run size=000000e4 bytes, compression=zero_init


LINKER GENERATED HANDLER TABLE

__TI_handler_table @ 0000e55c records: 3, size/record: 4, table size: 12
	index: 0, handler: __TI_zero_init
	index: 1, handler: __TI_decompress_lzss
	index: 2, handler: __TI_decompress_none


GLOBAL SYMBOLS: SORTED ALPHABETICALLY BY Name 

address   name                                           
-------   ----                                           
00006a69  ADC14_clearInterruptFlag                       
00006611  ADC14_configureConversionMemory                
000064b9  ADC14_configureMultiSequenceMode               
0000654f  ADC14_configureSingleSampleMode                
00006749  ADC14_disableComparatorWindow                  
000065e7  ADC14_disableConversion                        
000069e7  ADC14_disableInterrupt                         
0000638d  ADC14_disableModule                            
00006967  ADC14_disableReferenceBurst                    
000063cd  ADC14_disableSampleTimer                       
000066b9  ADC14_enableComparatorWindow                   
000065a5  ADC14_enableConversion                         
000069bf  ADC14_enableInterrupt                          
00006385  ADC14_enableModule                             
00006951  ADC14_enableReferenceBurst                     
000063a3  ADC14_enableSampleTimer                        
00006a33  ADC14_getEnabledInterruptStatus                
00006a0f  ADC14_getInterruptStatus                       
00006871  ADC14_getMultiSequenceResult                   
00006443  ADC14_getResolution                            
00006857  ADC14_getResult                                
000068dd  ADC14_getResultArray                           
000063e3  ADC14_initModule                               
000065f3  ADC14_isBusy                                   
00006a95  ADC14_registerInterrupt                        
000067a7  ADC14_setComparatorWindowValue                 
0000697d  ADC14_setPowerMode                             
00006429  ADC14_setResolution                            
0000682d  ADC14_setResultFormat                          
0000648f  ADC14_setSampleHoldTime                        
0000644d  ADC14_setSampleHoldTrigger                     
000065c5  ADC14_toggleConversionTrigger                  
00006aa9  ADC14_unregisterInterrupt                      
0000ccaf  ADC_IRQHandler                                 
0000dd65  C$$EXIT                                        
0000db9f  CPU_basepriGet                                 
0000db91  CPU_basepriSet                                 
0000db6b  CPU_cpsid                                      
0000db81  CPU_cpsie                                      
0000db77  CPU_primask                                    
0000db8d  CPU_wfi                                        
00003ded  CS_clearInterruptFlag                          
00003695  CS_disableClockRequest                         
0000377b  CS_disableDCOExternalResistor                  
00003cc1  CS_disableFaultCounter                         
00003dab  CS_disableInterrupt                            
0000366d  CS_enableClockRequest                          
000036dd  CS_enableDCOExternalResistor                   
00003c95  CS_enableFaultCounter                          
00003d89  CS_enableInterrupt                             
00003c2d  CS_getACLK                                     
00003bed  CS_getBCLK                                     
00003875  CS_getDCOFrequency                             
00003dd3  CS_getEnabledInterruptStatus                   
00003c09  CS_getHSMCLK                                   
00003dcd  CS_getInterruptStatus                          
00003c73  CS_getMCLK                                     
00003c51  CS_getSMCLK                                    
0000338d  CS_initClockSignal                             
00003e0f  CS_registerInterrupt                           
00003ced  CS_resetFaultCounter                           
00003799  CS_setDCOCenteredFrequency                     
00003705  CS_setDCOExternalResistorCalibration           
00003a15  CS_setDCOFrequency                             
00003351  CS_setExternalClockSourceFrequency             
000036b7  CS_setReferenceOscillatorFrequency             
00003d39  CS_startFaultCounter                           
00003491  CS_startHFXT                                   
000034b5  CS_startHFXTWithTimeout                        
00003579  CS_startLFXT                                   
0000359d  CS_startLFXTWithTimeout                        
000037d1  CS_tuneDCOFrequency                            
00003e23  CS_unregisterInterrupt                         
00008365  Crystalfontz128x128_Init                       
00008479  Crystalfontz128x128_SetDrawFrame               
000085a7  Crystalfontz128x128_SetOrientation             
0000c29d  EUSCIA0_IRQHandler                             
0000725f  EUSCI_A_SPI_changeClockPhasePolarity           
00007313  EUSCI_A_SPI_clearInterruptFlag                 
00007343  EUSCI_A_SPI_disable                            
000072e1  EUSCI_A_SPI_disableInterrupt                   
0000732d  EUSCI_A_SPI_enable                             
000072c7  EUSCI_A_SPI_enableInterrupt                    
000072fb  EUSCI_A_SPI_getInterruptStatus                 
00007359  EUSCI_A_SPI_getReceiveBufferAddressForDMA      
00007367  EUSCI_A_SPI_getTransmitBufferAddressForDMA     
00007375  EUSCI_A_SPI_isBusy                             
000071df  EUSCI_A_SPI_masterChangeClock                  
000072b7  EUSCI_A_SPI_receiveData                        
000071bf  EUSCI_A_SPI_select4PinFunctionality            
00007215  EUSCI_A_SPI_slaveInit                          
000072a1  EUSCI_A_SPI_transmitData                       
00007091  EUSCI_B_SPI_changeClockPhasePolarity           
00007145  EUSCI_B_SPI_clearInterruptFlag                 
00007175  EUSCI_B_SPI_disable                            
00007113  EUSCI_B_SPI_disableInterrupt                   
0000715f  EUSCI_B_SPI_enable                             
000070f9  EUSCI_B_SPI_enableInterrupt                    
0000712d  EUSCI_B_SPI_getInterruptStatus                 
0000718b  EUSCI_B_SPI_getReceiveBufferAddressForDMA      
00007199  EUSCI_B_SPI_getTransmitBufferAddressForDMA     
000071a7  EUSCI_B_SPI_isBusy                             
00007015  EUSCI_B_SPI_masterChangeClock                  
000070e9  EUSCI_B_SPI_receiveData                        
00006ff5  EUSCI_B_SPI_select4PinFunctionality            
00007047  EUSCI_B_SPI_slaveInit                          
000070d3  EUSCI_B_SPI_transmitData                       
0000d23b  FPU_disableModule                              
0000d267  FPU_disableStacking                            
0000d25b  FPU_enableLazyStacking                         
0000d229  FPU_enableModule                               
0000d249  FPU_enableStacking                             
0000d2a7  FPU_setFlushToZeroMode                         
0000d273  FPU_setHalfPrecisionMode                       
0000d28d  FPU_setNaNMode                                 
0000d2c1  FPU_setRoundingMode                            
00002b9b  FlashCtl_clearInterruptFlag                    
00002a5f  FlashCtl_clearProgramVerification              
00002b71  FlashCtl_disableInterrupt                      
000020cd  FlashCtl_disableReadBuffering                  
00002ac9  FlashCtl_disableWordProgramming                
00002b5d  FlashCtl_enableInterrupt                       
00002079  FlashCtl_enableReadBuffering                   
00002a99  FlashCtl_enableWordProgramming                 
000026f9  FlashCtl_eraseSector                           
00002b8b  FlashCtl_getEnabledInterruptStatus             
00002b85  FlashCtl_getInterruptStatus                    
00001cfb  FlashCtl_getMemoryInfo                         
0000255d  FlashCtl_getReadMode                           
00002b2f  FlashCtl_getWaitState                          
00002587  FlashCtl_initiateMassErase                     
0000281d  FlashCtl_initiateSectorErase                   
000021fd  FlashCtl_isSectorProtected                     
00002ad5  FlashCtl_isWordProgrammingEnabled              
000025ad  FlashCtl_performMassErase                      
000028b5  FlashCtl_programMemory                         
0000219d  FlashCtl_protectSector                         
00002baf  FlashCtl_registerInterrupt                     
00002a25  FlashCtl_setProgramVerification                
000024f1  FlashCtl_setReadMode                           
00002af1  FlashCtl_setWaitState                          
0000212d  FlashCtl_unprotectSector                       
00002bc3  FlashCtl_unregisterInterrupt                   
00002289  FlashCtl_verifyMemory                          
0000a15f  GPIO_clearInterruptFlag                        
0000a11f  GPIO_disableInterrupt                          
0000a0fd  GPIO_enableInterrupt                           
0000a1b7  GPIO_getEnabledInterruptStatus                 
0000a0cf  GPIO_getInputPinValue                          
0000a141  GPIO_getInterruptStatus                        
0000a181  GPIO_interruptEdgeSelect                       
0000a277  GPIO_registerInterrupt                         
00009e77  GPIO_setAsInputPin                             
0000a02b  GPIO_setAsInputPinWithPullDownResistor         
0000a07d  GPIO_setAsInputPinWithPullUpResistor           
00009e3d  GPIO_setAsOutputPin                            
00009f41  GPIO_setAsPeripheralModuleFunctionInputPin     
00009ebd  GPIO_setAsPeripheralModuleFunctionOutputPin    
0000a233  GPIO_setDriveStrengthHigh                      
0000a255  GPIO_setDriveStrengthLow                       
00009fc5  GPIO_setOutputHighOnPin                        
00009fe7  GPIO_setOutputLowOnPin                         
0000a009  GPIO_toggleOutputOnPin                         
0000a297  GPIO_unregisterInterrupt                       
0000bb71  Graphics_clearDisplay                          
0000c873  Graphics_clearDisplayOnDisplay                 
00009515  Graphics_drawCircle                            
0000c7c5  Graphics_drawHorizontalLineOnDisplay           
00009cc9  Graphics_drawLine                              
000099ad  Graphics_drawLineH                             
00009a49  Graphics_drawLineV                             
0000c781  Graphics_drawMultiplePixelsOnDisplay           
0000bb83  Graphics_drawPixel                             
0000c757  Graphics_drawPixelOnDisplay                    
00008b17  Graphics_drawString                            
00008fa5  Graphics_drawStringCentered                    
0000c7f9  Graphics_drawVerticalLineOnDisplay             
00009783  Graphics_fillCircle                            
0000c82d  Graphics_fillRectangleOnDisplay                
0000bb63  Graphics_flushBuffer                           
0000c861  Graphics_flushOnDisplay                        
0000bb45  Graphics_getDisplayHeight                      
0000bb35  Graphics_getDisplayWidth                       
0000bae3  Graphics_getFontBaseline                       
0000bb19  Graphics_getFontHeight                         
0000bb27  Graphics_getFontMaxWidth                       
0000bb55  Graphics_getHeightOfDisplay                    
00008f95  Graphics_getStringBaseline                     
00008fed  Graphics_getStringHeight                       
00008ffd  Graphics_getStringMaxWidth                     
00008a1d  Graphics_getStringWidth                        
0000bbdd  Graphics_getWidthOfDisplay                     
0000b985  Graphics_initContext                           
0000ba99  Graphics_setBackgroundColor                    
0000bab3  Graphics_setBackgroundColorTranslated          
0000b9cf  Graphics_setClipRegion                         
0000bac9  Graphics_setFont                               
0000baf1  Graphics_setForegroundColor                    
0000bb07  Graphics_setForegroundColorTranslated          
0000c84b  Graphics_translateColorOnDisplay               
0000d15d  HAL_LCD_PortInit                               
0000d18d  HAL_LCD_SpiInit                                
0000d1c3  HAL_LCD_writeCommand                           
0000d1f9  HAL_LCD_writeData                              
0000a89b  Interrupt_disableInterrupt                     
0000a6eb  Interrupt_disableMaster                        
0000aa99  Interrupt_disableSleepOnIsrExit                
0000a829  Interrupt_enableInterrupt                      
0000a6db  Interrupt_enableMaster                         
0000aa87  Interrupt_enableSleepOnIsrExit                 
0000a803  Interrupt_getPriority                          
0000a77b  Interrupt_getPriorityGrouping                  
0000aa67  Interrupt_getPriorityMask                      
0000aa81  Interrupt_getVectorTableAddress                
0000a90d  Interrupt_isEnabled                            
0000a999  Interrupt_pendInterrupt                        
0000a6fb  Interrupt_registerInterrupt                    
0000a7b3  Interrupt_setPriority                          
0000a761  Interrupt_setPriorityGrouping                  
0000aa57  Interrupt_setPriorityMask                      
0000aa71  Interrupt_setVectorTableAddress                
0000aa09  Interrupt_unpendInterrupt                      
0000a74d  Interrupt_unregisterInterrupt                  
2000c662  Lcd_FlagRead                                   
2000c663  Lcd_FontSolid                                  
2000c664  Lcd_Orientation                                
2000c665  Lcd_PenSolid                                   
2000c632  Lcd_ScreenHeigth                               
2000c65c  Lcd_ScreenWidth                                
2000c65e  Lcd_TouchTrim                                  
00007b6f  PCM_clearInterruptFlag                         
00007b45  PCM_disableInterrupt                           
00007b1d  PCM_disableRudeMode                            
00007b31  PCM_enableInterrupt                            
00007b0b  PCM_enableRudeMode                             
00007517  PCM_getCoreVoltageLevel                        
00007b5f  PCM_getEnabledInterruptStatus                  
00007b59  PCM_getInterruptStatus                         
000074bd  PCM_getPowerMode                               
00007aff  PCM_getPowerState                              
00007a31  PCM_gotoLPM0                                   
00007a4f  PCM_gotoLPM0InterruptSafe                      
00007a6b  PCM_gotoLPM3                                   
00007ae3  PCM_gotoLPM3InterruptSafe                      
00007a05  PCM_gotoLPM4                                   
00007a15  PCM_gotoLPM4InterruptSafe                      
00007b83  PCM_registerInterrupt                          
0000748b  PCM_setCoreVoltageLevel                        
000074ad  PCM_setCoreVoltageLevelNonBlocking             
0000749b  PCM_setCoreVoltageLevelWithTimeout             
000076bd  PCM_setPowerMode                               
000076cd  PCM_setPowerModeNonBlocking                    
000076dd  PCM_setPowerModeWithTimeout                    
0000798f  PCM_setPowerState                              
000079b1  PCM_setPowerStateNonBlocking                   
0000799f  PCM_setPowerStateWithTimeout                   
000079c1  PCM_shutdownDevice                             
00007b97  PCM_unregisterInterrupt                        
0000d84d  PMAP_configurePorts                            
0000ae0f  PORT1_IRQHandler                               
0000d0d3  REF_A_disableReferenceVoltage                  
0000d0c3  REF_A_disableReferenceVoltageOutput            
0000d0ab  REF_A_disableTempSensor                        
0000d0cb  REF_A_enableReferenceVoltage                   
0000d0bb  REF_A_enableReferenceVoltageOutput             
0000d0b3  REF_A_enableTempSensor                         
0000d0db  REF_A_getBandgapMode                           
0000d109  REF_A_getBufferedBandgapVoltageStatus          
0000d115  REF_A_getVariableReferenceVoltageStatus        
0000d0e5  REF_A_isBandgapActive                          
0000d0fd  REF_A_isRefGenActive                           
0000d0f1  REF_A_isRefGenBusy                             
0000d129  REF_A_setBufferedBandgapVoltageOneTimeTrigger  
0000d091  REF_A_setReferenceVoltage                      
0000d121  REF_A_setReferenceVoltageOneTimeTrigger        
00009469  RTC_C_clearInterruptFlag                       
000092b3  RTC_C_convertBCDToBinary                       
000092cb  RTC_C_convertBinaryToBCD                       
0000920f  RTC_C_definePrescaleEvent                      
00009339  RTC_C_disableInterrupt                         
000092e3  RTC_C_enableInterrupt                          
00009141  RTC_C_getCalendarTime                          
00009409  RTC_C_getEnabledInterruptStatus                
000093a1  RTC_C_getInterruptStatus                       
00009237  RTC_C_getPrescaleValue                         
0000902b  RTC_C_holdClock                                
000090cf  RTC_C_initCalendar                             
000094af  RTC_C_registerInterrupt                        
000091a7  RTC_C_setCalendarAlarm                         
000091df  RTC_C_setCalendarEvent                         
00009079  RTC_C_setCalibrationData                       
00009049  RTC_C_setCalibrationFrequency                  
00009263  RTC_C_setPrescaleValue                         
000090a5  RTC_C_setTemperatureCompensation               
0000900d  RTC_C_startClock                               
000094cd  RTC_C_unregisterInterrupt                      
00006cb3  SPI_changeClockPhasePolarity                   
00006c0d  SPI_changeMasterClock                          
00006e65  SPI_clearInterruptFlag                         
00006de7  SPI_disableInterrupt                           
00006d41  SPI_disableModule                              
00006dc1  SPI_enableInterrupt                            
00006d25  SPI_enableModule                               
00006e35  SPI_getEnabledInterruptStatus                  
00006e0d  SPI_getInterruptStatus                         
00006d5d  SPI_getReceiveBufferAddressForDMA              
00006d79  SPI_getTransmitBufferAddressForDMA             
00006b21  SPI_initMaster                                 
00006c35  SPI_initSlave                                  
00006da5  SPI_isBusy                                     
00006d09  SPI_receiveData                                
00006e8b  SPI_registerInterrupt                          
00006be7  SPI_selectFourPinFunctionality                 
00006ce3  SPI_transmitData                               
00006f49  SPI_unregisterInterrupt                        
0000bddf  SysCtl_disableGlitchFilter                     
0000bc6f  SysCtl_disableNMISource                        
0000bd77  SysCtl_disablePeripheralAtCPUHalt              
0000bcb9  SysCtl_disableSRAMBank                         
0000bd3d  SysCtl_disableSRAMBankRetention                
0000bdd3  SysCtl_enableGlitchFilter                      
0000bc83  SysCtl_enableNMISource                         
0000bd63  SysCtl_enablePeripheralAtCPUHalt               
0000bc9d  SysCtl_enableSRAMBank                          
0000bd21  SysCtl_enableSRAMBankRetention                 
0000bc69  SysCtl_getFlashSize                            
0000bc97  SysCtl_getNMISourceStatus                      
0000bc63  SysCtl_getSRAMSize                             
0000bbed  SysCtl_getTLVInfo                              
0000bdeb  SysCtl_getTempCalibrationConstant              
0000bd59  SysCtl_rebootDevice                            
0000bdaf  SysCtl_setWDTPasswordViolationResetType        
0000bd8b  SysCtl_setWDTTimeoutResetType                  
2000c7a4  SystemCoreClock                                
0000ae79  SystemCoreClockUpdate                          
0000b0ed  SystemInit                                     
2000c7a8  TakeADCReadings                                
00008097  Timer_A_clearCaptureCompareInterrupt           
00008081  Timer_A_clearInterruptFlag                     
00007eff  Timer_A_clearTimer                             
00007d27  Timer_A_configureContinuousMode                
00007db5  Timer_A_configureUpDownMode                    
00007d57  Timer_A_configureUpMode                        
00008125  Timer_A_disableCaptureCompareInterrupt         
000080d3  Timer_A_disableInterrupt                       
000080f9  Timer_A_enableCaptureCompareInterrupt          
000080bf  Timer_A_enableInterrupt                        
00007fcb  Timer_A_generatePWM                            
00007f71  Timer_A_getCaptureCompareCount                 
0000818d  Timer_A_getCaptureCompareEnabledInterruptStatus
0000814d  Timer_A_getCaptureCompareInterruptStatus       
00007eb3  Timer_A_getCounterValue                        
00008175  Timer_A_getEnabledInterruptStatus              
000080e7  Timer_A_getInterruptStatus                     
00007f43  Timer_A_getOutputForOutputModeOutBitValue      
00007f13  Timer_A_getSynchronizedCaptureCompareInput     
00007e13  Timer_A_initCapture                            
00007e65  Timer_A_initCompare                            
000081c9  Timer_A_registerInterrupt                      
00008055  Timer_A_setCompareValue                        
00007f93  Timer_A_setOutputForOutputModeOutBitValue      
00007d11  Timer_A_startCounter                           
00008041  Timer_A_stopTimer                              
0000829b  Timer_A_unregisterInterrupt                    
0000a5d1  UART_clearInterruptFlag                        
0000a529  UART_disableInterrupt                          
0000a40b  UART_disableModule                             
0000a4f9  UART_enableInterrupt                           
0000a3f5  UART_enableModule                              
0000a575  UART_getEnabledInterruptStatus                 
0000a559  UART_getInterruptStatus                        
0000a4c1  UART_getReceiveBufferAddressForDMA             
0000a4cf  UART_getTransmitBufferAddressForDMA            
0000a2bd  UART_initModule                                
0000a421  UART_queryStatusFlags                          
0000a3cf  UART_receiveData                               
0000a5f1  UART_registerInterrupt                         
0000a449  UART_resetDormant                              
0000a4dd  UART_selectDeglitchTime                        
0000a435  UART_setDormant                                
0000a45d  UART_transmitAddress                           
0000a47b  UART_transmitBreak                             
0000a3a5  UART_transmitData                              
0000a66d  UART_unregisterInterrupt                       
4000480c  WDTCTL_SYM                                     
0000cf25  WDT_A_clearTimer                               
0000cee5  WDT_A_holdTimer                                
0000cf61  WDT_A_initIntervalTimer                        
0000cf45  WDT_A_initWatchdogTimer                        
0000cf95  WDT_A_registerInterrupt                        
0000cf7d  WDT_A_setPasswordViolationReset                
0000cf89  WDT_A_setTimeoutReset                          
0000cf05  WDT_A_startTimer                               
0000cfa9  WDT_A_unregisterInterrupt                      
00002fc7  __FlashCtl_remaskBurstDataPost                 
00002ead  __FlashCtl_remaskBurstDataPre                  
00002cf1  __FlashCtl_remaskData32Post                    
00002dd5  __FlashCtl_remaskData32Pre                     
00002bd3  __FlashCtl_remaskData8Post                     
00002c53  __FlashCtl_remaskData8Pre                      
20010000  __STACK_END                                    
00000200  __STACK_SIZE                                   
0000e578  __TI_CINIT_Base                                
0000e590  __TI_CINIT_Limit                               
0000e55c  __TI_Handler_Table_Base                        
0000e568  __TI_Handler_Table_Limit                       
0000daa9  __TI_auto_init_nobinit_nopinit                 
0000d7e3  __TI_decompress_lzss                           
0000dd33  __TI_decompress_none                           
ffffffff  __TI_pprof_out_hndl                            
000057cd  __TI_printfi                                   
ffffffff  __TI_prof_data_size                            
ffffffff  __TI_prof_data_start                           
00000000  __TI_static_base__                             
0000dd41  __TI_zero_init                                 
0000d581  __aeabi_cdcmpeq                                
0000d581  __aeabi_cdcmple                                
0000d607  __aeabi_cdrcmple                               
0000d775  __aeabi_d2f                                    
0000da61  __aeabi_d2iz                                   
0000c00b  __aeabi_dadd                                   
0000c621  __aeabi_ddiv                                   
0000cced  __aeabi_dmul                                   
0000c001  __aeabi_dsub                                   
0000dd59  __aeabi_errno_addr                             
0000dba9  __aeabi_f2d                                    
0000dc15  __aeabi_i2d                                    
0000621b  __aeabi_idiv0                                  
0000621b  __aeabi_ldiv0                                  
0000d68d  __aeabi_memclr                                 
0000d68d  __aeabi_memclr4                                
0000d68d  __aeabi_memclr8                                
0000d44f  __aeabi_memcpy                                 
0000d44f  __aeabi_memcpy4                                
0000d44f  __aeabi_memcpy8                                
0000d68f  __aeabi_memset                                 
0000d68f  __aeabi_memset4                                
0000d68f  __aeabi_memset8                                
0000d4eb  __aeabi_uldivmod                               
ffffffff  __binit__                                      
ffffffff  __c_args__                                     
UNDEFED   __mpu_init                                     
2000fe00  __stack                                        
0000dbe1  _c_int00_noargs                                
0000e060  _ctypes_                                       
UNDEFED   _system_post_cinit                             
0000dd61  _system_pre_init                               
0000dd65  abort                                          
2000c62c  accel_values                                   
2000c638  adc_callback_func                              
0000b1a1  atan                                           
0000b1a1  atanl                                          
0000da15  atoi                                           
ffffffff  binit                                          
0000ab0d  board_buttons_clear_callback                   
0000aae7  board_buttons_set_callback                     
0000aac9  board_init                                     
0000aadd  board_lock                                     
0000cde9  circ_buffer_init                               
0000ce7d  circ_buffer_is_empty                           
0000ce9d  circ_buffer_is_full                            
0000ce45  circ_buffer_pop                                
0000ce13  circ_buffer_push                               
2000c660  command                                        
0000dcaf  copysign                                       
0000dcaf  copysignl                                      
0000abd1  debug_off                                      
0000aba9  debug_on                                       
0000abf9  debug_toggle                                   
00000571  eTaskGetState                                  
0000cca7  edu_boosterpack_accelerometer_clear_callback   
0000cc7d  edu_boosterpack_accelerometer_disable          
0000cbe9  edu_boosterpack_accelerometer_init             
0000cc71  edu_boosterpack_accelerometer_read             
0000cc97  edu_boosterpack_accelerometer_set_callback     
0000c365  edu_boosterpack_rgb_init                       
0000c37f  edu_boosterpack_rgb_off                        
0000c36d  edu_boosterpack_rgb_on                         
0000c391  edu_boosterpack_rgb_pwm                        
0000c3a9  edu_boosterpack_rgb_pwm_all                    
2000c7a0  errno                                          
0000d8b5  frexp                                          
0000d8b5  frexpl                                         
20000000  g_pfnRAMVectors                                
0000e3c8  g_sCrystalfontz128x128                         
0000e164  g_sFontFixed6x8                                
000048c5  get_adc_results                                
00000000  interruptVectors                               
0000dc81  interrupts_disable                             
0000dc71  interrupts_restore                             
0000cad9  ldexp                                          
0000cad9  ldexpl                                         
0000ab59  led_off                                        
0000ab31  led_on                                         
0000ab81  led_toggle                                     
0000d96f  ltoa                                           
00003e69  main                                           
00004a15  map_i                                          
0000dc93  memccpy                                        
0000d44f  memcpy                                         
0000d695  memset                                         
00000b45  pcTaskGetName                                  
0000d2e9  pvPortMalloc                                   
000015cb  pvTaskIncrementMutexHeldCount                  
2000c6a8  pxCurrentTCB                                   
0000b48d  pxPortInitialiseStack                          
2000c624  results_buffer                                 
0000cad9  scalbn                                         
0000cad9  scalbnl                                        
0000daed  sprintf                                        
2000c63c  start_timestamp                                
0000dcf7  strchr                                         
0000dd0d  strlen                                         
0000dc43  strncat                                        
2000c608  uart_command                                   
0000c23d  uart_get_char                                  
0000c1b9  uart_init                                      
0000c25b  uart_print                                     
0000c20f  uart_put_char                                  
00004855  uart_rx_callback                               
00004909  uart_to_command                                
0000556d  ucQueueGetQueueType                            
0000e4a8  ulMaxSyscallInterruptPriority                  
0000cfcd  ulPortGetIPSR                                  
000015e3  ulTaskNotifyTake                               
0000c96d  uxListRemove                                   
0000554d  uxQueueGetQueueNumber                          
000054a5  uxQueueMessagesWaiting                         
00005503  uxQueueMessagesWaitingFromISR                  
000054cf  uxQueueSpacesAvailable                         
00000b3b  uxTaskGetNumberOfTasks                         
00000b89  uxTaskGetSystemState                           
000010ff  uxTaskGetTaskNumber                            
0000060d  uxTaskPriorityGet                              
00000639  uxTaskPriorityGetFromISR                       
000015a9  uxTaskResetEventItemValue                      
0000c88b  vListInitialise                                
0000c8bb  vListInitialiseItem                            
0000c907  vListInsert                                    
0000c8cb  vListInsertEnd                                 
0000d081  vPortEnableVFP                                 
0000b5ad  vPortEndScheduler                              
0000b5d1  vPortEnterCritical                             
0000b613  vPortExitCritical                              
0000d359  vPortFree                                      
0000d37d  vPortInitialiseBlocks                          
0000d045  vPortSVCHandler                                
0000b665  vPortSetupTimerInterrupt                       
0000d065  vPortStartFirstTask                            
0000b67f  vPortValidateInterruptPriority                 
00005529  vQueueDelete                                   
0000555b  vQueueSetQueueNumber                           
00000509  vTaskDelay                                     
00000427  vTaskDelayUntil                                
0000035d  vTaskDelete                                    
000009e1  vTaskEndScheduler                              
00001211  vTaskGetInfo                                   
000010f7  vTaskMissedYield                               
0000196b  vTaskNotifyGiveFromISR                         
00000e2f  vTaskPlaceOnEventList                          
00000e69  vTaskPlaceOnUnorderedEventList                 
00001415  vTaskPriorityInherit                           
00000681  vTaskPrioritySet                               
000008e1  vTaskResume                                    
0000111f  vTaskSetTaskNumber                             
00001021  vTaskSetTimeOutState                           
00000975  vTaskStartScheduler                            
000007b5  vTaskSuspend                                   
000009fd  vTaskSuspendAll                                
00000da9  vTaskSwitchContext                             
0000dd21  wcslen                                         
2000c640  xADCReadingAvailableSemaphore                  
2000c644  xMutex                                         
0000d385  xPortGetFreeHeapSize                           
0000cfe5  xPortPendSVHandler                             
0000b519  xPortStartScheduler                            
0000b63f  xPortSysTickHandler                            
2000c648  xQueueADC2Process                              
00004d87  xQueueCreateCountingSemaphore                  
00004caf  xQueueCreateMutex                              
00004bdb  xQueueGenericCreate                            
00005167  xQueueGenericReceive                           
00004b29  xQueueGenericReset                             
00004de5  xQueueGenericSend                              
00004f71  xQueueGenericSendFromISR                       
00005079  xQueueGiveFromISR                              
00004cdb  xQueueGiveMutexRecursive                       
00005741  xQueueIsQueueEmptyFromISR                      
00005797  xQueueIsQueueFullFromISR                       
000053f9  xQueuePeekFromISR                              
2000c64c  xQueueProcess2LCD                              
0000531d  xQueueReceiveFromISR                           
00004d2b  xQueueTakeMutexRecursive                       
2000c650  xQueueUART2ADC                                 
2000c654  xRunADCTaskSemaphore                           
2000c658  xRunUARTReadingTaskSemaphore                   
00001055  xTaskCheckForTimeOut                           
00000145  xTaskCreate                                    
00001711  xTaskGenericNotify                             
0000182d  xTaskGenericNotifyFromISR                      
000013e1  xTaskGetCurrentTaskHandle                      
00000b17  xTaskGetTickCount                              
00000b27  xTaskGetTickCountFromISR                       
00000c75  xTaskIncrementTick                             
00001a55  xTaskNotifyStateClear                          
00001661  xTaskNotifyWait                                
000014d5  xTaskPriorityDisinherit                        
00000ed1  xTaskRemoveFromEventList                       
00000f6d  xTaskRemoveFromUnorderedEventList              
00000a15  xTaskResumeAll                                 


GLOBAL SYMBOLS: SORTED BY Symbol Address 

address   name                                           
-------   ----                                           
00000000  __TI_static_base__                             
00000000  interruptVectors                               
00000145  xTaskCreate                                    
00000200  __STACK_SIZE                                   
0000035d  vTaskDelete                                    
00000427  vTaskDelayUntil                                
00000509  vTaskDelay                                     
00000571  eTaskGetState                                  
0000060d  uxTaskPriorityGet                              
00000639  uxTaskPriorityGetFromISR                       
00000681  vTaskPrioritySet                               
000007b5  vTaskSuspend                                   
000008e1  vTaskResume                                    
00000975  vTaskStartScheduler                            
000009e1  vTaskEndScheduler                              
000009fd  vTaskSuspendAll                                
00000a15  xTaskResumeAll                                 
00000b17  xTaskGetTickCount                              
00000b27  xTaskGetTickCountFromISR                       
00000b3b  uxTaskGetNumberOfTasks                         
00000b45  pcTaskGetName                                  
00000b89  uxTaskGetSystemState                           
00000c75  xTaskIncrementTick                             
00000da9  vTaskSwitchContext                             
00000e2f  vTaskPlaceOnEventList                          
00000e69  vTaskPlaceOnUnorderedEventList                 
00000ed1  xTaskRemoveFromEventList                       
00000f6d  xTaskRemoveFromUnorderedEventList              
00001021  vTaskSetTimeOutState                           
00001055  xTaskCheckForTimeOut                           
000010f7  vTaskMissedYield                               
000010ff  uxTaskGetTaskNumber                            
0000111f  vTaskSetTaskNumber                             
00001211  vTaskGetInfo                                   
000013e1  xTaskGetCurrentTaskHandle                      
00001415  vTaskPriorityInherit                           
000014d5  xTaskPriorityDisinherit                        
000015a9  uxTaskResetEventItemValue                      
000015cb  pvTaskIncrementMutexHeldCount                  
000015e3  ulTaskNotifyTake                               
00001661  xTaskNotifyWait                                
00001711  xTaskGenericNotify                             
0000182d  xTaskGenericNotifyFromISR                      
0000196b  vTaskNotifyGiveFromISR                         
00001a55  xTaskNotifyStateClear                          
00001cfb  FlashCtl_getMemoryInfo                         
00002079  FlashCtl_enableReadBuffering                   
000020cd  FlashCtl_disableReadBuffering                  
0000212d  FlashCtl_unprotectSector                       
0000219d  FlashCtl_protectSector                         
000021fd  FlashCtl_isSectorProtected                     
00002289  FlashCtl_verifyMemory                          
000024f1  FlashCtl_setReadMode                           
0000255d  FlashCtl_getReadMode                           
00002587  FlashCtl_initiateMassErase                     
000025ad  FlashCtl_performMassErase                      
000026f9  FlashCtl_eraseSector                           
0000281d  FlashCtl_initiateSectorErase                   
000028b5  FlashCtl_programMemory                         
00002a25  FlashCtl_setProgramVerification                
00002a5f  FlashCtl_clearProgramVerification              
00002a99  FlashCtl_enableWordProgramming                 
00002ac9  FlashCtl_disableWordProgramming                
00002ad5  FlashCtl_isWordProgrammingEnabled              
00002af1  FlashCtl_setWaitState                          
00002b2f  FlashCtl_getWaitState                          
00002b5d  FlashCtl_enableInterrupt                       
00002b71  FlashCtl_disableInterrupt                      
00002b85  FlashCtl_getInterruptStatus                    
00002b8b  FlashCtl_getEnabledInterruptStatus             
00002b9b  FlashCtl_clearInterruptFlag                    
00002baf  FlashCtl_registerInterrupt                     
00002bc3  FlashCtl_unregisterInterrupt                   
00002bd3  __FlashCtl_remaskData8Post                     
00002c53  __FlashCtl_remaskData8Pre                      
00002cf1  __FlashCtl_remaskData32Post                    
00002dd5  __FlashCtl_remaskData32Pre                     
00002ead  __FlashCtl_remaskBurstDataPre                  
00002fc7  __FlashCtl_remaskBurstDataPost                 
00003351  CS_setExternalClockSourceFrequency             
0000338d  CS_initClockSignal                             
00003491  CS_startHFXT                                   
000034b5  CS_startHFXTWithTimeout                        
00003579  CS_startLFXT                                   
0000359d  CS_startLFXTWithTimeout                        
0000366d  CS_enableClockRequest                          
00003695  CS_disableClockRequest                         
000036b7  CS_setReferenceOscillatorFrequency             
000036dd  CS_enableDCOExternalResistor                   
00003705  CS_setDCOExternalResistorCalibration           
0000377b  CS_disableDCOExternalResistor                  
00003799  CS_setDCOCenteredFrequency                     
000037d1  CS_tuneDCOFrequency                            
00003875  CS_getDCOFrequency                             
00003a15  CS_setDCOFrequency                             
00003bed  CS_getBCLK                                     
00003c09  CS_getHSMCLK                                   
00003c2d  CS_getACLK                                     
00003c51  CS_getSMCLK                                    
00003c73  CS_getMCLK                                     
00003c95  CS_enableFaultCounter                          
00003cc1  CS_disableFaultCounter                         
00003ced  CS_resetFaultCounter                           
00003d39  CS_startFaultCounter                           
00003d89  CS_enableInterrupt                             
00003dab  CS_disableInterrupt                            
00003dcd  CS_getInterruptStatus                          
00003dd3  CS_getEnabledInterruptStatus                   
00003ded  CS_clearInterruptFlag                          
00003e0f  CS_registerInterrupt                           
00003e23  CS_unregisterInterrupt                         
00003e69  main                                           
00004855  uart_rx_callback                               
000048c5  get_adc_results                                
00004909  uart_to_command                                
00004a15  map_i                                          
00004b29  xQueueGenericReset                             
00004bdb  xQueueGenericCreate                            
00004caf  xQueueCreateMutex                              
00004cdb  xQueueGiveMutexRecursive                       
00004d2b  xQueueTakeMutexRecursive                       
00004d87  xQueueCreateCountingSemaphore                  
00004de5  xQueueGenericSend                              
00004f71  xQueueGenericSendFromISR                       
00005079  xQueueGiveFromISR                              
00005167  xQueueGenericReceive                           
0000531d  xQueueReceiveFromISR                           
000053f9  xQueuePeekFromISR                              
000054a5  uxQueueMessagesWaiting                         
000054cf  uxQueueSpacesAvailable                         
00005503  uxQueueMessagesWaitingFromISR                  
00005529  vQueueDelete                                   
0000554d  uxQueueGetQueueNumber                          
0000555b  vQueueSetQueueNumber                           
0000556d  ucQueueGetQueueType                            
00005741  xQueueIsQueueEmptyFromISR                      
00005797  xQueueIsQueueFullFromISR                       
000057cd  __TI_printfi                                   
0000621b  __aeabi_idiv0                                  
0000621b  __aeabi_ldiv0                                  
00006385  ADC14_enableModule                             
0000638d  ADC14_disableModule                            
000063a3  ADC14_enableSampleTimer                        
000063cd  ADC14_disableSampleTimer                       
000063e3  ADC14_initModule                               
00006429  ADC14_setResolution                            
00006443  ADC14_getResolution                            
0000644d  ADC14_setSampleHoldTrigger                     
0000648f  ADC14_setSampleHoldTime                        
000064b9  ADC14_configureMultiSequenceMode               
0000654f  ADC14_configureSingleSampleMode                
000065a5  ADC14_enableConversion                         
000065c5  ADC14_toggleConversionTrigger                  
000065e7  ADC14_disableConversion                        
000065f3  ADC14_isBusy                                   
00006611  ADC14_configureConversionMemory                
000066b9  ADC14_enableComparatorWindow                   
00006749  ADC14_disableComparatorWindow                  
000067a7  ADC14_setComparatorWindowValue                 
0000682d  ADC14_setResultFormat                          
00006857  ADC14_getResult                                
00006871  ADC14_getMultiSequenceResult                   
000068dd  ADC14_getResultArray                           
00006951  ADC14_enableReferenceBurst                     
00006967  ADC14_disableReferenceBurst                    
0000697d  ADC14_setPowerMode                             
000069bf  ADC14_enableInterrupt                          
000069e7  ADC14_disableInterrupt                         
00006a0f  ADC14_getInterruptStatus                       
00006a33  ADC14_getEnabledInterruptStatus                
00006a69  ADC14_clearInterruptFlag                       
00006a95  ADC14_registerInterrupt                        
00006aa9  ADC14_unregisterInterrupt                      
00006b21  SPI_initMaster                                 
00006be7  SPI_selectFourPinFunctionality                 
00006c0d  SPI_changeMasterClock                          
00006c35  SPI_initSlave                                  
00006cb3  SPI_changeClockPhasePolarity                   
00006ce3  SPI_transmitData                               
00006d09  SPI_receiveData                                
00006d25  SPI_enableModule                               
00006d41  SPI_disableModule                              
00006d5d  SPI_getReceiveBufferAddressForDMA              
00006d79  SPI_getTransmitBufferAddressForDMA             
00006da5  SPI_isBusy                                     
00006dc1  SPI_enableInterrupt                            
00006de7  SPI_disableInterrupt                           
00006e0d  SPI_getInterruptStatus                         
00006e35  SPI_getEnabledInterruptStatus                  
00006e65  SPI_clearInterruptFlag                         
00006e8b  SPI_registerInterrupt                          
00006f49  SPI_unregisterInterrupt                        
00006ff5  EUSCI_B_SPI_select4PinFunctionality            
00007015  EUSCI_B_SPI_masterChangeClock                  
00007047  EUSCI_B_SPI_slaveInit                          
00007091  EUSCI_B_SPI_changeClockPhasePolarity           
000070d3  EUSCI_B_SPI_transmitData                       
000070e9  EUSCI_B_SPI_receiveData                        
000070f9  EUSCI_B_SPI_enableInterrupt                    
00007113  EUSCI_B_SPI_disableInterrupt                   
0000712d  EUSCI_B_SPI_getInterruptStatus                 
00007145  EUSCI_B_SPI_clearInterruptFlag                 
0000715f  EUSCI_B_SPI_enable                             
00007175  EUSCI_B_SPI_disable                            
0000718b  EUSCI_B_SPI_getReceiveBufferAddressForDMA      
00007199  EUSCI_B_SPI_getTransmitBufferAddressForDMA     
000071a7  EUSCI_B_SPI_isBusy                             
000071bf  EUSCI_A_SPI_select4PinFunctionality            
000071df  EUSCI_A_SPI_masterChangeClock                  
00007215  EUSCI_A_SPI_slaveInit                          
0000725f  EUSCI_A_SPI_changeClockPhasePolarity           
000072a1  EUSCI_A_SPI_transmitData                       
000072b7  EUSCI_A_SPI_receiveData                        
000072c7  EUSCI_A_SPI_enableInterrupt                    
000072e1  EUSCI_A_SPI_disableInterrupt                   
000072fb  EUSCI_A_SPI_getInterruptStatus                 
00007313  EUSCI_A_SPI_clearInterruptFlag                 
0000732d  EUSCI_A_SPI_enable                             
00007343  EUSCI_A_SPI_disable                            
00007359  EUSCI_A_SPI_getReceiveBufferAddressForDMA      
00007367  EUSCI_A_SPI_getTransmitBufferAddressForDMA     
00007375  EUSCI_A_SPI_isBusy                             
0000748b  PCM_setCoreVoltageLevel                        
0000749b  PCM_setCoreVoltageLevelWithTimeout             
000074ad  PCM_setCoreVoltageLevelNonBlocking             
000074bd  PCM_getPowerMode                               
00007517  PCM_getCoreVoltageLevel                        
000076bd  PCM_setPowerMode                               
000076cd  PCM_setPowerModeNonBlocking                    
000076dd  PCM_setPowerModeWithTimeout                    
0000798f  PCM_setPowerState                              
0000799f  PCM_setPowerStateWithTimeout                   
000079b1  PCM_setPowerStateNonBlocking                   
000079c1  PCM_shutdownDevice                             
00007a05  PCM_gotoLPM4                                   
00007a15  PCM_gotoLPM4InterruptSafe                      
00007a31  PCM_gotoLPM0                                   
00007a4f  PCM_gotoLPM0InterruptSafe                      
00007a6b  PCM_gotoLPM3                                   
00007ae3  PCM_gotoLPM3InterruptSafe                      
00007aff  PCM_getPowerState                              
00007b0b  PCM_enableRudeMode                             
00007b1d  PCM_disableRudeMode                            
00007b31  PCM_enableInterrupt                            
00007b45  PCM_disableInterrupt                           
00007b59  PCM_getInterruptStatus                         
00007b5f  PCM_getEnabledInterruptStatus                  
00007b6f  PCM_clearInterruptFlag                         
00007b83  PCM_registerInterrupt                          
00007b97  PCM_unregisterInterrupt                        
00007d11  Timer_A_startCounter                           
00007d27  Timer_A_configureContinuousMode                
00007d57  Timer_A_configureUpMode                        
00007db5  Timer_A_configureUpDownMode                    
00007e13  Timer_A_initCapture                            
00007e65  Timer_A_initCompare                            
00007eb3  Timer_A_getCounterValue                        
00007eff  Timer_A_clearTimer                             
00007f13  Timer_A_getSynchronizedCaptureCompareInput     
00007f43  Timer_A_getOutputForOutputModeOutBitValue      
00007f71  Timer_A_getCaptureCompareCount                 
00007f93  Timer_A_setOutputForOutputModeOutBitValue      
00007fcb  Timer_A_generatePWM                            
00008041  Timer_A_stopTimer                              
00008055  Timer_A_setCompareValue                        
00008081  Timer_A_clearInterruptFlag                     
00008097  Timer_A_clearCaptureCompareInterrupt           
000080bf  Timer_A_enableInterrupt                        
000080d3  Timer_A_disableInterrupt                       
000080e7  Timer_A_getInterruptStatus                     
000080f9  Timer_A_enableCaptureCompareInterrupt          
00008125  Timer_A_disableCaptureCompareInterrupt         
0000814d  Timer_A_getCaptureCompareInterruptStatus       
00008175  Timer_A_getEnabledInterruptStatus              
0000818d  Timer_A_getCaptureCompareEnabledInterruptStatus
000081c9  Timer_A_registerInterrupt                      
0000829b  Timer_A_unregisterInterrupt                    
00008365  Crystalfontz128x128_Init                       
00008479  Crystalfontz128x128_SetDrawFrame               
000085a7  Crystalfontz128x128_SetOrientation             
00008a1d  Graphics_getStringWidth                        
00008b17  Graphics_drawString                            
00008f95  Graphics_getStringBaseline                     
00008fa5  Graphics_drawStringCentered                    
00008fed  Graphics_getStringHeight                       
00008ffd  Graphics_getStringMaxWidth                     
0000900d  RTC_C_startClock                               
0000902b  RTC_C_holdClock                                
00009049  RTC_C_setCalibrationFrequency                  
00009079  RTC_C_setCalibrationData                       
000090a5  RTC_C_setTemperatureCompensation               
000090cf  RTC_C_initCalendar                             
00009141  RTC_C_getCalendarTime                          
000091a7  RTC_C_setCalendarAlarm                         
000091df  RTC_C_setCalendarEvent                         
0000920f  RTC_C_definePrescaleEvent                      
00009237  RTC_C_getPrescaleValue                         
00009263  RTC_C_setPrescaleValue                         
000092b3  RTC_C_convertBCDToBinary                       
000092cb  RTC_C_convertBinaryToBCD                       
000092e3  RTC_C_enableInterrupt                          
00009339  RTC_C_disableInterrupt                         
000093a1  RTC_C_getInterruptStatus                       
00009409  RTC_C_getEnabledInterruptStatus                
00009469  RTC_C_clearInterruptFlag                       
000094af  RTC_C_registerInterrupt                        
000094cd  RTC_C_unregisterInterrupt                      
00009515  Graphics_drawCircle                            
00009783  Graphics_fillCircle                            
000099ad  Graphics_drawLineH                             
00009a49  Graphics_drawLineV                             
00009cc9  Graphics_drawLine                              
00009e3d  GPIO_setAsOutputPin                            
00009e77  GPIO_setAsInputPin                             
00009ebd  GPIO_setAsPeripheralModuleFunctionOutputPin    
00009f41  GPIO_setAsPeripheralModuleFunctionInputPin     
00009fc5  GPIO_setOutputHighOnPin                        
00009fe7  GPIO_setOutputLowOnPin                         
0000a009  GPIO_toggleOutputOnPin                         
0000a02b  GPIO_setAsInputPinWithPullDownResistor         
0000a07d  GPIO_setAsInputPinWithPullUpResistor           
0000a0cf  GPIO_getInputPinValue                          
0000a0fd  GPIO_enableInterrupt                           
0000a11f  GPIO_disableInterrupt                          
0000a141  GPIO_getInterruptStatus                        
0000a15f  GPIO_clearInterruptFlag                        
0000a181  GPIO_interruptEdgeSelect                       
0000a1b7  GPIO_getEnabledInterruptStatus                 
0000a233  GPIO_setDriveStrengthHigh                      
0000a255  GPIO_setDriveStrengthLow                       
0000a277  GPIO_registerInterrupt                         
0000a297  GPIO_unregisterInterrupt                       
0000a2bd  UART_initModule                                
0000a3a5  UART_transmitData                              
0000a3cf  UART_receiveData                               
0000a3f5  UART_enableModule                              
0000a40b  UART_disableModule                             
0000a421  UART_queryStatusFlags                          
0000a435  UART_setDormant                                
0000a449  UART_resetDormant                              
0000a45d  UART_transmitAddress                           
0000a47b  UART_transmitBreak                             
0000a4c1  UART_getReceiveBufferAddressForDMA             
0000a4cf  UART_getTransmitBufferAddressForDMA            
0000a4dd  UART_selectDeglitchTime                        
0000a4f9  UART_enableInterrupt                           
0000a529  UART_disableInterrupt                          
0000a559  UART_getInterruptStatus                        
0000a575  UART_getEnabledInterruptStatus                 
0000a5d1  UART_clearInterruptFlag                        
0000a5f1  UART_registerInterrupt                         
0000a66d  UART_unregisterInterrupt                       
0000a6db  Interrupt_enableMaster                         
0000a6eb  Interrupt_disableMaster                        
0000a6fb  Interrupt_registerInterrupt                    
0000a74d  Interrupt_unregisterInterrupt                  
0000a761  Interrupt_setPriorityGrouping                  
0000a77b  Interrupt_getPriorityGrouping                  
0000a7b3  Interrupt_setPriority                          
0000a803  Interrupt_getPriority                          
0000a829  Interrupt_enableInterrupt                      
0000a89b  Interrupt_disableInterrupt                     
0000a90d  Interrupt_isEnabled                            
0000a999  Interrupt_pendInterrupt                        
0000aa09  Interrupt_unpendInterrupt                      
0000aa57  Interrupt_setPriorityMask                      
0000aa67  Interrupt_getPriorityMask                      
0000aa71  Interrupt_setVectorTableAddress                
0000aa81  Interrupt_getVectorTableAddress                
0000aa87  Interrupt_enableSleepOnIsrExit                 
0000aa99  Interrupt_disableSleepOnIsrExit                
0000aac9  board_init                                     
0000aadd  board_lock                                     
0000aae7  board_buttons_set_callback                     
0000ab0d  board_buttons_clear_callback                   
0000ab31  led_on                                         
0000ab59  led_off                                        
0000ab81  led_toggle                                     
0000aba9  debug_on                                       
0000abd1  debug_off                                      
0000abf9  debug_toggle                                   
0000ae0f  PORT1_IRQHandler                               
0000ae79  SystemCoreClockUpdate                          
0000b0ed  SystemInit                                     
0000b1a1  atan                                           
0000b1a1  atanl                                          
0000b48d  pxPortInitialiseStack                          
0000b519  xPortStartScheduler                            
0000b5ad  vPortEndScheduler                              
0000b5d1  vPortEnterCritical                             
0000b613  vPortExitCritical                              
0000b63f  xPortSysTickHandler                            
0000b665  vPortSetupTimerInterrupt                       
0000b67f  vPortValidateInterruptPriority                 
0000b985  Graphics_initContext                           
0000b9cf  Graphics_setClipRegion                         
0000ba99  Graphics_setBackgroundColor                    
0000bab3  Graphics_setBackgroundColorTranslated          
0000bac9  Graphics_setFont                               
0000bae3  Graphics_getFontBaseline                       
0000baf1  Graphics_setForegroundColor                    
0000bb07  Graphics_setForegroundColorTranslated          
0000bb19  Graphics_getFontHeight                         
0000bb27  Graphics_getFontMaxWidth                       
0000bb35  Graphics_getDisplayWidth                       
0000bb45  Graphics_getDisplayHeight                      
0000bb55  Graphics_getHeightOfDisplay                    
0000bb63  Graphics_flushBuffer                           
0000bb71  Graphics_clearDisplay                          
0000bb83  Graphics_drawPixel                             
0000bbdd  Graphics_getWidthOfDisplay                     
0000bbed  SysCtl_getTLVInfo                              
0000bc63  SysCtl_getSRAMSize                             
0000bc69  SysCtl_getFlashSize                            
0000bc6f  SysCtl_disableNMISource                        
0000bc83  SysCtl_enableNMISource                         
0000bc97  SysCtl_getNMISourceStatus                      
0000bc9d  SysCtl_enableSRAMBank                          
0000bcb9  SysCtl_disableSRAMBank                         
0000bd21  SysCtl_enableSRAMBankRetention                 
0000bd3d  SysCtl_disableSRAMBankRetention                
0000bd59  SysCtl_rebootDevice                            
0000bd63  SysCtl_enablePeripheralAtCPUHalt               
0000bd77  SysCtl_disablePeripheralAtCPUHalt              
0000bd8b  SysCtl_setWDTTimeoutResetType                  
0000bdaf  SysCtl_setWDTPasswordViolationResetType        
0000bdd3  SysCtl_enableGlitchFilter                      
0000bddf  SysCtl_disableGlitchFilter                     
0000bdeb  SysCtl_getTempCalibrationConstant              
0000c001  __aeabi_dsub                                   
0000c00b  __aeabi_dadd                                   
0000c1b9  uart_init                                      
0000c20f  uart_put_char                                  
0000c23d  uart_get_char                                  
0000c25b  uart_print                                     
0000c29d  EUSCIA0_IRQHandler                             
0000c365  edu_boosterpack_rgb_init                       
0000c36d  edu_boosterpack_rgb_on                         
0000c37f  edu_boosterpack_rgb_off                        
0000c391  edu_boosterpack_rgb_pwm                        
0000c3a9  edu_boosterpack_rgb_pwm_all                    
0000c621  __aeabi_ddiv                                   
0000c757  Graphics_drawPixelOnDisplay                    
0000c781  Graphics_drawMultiplePixelsOnDisplay           
0000c7c5  Graphics_drawHorizontalLineOnDisplay           
0000c7f9  Graphics_drawVerticalLineOnDisplay             
0000c82d  Graphics_fillRectangleOnDisplay                
0000c84b  Graphics_translateColorOnDisplay               
0000c861  Graphics_flushOnDisplay                        
0000c873  Graphics_clearDisplayOnDisplay                 
0000c88b  vListInitialise                                
0000c8bb  vListInitialiseItem                            
0000c8cb  vListInsertEnd                                 
0000c907  vListInsert                                    
0000c96d  uxListRemove                                   
0000cad9  ldexp                                          
0000cad9  ldexpl                                         
0000cad9  scalbn                                         
0000cad9  scalbnl                                        
0000cbe9  edu_boosterpack_accelerometer_init             
0000cc71  edu_boosterpack_accelerometer_read             
0000cc7d  edu_boosterpack_accelerometer_disable          
0000cc97  edu_boosterpack_accelerometer_set_callback     
0000cca7  edu_boosterpack_accelerometer_clear_callback   
0000ccaf  ADC_IRQHandler                                 
0000cced  __aeabi_dmul                                   
0000cde9  circ_buffer_init                               
0000ce13  circ_buffer_push                               
0000ce45  circ_buffer_pop                                
0000ce7d  circ_buffer_is_empty                           
0000ce9d  circ_buffer_is_full                            
0000cee5  WDT_A_holdTimer                                
0000cf05  WDT_A_startTimer                               
0000cf25  WDT_A_clearTimer                               
0000cf45  WDT_A_initWatchdogTimer                        
0000cf61  WDT_A_initIntervalTimer                        
0000cf7d  WDT_A_setPasswordViolationReset                
0000cf89  WDT_A_setTimeoutReset                          
0000cf95  WDT_A_registerInterrupt                        
0000cfa9  WDT_A_unregisterInterrupt                      
0000cfcd  ulPortGetIPSR                                  
0000cfe5  xPortPendSVHandler                             
0000d045  vPortSVCHandler                                
0000d065  vPortStartFirstTask                            
0000d081  vPortEnableVFP                                 
0000d091  REF_A_setReferenceVoltage                      
0000d0ab  REF_A_disableTempSensor                        
0000d0b3  REF_A_enableTempSensor                         
0000d0bb  REF_A_enableReferenceVoltageOutput             
0000d0c3  REF_A_disableReferenceVoltageOutput            
0000d0cb  REF_A_enableReferenceVoltage                   
0000d0d3  REF_A_disableReferenceVoltage                  
0000d0db  REF_A_getBandgapMode                           
0000d0e5  REF_A_isBandgapActive                          
0000d0f1  REF_A_isRefGenBusy                             
0000d0fd  REF_A_isRefGenActive                           
0000d109  REF_A_getBufferedBandgapVoltageStatus          
0000d115  REF_A_getVariableReferenceVoltageStatus        
0000d121  REF_A_setReferenceVoltageOneTimeTrigger        
0000d129  REF_A_setBufferedBandgapVoltageOneTimeTrigger  
0000d15d  HAL_LCD_PortInit                               
0000d18d  HAL_LCD_SpiInit                                
0000d1c3  HAL_LCD_writeCommand                           
0000d1f9  HAL_LCD_writeData                              
0000d229  FPU_enableModule                               
0000d23b  FPU_disableModule                              
0000d249  FPU_enableStacking                             
0000d25b  FPU_enableLazyStacking                         
0000d267  FPU_disableStacking                            
0000d273  FPU_setHalfPrecisionMode                       
0000d28d  FPU_setNaNMode                                 
0000d2a7  FPU_setFlushToZeroMode                         
0000d2c1  FPU_setRoundingMode                            
0000d2e9  pvPortMalloc                                   
0000d359  vPortFree                                      
0000d37d  vPortInitialiseBlocks                          
0000d385  xPortGetFreeHeapSize                           
0000d44f  __aeabi_memcpy                                 
0000d44f  __aeabi_memcpy4                                
0000d44f  __aeabi_memcpy8                                
0000d44f  memcpy                                         
0000d4eb  __aeabi_uldivmod                               
0000d581  __aeabi_cdcmpeq                                
0000d581  __aeabi_cdcmple                                
0000d607  __aeabi_cdrcmple                               
0000d68d  __aeabi_memclr                                 
0000d68d  __aeabi_memclr4                                
0000d68d  __aeabi_memclr8                                
0000d68f  __aeabi_memset                                 
0000d68f  __aeabi_memset4                                
0000d68f  __aeabi_memset8                                
0000d695  memset                                         
0000d775  __aeabi_d2f                                    
0000d7e3  __TI_decompress_lzss                           
0000d84d  PMAP_configurePorts                            
0000d8b5  frexp                                          
0000d8b5  frexpl                                         
0000d96f  ltoa                                           
0000da15  atoi                                           
0000da61  __aeabi_d2iz                                   
0000daa9  __TI_auto_init_nobinit_nopinit                 
0000daed  sprintf                                        
0000db6b  CPU_cpsid                                      
0000db77  CPU_primask                                    
0000db81  CPU_cpsie                                      
0000db8d  CPU_wfi                                        
0000db91  CPU_basepriSet                                 
0000db9f  CPU_basepriGet                                 
0000dba9  __aeabi_f2d                                    
0000dbe1  _c_int00_noargs                                
0000dc15  __aeabi_i2d                                    
0000dc43  strncat                                        
0000dc71  interrupts_restore                             
0000dc81  interrupts_disable                             
0000dc93  memccpy                                        
0000dcaf  copysign                                       
0000dcaf  copysignl                                      
0000dcf7  strchr                                         
0000dd0d  strlen                                         
0000dd21  wcslen                                         
0000dd33  __TI_decompress_none                           
0000dd41  __TI_zero_init                                 
0000dd59  __aeabi_errno_addr                             
0000dd61  _system_pre_init                               
0000dd65  C$$EXIT                                        
0000dd65  abort                                          
0000e060  _ctypes_                                       
0000e164  g_sFontFixed6x8                                
0000e3c8  g_sCrystalfontz128x128                         
0000e4a8  ulMaxSyscallInterruptPriority                  
0000e55c  __TI_Handler_Table_Base                        
0000e568  __TI_Handler_Table_Limit                       
0000e578  __TI_CINIT_Base                                
0000e590  __TI_CINIT_Limit                               
20000000  g_pfnRAMVectors                                
2000c608  uart_command                                   
2000c624  results_buffer                                 
2000c62c  accel_values                                   
2000c632  Lcd_ScreenHeigth                               
2000c638  adc_callback_func                              
2000c63c  start_timestamp                                
2000c640  xADCReadingAvailableSemaphore                  
2000c644  xMutex                                         
2000c648  xQueueADC2Process                              
2000c64c  xQueueProcess2LCD                              
2000c650  xQueueUART2ADC                                 
2000c654  xRunADCTaskSemaphore                           
2000c658  xRunUARTReadingTaskSemaphore                   
2000c65c  Lcd_ScreenWidth                                
2000c65e  Lcd_TouchTrim                                  
2000c660  command                                        
2000c662  Lcd_FlagRead                                   
2000c663  Lcd_FontSolid                                  
2000c664  Lcd_Orientation                                
2000c665  Lcd_PenSolid                                   
2000c6a8  pxCurrentTCB                                   
2000c7a0  errno                                          
2000c7a4  SystemCoreClock                                
2000c7a8  TakeADCReadings                                
2000fe00  __stack                                        
20010000  __STACK_END                                    
4000480c  WDTCTL_SYM                                     
ffffffff  __TI_pprof_out_hndl                            
ffffffff  __TI_prof_data_size                            
ffffffff  __TI_prof_data_start                           
ffffffff  __binit__                                      
ffffffff  __c_args__                                     
ffffffff  binit                                          
UNDEFED   __mpu_init                                     
UNDEFED   _system_post_cinit                             

[610 symbols]
