******************************************************************************
                  TI ARM Linker PC v18.12.3                    
******************************************************************************
>> Linked Fri Nov 22 18:07:48 2019

OUTPUT FILE NAME:   <PRAC-LCD-Example.out>
ENTRY POINT SYMBOL: "_c_int00_noargs"  address: 000096f1


MEMORY CONFIGURATION

         name            origin    length      used     unused   attr    fill
----------------------  --------  ---------  --------  --------  ----  --------
  MAIN                  00000000   00040000  00009db6  0003624a  R  X
  INFO                  00200000   00004000  00000000  00004000  R  X
  SRAM_CODE             01000000   00010000  00000000  00010000  RW X
  SRAM_DATA             20000000   00010000  0000c926  000036da  RW  


SEGMENT ALLOCATION MAP

run origin  load origin   length   init length attrs members
----------  ----------- ---------- ----------- ----- -------
00000000    00000000    00009db8   00009db8    r-x
  00000000    00000000    00000144   00000144    r-- .intvecs
  00000144    00000144    0000963a   0000963a    r-x .text
  00009780    00009780    00000568   00000568    r-- .const
  00009ce8    00009ce8    000000d0   000000d0    r-- .cinit
20000000    20000000    0000c728   00000000    rw-
  20000000    20000000    000000e4   00000000    rw- .vtable
  200000e4    200000e4    0000c54e   00000000    rw- .bss
  2000c634    2000c634    000000f4   00000000    rw- .data
2000fe00    2000fe00    00000200   00000000    rw-
  2000fe00    2000fe00    00000200   00000000    rw- .stack


SECTION ALLOCATION MAP

 output                                  attributes/
section   page    origin      length       input sections
--------  ----  ----------  ----------   ----------------
.intvecs   0    00000000    00000144     
                  00000000    00000144     msp432_startup_ccs.obj (.intvecs:retain)

.text      0    00000144    0000963a     
                  00000144    00001a0c     tasks.obj (.text)
                  00001b50    0000159c     flash.obj (.text)
                  000030ec    00000d7c     cs.obj (.text)
                  00003e68    000008d4     adc14.obj (.text)
                  0000473c    000008a4     spi.obj (.text)
                  00004fe0    00000838     pcm.obj (.text)
                  00005818    00000678     st7735.obj (.text)
                  00005e90    00000630     string.obj (.text)
                  000064c0    00000508     rtc_c.obj (.text)
                  000069c8    00000490     line.obj (.text)
                  00006e58    00000480     gpio.obj (.text)
                  000072d8    0000041c     uart.obj (.text)
                  000076f4    000003f0     interrupt.obj (.text)
                  00007ae4    000003b0     msp432_launchpad_board.obj (.text)
                  00007e94    00000328     system_msp432p401r.obj (.text)
                  000081bc    00000288     port.obj (.text)
                  00008444    00000266     context.obj (.text)
                  000086aa    00000002     --HOLE-- [fill = 0]
                  000086ac    00000244     sysctl.obj (.text)
                  000088f0    00000184     uart_driver.obj (.text)
                  00008a74    00000160     main.obj (.text)
                  00008bd4    00000134     display.obj (.text)
                  00008d08    0000012a     list.obj (.text)
                  00008e32    00000002     --HOLE-- [fill = 0]
                  00008e34    00000104     edu_boosterpack_accelerometer.obj (.text)
                  00008f38    000000fa     circ_buffer.obj (.text)
                  00009032    00000002     --HOLE-- [fill = 0]
                  00009034    000000d8     wdt_a.obj (.text)
                  0000910c    000000d2     portasm.obj (.text)
                  000091de    00000002     --HOLE-- [fill = 0]
                  000091e0    000000cc     ref_a.obj (.text)
                  000092ac    000000cc     st7735_msp432.obj (.text)
                  00009378    000000c0     fpu.obj (.text)
                  00009438    000000b4     heap_1.obj (.text)
                  000094ec    0000009c     rtsv7M4_T_le_v4SPD16_eabi.lib : memcpy_t2.asm.obj (.text)
                  00009588    0000007a                                   : memset_t2.asm.obj (.text)
                  00009602    00000068                                   : copy_decompress_lzss.c.obj (.text:decompress:lzss:__TI_decompress_lzss)
                  0000966a    00000002     --HOLE-- [fill = 0]
                  0000966c    00000044                                   : autoinit.c.obj (.text:__TI_auto_init_nobinit_nopinit:__TI_auto_init_nobinit_nopinit)
                  000096b0    0000003e     cpu.obj (.text)
                  000096ee    00000002     --HOLE-- [fill = 0]
                  000096f0    00000034     rtsv7M4_T_le_v4SPD16_eabi.lib : boot_cortex_m.c.obj (.text:_c_int00_noargs:_c_int00_noargs)
                  00009724    00000022     interrupts.obj (.text)
                  00009746    00000016     msp432_startup_ccs.obj (.text)
                  0000975c    0000000e     rtsv7M4_T_le_v4SPD16_eabi.lib : copy_decompress_none.c.obj (.text:decompress:none:__TI_decompress_none)
                  0000976a    0000000c                                   : copy_zero_init.c.obj (.text:decompress:ZI:__TI_zero_init)
                  00009776    00000004                                   : pre_init.c.obj (.text:_system_pre_init)
                  0000977a    00000004                                   : exit.c.obj (.text:abort:abort)

.const     0    00009780    00000568     
                  00009780    000002f8     fontfixed6x8.obj (.const:.string:g_pucFontFixed6x8Data)
                  00009a78    000000c8     fontfixed6x8.obj (.const:g_sFontFixed6x8)
                  00009b40    00000080     adc14.obj (.const:_ctlRegs)
                  00009bc0    00000050     interrupt.obj (.const:g_pulRegs)
                  00009c10    0000002c     st7735.obj (.const:g_sCrystalfontz128x128)
                  00009c3c    00000024     uart_driver.obj (.const:uart_config)
                  00009c60    00000020     interrupt.obj (.const:g_pulPriority)
                  00009c80    0000001c     st7735_msp432.obj (.const:$P$T0$1)
                  00009c9c    0000001c     gpio.obj (.const:GPIO_PORT_TO_INT)
                  00009cb8    00000008     st7735.obj (.const:$P$T0$1)
                  00009cc0    00000008     interrupt.obj (.const:g_pulDisRegs)
                  00009cc8    00000008     interrupt.obj (.const:g_pulEnRegs)
                  00009cd0    00000008     interrupt.obj (.const:g_pulPendRegs)
                  00009cd8    00000008     interrupt.obj (.const:g_pulUnpendRegs)
                  00009ce0    00000008     port.obj (.const)

.cinit     0    00009ce8    000000d0     
                  00009ce8    00000095     (.cinit..data.load) [load image, compression = lzss]
                  00009d7d    00000003     --HOLE-- [fill = 0]
                  00009d80    0000000c     (__TI_handler_table)
                  00009d8c    00000004     --HOLE-- [fill = 0]
                  00009d90    00000008     (.cinit..bss.load) [load image, compression = zero_init]
                  00009d98    00000008     (.cinit..vtable.load) [load image, compression = zero_init]
                  00009da0    00000018     (__TI_cinit_table)

.vtable    0    20000000    000000e4     UNINITIALIZED
                  20000000    000000e4     interrupt.obj (.vtable)

.bss       0    200000e4    0000c54e     UNINITIALIZED
                  200000e4    0000c000     heap_1.obj (.bss:ucHeap)
                  2000c0e4    00000200     uart_driver.obj (.bss:uart_rx_buffer)
                  2000c2e4    00000200     uart_driver.obj (.bss:uart_tx_buffer)
                  2000c4e4    0000008c     tasks.obj (.bss:pxReadyTasksLists)
                  2000c570    0000001c     main.obj (.bss:g_sContext)
                  2000c58c    00000014     tasks.obj (.bss:xDelayedTaskList1)
                  2000c5a0    00000014     tasks.obj (.bss:xDelayedTaskList2)
                  2000c5b4    00000014     tasks.obj (.bss:xPendingReadyList)
                  2000c5c8    00000014     tasks.obj (.bss:xSuspendedTaskList)
                  2000c5dc    00000014     tasks.obj (.bss:xTasksWaitingTermination)
                  2000c5f0    0000000c     uart_driver.obj (.bss:buffer_rx)
                  2000c5fc    0000000c     uart_driver.obj (.bss:buffer_tx)
                  2000c608    00000008     cs.obj (.bss)
                  2000c610    00000008     tasks.obj (.bss)
                  2000c618    00000008     (.common:results_buffer)
                  2000c620    00000004     uart_driver.obj (.bss)
                  2000c624    00000004     (.common:adc_callback_func)
                  2000c628    00000002     (.common:Lcd_ScreenHeigth)
                  2000c62a    00000002     (.common:Lcd_ScreenWidth)
                  2000c62c    00000002     (.common:Lcd_TouchTrim)
                  2000c62e    00000001     (.common:Lcd_FlagRead)
                  2000c62f    00000001     (.common:Lcd_FontSolid)
                  2000c630    00000001     (.common:Lcd_Orientation)
                  2000c631    00000001     (.common:Lcd_PenSolid)

.data      0    2000c634    000000f4     UNINITIALIZED
                  2000c634    00000040     flash.obj (.data:__getBurstProgramRegs)
                  2000c674    00000034     tasks.obj (.data)
                  2000c6a8    00000030     gpio.obj (.data:GPIO_PORT_TO_BASE)
                  2000c6d8    00000018     msp432_launchpad_board.obj (.data:buttons)
                  2000c6f0    00000010     msp432_launchpad_board.obj (.data:debug)
                  2000c700    00000010     msp432_launchpad_board.obj (.data:leds)
                  2000c710    0000000c     port.obj (.data)
                  2000c71c    00000008     heap_1.obj (.data)
                  2000c724    00000004     system_msp432p401r.obj (.data)

.stack     0    2000fe00    00000200     UNINITIALIZED
                  2000fe00    00000004     rtsv7M4_T_le_v4SPD16_eabi.lib : boot_cortex_m.c.obj (.stack)
                  2000fe04    000001fc     --HOLE--

MODULE SUMMARY

       Module                              code    ro data   rw data
       ------                              ----    -------   -------
    .\
       system_msp432p401r.obj              808     0         4      
       main.obj                            352     0         28     
       msp432_startup_ccs.obj              22      324       0      
    +--+-----------------------------------+-------+---------+---------+
       Total:                              1182    324       32     
                                                                    
    .\lib_PRAC\freertos\cortex-m4\
       port.obj                            648     8         12     
       portasm.obj                         210     0         0      
    +--+-----------------------------------+-------+---------+---------+
       Total:                              858     8         12     
                                                                    
    .\lib_PRAC\freertos\src\
       heap_1.obj                          180     0         49160  
       tasks.obj                           6668    0         300    
       list.obj                            298     0         0      
    +--+-----------------------------------+-------+---------+---------+
       Total:                              7146    0         49460  
                                                                    
    .\lib_PRAC\graphics\
       string.obj                          1584    0         0      
       line.obj                            1168    0         0      
       fontfixed6x8.obj                    0       960       0      
       context.obj                         614     0         0      
       display.obj                         308     0         0      
    +--+-----------------------------------+-------+---------+---------+
       Total:                              3674    960       0      
                                                                    
    .\lib_PRAC\msp432\
       flash.obj                           5532    0         64     
       cs.obj                              3452    0         8      
       adc14.obj                           2260    128       0      
       spi.obj                             2212    0         0      
       pcm.obj                             2104    0         0      
       interrupt.obj                       1008    144       228    
       rtc_c.obj                           1288    0         0      
       gpio.obj                            1152    28        48     
       uart.obj                            1052    0         0      
       sysctl.obj                          580     0         0      
       wdt_a.obj                           216     0         0      
       ref_a.obj                           204     0         0      
       fpu.obj                             192     0         0      
       cpu.obj                             62      0         0      
    +--+-----------------------------------+-------+---------+---------+
       Total:                              21314   300       348    
                                                                    
    .\lib_PRAC\screen\
       st7735.obj                          1656    52        10     
       st7735_msp432.obj                   204     28        0      
    +--+-----------------------------------+-------+---------+---------+
       Total:                              1860    80        10     
                                                                    
    .\lib_PRAC\uoc\
       uart_driver.obj                     388     36        1052   
       msp432_launchpad_board.obj          944     0         56     
       edu_boosterpack_accelerometer.obj   260     0         12     
       circ_buffer.obj                     250     0         0      
       interrupts.obj                      34      0         0      
    +--+-----------------------------------+-------+---------+---------+
       Total:                              1876    36        1120   
                                                                    
    C:\ti\ccs901\ccs\tools\compiler\ti-cgt-arm_18.12.3.LTS\lib\rtsv7M4_T_le_v4SPD16_eabi.lib
       memcpy_t2.asm.obj                   156     0         0      
       memset_t2.asm.obj                   122     0         0      
       copy_decompress_lzss.c.obj          104     0         0      
       autoinit.c.obj                      68      0         0      
       boot_cortex_m.c.obj                 52      0         0      
       copy_decompress_none.c.obj          14      0         0      
       copy_zero_init.c.obj                12      0         0      
       exit.c.obj                          4       0         0      
       pre_init.c.obj                      4       0         0      
    +--+-----------------------------------+-------+---------+---------+
       Total:                              536     0         0      
                                                                    
       Stack:                              0       0         512    
       Linker Generated:                   0       201       0      
    +--+-----------------------------------+-------+---------+---------+
       Grand Total:                        38446   1909      51494  


LINKER GENERATED COPY TABLES

__TI_cinit_table @ 00009da0 records: 3, size/record: 8, table size: 24
	.data: load addr=00009ce8, load size=00000095 bytes, run addr=2000c634, run size=000000f4 bytes, compression=lzss
	.bss: load addr=00009d90, load size=00000008 bytes, run addr=200000e4, run size=0000c54e bytes, compression=zero_init
	.vtable: load addr=00009d98, load size=00000008 bytes, run addr=20000000, run size=000000e4 bytes, compression=zero_init


LINKER GENERATED HANDLER TABLE

__TI_handler_table @ 00009d80 records: 3, size/record: 4, table size: 12
	index: 0, handler: __TI_zero_init
	index: 1, handler: __TI_decompress_lzss
	index: 2, handler: __TI_decompress_none


GLOBAL SYMBOLS: SORTED ALPHABETICALLY BY Name 

address   name                                         
-------   ----                                         
000046b5  ADC14_clearInterruptFlag                     
0000425d  ADC14_configureConversionMemory              
00004105  ADC14_configureMultiSequenceMode             
0000419b  ADC14_configureSingleSampleMode              
00004395  ADC14_disableComparatorWindow                
00004233  ADC14_disableConversion                      
00004633  ADC14_disableInterrupt                       
00003fd9  ADC14_disableModule                          
000045b3  ADC14_disableReferenceBurst                  
00004019  ADC14_disableSampleTimer                     
00004305  ADC14_enableComparatorWindow                 
000041f1  ADC14_enableConversion                       
0000460b  ADC14_enableInterrupt                        
00003fd1  ADC14_enableModule                           
0000459d  ADC14_enableReferenceBurst                   
00003fef  ADC14_enableSampleTimer                      
0000467f  ADC14_getEnabledInterruptStatus              
0000465b  ADC14_getInterruptStatus                     
000044bd  ADC14_getMultiSequenceResult                 
0000408f  ADC14_getResolution                          
000044a3  ADC14_getResult                              
00004529  ADC14_getResultArray                         
0000402f  ADC14_initModule                             
0000423f  ADC14_isBusy                                 
000046e1  ADC14_registerInterrupt                      
000043f3  ADC14_setComparatorWindowValue               
000045c9  ADC14_setPowerMode                           
00004075  ADC14_setResolution                          
00004479  ADC14_setResultFormat                        
000040db  ADC14_setSampleHoldTime                      
00004099  ADC14_setSampleHoldTrigger                   
00004211  ADC14_toggleConversionTrigger                
000046f5  ADC14_unregisterInterrupt                    
00008efb  ADC_Handler                                  
0000977b  C$$EXIT                                      
000096e5  CPU_basepriGet                               
000096d7  CPU_basepriSet                               
000096b1  CPU_cpsid                                    
000096c7  CPU_cpsie                                    
000096bd  CPU_primask                                  
000096d3  CPU_wfi                                      
00003ded  CS_clearInterruptFlag                        
00003695  CS_disableClockRequest                       
0000377b  CS_disableDCOExternalResistor                
00003cc1  CS_disableFaultCounter                       
00003dab  CS_disableInterrupt                          
0000366d  CS_enableClockRequest                        
000036dd  CS_enableDCOExternalResistor                 
00003c95  CS_enableFaultCounter                        
00003d89  CS_enableInterrupt                           
00003c2d  CS_getACLK                                   
00003bed  CS_getBCLK                                   
00003875  CS_getDCOFrequency                           
00003dd3  CS_getEnabledInterruptStatus                 
00003c09  CS_getHSMCLK                                 
00003dcd  CS_getInterruptStatus                        
00003c73  CS_getMCLK                                   
00003c51  CS_getSMCLK                                  
0000338d  CS_initClockSignal                           
00003e0f  CS_registerInterrupt                         
00003ced  CS_resetFaultCounter                         
00003799  CS_setDCOCenteredFrequency                   
00003705  CS_setDCOExternalResistorCalibration         
00003a15  CS_setDCOFrequency                           
00003351  CS_setExternalClockSourceFrequency           
000036b7  CS_setReferenceOscillatorFrequency           
00003d39  CS_startFaultCounter                         
00003491  CS_startHFXT                                 
000034b5  CS_startHFXTWithTimeout                      
00003579  CS_startLFXT                                 
0000359d  CS_startLFXTWithTimeout                      
000037d1  CS_tuneDCOFrequency                          
00003e23  CS_unregisterInterrupt                       
00005819  Crystalfontz128x128_Init                     
0000592d  Crystalfontz128x128_SetDrawFrame             
00005a5b  Crystalfontz128x128_SetOrientation           
000089d5  EUSCIA0_IRQHandler                           
00004eab  EUSCI_A_SPI_changeClockPhasePolarity         
00004f5f  EUSCI_A_SPI_clearInterruptFlag               
00004f8f  EUSCI_A_SPI_disable                          
00004f2d  EUSCI_A_SPI_disableInterrupt                 
00004f79  EUSCI_A_SPI_enable                           
00004f13  EUSCI_A_SPI_enableInterrupt                  
00004f47  EUSCI_A_SPI_getInterruptStatus               
00004fa5  EUSCI_A_SPI_getReceiveBufferAddressForDMA    
00004fb3  EUSCI_A_SPI_getTransmitBufferAddressForDMA   
00004fc1  EUSCI_A_SPI_isBusy                           
00004e2b  EUSCI_A_SPI_masterChangeClock                
00004f03  EUSCI_A_SPI_receiveData                      
00004e0b  EUSCI_A_SPI_select4PinFunctionality          
00004e61  EUSCI_A_SPI_slaveInit                        
00004eed  EUSCI_A_SPI_transmitData                     
00004cdd  EUSCI_B_SPI_changeClockPhasePolarity         
00004d91  EUSCI_B_SPI_clearInterruptFlag               
00004dc1  EUSCI_B_SPI_disable                          
00004d5f  EUSCI_B_SPI_disableInterrupt                 
00004dab  EUSCI_B_SPI_enable                           
00004d45  EUSCI_B_SPI_enableInterrupt                  
00004d79  EUSCI_B_SPI_getInterruptStatus               
00004dd7  EUSCI_B_SPI_getReceiveBufferAddressForDMA    
00004de5  EUSCI_B_SPI_getTransmitBufferAddressForDMA   
00004df3  EUSCI_B_SPI_isBusy                           
00004c61  EUSCI_B_SPI_masterChangeClock                
00004d35  EUSCI_B_SPI_receiveData                      
00004c41  EUSCI_B_SPI_select4PinFunctionality          
00004c93  EUSCI_B_SPI_slaveInit                        
00004d1f  EUSCI_B_SPI_transmitData                     
0000938b  FPU_disableModule                            
000093b7  FPU_disableStacking                          
000093ab  FPU_enableLazyStacking                       
00009379  FPU_enableModule                             
00009399  FPU_enableStacking                           
000093f7  FPU_setFlushToZeroMode                       
000093c3  FPU_setHalfPrecisionMode                     
000093dd  FPU_setNaNMode                               
00009411  FPU_setRoundingMode                          
00002b9b  FlashCtl_clearInterruptFlag                  
00002a5f  FlashCtl_clearProgramVerification            
00002b71  FlashCtl_disableInterrupt                    
000020cd  FlashCtl_disableReadBuffering                
00002ac9  FlashCtl_disableWordProgramming              
00002b5d  FlashCtl_enableInterrupt                     
00002079  FlashCtl_enableReadBuffering                 
00002a99  FlashCtl_enableWordProgramming               
000026f9  FlashCtl_eraseSector                         
00002b8b  FlashCtl_getEnabledInterruptStatus           
00002b85  FlashCtl_getInterruptStatus                  
00001cfb  FlashCtl_getMemoryInfo                       
0000255d  FlashCtl_getReadMode                         
00002b2f  FlashCtl_getWaitState                        
00002587  FlashCtl_initiateMassErase                   
0000281d  FlashCtl_initiateSectorErase                 
000021fd  FlashCtl_isSectorProtected                   
00002ad5  FlashCtl_isWordProgrammingEnabled            
000025ad  FlashCtl_performMassErase                    
000028b5  FlashCtl_programMemory                       
0000219d  FlashCtl_protectSector                       
00002baf  FlashCtl_registerInterrupt                   
00002a25  FlashCtl_setProgramVerification              
000024f1  FlashCtl_setReadMode                         
00002af1  FlashCtl_setWaitState                        
0000212d  FlashCtl_unprotectSector                     
00002bc3  FlashCtl_unregisterInterrupt                 
00002289  FlashCtl_verifyMemory                        
0000717b  GPIO_clearInterruptFlag                      
0000713b  GPIO_disableInterrupt                        
00007119  GPIO_enableInterrupt                         
000071d3  GPIO_getEnabledInterruptStatus               
000070eb  GPIO_getInputPinValue                        
0000715d  GPIO_getInterruptStatus                      
0000719d  GPIO_interruptEdgeSelect                     
00007293  GPIO_registerInterrupt                       
00006e93  GPIO_setAsInputPin                           
00007047  GPIO_setAsInputPinWithPullDownResistor       
00007099  GPIO_setAsInputPinWithPullUpResistor         
00006e59  GPIO_setAsOutputPin                          
00006f5d  GPIO_setAsPeripheralModuleFunctionInputPin   
00006ed9  GPIO_setAsPeripheralModuleFunctionOutputPin  
0000724f  GPIO_setDriveStrengthHigh                    
00007271  GPIO_setDriveStrengthLow                     
00006fe1  GPIO_setOutputHighOnPin                      
00007003  GPIO_setOutputLowOnPin                       
00007025  GPIO_toggleOutputOnPin                       
000072b3  GPIO_unregisterInterrupt                     
00008631  Graphics_clearDisplay                        
00008cf1  Graphics_clearDisplayOnDisplay               
00008c43  Graphics_drawHorizontalLineOnDisplay         
00006ce5  Graphics_drawLine                            
000069c9  Graphics_drawLineH                           
00006a65  Graphics_drawLineV                           
00008bff  Graphics_drawMultiplePixelsOnDisplay         
00008643  Graphics_drawPixel                           
00008bd5  Graphics_drawPixelOnDisplay                  
00005fcb  Graphics_drawString                          
00006459  Graphics_drawStringCentered                  
00008c77  Graphics_drawVerticalLineOnDisplay           
00008cab  Graphics_fillRectangleOnDisplay              
00008623  Graphics_flushBuffer                         
00008cdf  Graphics_flushOnDisplay                      
00008605  Graphics_getDisplayHeight                    
000085f5  Graphics_getDisplayWidth                     
000085a3  Graphics_getFontBaseline                     
000085d9  Graphics_getFontHeight                       
000085e7  Graphics_getFontMaxWidth                     
00008615  Graphics_getHeightOfDisplay                  
00006449  Graphics_getStringBaseline                   
000064a1  Graphics_getStringHeight                     
000064b1  Graphics_getStringMaxWidth                   
00005ed1  Graphics_getStringWidth                      
0000869d  Graphics_getWidthOfDisplay                   
00008445  Graphics_initContext                         
00008559  Graphics_setBackgroundColor                  
00008573  Graphics_setBackgroundColorTranslated        
0000848f  Graphics_setClipRegion                       
00008589  Graphics_setFont                             
000085b1  Graphics_setForegroundColor                  
000085c7  Graphics_setForegroundColorTranslated        
00008cc9  Graphics_translateColorOnDisplay             
000092ad  HAL_LCD_PortInit                             
000092dd  HAL_LCD_SpiInit                              
00009313  HAL_LCD_writeCommand                         
00009349  HAL_LCD_writeData                            
000078b7  Interrupt_disableInterrupt                   
00007707  Interrupt_disableMaster                      
00007ab5  Interrupt_disableSleepOnIsrExit              
00007845  Interrupt_enableInterrupt                    
000076f7  Interrupt_enableMaster                       
00007aa3  Interrupt_enableSleepOnIsrExit               
0000781f  Interrupt_getPriority                        
00007797  Interrupt_getPriorityGrouping                
00007a83  Interrupt_getPriorityMask                    
00007a9d  Interrupt_getVectorTableAddress              
00007929  Interrupt_isEnabled                          
000079b5  Interrupt_pendInterrupt                      
00007717  Interrupt_registerInterrupt                  
000077cf  Interrupt_setPriority                        
0000777d  Interrupt_setPriorityGrouping                
00007a73  Interrupt_setPriorityMask                    
00007a8d  Interrupt_setVectorTableAddress              
00007a25  Interrupt_unpendInterrupt                    
00007769  Interrupt_unregisterInterrupt                
2000c62e  Lcd_FlagRead                                 
2000c62f  Lcd_FontSolid                                
2000c630  Lcd_Orientation                              
2000c631  Lcd_PenSolid                                 
2000c628  Lcd_ScreenHeigth                             
2000c62a  Lcd_ScreenWidth                              
2000c62c  Lcd_TouchTrim                                
000057bb  PCM_clearInterruptFlag                       
00005791  PCM_disableInterrupt                         
00005769  PCM_disableRudeMode                          
0000577d  PCM_enableInterrupt                          
00005757  PCM_enableRudeMode                           
00005163  PCM_getCoreVoltageLevel                      
000057ab  PCM_getEnabledInterruptStatus                
000057a5  PCM_getInterruptStatus                       
00005109  PCM_getPowerMode                             
0000574b  PCM_getPowerState                            
0000567d  PCM_gotoLPM0                                 
0000569b  PCM_gotoLPM0InterruptSafe                    
000056b7  PCM_gotoLPM3                                 
0000572f  PCM_gotoLPM3InterruptSafe                    
00005651  PCM_gotoLPM4                                 
00005661  PCM_gotoLPM4InterruptSafe                    
000057cf  PCM_registerInterrupt                        
000050d7  PCM_setCoreVoltageLevel                      
000050f9  PCM_setCoreVoltageLevelNonBlocking           
000050e7  PCM_setCoreVoltageLevelWithTimeout           
00005309  PCM_setPowerMode                             
00005319  PCM_setPowerModeNonBlocking                  
00005329  PCM_setPowerModeWithTimeout                  
000055db  PCM_setPowerState                            
000055fd  PCM_setPowerStateNonBlocking                 
000055eb  PCM_setPowerStateWithTimeout                 
0000560d  PCM_shutdownDevice                           
000057e3  PCM_unregisterInterrupt                      
00007e2b  PORT1_Handler                                
00009223  REF_A_disableReferenceVoltage                
00009213  REF_A_disableReferenceVoltageOutput          
000091fb  REF_A_disableTempSensor                      
0000921b  REF_A_enableReferenceVoltage                 
0000920b  REF_A_enableReferenceVoltageOutput           
00009203  REF_A_enableTempSensor                       
0000922b  REF_A_getBandgapMode                         
00009259  REF_A_getBufferedBandgapVoltageStatus        
00009265  REF_A_getVariableReferenceVoltageStatus      
00009235  REF_A_isBandgapActive                        
0000924d  REF_A_isRefGenActive                         
00009241  REF_A_isRefGenBusy                           
00009279  REF_A_setBufferedBandgapVoltageOneTimeTrigger
000091e1  REF_A_setReferenceVoltage                    
00009271  REF_A_setReferenceVoltageOneTimeTrigger      
0000691d  RTC_C_clearInterruptFlag                     
00006767  RTC_C_convertBCDToBinary                     
0000677f  RTC_C_convertBinaryToBCD                     
000066c3  RTC_C_definePrescaleEvent                    
000067ed  RTC_C_disableInterrupt                       
00006797  RTC_C_enableInterrupt                        
000065f5  RTC_C_getCalendarTime                        
000068bd  RTC_C_getEnabledInterruptStatus              
00006855  RTC_C_getInterruptStatus                     
000066eb  RTC_C_getPrescaleValue                       
000064df  RTC_C_holdClock                              
00006583  RTC_C_initCalendar                           
00006963  RTC_C_registerInterrupt                      
0000665b  RTC_C_setCalendarAlarm                       
00006693  RTC_C_setCalendarEvent                       
0000652d  RTC_C_setCalibrationData                     
000064fd  RTC_C_setCalibrationFrequency                
00006717  RTC_C_setPrescaleValue                       
00006559  RTC_C_setTemperatureCompensation             
000064c1  RTC_C_startClock                             
00006981  RTC_C_unregisterInterrupt                    
000048ff  SPI_changeClockPhasePolarity                 
00004859  SPI_changeMasterClock                        
00004ab1  SPI_clearInterruptFlag                       
00004a33  SPI_disableInterrupt                         
0000498d  SPI_disableModule                            
00004a0d  SPI_enableInterrupt                          
00004971  SPI_enableModule                             
00004a81  SPI_getEnabledInterruptStatus                
00004a59  SPI_getInterruptStatus                       
000049a9  SPI_getReceiveBufferAddressForDMA            
000049c5  SPI_getTransmitBufferAddressForDMA           
0000476d  SPI_initMaster                               
00004881  SPI_initSlave                                
000049f1  SPI_isBusy                                   
00004955  SPI_receiveData                              
00004ad7  SPI_registerInterrupt                        
00004833  SPI_selectFourPinFunctionality               
0000492f  SPI_transmitData                             
00004b95  SPI_unregisterInterrupt                      
0000889f  SysCtl_disableGlitchFilter                   
0000872f  SysCtl_disableNMISource                      
00008837  SysCtl_disablePeripheralAtCPUHalt            
00008779  SysCtl_disableSRAMBank                       
000087fd  SysCtl_disableSRAMBankRetention              
00008893  SysCtl_enableGlitchFilter                    
00008743  SysCtl_enableNMISource                       
00008823  SysCtl_enablePeripheralAtCPUHalt             
0000875d  SysCtl_enableSRAMBank                        
000087e1  SysCtl_enableSRAMBankRetention               
00008729  SysCtl_getFlashSize                          
00008757  SysCtl_getNMISourceStatus                    
00008723  SysCtl_getSRAMSize                           
000086ad  SysCtl_getTLVInfo                            
000088ab  SysCtl_getTempCalibrationConstant            
00008819  SysCtl_rebootDevice                          
0000886f  SysCtl_setWDTPasswordViolationResetType      
0000884b  SysCtl_setWDTTimeoutResetType                
2000c724  SystemCoreClock                              
00007e95  SystemCoreClockUpdate                        
00008109  SystemInit                                   
000075ed  UART_clearInterruptFlag                      
00007545  UART_disableInterrupt                        
00007427  UART_disableModule                           
00007515  UART_enableInterrupt                         
00007411  UART_enableModule                            
00007591  UART_getEnabledInterruptStatus               
00007575  UART_getInterruptStatus                      
000074dd  UART_getReceiveBufferAddressForDMA           
000074eb  UART_getTransmitBufferAddressForDMA          
000072d9  UART_initModule                              
0000743d  UART_queryStatusFlags                        
000073eb  UART_receiveData                             
0000760d  UART_registerInterrupt                       
00007465  UART_resetDormant                            
000074f9  UART_selectDeglitchTime                      
00007451  UART_setDormant                              
00007479  UART_transmitAddress                         
00007497  UART_transmitBreak                           
000073c1  UART_transmitData                            
00007689  UART_unregisterInterrupt                     
4000480c  WDTCTL_SYM                                   
00009075  WDT_A_clearTimer                             
00009035  WDT_A_holdTimer                              
000090b1  WDT_A_initIntervalTimer                      
00009095  WDT_A_initWatchdogTimer                      
000090e5  WDT_A_registerInterrupt                      
000090cd  WDT_A_setPasswordViolationReset              
000090d9  WDT_A_setTimeoutReset                        
00009055  WDT_A_startTimer                             
000090f9  WDT_A_unregisterInterrupt                    
00002fc7  __FlashCtl_remaskBurstDataPost               
00002ead  __FlashCtl_remaskBurstDataPre                
00002cf1  __FlashCtl_remaskData32Post                  
00002dd5  __FlashCtl_remaskData32Pre                   
00002bd3  __FlashCtl_remaskData8Post                   
00002c53  __FlashCtl_remaskData8Pre                    
20010000  __STACK_END                                  
00000200  __STACK_SIZE                                 
00009da0  __TI_CINIT_Base                              
00009db8  __TI_CINIT_Limit                             
00009d80  __TI_Handler_Table_Base                      
00009d8c  __TI_Handler_Table_Limit                     
0000966d  __TI_auto_init_nobinit_nopinit               
00009603  __TI_decompress_lzss                         
0000975d  __TI_decompress_none                         
ffffffff  __TI_pprof_out_hndl                          
ffffffff  __TI_prof_data_size                          
ffffffff  __TI_prof_data_start                         
00000000  __TI_static_base__                           
0000976b  __TI_zero_init                               
00009589  __aeabi_memclr                               
00009589  __aeabi_memclr4                              
00009589  __aeabi_memclr8                              
000094ed  __aeabi_memcpy                               
000094ed  __aeabi_memcpy4                              
000094ed  __aeabi_memcpy8                              
0000958b  __aeabi_memset                               
0000958b  __aeabi_memset4                              
0000958b  __aeabi_memset8                              
ffffffff  __binit__                                    
ffffffff  __c_args__                                   
UNDEFED   __mpu_init                                   
2000fe00  __stack                                      
000096f1  _c_int00_noargs                              
UNDEFED   _system_post_cinit                           
00009777  _system_pre_init                             
0000977b  abort                                        
2000c624  adc_callback_func                            
ffffffff  binit                                        
00007b29  board_buttons_clear_callback                 
00007b03  board_buttons_set_callback                   
00007ae5  board_init                                   
00007af9  board_lock                                   
00008f39  circ_buffer_init                             
00008fcd  circ_buffer_is_empty                         
00008fed  circ_buffer_is_full                          
00008f95  circ_buffer_pop                              
00008f63  circ_buffer_push                             
00007bed  debug_off                                    
00007bc5  debug_on                                     
00007c15  debug_toggle                                 
00000571  eTaskGetState                                
00008ef3  edu_boosterpack_accelerometer_clear_callback 
00008ec9  edu_boosterpack_accelerometer_disable        
00008e35  edu_boosterpack_accelerometer_init           
00008ebd  edu_boosterpack_accelerometer_read           
00008ee3  edu_boosterpack_accelerometer_set_callback   
20000000  g_pfnRAMVectors                              
00009c10  g_sCrystalfontz128x128                       
00009a78  g_sFontFixed6x8                              
00000000  interruptVectors                             
00009735  interrupts_disable                           
00009725  interrupts_restore                           
00007b75  led_off                                      
00007b4d  led_on                                       
00007b9d  led_toggle                                   
00008b13  main                                         
000094ed  memcpy                                       
00009591  memset                                       
00000b45  pcTaskGetName                                
00009439  pvPortMalloc                                 
000015cb  pvTaskIncrementMutexHeldCount                
2000c674  pxCurrentTCB                                 
000081bd  pxPortInitialiseStack                        
2000c618  results_buffer                               
00008975  uart_get_char                                
000088f1  uart_init                                    
00008993  uart_print                                   
00008947  uart_put_char                                
00009ce0  ulMaxSyscallInterruptPriority                
0000911d  ulPortGetIPSR                                
000015e3  ulTaskNotifyTake                             
00008deb  uxListRemove                                 
00000b3b  uxTaskGetNumberOfTasks                       
00000b89  uxTaskGetSystemState                         
000010ff  uxTaskGetTaskNumber                          
0000060d  uxTaskPriorityGet                            
00000639  uxTaskPriorityGetFromISR                     
000015a9  uxTaskResetEventItemValue                    
00008d09  vListInitialise                              
00008d39  vListInitialiseItem                          
00008d85  vListInsert                                  
00008d49  vListInsertEnd                               
000091d1  vPortEnableVFP                               
000082dd  vPortEndScheduler                            
00008301  vPortEnterCritical                           
00008343  vPortExitCritical                            
000094a9  vPortFree                                    
000094cd  vPortInitialiseBlocks                        
00009195  vPortSVCHandler                              
00008395  vPortSetupTimerInterrupt                     
000091b5  vPortStartFirstTask                          
000083af  vPortValidateInterruptPriority               
00000509  vTaskDelay                                   
00000427  vTaskDelayUntil                              
0000035d  vTaskDelete                                  
000009e1  vTaskEndScheduler                            
00001211  vTaskGetInfo                                 
000010f7  vTaskMissedYield                             
0000196b  vTaskNotifyGiveFromISR                       
00000e2f  vTaskPlaceOnEventList                        
00000e69  vTaskPlaceOnUnorderedEventList               
00001415  vTaskPriorityInherit                         
00000681  vTaskPrioritySet                             
000008e1  vTaskResume                                  
0000111f  vTaskSetTaskNumber                           
00001021  vTaskSetTimeOutState                         
00000975  vTaskStartScheduler                          
000007b5  vTaskSuspend                                 
000009fd  vTaskSuspendAll                              
00000da9  vTaskSwitchContext                           
000094d5  xPortGetFreeHeapSize                         
00009135  xPortPendSVHandler                           
00008249  xPortStartScheduler                          
0000836f  xPortSysTickHandler                          
00001055  xTaskCheckForTimeOut                         
00000145  xTaskCreate                                  
00001711  xTaskGenericNotify                           
0000182d  xTaskGenericNotifyFromISR                    
000013e1  xTaskGetCurrentTaskHandle                    
00000b17  xTaskGetTickCount                            
00000b27  xTaskGetTickCountFromISR                     
00000c75  xTaskIncrementTick                           
00001a55  xTaskNotifyStateClear                        
00001661  xTaskNotifyWait                              
000014d5  xTaskPriorityDisinherit                      
00000ed1  xTaskRemoveFromEventList                     
00000f6d  xTaskRemoveFromUnorderedEventList            
00000a15  xTaskResumeAll                               


GLOBAL SYMBOLS: SORTED BY Symbol Address 

address   name                                         
-------   ----                                         
00000000  __TI_static_base__                           
00000000  interruptVectors                             
00000145  xTaskCreate                                  
00000200  __STACK_SIZE                                 
0000035d  vTaskDelete                                  
00000427  vTaskDelayUntil                              
00000509  vTaskDelay                                   
00000571  eTaskGetState                                
0000060d  uxTaskPriorityGet                            
00000639  uxTaskPriorityGetFromISR                     
00000681  vTaskPrioritySet                             
000007b5  vTaskSuspend                                 
000008e1  vTaskResume                                  
00000975  vTaskStartScheduler                          
000009e1  vTaskEndScheduler                            
000009fd  vTaskSuspendAll                              
00000a15  xTaskResumeAll                               
00000b17  xTaskGetTickCount                            
00000b27  xTaskGetTickCountFromISR                     
00000b3b  uxTaskGetNumberOfTasks                       
00000b45  pcTaskGetName                                
00000b89  uxTaskGetSystemState                         
00000c75  xTaskIncrementTick                           
00000da9  vTaskSwitchContext                           
00000e2f  vTaskPlaceOnEventList                        
00000e69  vTaskPlaceOnUnorderedEventList               
00000ed1  xTaskRemoveFromEventList                     
00000f6d  xTaskRemoveFromUnorderedEventList            
00001021  vTaskSetTimeOutState                         
00001055  xTaskCheckForTimeOut                         
000010f7  vTaskMissedYield                             
000010ff  uxTaskGetTaskNumber                          
0000111f  vTaskSetTaskNumber                           
00001211  vTaskGetInfo                                 
000013e1  xTaskGetCurrentTaskHandle                    
00001415  vTaskPriorityInherit                         
000014d5  xTaskPriorityDisinherit                      
000015a9  uxTaskResetEventItemValue                    
000015cb  pvTaskIncrementMutexHeldCount                
000015e3  ulTaskNotifyTake                             
00001661  xTaskNotifyWait                              
00001711  xTaskGenericNotify                           
0000182d  xTaskGenericNotifyFromISR                    
0000196b  vTaskNotifyGiveFromISR                       
00001a55  xTaskNotifyStateClear                        
00001cfb  FlashCtl_getMemoryInfo                       
00002079  FlashCtl_enableReadBuffering                 
000020cd  FlashCtl_disableReadBuffering                
0000212d  FlashCtl_unprotectSector                     
0000219d  FlashCtl_protectSector                       
000021fd  FlashCtl_isSectorProtected                   
00002289  FlashCtl_verifyMemory                        
000024f1  FlashCtl_setReadMode                         
0000255d  FlashCtl_getReadMode                         
00002587  FlashCtl_initiateMassErase                   
000025ad  FlashCtl_performMassErase                    
000026f9  FlashCtl_eraseSector                         
0000281d  FlashCtl_initiateSectorErase                 
000028b5  FlashCtl_programMemory                       
00002a25  FlashCtl_setProgramVerification              
00002a5f  FlashCtl_clearProgramVerification            
00002a99  FlashCtl_enableWordProgramming               
00002ac9  FlashCtl_disableWordProgramming              
00002ad5  FlashCtl_isWordProgrammingEnabled            
00002af1  FlashCtl_setWaitState                        
00002b2f  FlashCtl_getWaitState                        
00002b5d  FlashCtl_enableInterrupt                     
00002b71  FlashCtl_disableInterrupt                    
00002b85  FlashCtl_getInterruptStatus                  
00002b8b  FlashCtl_getEnabledInterruptStatus           
00002b9b  FlashCtl_clearInterruptFlag                  
00002baf  FlashCtl_registerInterrupt                   
00002bc3  FlashCtl_unregisterInterrupt                 
00002bd3  __FlashCtl_remaskData8Post                   
00002c53  __FlashCtl_remaskData8Pre                    
00002cf1  __FlashCtl_remaskData32Post                  
00002dd5  __FlashCtl_remaskData32Pre                   
00002ead  __FlashCtl_remaskBurstDataPre                
00002fc7  __FlashCtl_remaskBurstDataPost               
00003351  CS_setExternalClockSourceFrequency           
0000338d  CS_initClockSignal                           
00003491  CS_startHFXT                                 
000034b5  CS_startHFXTWithTimeout                      
00003579  CS_startLFXT                                 
0000359d  CS_startLFXTWithTimeout                      
0000366d  CS_enableClockRequest                        
00003695  CS_disableClockRequest                       
000036b7  CS_setReferenceOscillatorFrequency           
000036dd  CS_enableDCOExternalResistor                 
00003705  CS_setDCOExternalResistorCalibration         
0000377b  CS_disableDCOExternalResistor                
00003799  CS_setDCOCenteredFrequency                   
000037d1  CS_tuneDCOFrequency                          
00003875  CS_getDCOFrequency                           
00003a15  CS_setDCOFrequency                           
00003bed  CS_getBCLK                                   
00003c09  CS_getHSMCLK                                 
00003c2d  CS_getACLK                                   
00003c51  CS_getSMCLK                                  
00003c73  CS_getMCLK                                   
00003c95  CS_enableFaultCounter                        
00003cc1  CS_disableFaultCounter                       
00003ced  CS_resetFaultCounter                         
00003d39  CS_startFaultCounter                         
00003d89  CS_enableInterrupt                           
00003dab  CS_disableInterrupt                          
00003dcd  CS_getInterruptStatus                        
00003dd3  CS_getEnabledInterruptStatus                 
00003ded  CS_clearInterruptFlag                        
00003e0f  CS_registerInterrupt                         
00003e23  CS_unregisterInterrupt                       
00003fd1  ADC14_enableModule                           
00003fd9  ADC14_disableModule                          
00003fef  ADC14_enableSampleTimer                      
00004019  ADC14_disableSampleTimer                     
0000402f  ADC14_initModule                             
00004075  ADC14_setResolution                          
0000408f  ADC14_getResolution                          
00004099  ADC14_setSampleHoldTrigger                   
000040db  ADC14_setSampleHoldTime                      
00004105  ADC14_configureMultiSequenceMode             
0000419b  ADC14_configureSingleSampleMode              
000041f1  ADC14_enableConversion                       
00004211  ADC14_toggleConversionTrigger                
00004233  ADC14_disableConversion                      
0000423f  ADC14_isBusy                                 
0000425d  ADC14_configureConversionMemory              
00004305  ADC14_enableComparatorWindow                 
00004395  ADC14_disableComparatorWindow                
000043f3  ADC14_setComparatorWindowValue               
00004479  ADC14_setResultFormat                        
000044a3  ADC14_getResult                              
000044bd  ADC14_getMultiSequenceResult                 
00004529  ADC14_getResultArray                         
0000459d  ADC14_enableReferenceBurst                   
000045b3  ADC14_disableReferenceBurst                  
000045c9  ADC14_setPowerMode                           
0000460b  ADC14_enableInterrupt                        
00004633  ADC14_disableInterrupt                       
0000465b  ADC14_getInterruptStatus                     
0000467f  ADC14_getEnabledInterruptStatus              
000046b5  ADC14_clearInterruptFlag                     
000046e1  ADC14_registerInterrupt                      
000046f5  ADC14_unregisterInterrupt                    
0000476d  SPI_initMaster                               
00004833  SPI_selectFourPinFunctionality               
00004859  SPI_changeMasterClock                        
00004881  SPI_initSlave                                
000048ff  SPI_changeClockPhasePolarity                 
0000492f  SPI_transmitData                             
00004955  SPI_receiveData                              
00004971  SPI_enableModule                             
0000498d  SPI_disableModule                            
000049a9  SPI_getReceiveBufferAddressForDMA            
000049c5  SPI_getTransmitBufferAddressForDMA           
000049f1  SPI_isBusy                                   
00004a0d  SPI_enableInterrupt                          
00004a33  SPI_disableInterrupt                         
00004a59  SPI_getInterruptStatus                       
00004a81  SPI_getEnabledInterruptStatus                
00004ab1  SPI_clearInterruptFlag                       
00004ad7  SPI_registerInterrupt                        
00004b95  SPI_unregisterInterrupt                      
00004c41  EUSCI_B_SPI_select4PinFunctionality          
00004c61  EUSCI_B_SPI_masterChangeClock                
00004c93  EUSCI_B_SPI_slaveInit                        
00004cdd  EUSCI_B_SPI_changeClockPhasePolarity         
00004d1f  EUSCI_B_SPI_transmitData                     
00004d35  EUSCI_B_SPI_receiveData                      
00004d45  EUSCI_B_SPI_enableInterrupt                  
00004d5f  EUSCI_B_SPI_disableInterrupt                 
00004d79  EUSCI_B_SPI_getInterruptStatus               
00004d91  EUSCI_B_SPI_clearInterruptFlag               
00004dab  EUSCI_B_SPI_enable                           
00004dc1  EUSCI_B_SPI_disable                          
00004dd7  EUSCI_B_SPI_getReceiveBufferAddressForDMA    
00004de5  EUSCI_B_SPI_getTransmitBufferAddressForDMA   
00004df3  EUSCI_B_SPI_isBusy                           
00004e0b  EUSCI_A_SPI_select4PinFunctionality          
00004e2b  EUSCI_A_SPI_masterChangeClock                
00004e61  EUSCI_A_SPI_slaveInit                        
00004eab  EUSCI_A_SPI_changeClockPhasePolarity         
00004eed  EUSCI_A_SPI_transmitData                     
00004f03  EUSCI_A_SPI_receiveData                      
00004f13  EUSCI_A_SPI_enableInterrupt                  
00004f2d  EUSCI_A_SPI_disableInterrupt                 
00004f47  EUSCI_A_SPI_getInterruptStatus               
00004f5f  EUSCI_A_SPI_clearInterruptFlag               
00004f79  EUSCI_A_SPI_enable                           
00004f8f  EUSCI_A_SPI_disable                          
00004fa5  EUSCI_A_SPI_getReceiveBufferAddressForDMA    
00004fb3  EUSCI_A_SPI_getTransmitBufferAddressForDMA   
00004fc1  EUSCI_A_SPI_isBusy                           
000050d7  PCM_setCoreVoltageLevel                      
000050e7  PCM_setCoreVoltageLevelWithTimeout           
000050f9  PCM_setCoreVoltageLevelNonBlocking           
00005109  PCM_getPowerMode                             
00005163  PCM_getCoreVoltageLevel                      
00005309  PCM_setPowerMode                             
00005319  PCM_setPowerModeNonBlocking                  
00005329  PCM_setPowerModeWithTimeout                  
000055db  PCM_setPowerState                            
000055eb  PCM_setPowerStateWithTimeout                 
000055fd  PCM_setPowerStateNonBlocking                 
0000560d  PCM_shutdownDevice                           
00005651  PCM_gotoLPM4                                 
00005661  PCM_gotoLPM4InterruptSafe                    
0000567d  PCM_gotoLPM0                                 
0000569b  PCM_gotoLPM0InterruptSafe                    
000056b7  PCM_gotoLPM3                                 
0000572f  PCM_gotoLPM3InterruptSafe                    
0000574b  PCM_getPowerState                            
00005757  PCM_enableRudeMode                           
00005769  PCM_disableRudeMode                          
0000577d  PCM_enableInterrupt                          
00005791  PCM_disableInterrupt                         
000057a5  PCM_getInterruptStatus                       
000057ab  PCM_getEnabledInterruptStatus                
000057bb  PCM_clearInterruptFlag                       
000057cf  PCM_registerInterrupt                        
000057e3  PCM_unregisterInterrupt                      
00005819  Crystalfontz128x128_Init                     
0000592d  Crystalfontz128x128_SetDrawFrame             
00005a5b  Crystalfontz128x128_SetOrientation           
00005ed1  Graphics_getStringWidth                      
00005fcb  Graphics_drawString                          
00006449  Graphics_getStringBaseline                   
00006459  Graphics_drawStringCentered                  
000064a1  Graphics_getStringHeight                     
000064b1  Graphics_getStringMaxWidth                   
000064c1  RTC_C_startClock                             
000064df  RTC_C_holdClock                              
000064fd  RTC_C_setCalibrationFrequency                
0000652d  RTC_C_setCalibrationData                     
00006559  RTC_C_setTemperatureCompensation             
00006583  RTC_C_initCalendar                           
000065f5  RTC_C_getCalendarTime                        
0000665b  RTC_C_setCalendarAlarm                       
00006693  RTC_C_setCalendarEvent                       
000066c3  RTC_C_definePrescaleEvent                    
000066eb  RTC_C_getPrescaleValue                       
00006717  RTC_C_setPrescaleValue                       
00006767  RTC_C_convertBCDToBinary                     
0000677f  RTC_C_convertBinaryToBCD                     
00006797  RTC_C_enableInterrupt                        
000067ed  RTC_C_disableInterrupt                       
00006855  RTC_C_getInterruptStatus                     
000068bd  RTC_C_getEnabledInterruptStatus              
0000691d  RTC_C_clearInterruptFlag                     
00006963  RTC_C_registerInterrupt                      
00006981  RTC_C_unregisterInterrupt                    
000069c9  Graphics_drawLineH                           
00006a65  Graphics_drawLineV                           
00006ce5  Graphics_drawLine                            
00006e59  GPIO_setAsOutputPin                          
00006e93  GPIO_setAsInputPin                           
00006ed9  GPIO_setAsPeripheralModuleFunctionOutputPin  
00006f5d  GPIO_setAsPeripheralModuleFunctionInputPin   
00006fe1  GPIO_setOutputHighOnPin                      
00007003  GPIO_setOutputLowOnPin                       
00007025  GPIO_toggleOutputOnPin                       
00007047  GPIO_setAsInputPinWithPullDownResistor       
00007099  GPIO_setAsInputPinWithPullUpResistor         
000070eb  GPIO_getInputPinValue                        
00007119  GPIO_enableInterrupt                         
0000713b  GPIO_disableInterrupt                        
0000715d  GPIO_getInterruptStatus                      
0000717b  GPIO_clearInterruptFlag                      
0000719d  GPIO_interruptEdgeSelect                     
000071d3  GPIO_getEnabledInterruptStatus               
0000724f  GPIO_setDriveStrengthHigh                    
00007271  GPIO_setDriveStrengthLow                     
00007293  GPIO_registerInterrupt                       
000072b3  GPIO_unregisterInterrupt                     
000072d9  UART_initModule                              
000073c1  UART_transmitData                            
000073eb  UART_receiveData                             
00007411  UART_enableModule                            
00007427  UART_disableModule                           
0000743d  UART_queryStatusFlags                        
00007451  UART_setDormant                              
00007465  UART_resetDormant                            
00007479  UART_transmitAddress                         
00007497  UART_transmitBreak                           
000074dd  UART_getReceiveBufferAddressForDMA           
000074eb  UART_getTransmitBufferAddressForDMA          
000074f9  UART_selectDeglitchTime                      
00007515  UART_enableInterrupt                         
00007545  UART_disableInterrupt                        
00007575  UART_getInterruptStatus                      
00007591  UART_getEnabledInterruptStatus               
000075ed  UART_clearInterruptFlag                      
0000760d  UART_registerInterrupt                       
00007689  UART_unregisterInterrupt                     
000076f7  Interrupt_enableMaster                       
00007707  Interrupt_disableMaster                      
00007717  Interrupt_registerInterrupt                  
00007769  Interrupt_unregisterInterrupt                
0000777d  Interrupt_setPriorityGrouping                
00007797  Interrupt_getPriorityGrouping                
000077cf  Interrupt_setPriority                        
0000781f  Interrupt_getPriority                        
00007845  Interrupt_enableInterrupt                    
000078b7  Interrupt_disableInterrupt                   
00007929  Interrupt_isEnabled                          
000079b5  Interrupt_pendInterrupt                      
00007a25  Interrupt_unpendInterrupt                    
00007a73  Interrupt_setPriorityMask                    
00007a83  Interrupt_getPriorityMask                    
00007a8d  Interrupt_setVectorTableAddress              
00007a9d  Interrupt_getVectorTableAddress              
00007aa3  Interrupt_enableSleepOnIsrExit               
00007ab5  Interrupt_disableSleepOnIsrExit              
00007ae5  board_init                                   
00007af9  board_lock                                   
00007b03  board_buttons_set_callback                   
00007b29  board_buttons_clear_callback                 
00007b4d  led_on                                       
00007b75  led_off                                      
00007b9d  led_toggle                                   
00007bc5  debug_on                                     
00007bed  debug_off                                    
00007c15  debug_toggle                                 
00007e2b  PORT1_Handler                                
00007e95  SystemCoreClockUpdate                        
00008109  SystemInit                                   
000081bd  pxPortInitialiseStack                        
00008249  xPortStartScheduler                          
000082dd  vPortEndScheduler                            
00008301  vPortEnterCritical                           
00008343  vPortExitCritical                            
0000836f  xPortSysTickHandler                          
00008395  vPortSetupTimerInterrupt                     
000083af  vPortValidateInterruptPriority               
00008445  Graphics_initContext                         
0000848f  Graphics_setClipRegion                       
00008559  Graphics_setBackgroundColor                  
00008573  Graphics_setBackgroundColorTranslated        
00008589  Graphics_setFont                             
000085a3  Graphics_getFontBaseline                     
000085b1  Graphics_setForegroundColor                  
000085c7  Graphics_setForegroundColorTranslated        
000085d9  Graphics_getFontHeight                       
000085e7  Graphics_getFontMaxWidth                     
000085f5  Graphics_getDisplayWidth                     
00008605  Graphics_getDisplayHeight                    
00008615  Graphics_getHeightOfDisplay                  
00008623  Graphics_flushBuffer                         
00008631  Graphics_clearDisplay                        
00008643  Graphics_drawPixel                           
0000869d  Graphics_getWidthOfDisplay                   
000086ad  SysCtl_getTLVInfo                            
00008723  SysCtl_getSRAMSize                           
00008729  SysCtl_getFlashSize                          
0000872f  SysCtl_disableNMISource                      
00008743  SysCtl_enableNMISource                       
00008757  SysCtl_getNMISourceStatus                    
0000875d  SysCtl_enableSRAMBank                        
00008779  SysCtl_disableSRAMBank                       
000087e1  SysCtl_enableSRAMBankRetention               
000087fd  SysCtl_disableSRAMBankRetention              
00008819  SysCtl_rebootDevice                          
00008823  SysCtl_enablePeripheralAtCPUHalt             
00008837  SysCtl_disablePeripheralAtCPUHalt            
0000884b  SysCtl_setWDTTimeoutResetType                
0000886f  SysCtl_setWDTPasswordViolationResetType      
00008893  SysCtl_enableGlitchFilter                    
0000889f  SysCtl_disableGlitchFilter                   
000088ab  SysCtl_getTempCalibrationConstant            
000088f1  uart_init                                    
00008947  uart_put_char                                
00008975  uart_get_char                                
00008993  uart_print                                   
000089d5  EUSCIA0_IRQHandler                           
00008b13  main                                         
00008bd5  Graphics_drawPixelOnDisplay                  
00008bff  Graphics_drawMultiplePixelsOnDisplay         
00008c43  Graphics_drawHorizontalLineOnDisplay         
00008c77  Graphics_drawVerticalLineOnDisplay           
00008cab  Graphics_fillRectangleOnDisplay              
00008cc9  Graphics_translateColorOnDisplay             
00008cdf  Graphics_flushOnDisplay                      
00008cf1  Graphics_clearDisplayOnDisplay               
00008d09  vListInitialise                              
00008d39  vListInitialiseItem                          
00008d49  vListInsertEnd                               
00008d85  vListInsert                                  
00008deb  uxListRemove                                 
00008e35  edu_boosterpack_accelerometer_init           
00008ebd  edu_boosterpack_accelerometer_read           
00008ec9  edu_boosterpack_accelerometer_disable        
00008ee3  edu_boosterpack_accelerometer_set_callback   
00008ef3  edu_boosterpack_accelerometer_clear_callback 
00008efb  ADC_Handler                                  
00008f39  circ_buffer_init                             
00008f63  circ_buffer_push                             
00008f95  circ_buffer_pop                              
00008fcd  circ_buffer_is_empty                         
00008fed  circ_buffer_is_full                          
00009035  WDT_A_holdTimer                              
00009055  WDT_A_startTimer                             
00009075  WDT_A_clearTimer                             
00009095  WDT_A_initWatchdogTimer                      
000090b1  WDT_A_initIntervalTimer                      
000090cd  WDT_A_setPasswordViolationReset              
000090d9  WDT_A_setTimeoutReset                        
000090e5  WDT_A_registerInterrupt                      
000090f9  WDT_A_unregisterInterrupt                    
0000911d  ulPortGetIPSR                                
00009135  xPortPendSVHandler                           
00009195  vPortSVCHandler                              
000091b5  vPortStartFirstTask                          
000091d1  vPortEnableVFP                               
000091e1  REF_A_setReferenceVoltage                    
000091fb  REF_A_disableTempSensor                      
00009203  REF_A_enableTempSensor                       
0000920b  REF_A_enableReferenceVoltageOutput           
00009213  REF_A_disableReferenceVoltageOutput          
0000921b  REF_A_enableReferenceVoltage                 
00009223  REF_A_disableReferenceVoltage                
0000922b  REF_A_getBandgapMode                         
00009235  REF_A_isBandgapActive                        
00009241  REF_A_isRefGenBusy                           
0000924d  REF_A_isRefGenActive                         
00009259  REF_A_getBufferedBandgapVoltageStatus        
00009265  REF_A_getVariableReferenceVoltageStatus      
00009271  REF_A_setReferenceVoltageOneTimeTrigger      
00009279  REF_A_setBufferedBandgapVoltageOneTimeTrigger
000092ad  HAL_LCD_PortInit                             
000092dd  HAL_LCD_SpiInit                              
00009313  HAL_LCD_writeCommand                         
00009349  HAL_LCD_writeData                            
00009379  FPU_enableModule                             
0000938b  FPU_disableModule                            
00009399  FPU_enableStacking                           
000093ab  FPU_enableLazyStacking                       
000093b7  FPU_disableStacking                          
000093c3  FPU_setHalfPrecisionMode                     
000093dd  FPU_setNaNMode                               
000093f7  FPU_setFlushToZeroMode                       
00009411  FPU_setRoundingMode                          
00009439  pvPortMalloc                                 
000094a9  vPortFree                                    
000094cd  vPortInitialiseBlocks                        
000094d5  xPortGetFreeHeapSize                         
000094ed  __aeabi_memcpy                               
000094ed  __aeabi_memcpy4                              
000094ed  __aeabi_memcpy8                              
000094ed  memcpy                                       
00009589  __aeabi_memclr                               
00009589  __aeabi_memclr4                              
00009589  __aeabi_memclr8                              
0000958b  __aeabi_memset                               
0000958b  __aeabi_memset4                              
0000958b  __aeabi_memset8                              
00009591  memset                                       
00009603  __TI_decompress_lzss                         
0000966d  __TI_auto_init_nobinit_nopinit               
000096b1  CPU_cpsid                                    
000096bd  CPU_primask                                  
000096c7  CPU_cpsie                                    
000096d3  CPU_wfi                                      
000096d7  CPU_basepriSet                               
000096e5  CPU_basepriGet                               
000096f1  _c_int00_noargs                              
00009725  interrupts_restore                           
00009735  interrupts_disable                           
0000975d  __TI_decompress_none                         
0000976b  __TI_zero_init                               
00009777  _system_pre_init                             
0000977b  C$$EXIT                                      
0000977b  abort                                        
00009a78  g_sFontFixed6x8                              
00009c10  g_sCrystalfontz128x128                       
00009ce0  ulMaxSyscallInterruptPriority                
00009d80  __TI_Handler_Table_Base                      
00009d8c  __TI_Handler_Table_Limit                     
00009da0  __TI_CINIT_Base                              
00009db8  __TI_CINIT_Limit                             
20000000  g_pfnRAMVectors                              
2000c618  results_buffer                               
2000c624  adc_callback_func                            
2000c628  Lcd_ScreenHeigth                             
2000c62a  Lcd_ScreenWidth                              
2000c62c  Lcd_TouchTrim                                
2000c62e  Lcd_FlagRead                                 
2000c62f  Lcd_FontSolid                                
2000c630  Lcd_Orientation                              
2000c631  Lcd_PenSolid                                 
2000c674  pxCurrentTCB                                 
2000c724  SystemCoreClock                              
2000fe00  __stack                                      
20010000  __STACK_END                                  
4000480c  WDTCTL_SYM                                   
ffffffff  __TI_pprof_out_hndl                          
ffffffff  __TI_prof_data_size                          
ffffffff  __TI_prof_data_start                         
ffffffff  __binit__                                    
ffffffff  __c_args__                                   
ffffffff  binit                                        
UNDEFED   __mpu_init                                   
UNDEFED   _system_post_cinit                           

[502 symbols]
