******************************************************************************
                  TI ARM Linker PC v18.12.3                    
******************************************************************************
>> Linked Tue Dec 17 04:37:52 2019

OUTPUT FILE NAME:   <PRAC-Projecte-2_FINAL.out>
ENTRY POINT SYMBOL: "_c_int00_noargs"  address: 0000db55


MEMORY CONFIGURATION

         name            origin    length      used     unused   attr    fill
----------------------  --------  ---------  --------  --------  ----  --------
  MAIN                  00000000   00040000  0000e504  00031afc  R  X
  INFO                  00200000   00004000  00000000  00004000  R  X
  SRAM_CODE             01000000   00010000  00000000  00010000  RW X
  SRAM_DATA             20000000   00010000  0000c9a0  00003660  RW  


SEGMENT ALLOCATION MAP

run origin  load origin   length   init length attrs members
----------  ----------- ---------- ----------- ----- -------
00000000    00000000    0000e508   0000e508    r-x
  00000000    00000000    00000144   00000144    r-- .intvecs
  00000144    00000144    0000db98   0000db98    r-x .text
  0000dce0    0000dce0    00000748   00000748    r-- .const
  0000e428    0000e428    000000e0   000000e0    r-- .cinit
20000000    20000000    0000c7a0   00000000    rw-
  20000000    20000000    000000e4   00000000    rw- .vtable
  200000e4    200000e4    0000c57c   00000000    rw- .bss
  2000c660    2000c660    00000140   00000000    rw- .data
2000fe00    2000fe00    00000200   00000000    rw-
  2000fe00    2000fe00    00000200   00000000    rw- .stack


SECTION ALLOCATION MAP

 output                                  attributes/
section   page    origin      length       input sections
--------  ----  ----------  ----------   ----------------
.intvecs   0    00000000    00000144     
                  00000000    00000144     msp432_startup_ccs.obj (.intvecs:retain)

.text      0    00000144    0000db98     
                  00000144    00001a0c     tasks.obj (.text)
                  00001b50    0000159c     flash.obj (.text)
                  000030ec    00000d7c     cs.obj (.text)
                  00003e68    00000ca4     queue.obj (.text)
                  00004b0c    00000c34     main.obj (.text)
                  00005740    00000a4e     rtsv7M4_T_le_v4SPD16_eabi.lib : _printfi.c.obj (.text:__TI_printfi)
                  0000618e    00000002                                   : div0.asm.obj (.text)
                  00006190    000008d4     adc14.obj (.text)
                  00006a64    000008a4     spi.obj (.text)
                  00007308    00000838     pcm.obj (.text)
                  00007b40    00000798     timer_a.obj (.text)
                  000082d8    00000678     st7735.obj (.text)
                  00008950    00000630     string.obj (.text)
                  00008f80    00000508     rtc_c.obj (.text)
                  00009488    00000498     circle.obj (.text)
                  00009920    00000490     line.obj (.text)
                  00009db0    00000480     gpio.obj (.text)
                  0000a230    0000041c     uart.obj (.text)
                  0000a64c    000003f0     interrupt.obj (.text)
                  0000aa3c    000003b0     msp432_launchpad_board.obj (.text)
                  0000adec    00000328     system_msp432p401r.obj (.text)
                  0000b114    000002ec     rtsv7M4_T_le_v4SPD16_eabi.lib : s_atan.c.obj (.text:atan)
                  0000b400    00000288     port.obj (.text)
                  0000b688    00000270     rtsv7M4_T_le_v4SPD16_eabi.lib : _printfi.c.obj (.text:_pconv_a)
                  0000b8f8    00000266     context.obj (.text)
                  0000bb5e    00000002     --HOLE-- [fill = 0]
                  0000bb60    00000244     sysctl.obj (.text)
                  0000bda4    000001d0     rtsv7M4_T_le_v4SPD16_eabi.lib : _printfi.c.obj (.text:_pconv_g)
                  0000bf74    000001b6                                   : fd_add_t2.asm.obj (.text)
                  0000c12a    00000002     --HOLE-- [fill = 0]
                  0000c12c    000001ac     uart_driver.obj (.text)
                  0000c2d8    00000180     edu_boosterpack_rgb.obj (.text)
                  0000c458    0000013c     rtsv7M4_T_le_v4SPD16_eabi.lib : _printfi.c.obj (.text:_pconv_e)
                  0000c594    00000136                                   : fd_div_t2.asm.obj (.text)
                  0000c6ca    00000134     display.obj (.text)
                  0000c7fe    0000012a     list.obj (.text)
                  0000c928    00000124     rtsv7M4_T_le_v4SPD16_eabi.lib : _printfi.c.obj (.text:fcvt)
                  0000ca4c    00000110                                   : s_scalbn.c.obj (.text:scalbn)
                  0000cb5c    00000104     edu_boosterpack_accelerometer.obj (.text)
                  0000cc60    000000fc     rtsv7M4_T_le_v4SPD16_eabi.lib : fd_mul_t2.asm.obj (.text)
                  0000cd5c    000000fa     circ_buffer.obj (.text)
                  0000ce56    00000002     --HOLE-- [fill = 0]
                  0000ce58    000000d8     wdt_a.obj (.text)
                  0000cf30    000000d2     portasm.obj (.text)
                  0000d002    00000002     --HOLE-- [fill = 0]
                  0000d004    000000cc     ref_a.obj (.text)
                  0000d0d0    000000cc     st7735_msp432.obj (.text)
                  0000d19c    000000c0     fpu.obj (.text)
                  0000d25c    000000b4     heap_1.obj (.text)
                  0000d310    000000b1     rtsv7M4_T_le_v4SPD16_eabi.lib : _printfi.c.obj (.text:_ltostr)
                  0000d3c1    00000001     --HOLE-- [fill = 0]
                  0000d3c2    0000009c                                   : memcpy_t2.asm.obj (.text)
                  0000d45e    00000096                                   : ull_div_t2.asm.obj (.text)
                  0000d4f4    00000086                                   : fd_cmp_t2.asm.obj (.text:__aeabi_cdcmple)
                  0000d57a    00000086                                   : fd_cmp_t2.asm.obj (.text:__aeabi_cdrcmple)
                  0000d600    0000007a                                   : memset_t2.asm.obj (.text)
                  0000d67a    0000006e                                   : _printfi.c.obj (.text:_mcpy)
                  0000d6e8    0000006e                                   : fd_tos_t2.asm.obj (.text)
                  0000d756    00000068                                   : copy_decompress_lzss.c.obj (.text:decompress:lzss:__TI_decompress_lzss)
                  0000d7be    00000002     --HOLE-- [fill = 0]
                  0000d7c0    00000068     pmap.obj (.text)
                  0000d828    00000064     rtsv7M4_T_le_v4SPD16_eabi.lib : s_frexp.c.obj (.text:frexp)
                  0000d88c    00000056                                   : _printfi.c.obj (.text:_pconv_f)
                  0000d8e2    00000054                                   : ltoa.c.obj (.text:ltoa)
                  0000d936    00000052                                   : _printfi.c.obj (.text:_ecpy)
                  0000d988    0000004c                                   : atoi.c.obj (.text:atoi)
                  0000d9d4    00000048                                   : fd_toi_t2.asm.obj (.text)
                  0000da1c    00000044                                   : autoinit.c.obj (.text:__TI_auto_init_nobinit_nopinit:__TI_auto_init_nobinit_nopinit)
                  0000da60    00000040                                   : sprintf.c.obj (.text:sprintf)
                  0000daa0    0000003e                                   : _printfi.c.obj (.text:_fcpy)
                  0000dade    0000003e     cpu.obj (.text)
                  0000db1c    00000038     rtsv7M4_T_le_v4SPD16_eabi.lib : fs_tod_t2.asm.obj (.text)
                  0000db54    00000034                                   : boot_cortex_m.c.obj (.text:_c_int00_noargs:_c_int00_noargs)
                  0000db88    0000002e                                   : i_tofd_t2.asm.obj (.text)
                  0000dbb6    0000002e                                   : strncat.c.obj (.text:strncat)
                  0000dbe4    00000022     interrupts.obj (.text)
                  0000dc06    0000001c     rtsv7M4_T_le_v4SPD16_eabi.lib : memccpy.c.obj (.text:memccpy)
                  0000dc22    0000001a                                   : s_copysign.c.obj (.text:copysign)
                  0000dc3c    00000018                                   : sprintf.c.obj (.text:_outs)
                  0000dc54    00000016     msp432_startup_ccs.obj (.text)
                  0000dc6a    00000016     rtsv7M4_T_le_v4SPD16_eabi.lib : strchr.c.obj (.text:strchr)
                  0000dc80    00000014                                   : strlen.c.obj (.text:strlen)
                  0000dc94    00000012                                   : wcslen.c.obj (.text:wcslen)
                  0000dca6    0000000e                                   : copy_decompress_none.c.obj (.text:decompress:none:__TI_decompress_none)
                  0000dcb4    0000000c                                   : copy_zero_init.c.obj (.text:decompress:ZI:__TI_zero_init)
                  0000dcc0    0000000a                                   : sprintf.c.obj (.text:_outc)
                  0000dcca    00000002     --HOLE-- [fill = 0]
                  0000dccc    00000008                                   : errno.c.obj (.text:__aeabi_errno_addr)
                  0000dcd4    00000004                                   : pre_init.c.obj (.text:_system_pre_init)
                  0000dcd8    00000004                                   : exit.c.obj (.text:abort:abort)

.const     0    0000dce0    00000748     
                  0000dce0    000002f8     fontfixed6x8.obj (.const:.string:g_pucFontFixed6x8Data)
                  0000dfd8    00000101     rtsv7M4_T_le_v4SPD16_eabi.lib : ctype.c.obj (.const:.string:_ctypes_)
                  0000e0d9    00000003     --HOLE-- [fill = 0]
                  0000e0dc    000000c8     fontfixed6x8.obj (.const:g_sFontFixed6x8)
                  0000e1a4    00000004     --HOLE-- [fill = 0]
                  0000e1a8    00000098     rtsv7M4_T_le_v4SPD16_eabi.lib : s_atan.c.obj (.const:$O1$$)
                  0000e240    00000080     adc14.obj (.const:_ctlRegs)
                  0000e2c0    00000050     interrupt.obj (.const:g_pulRegs)
                  0000e310    00000030     edu_boosterpack_rgb.obj (.const:leds)
                  0000e340    0000002c     st7735.obj (.const:g_sCrystalfontz128x128)
                  0000e36c    00000024     uart_driver.obj (.const:uart_config)
                  0000e390    00000020     interrupt.obj (.const:g_pulPriority)
                  0000e3b0    0000001c     st7735_msp432.obj (.const:$P$T0$1)
                  0000e3cc    0000001c     gpio.obj (.const:GPIO_PORT_TO_INT)
                  0000e3e8    00000008     st7735.obj (.const:$P$T0$1)
                  0000e3f0    00000008     edu_boosterpack_rgb.obj (.const:.string:port2_remapping)
                  0000e3f8    00000008     edu_boosterpack_rgb.obj (.const:.string:port5_remapping)
                  0000e400    00000008     interrupt.obj (.const:g_pulDisRegs)
                  0000e408    00000008     interrupt.obj (.const:g_pulEnRegs)
                  0000e410    00000008     interrupt.obj (.const:g_pulPendRegs)
                  0000e418    00000008     interrupt.obj (.const:g_pulUnpendRegs)
                  0000e420    00000008     port.obj (.const)

.cinit     0    0000e428    000000e0     
                  0000e428    000000a8     (.cinit..data.load) [load image, compression = lzss]
                  0000e4d0    0000000c     (__TI_handler_table)
                  0000e4dc    00000004     --HOLE-- [fill = 0]
                  0000e4e0    00000008     (.cinit..bss.load) [load image, compression = zero_init]
                  0000e4e8    00000008     (.cinit..vtable.load) [load image, compression = zero_init]
                  0000e4f0    00000018     (__TI_cinit_table)

.vtable    0    20000000    000000e4     UNINITIALIZED
                  20000000    000000e4     interrupt.obj (.vtable)

.bss       0    200000e4    0000c57c     UNINITIALIZED
                  200000e4    0000c000     heap_1.obj (.bss:ucHeap)
                  2000c0e4    00000200     uart_driver.obj (.bss:uart_rx_buffer)
                  2000c2e4    00000200     uart_driver.obj (.bss:uart_tx_buffer)
                  2000c4e4    0000008c     tasks.obj (.bss:pxReadyTasksLists)
                  2000c570    0000001c     main.obj (.bss:g_sContext)
                  2000c58c    00000014     tasks.obj (.bss:xDelayedTaskList1)
                  2000c5a0    00000014     tasks.obj (.bss:xDelayedTaskList2)
                  2000c5b4    00000014     tasks.obj (.bss:xPendingReadyList)
                  2000c5c8    00000014     tasks.obj (.bss:xSuspendedTaskList)
                  2000c5dc    00000014     tasks.obj (.bss:xTasksWaitingTermination)
                  2000c5f0    0000000c     uart_driver.obj (.bss:buffer_rx)
                  2000c5fc    0000000c     uart_driver.obj (.bss:buffer_tx)
                  2000c608    0000000c     (.common:uart_command)
                  2000c614    00000008     cs.obj (.bss)
                  2000c61c    00000008     tasks.obj (.bss)
                  2000c624    00000008     (.common:results_buffer)
                  2000c62c    00000006     (.common:accel_values)
                  2000c632    00000002     (.common:Lcd_ScreenHeigth)
                  2000c634    00000004     uart_driver.obj (.bss)
                  2000c638    00000004     (.common:adc_callback_func)
                  2000c63c    00000004     (.common:start_timestamp)
                  2000c640    00000004     (.common:xADCReadingAvailableSemaphore)
                  2000c644    00000004     (.common:xQueueADC2Process)
                  2000c648    00000004     (.common:xQueueProcess2LCD)
                  2000c64c    00000004     (.common:xRunADCTaskSemaphore)
                  2000c650    00000004     (.common:xRunUARTReadingTaskSemaphore)
                  2000c654    00000002     (.common:Lcd_ScreenWidth)
                  2000c656    00000002     (.common:Lcd_TouchTrim)
                  2000c658    00000002     (.common:command)
                  2000c65a    00000001     (.common:Lcd_FlagRead)
                  2000c65b    00000001     (.common:Lcd_FontSolid)
                  2000c65c    00000001     (.common:Lcd_Orientation)
                  2000c65d    00000001     (.common:Lcd_PenSolid)
                  2000c65e    00000001     (.common:previous_lcd_x)
                  2000c65f    00000001     (.common:previous_lcd_y)

.data      0    2000c660    00000140     UNINITIALIZED
                  2000c660    00000040     flash.obj (.data:__getBurstProgramRegs)
                  2000c6a0    00000034     tasks.obj (.data)
                  2000c6d4    00000030     gpio.obj (.data:GPIO_PORT_TO_BASE)
                  2000c704    00000018     msp432_launchpad_board.obj (.data:buttons)
                  2000c71c    00000018     edu_boosterpack_rgb.obj (.data:led_blue_pwm_cfg)
                  2000c734    00000018     edu_boosterpack_rgb.obj (.data:led_green_pwm_cfg)
                  2000c74c    00000018     edu_boosterpack_rgb.obj (.data:led_red_pwm_cfg)
                  2000c764    00000010     msp432_launchpad_board.obj (.data:debug)
                  2000c774    00000010     msp432_launchpad_board.obj (.data:leds)
                  2000c784    0000000c     port.obj (.data)
                  2000c790    00000008     heap_1.obj (.data)
                  2000c798    00000004     rtsv7M4_T_le_v4SPD16_eabi.lib : errno.c.obj (.data)
                  2000c79c    00000004     system_msp432p401r.obj (.data)

.stack     0    2000fe00    00000200     UNINITIALIZED
                  2000fe00    00000004     rtsv7M4_T_le_v4SPD16_eabi.lib : boot_cortex_m.c.obj (.stack)
                  2000fe04    000001fc     --HOLE--

MODULE SUMMARY

       Module                              code    ro data   rw data
       ------                              ----    -------   -------
    .\
       main.obj                            3124    0         74     
       system_msp432p401r.obj              808     0         4      
       msp432_startup_ccs.obj              22      324       0      
    +--+-----------------------------------+-------+---------+---------+
       Total:                              3954    324       78     
                                                                    
    .\lib_PRAC\freertos\cortex-m4\
       port.obj                            648     8         12     
       portasm.obj                         210     0         0      
    +--+-----------------------------------+-------+---------+---------+
       Total:                              858     8         12     
                                                                    
    .\lib_PRAC\freertos\src\
       heap_1.obj                          180     0         49160  
       tasks.obj                           6668    0         300    
       queue.obj                           3236    0         0      
       list.obj                            298     0         0      
    +--+-----------------------------------+-------+---------+---------+
       Total:                              10382   0         49460  
                                                                    
    .\lib_PRAC\graphics\
       string.obj                          1584    0         0      
       circle.obj                          1176    0         0      
       line.obj                            1168    0         0      
       fontfixed6x8.obj                    0       960       0      
       context.obj                         614     0         0      
       display.obj                         308     0         0      
    +--+-----------------------------------+-------+---------+---------+
       Total:                              4850    960       0      
                                                                    
    .\lib_PRAC\msp432\
       flash.obj                           5532    0         64     
       cs.obj                              3452    0         8      
       adc14.obj                           2260    128       0      
       spi.obj                             2212    0         0      
       pcm.obj                             2104    0         0      
       timer_a.obj                         1944    0         0      
       interrupt.obj                       1008    144       228    
       rtc_c.obj                           1288    0         0      
       gpio.obj                            1152    28        48     
       uart.obj                            1052    0         0      
       sysctl.obj                          580     0         0      
       wdt_a.obj                           216     0         0      
       ref_a.obj                           204     0         0      
       fpu.obj                             192     0         0      
       pmap.obj                            104     0         0      
       cpu.obj                             62      0         0      
    +--+-----------------------------------+-------+---------+---------+
       Total:                              23362   300       348    
                                                                    
    .\lib_PRAC\screen\
       st7735.obj                          1656    52        10     
       st7735_msp432.obj                   204     28        0      
    +--+-----------------------------------+-------+---------+---------+
       Total:                              1860    80        10     
                                                                    
    .\lib_PRAC\uoc\
       uart_driver.obj                     428     36        1052   
       msp432_launchpad_board.obj          944     0         56     
       edu_boosterpack_rgb.obj             384     64        72     
       edu_boosterpack_accelerometer.obj   260     0         12     
       circ_buffer.obj                     250     0         0      
       interrupts.obj                      34      0         0      
    +--+-----------------------------------+-------+---------+---------+
       Total:                              2300    100       1192   
                                                                    
    C:\ti\ccs901\ccs\tools\compiler\ti-cgt-arm_18.12.3.LTS\lib\rtsv7M4_T_le_v4SPD16_eabi.lib
       _printfi.c.obj                      4851    0         0      
       s_atan.c.obj                        748     152       0      
       fd_add_t2.asm.obj                   438     0         0      
       fd_div_t2.asm.obj                   310     0         0      
       s_scalbn.c.obj                      272     0         0      
       fd_cmp_t2.asm.obj                   268     0         0      
       ctype.c.obj                         0       257       0      
       fd_mul_t2.asm.obj                   252     0         0      
       memcpy_t2.asm.obj                   156     0         0      
       ull_div_t2.asm.obj                  150     0         0      
       memset_t2.asm.obj                   122     0         0      
       fd_tos_t2.asm.obj                   110     0         0      
       copy_decompress_lzss.c.obj          104     0         0      
       s_frexp.c.obj                       100     0         0      
       sprintf.c.obj                       98      0         0      
       ltoa.c.obj                          84      0         0      
       atoi.c.obj                          76      0         0      
       fd_toi_t2.asm.obj                   72      0         0      
       autoinit.c.obj                      68      0         0      
       fs_tod_t2.asm.obj                   56      0         0      
       boot_cortex_m.c.obj                 52      0         0      
       i_tofd_t2.asm.obj                   46      0         0      
       strncat.c.obj                       46      0         0      
       memccpy.c.obj                       28      0         0      
       s_copysign.c.obj                    26      0         0      
       strchr.c.obj                        22      0         0      
       strlen.c.obj                        20      0         0      
       wcslen.c.obj                        18      0         0      
       copy_decompress_none.c.obj          14      0         0      
       copy_zero_init.c.obj                12      0         0      
       errno.c.obj                         8       0         4      
       exit.c.obj                          4       0         0      
       pre_init.c.obj                      4       0         0      
       div0.asm.obj                        2       0         0      
    +--+-----------------------------------+-------+---------+---------+
       Total:                              8637    409       4      
                                                                    
       Stack:                              0       0         512    
       Linker Generated:                   0       220       0      
    +--+-----------------------------------+-------+---------+---------+
       Grand Total:                        56203   2401      51616  


LINKER GENERATED COPY TABLES

__TI_cinit_table @ 0000e4f0 records: 3, size/record: 8, table size: 24
	.data: load addr=0000e428, load size=000000a8 bytes, run addr=2000c660, run size=00000140 bytes, compression=lzss
	.bss: load addr=0000e4e0, load size=00000008 bytes, run addr=200000e4, run size=0000c57c bytes, compression=zero_init
	.vtable: load addr=0000e4e8, load size=00000008 bytes, run addr=20000000, run size=000000e4 bytes, compression=zero_init


LINKER GENERATED HANDLER TABLE

__TI_handler_table @ 0000e4d0 records: 3, size/record: 4, table size: 12
	index: 0, handler: __TI_zero_init
	index: 1, handler: __TI_decompress_lzss
	index: 2, handler: __TI_decompress_none


GLOBAL SYMBOLS: SORTED ALPHABETICALLY BY Name 

address   name                                           
-------   ----                                           
000069dd  ADC14_clearInterruptFlag                       
00006585  ADC14_configureConversionMemory                
0000642d  ADC14_configureMultiSequenceMode               
000064c3  ADC14_configureSingleSampleMode                
000066bd  ADC14_disableComparatorWindow                  
0000655b  ADC14_disableConversion                        
0000695b  ADC14_disableInterrupt                         
00006301  ADC14_disableModule                            
000068db  ADC14_disableReferenceBurst                    
00006341  ADC14_disableSampleTimer                       
0000662d  ADC14_enableComparatorWindow                   
00006519  ADC14_enableConversion                         
00006933  ADC14_enableInterrupt                          
000062f9  ADC14_enableModule                             
000068c5  ADC14_enableReferenceBurst                     
00006317  ADC14_enableSampleTimer                        
000069a7  ADC14_getEnabledInterruptStatus                
00006983  ADC14_getInterruptStatus                       
000067e5  ADC14_getMultiSequenceResult                   
000063b7  ADC14_getResolution                            
000067cb  ADC14_getResult                                
00006851  ADC14_getResultArray                           
00006357  ADC14_initModule                               
00006567  ADC14_isBusy                                   
00006a09  ADC14_registerInterrupt                        
0000671b  ADC14_setComparatorWindowValue                 
000068f1  ADC14_setPowerMode                             
0000639d  ADC14_setResolution                            
000067a1  ADC14_setResultFormat                          
00006403  ADC14_setSampleHoldTime                        
000063c1  ADC14_setSampleHoldTrigger                     
00006539  ADC14_toggleConversionTrigger                  
00006a1d  ADC14_unregisterInterrupt                      
0000cc23  ADC_IRQHandler                                 
0000dcd9  C$$EXIT                                        
0000db13  CPU_basepriGet                                 
0000db05  CPU_basepriSet                                 
0000dadf  CPU_cpsid                                      
0000daf5  CPU_cpsie                                      
0000daeb  CPU_primask                                    
0000db01  CPU_wfi                                        
00003ded  CS_clearInterruptFlag                          
00003695  CS_disableClockRequest                         
0000377b  CS_disableDCOExternalResistor                  
00003cc1  CS_disableFaultCounter                         
00003dab  CS_disableInterrupt                            
0000366d  CS_enableClockRequest                          
000036dd  CS_enableDCOExternalResistor                   
00003c95  CS_enableFaultCounter                          
00003d89  CS_enableInterrupt                             
00003c2d  CS_getACLK                                     
00003bed  CS_getBCLK                                     
00003875  CS_getDCOFrequency                             
00003dd3  CS_getEnabledInterruptStatus                   
00003c09  CS_getHSMCLK                                   
00003dcd  CS_getInterruptStatus                          
00003c73  CS_getMCLK                                     
00003c51  CS_getSMCLK                                    
0000338d  CS_initClockSignal                             
00003e0f  CS_registerInterrupt                           
00003ced  CS_resetFaultCounter                           
00003799  CS_setDCOCenteredFrequency                     
00003705  CS_setDCOExternalResistorCalibration           
00003a15  CS_setDCOFrequency                             
00003351  CS_setExternalClockSourceFrequency             
000036b7  CS_setReferenceOscillatorFrequency             
00003d39  CS_startFaultCounter                           
00003491  CS_startHFXT                                   
000034b5  CS_startHFXTWithTimeout                        
00003579  CS_startLFXT                                   
0000359d  CS_startLFXTWithTimeout                        
000037d1  CS_tuneDCOFrequency                            
00003e23  CS_unregisterInterrupt                         
000082d9  Crystalfontz128x128_Init                       
000083ed  Crystalfontz128x128_SetDrawFrame               
0000851b  Crystalfontz128x128_SetOrientation             
0000c211  EUSCIA0_IRQHandler                             
000071d3  EUSCI_A_SPI_changeClockPhasePolarity           
00007287  EUSCI_A_SPI_clearInterruptFlag                 
000072b7  EUSCI_A_SPI_disable                            
00007255  EUSCI_A_SPI_disableInterrupt                   
000072a1  EUSCI_A_SPI_enable                             
0000723b  EUSCI_A_SPI_enableInterrupt                    
0000726f  EUSCI_A_SPI_getInterruptStatus                 
000072cd  EUSCI_A_SPI_getReceiveBufferAddressForDMA      
000072db  EUSCI_A_SPI_getTransmitBufferAddressForDMA     
000072e9  EUSCI_A_SPI_isBusy                             
00007153  EUSCI_A_SPI_masterChangeClock                  
0000722b  EUSCI_A_SPI_receiveData                        
00007133  EUSCI_A_SPI_select4PinFunctionality            
00007189  EUSCI_A_SPI_slaveInit                          
00007215  EUSCI_A_SPI_transmitData                       
00007005  EUSCI_B_SPI_changeClockPhasePolarity           
000070b9  EUSCI_B_SPI_clearInterruptFlag                 
000070e9  EUSCI_B_SPI_disable                            
00007087  EUSCI_B_SPI_disableInterrupt                   
000070d3  EUSCI_B_SPI_enable                             
0000706d  EUSCI_B_SPI_enableInterrupt                    
000070a1  EUSCI_B_SPI_getInterruptStatus                 
000070ff  EUSCI_B_SPI_getReceiveBufferAddressForDMA      
0000710d  EUSCI_B_SPI_getTransmitBufferAddressForDMA     
0000711b  EUSCI_B_SPI_isBusy                             
00006f89  EUSCI_B_SPI_masterChangeClock                  
0000705d  EUSCI_B_SPI_receiveData                        
00006f69  EUSCI_B_SPI_select4PinFunctionality            
00006fbb  EUSCI_B_SPI_slaveInit                          
00007047  EUSCI_B_SPI_transmitData                       
0000d1af  FPU_disableModule                              
0000d1db  FPU_disableStacking                            
0000d1cf  FPU_enableLazyStacking                         
0000d19d  FPU_enableModule                               
0000d1bd  FPU_enableStacking                             
0000d21b  FPU_setFlushToZeroMode                         
0000d1e7  FPU_setHalfPrecisionMode                       
0000d201  FPU_setNaNMode                                 
0000d235  FPU_setRoundingMode                            
00002b9b  FlashCtl_clearInterruptFlag                    
00002a5f  FlashCtl_clearProgramVerification              
00002b71  FlashCtl_disableInterrupt                      
000020cd  FlashCtl_disableReadBuffering                  
00002ac9  FlashCtl_disableWordProgramming                
00002b5d  FlashCtl_enableInterrupt                       
00002079  FlashCtl_enableReadBuffering                   
00002a99  FlashCtl_enableWordProgramming                 
000026f9  FlashCtl_eraseSector                           
00002b8b  FlashCtl_getEnabledInterruptStatus             
00002b85  FlashCtl_getInterruptStatus                    
00001cfb  FlashCtl_getMemoryInfo                         
0000255d  FlashCtl_getReadMode                           
00002b2f  FlashCtl_getWaitState                          
00002587  FlashCtl_initiateMassErase                     
0000281d  FlashCtl_initiateSectorErase                   
000021fd  FlashCtl_isSectorProtected                     
00002ad5  FlashCtl_isWordProgrammingEnabled              
000025ad  FlashCtl_performMassErase                      
000028b5  FlashCtl_programMemory                         
0000219d  FlashCtl_protectSector                         
00002baf  FlashCtl_registerInterrupt                     
00002a25  FlashCtl_setProgramVerification                
000024f1  FlashCtl_setReadMode                           
00002af1  FlashCtl_setWaitState                          
0000212d  FlashCtl_unprotectSector                       
00002bc3  FlashCtl_unregisterInterrupt                   
00002289  FlashCtl_verifyMemory                          
0000a0d3  GPIO_clearInterruptFlag                        
0000a093  GPIO_disableInterrupt                          
0000a071  GPIO_enableInterrupt                           
0000a12b  GPIO_getEnabledInterruptStatus                 
0000a043  GPIO_getInputPinValue                          
0000a0b5  GPIO_getInterruptStatus                        
0000a0f5  GPIO_interruptEdgeSelect                       
0000a1eb  GPIO_registerInterrupt                         
00009deb  GPIO_setAsInputPin                             
00009f9f  GPIO_setAsInputPinWithPullDownResistor         
00009ff1  GPIO_setAsInputPinWithPullUpResistor           
00009db1  GPIO_setAsOutputPin                            
00009eb5  GPIO_setAsPeripheralModuleFunctionInputPin     
00009e31  GPIO_setAsPeripheralModuleFunctionOutputPin    
0000a1a7  GPIO_setDriveStrengthHigh                      
0000a1c9  GPIO_setDriveStrengthLow                       
00009f39  GPIO_setOutputHighOnPin                        
00009f5b  GPIO_setOutputLowOnPin                         
00009f7d  GPIO_toggleOutputOnPin                         
0000a20b  GPIO_unregisterInterrupt                       
0000bae5  Graphics_clearDisplay                          
0000c7e7  Graphics_clearDisplayOnDisplay                 
00009489  Graphics_drawCircle                            
0000c739  Graphics_drawHorizontalLineOnDisplay           
00009c3d  Graphics_drawLine                              
00009921  Graphics_drawLineH                             
000099bd  Graphics_drawLineV                             
0000c6f5  Graphics_drawMultiplePixelsOnDisplay           
0000baf7  Graphics_drawPixel                             
0000c6cb  Graphics_drawPixelOnDisplay                    
00008a8b  Graphics_drawString                            
00008f19  Graphics_drawStringCentered                    
0000c76d  Graphics_drawVerticalLineOnDisplay             
000096f7  Graphics_fillCircle                            
0000c7a1  Graphics_fillRectangleOnDisplay                
0000bad7  Graphics_flushBuffer                           
0000c7d5  Graphics_flushOnDisplay                        
0000bab9  Graphics_getDisplayHeight                      
0000baa9  Graphics_getDisplayWidth                       
0000ba57  Graphics_getFontBaseline                       
0000ba8d  Graphics_getFontHeight                         
0000ba9b  Graphics_getFontMaxWidth                       
0000bac9  Graphics_getHeightOfDisplay                    
00008f09  Graphics_getStringBaseline                     
00008f61  Graphics_getStringHeight                       
00008f71  Graphics_getStringMaxWidth                     
00008991  Graphics_getStringWidth                        
0000bb51  Graphics_getWidthOfDisplay                     
0000b8f9  Graphics_initContext                           
0000ba0d  Graphics_setBackgroundColor                    
0000ba27  Graphics_setBackgroundColorTranslated          
0000b943  Graphics_setClipRegion                         
0000ba3d  Graphics_setFont                               
0000ba65  Graphics_setForegroundColor                    
0000ba7b  Graphics_setForegroundColorTranslated          
0000c7bf  Graphics_translateColorOnDisplay               
0000d0d1  HAL_LCD_PortInit                               
0000d101  HAL_LCD_SpiInit                                
0000d137  HAL_LCD_writeCommand                           
0000d16d  HAL_LCD_writeData                              
0000a80f  Interrupt_disableInterrupt                     
0000a65f  Interrupt_disableMaster                        
0000aa0d  Interrupt_disableSleepOnIsrExit                
0000a79d  Interrupt_enableInterrupt                      
0000a64f  Interrupt_enableMaster                         
0000a9fb  Interrupt_enableSleepOnIsrExit                 
0000a777  Interrupt_getPriority                          
0000a6ef  Interrupt_getPriorityGrouping                  
0000a9db  Interrupt_getPriorityMask                      
0000a9f5  Interrupt_getVectorTableAddress                
0000a881  Interrupt_isEnabled                            
0000a90d  Interrupt_pendInterrupt                        
0000a66f  Interrupt_registerInterrupt                    
0000a727  Interrupt_setPriority                          
0000a6d5  Interrupt_setPriorityGrouping                  
0000a9cb  Interrupt_setPriorityMask                      
0000a9e5  Interrupt_setVectorTableAddress                
0000a97d  Interrupt_unpendInterrupt                      
0000a6c1  Interrupt_unregisterInterrupt                  
2000c65a  Lcd_FlagRead                                   
2000c65b  Lcd_FontSolid                                  
2000c65c  Lcd_Orientation                                
2000c65d  Lcd_PenSolid                                   
2000c632  Lcd_ScreenHeigth                               
2000c654  Lcd_ScreenWidth                                
2000c656  Lcd_TouchTrim                                  
00007ae3  PCM_clearInterruptFlag                         
00007ab9  PCM_disableInterrupt                           
00007a91  PCM_disableRudeMode                            
00007aa5  PCM_enableInterrupt                            
00007a7f  PCM_enableRudeMode                             
0000748b  PCM_getCoreVoltageLevel                        
00007ad3  PCM_getEnabledInterruptStatus                  
00007acd  PCM_getInterruptStatus                         
00007431  PCM_getPowerMode                               
00007a73  PCM_getPowerState                              
000079a5  PCM_gotoLPM0                                   
000079c3  PCM_gotoLPM0InterruptSafe                      
000079df  PCM_gotoLPM3                                   
00007a57  PCM_gotoLPM3InterruptSafe                      
00007979  PCM_gotoLPM4                                   
00007989  PCM_gotoLPM4InterruptSafe                      
00007af7  PCM_registerInterrupt                          
000073ff  PCM_setCoreVoltageLevel                        
00007421  PCM_setCoreVoltageLevelNonBlocking             
0000740f  PCM_setCoreVoltageLevelWithTimeout             
00007631  PCM_setPowerMode                               
00007641  PCM_setPowerModeNonBlocking                    
00007651  PCM_setPowerModeWithTimeout                    
00007903  PCM_setPowerState                              
00007925  PCM_setPowerStateNonBlocking                   
00007913  PCM_setPowerStateWithTimeout                   
00007935  PCM_shutdownDevice                             
00007b0b  PCM_unregisterInterrupt                        
0000d7c1  PMAP_configurePorts                            
0000ad83  PORT1_IRQHandler                               
0000d047  REF_A_disableReferenceVoltage                  
0000d037  REF_A_disableReferenceVoltageOutput            
0000d01f  REF_A_disableTempSensor                        
0000d03f  REF_A_enableReferenceVoltage                   
0000d02f  REF_A_enableReferenceVoltageOutput             
0000d027  REF_A_enableTempSensor                         
0000d04f  REF_A_getBandgapMode                           
0000d07d  REF_A_getBufferedBandgapVoltageStatus          
0000d089  REF_A_getVariableReferenceVoltageStatus        
0000d059  REF_A_isBandgapActive                          
0000d071  REF_A_isRefGenActive                           
0000d065  REF_A_isRefGenBusy                             
0000d09d  REF_A_setBufferedBandgapVoltageOneTimeTrigger  
0000d005  REF_A_setReferenceVoltage                      
0000d095  REF_A_setReferenceVoltageOneTimeTrigger        
000093dd  RTC_C_clearInterruptFlag                       
00009227  RTC_C_convertBCDToBinary                       
0000923f  RTC_C_convertBinaryToBCD                       
00009183  RTC_C_definePrescaleEvent                      
000092ad  RTC_C_disableInterrupt                         
00009257  RTC_C_enableInterrupt                          
000090b5  RTC_C_getCalendarTime                          
0000937d  RTC_C_getEnabledInterruptStatus                
00009315  RTC_C_getInterruptStatus                       
000091ab  RTC_C_getPrescaleValue                         
00008f9f  RTC_C_holdClock                                
00009043  RTC_C_initCalendar                             
00009423  RTC_C_registerInterrupt                        
0000911b  RTC_C_setCalendarAlarm                         
00009153  RTC_C_setCalendarEvent                         
00008fed  RTC_C_setCalibrationData                       
00008fbd  RTC_C_setCalibrationFrequency                  
000091d7  RTC_C_setPrescaleValue                         
00009019  RTC_C_setTemperatureCompensation               
00008f81  RTC_C_startClock                               
00009441  RTC_C_unregisterInterrupt                      
00006c27  SPI_changeClockPhasePolarity                   
00006b81  SPI_changeMasterClock                          
00006dd9  SPI_clearInterruptFlag                         
00006d5b  SPI_disableInterrupt                           
00006cb5  SPI_disableModule                              
00006d35  SPI_enableInterrupt                            
00006c99  SPI_enableModule                               
00006da9  SPI_getEnabledInterruptStatus                  
00006d81  SPI_getInterruptStatus                         
00006cd1  SPI_getReceiveBufferAddressForDMA              
00006ced  SPI_getTransmitBufferAddressForDMA             
00006a95  SPI_initMaster                                 
00006ba9  SPI_initSlave                                  
00006d19  SPI_isBusy                                     
00006c7d  SPI_receiveData                                
00006dff  SPI_registerInterrupt                          
00006b5b  SPI_selectFourPinFunctionality                 
00006c57  SPI_transmitData                               
00006ebd  SPI_unregisterInterrupt                        
0000bd53  SysCtl_disableGlitchFilter                     
0000bbe3  SysCtl_disableNMISource                        
0000bceb  SysCtl_disablePeripheralAtCPUHalt              
0000bc2d  SysCtl_disableSRAMBank                         
0000bcb1  SysCtl_disableSRAMBankRetention                
0000bd47  SysCtl_enableGlitchFilter                      
0000bbf7  SysCtl_enableNMISource                         
0000bcd7  SysCtl_enablePeripheralAtCPUHalt               
0000bc11  SysCtl_enableSRAMBank                          
0000bc95  SysCtl_enableSRAMBankRetention                 
0000bbdd  SysCtl_getFlashSize                            
0000bc0b  SysCtl_getNMISourceStatus                      
0000bbd7  SysCtl_getSRAMSize                             
0000bb61  SysCtl_getTLVInfo                              
0000bd5f  SysCtl_getTempCalibrationConstant              
0000bccd  SysCtl_rebootDevice                            
0000bd23  SysCtl_setWDTPasswordViolationResetType        
0000bcff  SysCtl_setWDTTimeoutResetType                  
2000c79c  SystemCoreClock                                
0000aded  SystemCoreClockUpdate                          
0000b061  SystemInit                                     
0000800b  Timer_A_clearCaptureCompareInterrupt           
00007ff5  Timer_A_clearInterruptFlag                     
00007e73  Timer_A_clearTimer                             
00007c9b  Timer_A_configureContinuousMode                
00007d29  Timer_A_configureUpDownMode                    
00007ccb  Timer_A_configureUpMode                        
00008099  Timer_A_disableCaptureCompareInterrupt         
00008047  Timer_A_disableInterrupt                       
0000806d  Timer_A_enableCaptureCompareInterrupt          
00008033  Timer_A_enableInterrupt                        
00007f3f  Timer_A_generatePWM                            
00007ee5  Timer_A_getCaptureCompareCount                 
00008101  Timer_A_getCaptureCompareEnabledInterruptStatus
000080c1  Timer_A_getCaptureCompareInterruptStatus       
00007e27  Timer_A_getCounterValue                        
000080e9  Timer_A_getEnabledInterruptStatus              
0000805b  Timer_A_getInterruptStatus                     
00007eb7  Timer_A_getOutputForOutputModeOutBitValue      
00007e87  Timer_A_getSynchronizedCaptureCompareInput     
00007d87  Timer_A_initCapture                            
00007dd9  Timer_A_initCompare                            
0000813d  Timer_A_registerInterrupt                      
00007fc9  Timer_A_setCompareValue                        
00007f07  Timer_A_setOutputForOutputModeOutBitValue      
00007c85  Timer_A_startCounter                           
00007fb5  Timer_A_stopTimer                              
0000820f  Timer_A_unregisterInterrupt                    
0000a545  UART_clearInterruptFlag                        
0000a49d  UART_disableInterrupt                          
0000a37f  UART_disableModule                             
0000a46d  UART_enableInterrupt                           
0000a369  UART_enableModule                              
0000a4e9  UART_getEnabledInterruptStatus                 
0000a4cd  UART_getInterruptStatus                        
0000a435  UART_getReceiveBufferAddressForDMA             
0000a443  UART_getTransmitBufferAddressForDMA            
0000a231  UART_initModule                                
0000a395  UART_queryStatusFlags                          
0000a343  UART_receiveData                               
0000a565  UART_registerInterrupt                         
0000a3bd  UART_resetDormant                              
0000a451  UART_selectDeglitchTime                        
0000a3a9  UART_setDormant                                
0000a3d1  UART_transmitAddress                           
0000a3ef  UART_transmitBreak                             
0000a319  UART_transmitData                              
0000a5e1  UART_unregisterInterrupt                       
4000480c  WDTCTL_SYM                                     
0000ce99  WDT_A_clearTimer                               
0000ce59  WDT_A_holdTimer                                
0000ced5  WDT_A_initIntervalTimer                        
0000ceb9  WDT_A_initWatchdogTimer                        
0000cf09  WDT_A_registerInterrupt                        
0000cef1  WDT_A_setPasswordViolationReset                
0000cefd  WDT_A_setTimeoutReset                          
0000ce79  WDT_A_startTimer                               
0000cf1d  WDT_A_unregisterInterrupt                      
00002fc7  __FlashCtl_remaskBurstDataPost                 
00002ead  __FlashCtl_remaskBurstDataPre                  
00002cf1  __FlashCtl_remaskData32Post                    
00002dd5  __FlashCtl_remaskData32Pre                     
00002bd3  __FlashCtl_remaskData8Post                     
00002c53  __FlashCtl_remaskData8Pre                      
20010000  __STACK_END                                    
00000200  __STACK_SIZE                                   
0000e4f0  __TI_CINIT_Base                                
0000e508  __TI_CINIT_Limit                               
0000e4d0  __TI_Handler_Table_Base                        
0000e4dc  __TI_Handler_Table_Limit                       
0000da1d  __TI_auto_init_nobinit_nopinit                 
0000d757  __TI_decompress_lzss                           
0000dca7  __TI_decompress_none                           
ffffffff  __TI_pprof_out_hndl                            
00005741  __TI_printfi                                   
ffffffff  __TI_prof_data_size                            
ffffffff  __TI_prof_data_start                           
00000000  __TI_static_base__                             
0000dcb5  __TI_zero_init                                 
0000d4f5  __aeabi_cdcmpeq                                
0000d4f5  __aeabi_cdcmple                                
0000d57b  __aeabi_cdrcmple                               
0000d6e9  __aeabi_d2f                                    
0000d9d5  __aeabi_d2iz                                   
0000bf7f  __aeabi_dadd                                   
0000c595  __aeabi_ddiv                                   
0000cc61  __aeabi_dmul                                   
0000bf75  __aeabi_dsub                                   
0000dccd  __aeabi_errno_addr                             
0000db1d  __aeabi_f2d                                    
0000db89  __aeabi_i2d                                    
0000618f  __aeabi_idiv0                                  
0000618f  __aeabi_ldiv0                                  
0000d601  __aeabi_memclr                                 
0000d601  __aeabi_memclr4                                
0000d601  __aeabi_memclr8                                
0000d3c3  __aeabi_memcpy                                 
0000d3c3  __aeabi_memcpy4                                
0000d3c3  __aeabi_memcpy8                                
0000d603  __aeabi_memset                                 
0000d603  __aeabi_memset4                                
0000d603  __aeabi_memset8                                
0000d45f  __aeabi_uldivmod                               
ffffffff  __binit__                                      
ffffffff  __c_args__                                     
UNDEFED   __mpu_init                                     
2000fe00  __stack                                        
0000db55  _c_int00_noargs                                
0000dfd8  _ctypes_                                       
UNDEFED   _system_post_cinit                             
0000dcd5  _system_pre_init                               
0000dcd9  abort                                          
2000c62c  accel_values                                   
2000c638  adc_callback_func                              
0000b115  atan                                           
0000b115  atanl                                          
0000d989  atoi                                           
ffffffff  binit                                          
0000aa81  board_buttons_clear_callback                   
0000aa5b  board_buttons_set_callback                     
0000aa3d  board_init                                     
0000aa51  board_lock                                     
0000cd5d  circ_buffer_init                               
0000cdf1  circ_buffer_is_empty                           
0000ce11  circ_buffer_is_full                            
0000cdb9  circ_buffer_pop                                
0000cd87  circ_buffer_push                               
2000c658  command                                        
0000dc23  copysign                                       
0000dc23  copysignl                                      
0000ab45  debug_off                                      
0000ab1d  debug_on                                       
0000ab6d  debug_toggle                                   
00000571  eTaskGetState                                  
0000cc1b  edu_boosterpack_accelerometer_clear_callback   
0000cbf1  edu_boosterpack_accelerometer_disable          
0000cb5d  edu_boosterpack_accelerometer_init             
0000cbe5  edu_boosterpack_accelerometer_read             
0000cc0b  edu_boosterpack_accelerometer_set_callback     
0000c2d9  edu_boosterpack_rgb_init                       
0000c2f3  edu_boosterpack_rgb_off                        
0000c2e1  edu_boosterpack_rgb_on                         
0000c305  edu_boosterpack_rgb_pwm                        
0000c31d  edu_boosterpack_rgb_pwm_all                    
2000c798  errno                                          
0000d829  frexp                                          
0000d829  frexpl                                         
20000000  g_pfnRAMVectors                                
0000e340  g_sCrystalfontz128x128                         
0000e0dc  g_sFontFixed6x8                                
000055a1  get_adc_results                                
00000000  interruptVectors                               
0000dbf5  interrupts_disable                             
0000dbe5  interrupts_restore                             
0000ca4d  ldexp                                          
0000ca4d  ldexpl                                         
0000aacd  led_off                                        
0000aaa5  led_on                                         
0000aaf5  led_toggle                                     
0000d8e3  ltoa                                           
00004b0d  main                                           
0000dc07  memccpy                                        
0000d3c3  memcpy                                         
0000d609  memset                                         
00000b45  pcTaskGetName                                  
2000c65e  previous_lcd_x                                 
2000c65f  previous_lcd_y                                 
0000d25d  pvPortMalloc                                   
000015cb  pvTaskIncrementMutexHeldCount                  
2000c6a0  pxCurrentTCB                                   
0000b401  pxPortInitialiseStack                          
2000c624  results_buffer                                 
0000ca4d  scalbn                                         
0000ca4d  scalbnl                                        
0000da61  sprintf                                        
2000c63c  start_timestamp                                
0000dc6b  strchr                                         
0000dc81  strlen                                         
0000dbb7  strncat                                        
2000c608  uart_command                                   
0000c1b1  uart_get_char                                  
0000c12d  uart_init                                      
0000c1cf  uart_print                                     
0000c183  uart_put_char                                  
0000552d  uart_rx_callback                               
000055e1  uart_to_command                                
000048ad  ucQueueGetQueueType                            
0000e420  ulMaxSyscallInterruptPriority                  
0000cf41  ulPortGetIPSR                                  
000015e3  ulTaskNotifyTake                               
0000c8e1  uxListRemove                                   
0000488d  uxQueueGetQueueNumber                          
000047e5  uxQueueMessagesWaiting                         
00004843  uxQueueMessagesWaitingFromISR                  
0000480f  uxQueueSpacesAvailable                         
00000b3b  uxTaskGetNumberOfTasks                         
00000b89  uxTaskGetSystemState                           
000010ff  uxTaskGetTaskNumber                            
0000060d  uxTaskPriorityGet                              
00000639  uxTaskPriorityGetFromISR                       
000015a9  uxTaskResetEventItemValue                      
0000c7ff  vListInitialise                                
0000c82f  vListInitialiseItem                            
0000c87b  vListInsert                                    
0000c83f  vListInsertEnd                                 
0000cff5  vPortEnableVFP                                 
0000b521  vPortEndScheduler                              
0000b545  vPortEnterCritical                             
0000b587  vPortExitCritical                              
0000d2cd  vPortFree                                      
0000d2f1  vPortInitialiseBlocks                          
0000cfb9  vPortSVCHandler                                
0000b5d9  vPortSetupTimerInterrupt                       
0000cfd9  vPortStartFirstTask                            
0000b5f3  vPortValidateInterruptPriority                 
00004869  vQueueDelete                                   
0000489b  vQueueSetQueueNumber                           
00000509  vTaskDelay                                     
00000427  vTaskDelayUntil                                
0000035d  vTaskDelete                                    
000009e1  vTaskEndScheduler                              
00001211  vTaskGetInfo                                   
000010f7  vTaskMissedYield                               
0000196b  vTaskNotifyGiveFromISR                         
00000e2f  vTaskPlaceOnEventList                          
00000e69  vTaskPlaceOnUnorderedEventList                 
00001415  vTaskPriorityInherit                           
00000681  vTaskPrioritySet                               
000008e1  vTaskResume                                    
0000111f  vTaskSetTaskNumber                             
00001021  vTaskSetTimeOutState                           
00000975  vTaskStartScheduler                            
000007b5  vTaskSuspend                                   
000009fd  vTaskSuspendAll                                
00000da9  vTaskSwitchContext                             
0000dc95  wcslen                                         
2000c640  xADCReadingAvailableSemaphore                  
0000d2f9  xPortGetFreeHeapSize                           
0000cf59  xPortPendSVHandler                             
0000b48d  xPortStartScheduler                            
0000b5b3  xPortSysTickHandler                            
2000c644  xQueueADC2Process                              
000040c7  xQueueCreateCountingSemaphore                  
00003fef  xQueueCreateMutex                              
00003f1b  xQueueGenericCreate                            
000044a7  xQueueGenericReceive                           
00003e69  xQueueGenericReset                             
00004125  xQueueGenericSend                              
000042b1  xQueueGenericSendFromISR                       
000043b9  xQueueGiveFromISR                              
0000401b  xQueueGiveMutexRecursive                       
00004a81  xQueueIsQueueEmptyFromISR                      
00004ad7  xQueueIsQueueFullFromISR                       
00004739  xQueuePeekFromISR                              
2000c648  xQueueProcess2LCD                              
0000465d  xQueueReceiveFromISR                           
0000406b  xQueueTakeMutexRecursive                       
2000c64c  xRunADCTaskSemaphore                           
2000c650  xRunUARTReadingTaskSemaphore                   
00001055  xTaskCheckForTimeOut                           
00000145  xTaskCreate                                    
00001711  xTaskGenericNotify                             
0000182d  xTaskGenericNotifyFromISR                      
000013e1  xTaskGetCurrentTaskHandle                      
00000b17  xTaskGetTickCount                              
00000b27  xTaskGetTickCountFromISR                       
00000c75  xTaskIncrementTick                             
00001a55  xTaskNotifyStateClear                          
00001661  xTaskNotifyWait                                
000014d5  xTaskPriorityDisinherit                        
00000ed1  xTaskRemoveFromEventList                       
00000f6d  xTaskRemoveFromUnorderedEventList              
00000a15  xTaskResumeAll                                 


GLOBAL SYMBOLS: SORTED BY Symbol Address 

address   name                                           
-------   ----                                           
00000000  __TI_static_base__                             
00000000  interruptVectors                               
00000145  xTaskCreate                                    
00000200  __STACK_SIZE                                   
0000035d  vTaskDelete                                    
00000427  vTaskDelayUntil                                
00000509  vTaskDelay                                     
00000571  eTaskGetState                                  
0000060d  uxTaskPriorityGet                              
00000639  uxTaskPriorityGetFromISR                       
00000681  vTaskPrioritySet                               
000007b5  vTaskSuspend                                   
000008e1  vTaskResume                                    
00000975  vTaskStartScheduler                            
000009e1  vTaskEndScheduler                              
000009fd  vTaskSuspendAll                                
00000a15  xTaskResumeAll                                 
00000b17  xTaskGetTickCount                              
00000b27  xTaskGetTickCountFromISR                       
00000b3b  uxTaskGetNumberOfTasks                         
00000b45  pcTaskGetName                                  
00000b89  uxTaskGetSystemState                           
00000c75  xTaskIncrementTick                             
00000da9  vTaskSwitchContext                             
00000e2f  vTaskPlaceOnEventList                          
00000e69  vTaskPlaceOnUnorderedEventList                 
00000ed1  xTaskRemoveFromEventList                       
00000f6d  xTaskRemoveFromUnorderedEventList              
00001021  vTaskSetTimeOutState                           
00001055  xTaskCheckForTimeOut                           
000010f7  vTaskMissedYield                               
000010ff  uxTaskGetTaskNumber                            
0000111f  vTaskSetTaskNumber                             
00001211  vTaskGetInfo                                   
000013e1  xTaskGetCurrentTaskHandle                      
00001415  vTaskPriorityInherit                           
000014d5  xTaskPriorityDisinherit                        
000015a9  uxTaskResetEventItemValue                      
000015cb  pvTaskIncrementMutexHeldCount                  
000015e3  ulTaskNotifyTake                               
00001661  xTaskNotifyWait                                
00001711  xTaskGenericNotify                             
0000182d  xTaskGenericNotifyFromISR                      
0000196b  vTaskNotifyGiveFromISR                         
00001a55  xTaskNotifyStateClear                          
00001cfb  FlashCtl_getMemoryInfo                         
00002079  FlashCtl_enableReadBuffering                   
000020cd  FlashCtl_disableReadBuffering                  
0000212d  FlashCtl_unprotectSector                       
0000219d  FlashCtl_protectSector                         
000021fd  FlashCtl_isSectorProtected                     
00002289  FlashCtl_verifyMemory                          
000024f1  FlashCtl_setReadMode                           
0000255d  FlashCtl_getReadMode                           
00002587  FlashCtl_initiateMassErase                     
000025ad  FlashCtl_performMassErase                      
000026f9  FlashCtl_eraseSector                           
0000281d  FlashCtl_initiateSectorErase                   
000028b5  FlashCtl_programMemory                         
00002a25  FlashCtl_setProgramVerification                
00002a5f  FlashCtl_clearProgramVerification              
00002a99  FlashCtl_enableWordProgramming                 
00002ac9  FlashCtl_disableWordProgramming                
00002ad5  FlashCtl_isWordProgrammingEnabled              
00002af1  FlashCtl_setWaitState                          
00002b2f  FlashCtl_getWaitState                          
00002b5d  FlashCtl_enableInterrupt                       
00002b71  FlashCtl_disableInterrupt                      
00002b85  FlashCtl_getInterruptStatus                    
00002b8b  FlashCtl_getEnabledInterruptStatus             
00002b9b  FlashCtl_clearInterruptFlag                    
00002baf  FlashCtl_registerInterrupt                     
00002bc3  FlashCtl_unregisterInterrupt                   
00002bd3  __FlashCtl_remaskData8Post                     
00002c53  __FlashCtl_remaskData8Pre                      
00002cf1  __FlashCtl_remaskData32Post                    
00002dd5  __FlashCtl_remaskData32Pre                     
00002ead  __FlashCtl_remaskBurstDataPre                  
00002fc7  __FlashCtl_remaskBurstDataPost                 
00003351  CS_setExternalClockSourceFrequency             
0000338d  CS_initClockSignal                             
00003491  CS_startHFXT                                   
000034b5  CS_startHFXTWithTimeout                        
00003579  CS_startLFXT                                   
0000359d  CS_startLFXTWithTimeout                        
0000366d  CS_enableClockRequest                          
00003695  CS_disableClockRequest                         
000036b7  CS_setReferenceOscillatorFrequency             
000036dd  CS_enableDCOExternalResistor                   
00003705  CS_setDCOExternalResistorCalibration           
0000377b  CS_disableDCOExternalResistor                  
00003799  CS_setDCOCenteredFrequency                     
000037d1  CS_tuneDCOFrequency                            
00003875  CS_getDCOFrequency                             
00003a15  CS_setDCOFrequency                             
00003bed  CS_getBCLK                                     
00003c09  CS_getHSMCLK                                   
00003c2d  CS_getACLK                                     
00003c51  CS_getSMCLK                                    
00003c73  CS_getMCLK                                     
00003c95  CS_enableFaultCounter                          
00003cc1  CS_disableFaultCounter                         
00003ced  CS_resetFaultCounter                           
00003d39  CS_startFaultCounter                           
00003d89  CS_enableInterrupt                             
00003dab  CS_disableInterrupt                            
00003dcd  CS_getInterruptStatus                          
00003dd3  CS_getEnabledInterruptStatus                   
00003ded  CS_clearInterruptFlag                          
00003e0f  CS_registerInterrupt                           
00003e23  CS_unregisterInterrupt                         
00003e69  xQueueGenericReset                             
00003f1b  xQueueGenericCreate                            
00003fef  xQueueCreateMutex                              
0000401b  xQueueGiveMutexRecursive                       
0000406b  xQueueTakeMutexRecursive                       
000040c7  xQueueCreateCountingSemaphore                  
00004125  xQueueGenericSend                              
000042b1  xQueueGenericSendFromISR                       
000043b9  xQueueGiveFromISR                              
000044a7  xQueueGenericReceive                           
0000465d  xQueueReceiveFromISR                           
00004739  xQueuePeekFromISR                              
000047e5  uxQueueMessagesWaiting                         
0000480f  uxQueueSpacesAvailable                         
00004843  uxQueueMessagesWaitingFromISR                  
00004869  vQueueDelete                                   
0000488d  uxQueueGetQueueNumber                          
0000489b  vQueueSetQueueNumber                           
000048ad  ucQueueGetQueueType                            
00004a81  xQueueIsQueueEmptyFromISR                      
00004ad7  xQueueIsQueueFullFromISR                       
00004b0d  main                                           
0000552d  uart_rx_callback                               
000055a1  get_adc_results                                
000055e1  uart_to_command                                
00005741  __TI_printfi                                   
0000618f  __aeabi_idiv0                                  
0000618f  __aeabi_ldiv0                                  
000062f9  ADC14_enableModule                             
00006301  ADC14_disableModule                            
00006317  ADC14_enableSampleTimer                        
00006341  ADC14_disableSampleTimer                       
00006357  ADC14_initModule                               
0000639d  ADC14_setResolution                            
000063b7  ADC14_getResolution                            
000063c1  ADC14_setSampleHoldTrigger                     
00006403  ADC14_setSampleHoldTime                        
0000642d  ADC14_configureMultiSequenceMode               
000064c3  ADC14_configureSingleSampleMode                
00006519  ADC14_enableConversion                         
00006539  ADC14_toggleConversionTrigger                  
0000655b  ADC14_disableConversion                        
00006567  ADC14_isBusy                                   
00006585  ADC14_configureConversionMemory                
0000662d  ADC14_enableComparatorWindow                   
000066bd  ADC14_disableComparatorWindow                  
0000671b  ADC14_setComparatorWindowValue                 
000067a1  ADC14_setResultFormat                          
000067cb  ADC14_getResult                                
000067e5  ADC14_getMultiSequenceResult                   
00006851  ADC14_getResultArray                           
000068c5  ADC14_enableReferenceBurst                     
000068db  ADC14_disableReferenceBurst                    
000068f1  ADC14_setPowerMode                             
00006933  ADC14_enableInterrupt                          
0000695b  ADC14_disableInterrupt                         
00006983  ADC14_getInterruptStatus                       
000069a7  ADC14_getEnabledInterruptStatus                
000069dd  ADC14_clearInterruptFlag                       
00006a09  ADC14_registerInterrupt                        
00006a1d  ADC14_unregisterInterrupt                      
00006a95  SPI_initMaster                                 
00006b5b  SPI_selectFourPinFunctionality                 
00006b81  SPI_changeMasterClock                          
00006ba9  SPI_initSlave                                  
00006c27  SPI_changeClockPhasePolarity                   
00006c57  SPI_transmitData                               
00006c7d  SPI_receiveData                                
00006c99  SPI_enableModule                               
00006cb5  SPI_disableModule                              
00006cd1  SPI_getReceiveBufferAddressForDMA              
00006ced  SPI_getTransmitBufferAddressForDMA             
00006d19  SPI_isBusy                                     
00006d35  SPI_enableInterrupt                            
00006d5b  SPI_disableInterrupt                           
00006d81  SPI_getInterruptStatus                         
00006da9  SPI_getEnabledInterruptStatus                  
00006dd9  SPI_clearInterruptFlag                         
00006dff  SPI_registerInterrupt                          
00006ebd  SPI_unregisterInterrupt                        
00006f69  EUSCI_B_SPI_select4PinFunctionality            
00006f89  EUSCI_B_SPI_masterChangeClock                  
00006fbb  EUSCI_B_SPI_slaveInit                          
00007005  EUSCI_B_SPI_changeClockPhasePolarity           
00007047  EUSCI_B_SPI_transmitData                       
0000705d  EUSCI_B_SPI_receiveData                        
0000706d  EUSCI_B_SPI_enableInterrupt                    
00007087  EUSCI_B_SPI_disableInterrupt                   
000070a1  EUSCI_B_SPI_getInterruptStatus                 
000070b9  EUSCI_B_SPI_clearInterruptFlag                 
000070d3  EUSCI_B_SPI_enable                             
000070e9  EUSCI_B_SPI_disable                            
000070ff  EUSCI_B_SPI_getReceiveBufferAddressForDMA      
0000710d  EUSCI_B_SPI_getTransmitBufferAddressForDMA     
0000711b  EUSCI_B_SPI_isBusy                             
00007133  EUSCI_A_SPI_select4PinFunctionality            
00007153  EUSCI_A_SPI_masterChangeClock                  
00007189  EUSCI_A_SPI_slaveInit                          
000071d3  EUSCI_A_SPI_changeClockPhasePolarity           
00007215  EUSCI_A_SPI_transmitData                       
0000722b  EUSCI_A_SPI_receiveData                        
0000723b  EUSCI_A_SPI_enableInterrupt                    
00007255  EUSCI_A_SPI_disableInterrupt                   
0000726f  EUSCI_A_SPI_getInterruptStatus                 
00007287  EUSCI_A_SPI_clearInterruptFlag                 
000072a1  EUSCI_A_SPI_enable                             
000072b7  EUSCI_A_SPI_disable                            
000072cd  EUSCI_A_SPI_getReceiveBufferAddressForDMA      
000072db  EUSCI_A_SPI_getTransmitBufferAddressForDMA     
000072e9  EUSCI_A_SPI_isBusy                             
000073ff  PCM_setCoreVoltageLevel                        
0000740f  PCM_setCoreVoltageLevelWithTimeout             
00007421  PCM_setCoreVoltageLevelNonBlocking             
00007431  PCM_getPowerMode                               
0000748b  PCM_getCoreVoltageLevel                        
00007631  PCM_setPowerMode                               
00007641  PCM_setPowerModeNonBlocking                    
00007651  PCM_setPowerModeWithTimeout                    
00007903  PCM_setPowerState                              
00007913  PCM_setPowerStateWithTimeout                   
00007925  PCM_setPowerStateNonBlocking                   
00007935  PCM_shutdownDevice                             
00007979  PCM_gotoLPM4                                   
00007989  PCM_gotoLPM4InterruptSafe                      
000079a5  PCM_gotoLPM0                                   
000079c3  PCM_gotoLPM0InterruptSafe                      
000079df  PCM_gotoLPM3                                   
00007a57  PCM_gotoLPM3InterruptSafe                      
00007a73  PCM_getPowerState                              
00007a7f  PCM_enableRudeMode                             
00007a91  PCM_disableRudeMode                            
00007aa5  PCM_enableInterrupt                            
00007ab9  PCM_disableInterrupt                           
00007acd  PCM_getInterruptStatus                         
00007ad3  PCM_getEnabledInterruptStatus                  
00007ae3  PCM_clearInterruptFlag                         
00007af7  PCM_registerInterrupt                          
00007b0b  PCM_unregisterInterrupt                        
00007c85  Timer_A_startCounter                           
00007c9b  Timer_A_configureContinuousMode                
00007ccb  Timer_A_configureUpMode                        
00007d29  Timer_A_configureUpDownMode                    
00007d87  Timer_A_initCapture                            
00007dd9  Timer_A_initCompare                            
00007e27  Timer_A_getCounterValue                        
00007e73  Timer_A_clearTimer                             
00007e87  Timer_A_getSynchronizedCaptureCompareInput     
00007eb7  Timer_A_getOutputForOutputModeOutBitValue      
00007ee5  Timer_A_getCaptureCompareCount                 
00007f07  Timer_A_setOutputForOutputModeOutBitValue      
00007f3f  Timer_A_generatePWM                            
00007fb5  Timer_A_stopTimer                              
00007fc9  Timer_A_setCompareValue                        
00007ff5  Timer_A_clearInterruptFlag                     
0000800b  Timer_A_clearCaptureCompareInterrupt           
00008033  Timer_A_enableInterrupt                        
00008047  Timer_A_disableInterrupt                       
0000805b  Timer_A_getInterruptStatus                     
0000806d  Timer_A_enableCaptureCompareInterrupt          
00008099  Timer_A_disableCaptureCompareInterrupt         
000080c1  Timer_A_getCaptureCompareInterruptStatus       
000080e9  Timer_A_getEnabledInterruptStatus              
00008101  Timer_A_getCaptureCompareEnabledInterruptStatus
0000813d  Timer_A_registerInterrupt                      
0000820f  Timer_A_unregisterInterrupt                    
000082d9  Crystalfontz128x128_Init                       
000083ed  Crystalfontz128x128_SetDrawFrame               
0000851b  Crystalfontz128x128_SetOrientation             
00008991  Graphics_getStringWidth                        
00008a8b  Graphics_drawString                            
00008f09  Graphics_getStringBaseline                     
00008f19  Graphics_drawStringCentered                    
00008f61  Graphics_getStringHeight                       
00008f71  Graphics_getStringMaxWidth                     
00008f81  RTC_C_startClock                               
00008f9f  RTC_C_holdClock                                
00008fbd  RTC_C_setCalibrationFrequency                  
00008fed  RTC_C_setCalibrationData                       
00009019  RTC_C_setTemperatureCompensation               
00009043  RTC_C_initCalendar                             
000090b5  RTC_C_getCalendarTime                          
0000911b  RTC_C_setCalendarAlarm                         
00009153  RTC_C_setCalendarEvent                         
00009183  RTC_C_definePrescaleEvent                      
000091ab  RTC_C_getPrescaleValue                         
000091d7  RTC_C_setPrescaleValue                         
00009227  RTC_C_convertBCDToBinary                       
0000923f  RTC_C_convertBinaryToBCD                       
00009257  RTC_C_enableInterrupt                          
000092ad  RTC_C_disableInterrupt                         
00009315  RTC_C_getInterruptStatus                       
0000937d  RTC_C_getEnabledInterruptStatus                
000093dd  RTC_C_clearInterruptFlag                       
00009423  RTC_C_registerInterrupt                        
00009441  RTC_C_unregisterInterrupt                      
00009489  Graphics_drawCircle                            
000096f7  Graphics_fillCircle                            
00009921  Graphics_drawLineH                             
000099bd  Graphics_drawLineV                             
00009c3d  Graphics_drawLine                              
00009db1  GPIO_setAsOutputPin                            
00009deb  GPIO_setAsInputPin                             
00009e31  GPIO_setAsPeripheralModuleFunctionOutputPin    
00009eb5  GPIO_setAsPeripheralModuleFunctionInputPin     
00009f39  GPIO_setOutputHighOnPin                        
00009f5b  GPIO_setOutputLowOnPin                         
00009f7d  GPIO_toggleOutputOnPin                         
00009f9f  GPIO_setAsInputPinWithPullDownResistor         
00009ff1  GPIO_setAsInputPinWithPullUpResistor           
0000a043  GPIO_getInputPinValue                          
0000a071  GPIO_enableInterrupt                           
0000a093  GPIO_disableInterrupt                          
0000a0b5  GPIO_getInterruptStatus                        
0000a0d3  GPIO_clearInterruptFlag                        
0000a0f5  GPIO_interruptEdgeSelect                       
0000a12b  GPIO_getEnabledInterruptStatus                 
0000a1a7  GPIO_setDriveStrengthHigh                      
0000a1c9  GPIO_setDriveStrengthLow                       
0000a1eb  GPIO_registerInterrupt                         
0000a20b  GPIO_unregisterInterrupt                       
0000a231  UART_initModule                                
0000a319  UART_transmitData                              
0000a343  UART_receiveData                               
0000a369  UART_enableModule                              
0000a37f  UART_disableModule                             
0000a395  UART_queryStatusFlags                          
0000a3a9  UART_setDormant                                
0000a3bd  UART_resetDormant                              
0000a3d1  UART_transmitAddress                           
0000a3ef  UART_transmitBreak                             
0000a435  UART_getReceiveBufferAddressForDMA             
0000a443  UART_getTransmitBufferAddressForDMA            
0000a451  UART_selectDeglitchTime                        
0000a46d  UART_enableInterrupt                           
0000a49d  UART_disableInterrupt                          
0000a4cd  UART_getInterruptStatus                        
0000a4e9  UART_getEnabledInterruptStatus                 
0000a545  UART_clearInterruptFlag                        
0000a565  UART_registerInterrupt                         
0000a5e1  UART_unregisterInterrupt                       
0000a64f  Interrupt_enableMaster                         
0000a65f  Interrupt_disableMaster                        
0000a66f  Interrupt_registerInterrupt                    
0000a6c1  Interrupt_unregisterInterrupt                  
0000a6d5  Interrupt_setPriorityGrouping                  
0000a6ef  Interrupt_getPriorityGrouping                  
0000a727  Interrupt_setPriority                          
0000a777  Interrupt_getPriority                          
0000a79d  Interrupt_enableInterrupt                      
0000a80f  Interrupt_disableInterrupt                     
0000a881  Interrupt_isEnabled                            
0000a90d  Interrupt_pendInterrupt                        
0000a97d  Interrupt_unpendInterrupt                      
0000a9cb  Interrupt_setPriorityMask                      
0000a9db  Interrupt_getPriorityMask                      
0000a9e5  Interrupt_setVectorTableAddress                
0000a9f5  Interrupt_getVectorTableAddress                
0000a9fb  Interrupt_enableSleepOnIsrExit                 
0000aa0d  Interrupt_disableSleepOnIsrExit                
0000aa3d  board_init                                     
0000aa51  board_lock                                     
0000aa5b  board_buttons_set_callback                     
0000aa81  board_buttons_clear_callback                   
0000aaa5  led_on                                         
0000aacd  led_off                                        
0000aaf5  led_toggle                                     
0000ab1d  debug_on                                       
0000ab45  debug_off                                      
0000ab6d  debug_toggle                                   
0000ad83  PORT1_IRQHandler                               
0000aded  SystemCoreClockUpdate                          
0000b061  SystemInit                                     
0000b115  atan                                           
0000b115  atanl                                          
0000b401  pxPortInitialiseStack                          
0000b48d  xPortStartScheduler                            
0000b521  vPortEndScheduler                              
0000b545  vPortEnterCritical                             
0000b587  vPortExitCritical                              
0000b5b3  xPortSysTickHandler                            
0000b5d9  vPortSetupTimerInterrupt                       
0000b5f3  vPortValidateInterruptPriority                 
0000b8f9  Graphics_initContext                           
0000b943  Graphics_setClipRegion                         
0000ba0d  Graphics_setBackgroundColor                    
0000ba27  Graphics_setBackgroundColorTranslated          
0000ba3d  Graphics_setFont                               
0000ba57  Graphics_getFontBaseline                       
0000ba65  Graphics_setForegroundColor                    
0000ba7b  Graphics_setForegroundColorTranslated          
0000ba8d  Graphics_getFontHeight                         
0000ba9b  Graphics_getFontMaxWidth                       
0000baa9  Graphics_getDisplayWidth                       
0000bab9  Graphics_getDisplayHeight                      
0000bac9  Graphics_getHeightOfDisplay                    
0000bad7  Graphics_flushBuffer                           
0000bae5  Graphics_clearDisplay                          
0000baf7  Graphics_drawPixel                             
0000bb51  Graphics_getWidthOfDisplay                     
0000bb61  SysCtl_getTLVInfo                              
0000bbd7  SysCtl_getSRAMSize                             
0000bbdd  SysCtl_getFlashSize                            
0000bbe3  SysCtl_disableNMISource                        
0000bbf7  SysCtl_enableNMISource                         
0000bc0b  SysCtl_getNMISourceStatus                      
0000bc11  SysCtl_enableSRAMBank                          
0000bc2d  SysCtl_disableSRAMBank                         
0000bc95  SysCtl_enableSRAMBankRetention                 
0000bcb1  SysCtl_disableSRAMBankRetention                
0000bccd  SysCtl_rebootDevice                            
0000bcd7  SysCtl_enablePeripheralAtCPUHalt               
0000bceb  SysCtl_disablePeripheralAtCPUHalt              
0000bcff  SysCtl_setWDTTimeoutResetType                  
0000bd23  SysCtl_setWDTPasswordViolationResetType        
0000bd47  SysCtl_enableGlitchFilter                      
0000bd53  SysCtl_disableGlitchFilter                     
0000bd5f  SysCtl_getTempCalibrationConstant              
0000bf75  __aeabi_dsub                                   
0000bf7f  __aeabi_dadd                                   
0000c12d  uart_init                                      
0000c183  uart_put_char                                  
0000c1b1  uart_get_char                                  
0000c1cf  uart_print                                     
0000c211  EUSCIA0_IRQHandler                             
0000c2d9  edu_boosterpack_rgb_init                       
0000c2e1  edu_boosterpack_rgb_on                         
0000c2f3  edu_boosterpack_rgb_off                        
0000c305  edu_boosterpack_rgb_pwm                        
0000c31d  edu_boosterpack_rgb_pwm_all                    
0000c595  __aeabi_ddiv                                   
0000c6cb  Graphics_drawPixelOnDisplay                    
0000c6f5  Graphics_drawMultiplePixelsOnDisplay           
0000c739  Graphics_drawHorizontalLineOnDisplay           
0000c76d  Graphics_drawVerticalLineOnDisplay             
0000c7a1  Graphics_fillRectangleOnDisplay                
0000c7bf  Graphics_translateColorOnDisplay               
0000c7d5  Graphics_flushOnDisplay                        
0000c7e7  Graphics_clearDisplayOnDisplay                 
0000c7ff  vListInitialise                                
0000c82f  vListInitialiseItem                            
0000c83f  vListInsertEnd                                 
0000c87b  vListInsert                                    
0000c8e1  uxListRemove                                   
0000ca4d  ldexp                                          
0000ca4d  ldexpl                                         
0000ca4d  scalbn                                         
0000ca4d  scalbnl                                        
0000cb5d  edu_boosterpack_accelerometer_init             
0000cbe5  edu_boosterpack_accelerometer_read             
0000cbf1  edu_boosterpack_accelerometer_disable          
0000cc0b  edu_boosterpack_accelerometer_set_callback     
0000cc1b  edu_boosterpack_accelerometer_clear_callback   
0000cc23  ADC_IRQHandler                                 
0000cc61  __aeabi_dmul                                   
0000cd5d  circ_buffer_init                               
0000cd87  circ_buffer_push                               
0000cdb9  circ_buffer_pop                                
0000cdf1  circ_buffer_is_empty                           
0000ce11  circ_buffer_is_full                            
0000ce59  WDT_A_holdTimer                                
0000ce79  WDT_A_startTimer                               
0000ce99  WDT_A_clearTimer                               
0000ceb9  WDT_A_initWatchdogTimer                        
0000ced5  WDT_A_initIntervalTimer                        
0000cef1  WDT_A_setPasswordViolationReset                
0000cefd  WDT_A_setTimeoutReset                          
0000cf09  WDT_A_registerInterrupt                        
0000cf1d  WDT_A_unregisterInterrupt                      
0000cf41  ulPortGetIPSR                                  
0000cf59  xPortPendSVHandler                             
0000cfb9  vPortSVCHandler                                
0000cfd9  vPortStartFirstTask                            
0000cff5  vPortEnableVFP                                 
0000d005  REF_A_setReferenceVoltage                      
0000d01f  REF_A_disableTempSensor                        
0000d027  REF_A_enableTempSensor                         
0000d02f  REF_A_enableReferenceVoltageOutput             
0000d037  REF_A_disableReferenceVoltageOutput            
0000d03f  REF_A_enableReferenceVoltage                   
0000d047  REF_A_disableReferenceVoltage                  
0000d04f  REF_A_getBandgapMode                           
0000d059  REF_A_isBandgapActive                          
0000d065  REF_A_isRefGenBusy                             
0000d071  REF_A_isRefGenActive                           
0000d07d  REF_A_getBufferedBandgapVoltageStatus          
0000d089  REF_A_getVariableReferenceVoltageStatus        
0000d095  REF_A_setReferenceVoltageOneTimeTrigger        
0000d09d  REF_A_setBufferedBandgapVoltageOneTimeTrigger  
0000d0d1  HAL_LCD_PortInit                               
0000d101  HAL_LCD_SpiInit                                
0000d137  HAL_LCD_writeCommand                           
0000d16d  HAL_LCD_writeData                              
0000d19d  FPU_enableModule                               
0000d1af  FPU_disableModule                              
0000d1bd  FPU_enableStacking                             
0000d1cf  FPU_enableLazyStacking                         
0000d1db  FPU_disableStacking                            
0000d1e7  FPU_setHalfPrecisionMode                       
0000d201  FPU_setNaNMode                                 
0000d21b  FPU_setFlushToZeroMode                         
0000d235  FPU_setRoundingMode                            
0000d25d  pvPortMalloc                                   
0000d2cd  vPortFree                                      
0000d2f1  vPortInitialiseBlocks                          
0000d2f9  xPortGetFreeHeapSize                           
0000d3c3  __aeabi_memcpy                                 
0000d3c3  __aeabi_memcpy4                                
0000d3c3  __aeabi_memcpy8                                
0000d3c3  memcpy                                         
0000d45f  __aeabi_uldivmod                               
0000d4f5  __aeabi_cdcmpeq                                
0000d4f5  __aeabi_cdcmple                                
0000d57b  __aeabi_cdrcmple                               
0000d601  __aeabi_memclr                                 
0000d601  __aeabi_memclr4                                
0000d601  __aeabi_memclr8                                
0000d603  __aeabi_memset                                 
0000d603  __aeabi_memset4                                
0000d603  __aeabi_memset8                                
0000d609  memset                                         
0000d6e9  __aeabi_d2f                                    
0000d757  __TI_decompress_lzss                           
0000d7c1  PMAP_configurePorts                            
0000d829  frexp                                          
0000d829  frexpl                                         
0000d8e3  ltoa                                           
0000d989  atoi                                           
0000d9d5  __aeabi_d2iz                                   
0000da1d  __TI_auto_init_nobinit_nopinit                 
0000da61  sprintf                                        
0000dadf  CPU_cpsid                                      
0000daeb  CPU_primask                                    
0000daf5  CPU_cpsie                                      
0000db01  CPU_wfi                                        
0000db05  CPU_basepriSet                                 
0000db13  CPU_basepriGet                                 
0000db1d  __aeabi_f2d                                    
0000db55  _c_int00_noargs                                
0000db89  __aeabi_i2d                                    
0000dbb7  strncat                                        
0000dbe5  interrupts_restore                             
0000dbf5  interrupts_disable                             
0000dc07  memccpy                                        
0000dc23  copysign                                       
0000dc23  copysignl                                      
0000dc6b  strchr                                         
0000dc81  strlen                                         
0000dc95  wcslen                                         
0000dca7  __TI_decompress_none                           
0000dcb5  __TI_zero_init                                 
0000dccd  __aeabi_errno_addr                             
0000dcd5  _system_pre_init                               
0000dcd9  C$$EXIT                                        
0000dcd9  abort                                          
0000dfd8  _ctypes_                                       
0000e0dc  g_sFontFixed6x8                                
0000e340  g_sCrystalfontz128x128                         
0000e420  ulMaxSyscallInterruptPriority                  
0000e4d0  __TI_Handler_Table_Base                        
0000e4dc  __TI_Handler_Table_Limit                       
0000e4f0  __TI_CINIT_Base                                
0000e508  __TI_CINIT_Limit                               
20000000  g_pfnRAMVectors                                
2000c608  uart_command                                   
2000c624  results_buffer                                 
2000c62c  accel_values                                   
2000c632  Lcd_ScreenHeigth                               
2000c638  adc_callback_func                              
2000c63c  start_timestamp                                
2000c640  xADCReadingAvailableSemaphore                  
2000c644  xQueueADC2Process                              
2000c648  xQueueProcess2LCD                              
2000c64c  xRunADCTaskSemaphore                           
2000c650  xRunUARTReadingTaskSemaphore                   
2000c654  Lcd_ScreenWidth                                
2000c656  Lcd_TouchTrim                                  
2000c658  command                                        
2000c65a  Lcd_FlagRead                                   
2000c65b  Lcd_FontSolid                                  
2000c65c  Lcd_Orientation                                
2000c65d  Lcd_PenSolid                                   
2000c65e  previous_lcd_x                                 
2000c65f  previous_lcd_y                                 
2000c6a0  pxCurrentTCB                                   
2000c798  errno                                          
2000c79c  SystemCoreClock                                
2000fe00  __stack                                        
20010000  __STACK_END                                    
4000480c  WDTCTL_SYM                                     
ffffffff  __TI_pprof_out_hndl                            
ffffffff  __TI_prof_data_size                            
ffffffff  __TI_prof_data_start                           
ffffffff  __binit__                                      
ffffffff  __c_args__                                     
ffffffff  binit                                          
UNDEFED   __mpu_init                                     
UNDEFED   _system_post_cinit                             

[608 symbols]
