******************************************************************************
                  TI ARM Linker PC v18.12.3                    
******************************************************************************
>> Linked Fri Dec 13 19:33:26 2019

OUTPUT FILE NAME:   <PRAC-Projecte-2_v7.out>
ENTRY POINT SYMBOL: "_c_int00_noargs"  address: 0000dbb9


MEMORY CONFIGURATION

         name            origin    length      used     unused   attr    fill
----------------------  --------  ---------  --------  --------  ----  --------
  MAIN                  00000000   00040000  0000e568  00031a98  R  X
  INFO                  00200000   00004000  00000000  00004000  R  X
  SRAM_CODE             01000000   00010000  00000000  00010000  RW X
  SRAM_DATA             20000000   00010000  0000c99e  00003662  RW  


SEGMENT ALLOCATION MAP

run origin  load origin   length   init length attrs members
----------  ----------- ---------- ----------- ----- -------
00000000    00000000    0000e568   0000e568    r-x
  00000000    00000000    00000144   00000144    r-- .intvecs
  00000144    00000144    0000dbfc   0000dbfc    r-x .text
  0000dd40    0000dd40    00000748   00000748    r-- .const
  0000e488    0000e488    000000e0   000000e0    r-- .cinit
20000000    20000000    0000c7a0   00000000    rw-
  20000000    20000000    000000e4   00000000    rw- .vtable
  200000e4    200000e4    0000c57a   00000000    rw- .bss
  2000c660    2000c660    00000140   00000000    rw- .data
2000fe00    2000fe00    00000200   00000000    rw-
  2000fe00    2000fe00    00000200   00000000    rw- .stack


SECTION ALLOCATION MAP

 output                                  attributes/
section   page    origin      length       input sections
--------  ----  ----------  ----------   ----------------
.intvecs   0    00000000    00000144     
                  00000000    00000144     msp432_startup_ccs.obj (.intvecs:retain)

.text      0    00000144    0000dbfc     
                  00000144    00001a0c     tasks.obj (.text)
                  00001b50    0000159c     flash.obj (.text)
                  000030ec    00000d7c     cs.obj (.text)
                  00003e68    00000ca4     queue.obj (.text)
                  00004b0c    00000c98     main.obj (.text)
                  000057a4    00000a4e     rtsv7M4_T_le_v4SPD16_eabi.lib : _printfi.c.obj (.text:__TI_printfi)
                  000061f2    00000002                                   : div0.asm.obj (.text)
                  000061f4    000008d4     adc14.obj (.text)
                  00006ac8    000008a4     spi.obj (.text)
                  0000736c    00000838     pcm.obj (.text)
                  00007ba4    00000798     timer_a.obj (.text)
                  0000833c    00000678     st7735.obj (.text)
                  000089b4    00000630     string.obj (.text)
                  00008fe4    00000508     rtc_c.obj (.text)
                  000094ec    00000498     circle.obj (.text)
                  00009984    00000490     line.obj (.text)
                  00009e14    00000480     gpio.obj (.text)
                  0000a294    0000041c     uart.obj (.text)
                  0000a6b0    000003f0     interrupt.obj (.text)
                  0000aaa0    000003b0     msp432_launchpad_board.obj (.text)
                  0000ae50    00000328     system_msp432p401r.obj (.text)
                  0000b178    000002ec     rtsv7M4_T_le_v4SPD16_eabi.lib : s_atan.c.obj (.text:atan)
                  0000b464    00000288     port.obj (.text)
                  0000b6ec    00000270     rtsv7M4_T_le_v4SPD16_eabi.lib : _printfi.c.obj (.text:_pconv_a)
                  0000b95c    00000266     context.obj (.text)
                  0000bbc2    00000002     --HOLE-- [fill = 0]
                  0000bbc4    00000244     sysctl.obj (.text)
                  0000be08    000001d0     rtsv7M4_T_le_v4SPD16_eabi.lib : _printfi.c.obj (.text:_pconv_g)
                  0000bfd8    000001b6                                   : fd_add_t2.asm.obj (.text)
                  0000c18e    00000002     --HOLE-- [fill = 0]
                  0000c190    000001ac     uart_driver.obj (.text)
                  0000c33c    00000180     edu_boosterpack_rgb.obj (.text)
                  0000c4bc    0000013c     rtsv7M4_T_le_v4SPD16_eabi.lib : _printfi.c.obj (.text:_pconv_e)
                  0000c5f8    00000136                                   : fd_div_t2.asm.obj (.text)
                  0000c72e    00000134     display.obj (.text)
                  0000c862    0000012a     list.obj (.text)
                  0000c98c    00000124     rtsv7M4_T_le_v4SPD16_eabi.lib : _printfi.c.obj (.text:fcvt)
                  0000cab0    00000110                                   : s_scalbn.c.obj (.text:scalbn)
                  0000cbc0    00000104     edu_boosterpack_accelerometer.obj (.text)
                  0000ccc4    000000fc     rtsv7M4_T_le_v4SPD16_eabi.lib : fd_mul_t2.asm.obj (.text)
                  0000cdc0    000000fa     circ_buffer.obj (.text)
                  0000ceba    00000002     --HOLE-- [fill = 0]
                  0000cebc    000000d8     wdt_a.obj (.text)
                  0000cf94    000000d2     portasm.obj (.text)
                  0000d066    00000002     --HOLE-- [fill = 0]
                  0000d068    000000cc     ref_a.obj (.text)
                  0000d134    000000cc     st7735_msp432.obj (.text)
                  0000d200    000000c0     fpu.obj (.text)
                  0000d2c0    000000b4     heap_1.obj (.text)
                  0000d374    000000b1     rtsv7M4_T_le_v4SPD16_eabi.lib : _printfi.c.obj (.text:_ltostr)
                  0000d425    00000001     --HOLE-- [fill = 0]
                  0000d426    0000009c                                   : memcpy_t2.asm.obj (.text)
                  0000d4c2    00000096                                   : ull_div_t2.asm.obj (.text)
                  0000d558    00000086                                   : fd_cmp_t2.asm.obj (.text:__aeabi_cdcmple)
                  0000d5de    00000086                                   : fd_cmp_t2.asm.obj (.text:__aeabi_cdrcmple)
                  0000d664    0000007a                                   : memset_t2.asm.obj (.text)
                  0000d6de    0000006e                                   : _printfi.c.obj (.text:_mcpy)
                  0000d74c    0000006e                                   : fd_tos_t2.asm.obj (.text)
                  0000d7ba    00000068                                   : copy_decompress_lzss.c.obj (.text:decompress:lzss:__TI_decompress_lzss)
                  0000d822    00000002     --HOLE-- [fill = 0]
                  0000d824    00000068     pmap.obj (.text)
                  0000d88c    00000064     rtsv7M4_T_le_v4SPD16_eabi.lib : s_frexp.c.obj (.text:frexp)
                  0000d8f0    00000056                                   : _printfi.c.obj (.text:_pconv_f)
                  0000d946    00000054                                   : ltoa.c.obj (.text:ltoa)
                  0000d99a    00000052                                   : _printfi.c.obj (.text:_ecpy)
                  0000d9ec    0000004c                                   : atoi.c.obj (.text:atoi)
                  0000da38    00000048                                   : fd_toi_t2.asm.obj (.text)
                  0000da80    00000044                                   : autoinit.c.obj (.text:__TI_auto_init_nobinit_nopinit:__TI_auto_init_nobinit_nopinit)
                  0000dac4    00000040                                   : sprintf.c.obj (.text:sprintf)
                  0000db04    0000003e                                   : _printfi.c.obj (.text:_fcpy)
                  0000db42    0000003e     cpu.obj (.text)
                  0000db80    00000038     rtsv7M4_T_le_v4SPD16_eabi.lib : fs_tod_t2.asm.obj (.text)
                  0000dbb8    00000034                                   : boot_cortex_m.c.obj (.text:_c_int00_noargs:_c_int00_noargs)
                  0000dbec    0000002e                                   : i_tofd_t2.asm.obj (.text)
                  0000dc1a    0000002e                                   : strncat.c.obj (.text:strncat)
                  0000dc48    00000022     interrupts.obj (.text)
                  0000dc6a    0000001c     rtsv7M4_T_le_v4SPD16_eabi.lib : memccpy.c.obj (.text:memccpy)
                  0000dc86    0000001a                                   : s_copysign.c.obj (.text:copysign)
                  0000dca0    00000018                                   : sprintf.c.obj (.text:_outs)
                  0000dcb8    00000016     msp432_startup_ccs.obj (.text)
                  0000dcce    00000016     rtsv7M4_T_le_v4SPD16_eabi.lib : strchr.c.obj (.text:strchr)
                  0000dce4    00000014                                   : strlen.c.obj (.text:strlen)
                  0000dcf8    00000012                                   : wcslen.c.obj (.text:wcslen)
                  0000dd0a    0000000e                                   : copy_decompress_none.c.obj (.text:decompress:none:__TI_decompress_none)
                  0000dd18    0000000c                                   : copy_zero_init.c.obj (.text:decompress:ZI:__TI_zero_init)
                  0000dd24    0000000a                                   : sprintf.c.obj (.text:_outc)
                  0000dd2e    00000002     --HOLE-- [fill = 0]
                  0000dd30    00000008                                   : errno.c.obj (.text:__aeabi_errno_addr)
                  0000dd38    00000004                                   : pre_init.c.obj (.text:_system_pre_init)
                  0000dd3c    00000004                                   : exit.c.obj (.text:abort:abort)

.const     0    0000dd40    00000748     
                  0000dd40    000002f8     fontfixed6x8.obj (.const:.string:g_pucFontFixed6x8Data)
                  0000e038    00000101     rtsv7M4_T_le_v4SPD16_eabi.lib : ctype.c.obj (.const:.string:_ctypes_)
                  0000e139    00000003     --HOLE-- [fill = 0]
                  0000e13c    000000c8     fontfixed6x8.obj (.const:g_sFontFixed6x8)
                  0000e204    00000004     --HOLE-- [fill = 0]
                  0000e208    00000098     rtsv7M4_T_le_v4SPD16_eabi.lib : s_atan.c.obj (.const:$O1$$)
                  0000e2a0    00000080     adc14.obj (.const:_ctlRegs)
                  0000e320    00000050     interrupt.obj (.const:g_pulRegs)
                  0000e370    00000030     edu_boosterpack_rgb.obj (.const:leds)
                  0000e3a0    0000002c     st7735.obj (.const:g_sCrystalfontz128x128)
                  0000e3cc    00000024     uart_driver.obj (.const:uart_config)
                  0000e3f0    00000020     interrupt.obj (.const:g_pulPriority)
                  0000e410    0000001c     st7735_msp432.obj (.const:$P$T0$1)
                  0000e42c    0000001c     gpio.obj (.const:GPIO_PORT_TO_INT)
                  0000e448    00000008     st7735.obj (.const:$P$T0$1)
                  0000e450    00000008     edu_boosterpack_rgb.obj (.const:.string:port2_remapping)
                  0000e458    00000008     edu_boosterpack_rgb.obj (.const:.string:port5_remapping)
                  0000e460    00000008     interrupt.obj (.const:g_pulDisRegs)
                  0000e468    00000008     interrupt.obj (.const:g_pulEnRegs)
                  0000e470    00000008     interrupt.obj (.const:g_pulPendRegs)
                  0000e478    00000008     interrupt.obj (.const:g_pulUnpendRegs)
                  0000e480    00000008     port.obj (.const)

.cinit     0    0000e488    000000e0     
                  0000e488    000000a8     (.cinit..data.load) [load image, compression = lzss]
                  0000e530    0000000c     (__TI_handler_table)
                  0000e53c    00000004     --HOLE-- [fill = 0]
                  0000e540    00000008     (.cinit..bss.load) [load image, compression = zero_init]
                  0000e548    00000008     (.cinit..vtable.load) [load image, compression = zero_init]
                  0000e550    00000018     (__TI_cinit_table)

.vtable    0    20000000    000000e4     UNINITIALIZED
                  20000000    000000e4     interrupt.obj (.vtable)

.bss       0    200000e4    0000c57a     UNINITIALIZED
                  200000e4    0000c000     heap_1.obj (.bss:ucHeap)
                  2000c0e4    00000200     uart_driver.obj (.bss:uart_rx_buffer)
                  2000c2e4    00000200     uart_driver.obj (.bss:uart_tx_buffer)
                  2000c4e4    0000008c     tasks.obj (.bss:pxReadyTasksLists)
                  2000c570    0000001c     main.obj (.bss:g_sContext)
                  2000c58c    00000014     tasks.obj (.bss:xDelayedTaskList1)
                  2000c5a0    00000014     tasks.obj (.bss:xDelayedTaskList2)
                  2000c5b4    00000014     tasks.obj (.bss:xPendingReadyList)
                  2000c5c8    00000014     tasks.obj (.bss:xSuspendedTaskList)
                  2000c5dc    00000014     tasks.obj (.bss:xTasksWaitingTermination)
                  2000c5f0    0000000c     uart_driver.obj (.bss:buffer_rx)
                  2000c5fc    0000000c     uart_driver.obj (.bss:buffer_tx)
                  2000c608    0000000c     (.common:uart_command)
                  2000c614    00000008     cs.obj (.bss)
                  2000c61c    00000008     tasks.obj (.bss)
                  2000c624    00000008     (.common:results_buffer)
                  2000c62c    00000006     (.common:accel_values)
                  2000c632    00000002     (.common:Lcd_ScreenHeigth)
                  2000c634    00000004     uart_driver.obj (.bss)
                  2000c638    00000004     (.common:adc_callback_func)
                  2000c63c    00000004     (.common:start_timestamp)
                  2000c640    00000004     (.common:xADCReadingAvailableSemaphore)
                  2000c644    00000004     (.common:xQueueADC2Process)
                  2000c648    00000004     (.common:xQueueProcess2LCD)
                  2000c64c    00000004     (.common:xRunADCTaskSemaphore)
                  2000c650    00000004     (.common:xRunUARTReadingTaskSemaphore)
                  2000c654    00000002     (.common:Lcd_ScreenWidth)
                  2000c656    00000002     (.common:Lcd_TouchTrim)
                  2000c658    00000002     (.common:command)
                  2000c65a    00000001     (.common:Lcd_FlagRead)
                  2000c65b    00000001     (.common:Lcd_FontSolid)
                  2000c65c    00000001     (.common:Lcd_Orientation)
                  2000c65d    00000001     (.common:Lcd_PenSolid)

.data      0    2000c660    00000140     UNINITIALIZED
                  2000c660    00000040     flash.obj (.data:__getBurstProgramRegs)
                  2000c6a0    00000034     tasks.obj (.data)
                  2000c6d4    00000030     gpio.obj (.data:GPIO_PORT_TO_BASE)
                  2000c704    00000018     msp432_launchpad_board.obj (.data:buttons)
                  2000c71c    00000018     edu_boosterpack_rgb.obj (.data:led_blue_pwm_cfg)
                  2000c734    00000018     edu_boosterpack_rgb.obj (.data:led_green_pwm_cfg)
                  2000c74c    00000018     edu_boosterpack_rgb.obj (.data:led_red_pwm_cfg)
                  2000c764    00000010     msp432_launchpad_board.obj (.data:debug)
                  2000c774    00000010     msp432_launchpad_board.obj (.data:leds)
                  2000c784    0000000c     port.obj (.data)
                  2000c790    00000008     heap_1.obj (.data)
                  2000c798    00000004     rtsv7M4_T_le_v4SPD16_eabi.lib : errno.c.obj (.data)
                  2000c79c    00000004     system_msp432p401r.obj (.data)

.stack     0    2000fe00    00000200     UNINITIALIZED
                  2000fe00    00000004     rtsv7M4_T_le_v4SPD16_eabi.lib : boot_cortex_m.c.obj (.stack)
                  2000fe04    000001fc     --HOLE--

MODULE SUMMARY

       Module                              code    ro data   rw data
       ------                              ----    -------   -------
    .\
       main.obj                            3224    0         72     
       system_msp432p401r.obj              808     0         4      
       msp432_startup_ccs.obj              22      324       0      
    +--+-----------------------------------+-------+---------+---------+
       Total:                              4054    324       76     
                                                                    
    .\lib_PRAC\freertos\cortex-m4\
       port.obj                            648     8         12     
       portasm.obj                         210     0         0      
    +--+-----------------------------------+-------+---------+---------+
       Total:                              858     8         12     
                                                                    
    .\lib_PRAC\freertos\src\
       heap_1.obj                          180     0         49160  
       tasks.obj                           6668    0         300    
       queue.obj                           3236    0         0      
       list.obj                            298     0         0      
    +--+-----------------------------------+-------+---------+---------+
       Total:                              10382   0         49460  
                                                                    
    .\lib_PRAC\graphics\
       string.obj                          1584    0         0      
       circle.obj                          1176    0         0      
       line.obj                            1168    0         0      
       fontfixed6x8.obj                    0       960       0      
       context.obj                         614     0         0      
       display.obj                         308     0         0      
    +--+-----------------------------------+-------+---------+---------+
       Total:                              4850    960       0      
                                                                    
    .\lib_PRAC\msp432\
       flash.obj                           5532    0         64     
       cs.obj                              3452    0         8      
       adc14.obj                           2260    128       0      
       spi.obj                             2212    0         0      
       pcm.obj                             2104    0         0      
       timer_a.obj                         1944    0         0      
       interrupt.obj                       1008    144       228    
       rtc_c.obj                           1288    0         0      
       gpio.obj                            1152    28        48     
       uart.obj                            1052    0         0      
       sysctl.obj                          580     0         0      
       wdt_a.obj                           216     0         0      
       ref_a.obj                           204     0         0      
       fpu.obj                             192     0         0      
       pmap.obj                            104     0         0      
       cpu.obj                             62      0         0      
    +--+-----------------------------------+-------+---------+---------+
       Total:                              23362   300       348    
                                                                    
    .\lib_PRAC\screen\
       st7735.obj                          1656    52        10     
       st7735_msp432.obj                   204     28        0      
    +--+-----------------------------------+-------+---------+---------+
       Total:                              1860    80        10     
                                                                    
    .\lib_PRAC\uoc\
       uart_driver.obj                     428     36        1052   
       msp432_launchpad_board.obj          944     0         56     
       edu_boosterpack_rgb.obj             384     64        72     
       edu_boosterpack_accelerometer.obj   260     0         12     
       circ_buffer.obj                     250     0         0      
       interrupts.obj                      34      0         0      
    +--+-----------------------------------+-------+---------+---------+
       Total:                              2300    100       1192   
                                                                    
    C:\ti\ccs901\ccs\tools\compiler\ti-cgt-arm_18.12.3.LTS\lib\rtsv7M4_T_le_v4SPD16_eabi.lib
       _printfi.c.obj                      4851    0         0      
       s_atan.c.obj                        748     152       0      
       fd_add_t2.asm.obj                   438     0         0      
       fd_div_t2.asm.obj                   310     0         0      
       s_scalbn.c.obj                      272     0         0      
       fd_cmp_t2.asm.obj                   268     0         0      
       ctype.c.obj                         0       257       0      
       fd_mul_t2.asm.obj                   252     0         0      
       memcpy_t2.asm.obj                   156     0         0      
       ull_div_t2.asm.obj                  150     0         0      
       memset_t2.asm.obj                   122     0         0      
       fd_tos_t2.asm.obj                   110     0         0      
       copy_decompress_lzss.c.obj          104     0         0      
       s_frexp.c.obj                       100     0         0      
       sprintf.c.obj                       98      0         0      
       ltoa.c.obj                          84      0         0      
       atoi.c.obj                          76      0         0      
       fd_toi_t2.asm.obj                   72      0         0      
       autoinit.c.obj                      68      0         0      
       fs_tod_t2.asm.obj                   56      0         0      
       boot_cortex_m.c.obj                 52      0         0      
       i_tofd_t2.asm.obj                   46      0         0      
       strncat.c.obj                       46      0         0      
       memccpy.c.obj                       28      0         0      
       s_copysign.c.obj                    26      0         0      
       strchr.c.obj                        22      0         0      
       strlen.c.obj                        20      0         0      
       wcslen.c.obj                        18      0         0      
       copy_decompress_none.c.obj          14      0         0      
       copy_zero_init.c.obj                12      0         0      
       errno.c.obj                         8       0         4      
       exit.c.obj                          4       0         0      
       pre_init.c.obj                      4       0         0      
       div0.asm.obj                        2       0         0      
    +--+-----------------------------------+-------+---------+---------+
       Total:                              8637    409       4      
                                                                    
       Stack:                              0       0         512    
       Linker Generated:                   0       220       0      
    +--+-----------------------------------+-------+---------+---------+
       Grand Total:                        56303   2401      51614  


LINKER GENERATED COPY TABLES

__TI_cinit_table @ 0000e550 records: 3, size/record: 8, table size: 24
	.data: load addr=0000e488, load size=000000a8 bytes, run addr=2000c660, run size=00000140 bytes, compression=lzss
	.bss: load addr=0000e540, load size=00000008 bytes, run addr=200000e4, run size=0000c57a bytes, compression=zero_init
	.vtable: load addr=0000e548, load size=00000008 bytes, run addr=20000000, run size=000000e4 bytes, compression=zero_init


LINKER GENERATED HANDLER TABLE

__TI_handler_table @ 0000e530 records: 3, size/record: 4, table size: 12
	index: 0, handler: __TI_zero_init
	index: 1, handler: __TI_decompress_lzss
	index: 2, handler: __TI_decompress_none


GLOBAL SYMBOLS: SORTED ALPHABETICALLY BY Name 

address   name                                           
-------   ----                                           
00006a41  ADC14_clearInterruptFlag                       
000065e9  ADC14_configureConversionMemory                
00006491  ADC14_configureMultiSequenceMode               
00006527  ADC14_configureSingleSampleMode                
00006721  ADC14_disableComparatorWindow                  
000065bf  ADC14_disableConversion                        
000069bf  ADC14_disableInterrupt                         
00006365  ADC14_disableModule                            
0000693f  ADC14_disableReferenceBurst                    
000063a5  ADC14_disableSampleTimer                       
00006691  ADC14_enableComparatorWindow                   
0000657d  ADC14_enableConversion                         
00006997  ADC14_enableInterrupt                          
0000635d  ADC14_enableModule                             
00006929  ADC14_enableReferenceBurst                     
0000637b  ADC14_enableSampleTimer                        
00006a0b  ADC14_getEnabledInterruptStatus                
000069e7  ADC14_getInterruptStatus                       
00006849  ADC14_getMultiSequenceResult                   
0000641b  ADC14_getResolution                            
0000682f  ADC14_getResult                                
000068b5  ADC14_getResultArray                           
000063bb  ADC14_initModule                               
000065cb  ADC14_isBusy                                   
00006a6d  ADC14_registerInterrupt                        
0000677f  ADC14_setComparatorWindowValue                 
00006955  ADC14_setPowerMode                             
00006401  ADC14_setResolution                            
00006805  ADC14_setResultFormat                          
00006467  ADC14_setSampleHoldTime                        
00006425  ADC14_setSampleHoldTrigger                     
0000659d  ADC14_toggleConversionTrigger                  
00006a81  ADC14_unregisterInterrupt                      
0000cc87  ADC_IRQHandler                                 
0000dd3d  C$$EXIT                                        
0000db77  CPU_basepriGet                                 
0000db69  CPU_basepriSet                                 
0000db43  CPU_cpsid                                      
0000db59  CPU_cpsie                                      
0000db4f  CPU_primask                                    
0000db65  CPU_wfi                                        
00003ded  CS_clearInterruptFlag                          
00003695  CS_disableClockRequest                         
0000377b  CS_disableDCOExternalResistor                  
00003cc1  CS_disableFaultCounter                         
00003dab  CS_disableInterrupt                            
0000366d  CS_enableClockRequest                          
000036dd  CS_enableDCOExternalResistor                   
00003c95  CS_enableFaultCounter                          
00003d89  CS_enableInterrupt                             
00003c2d  CS_getACLK                                     
00003bed  CS_getBCLK                                     
00003875  CS_getDCOFrequency                             
00003dd3  CS_getEnabledInterruptStatus                   
00003c09  CS_getHSMCLK                                   
00003dcd  CS_getInterruptStatus                          
00003c73  CS_getMCLK                                     
00003c51  CS_getSMCLK                                    
0000338d  CS_initClockSignal                             
00003e0f  CS_registerInterrupt                           
00003ced  CS_resetFaultCounter                           
00003799  CS_setDCOCenteredFrequency                     
00003705  CS_setDCOExternalResistorCalibration           
00003a15  CS_setDCOFrequency                             
00003351  CS_setExternalClockSourceFrequency             
000036b7  CS_setReferenceOscillatorFrequency             
00003d39  CS_startFaultCounter                           
00003491  CS_startHFXT                                   
000034b5  CS_startHFXTWithTimeout                        
00003579  CS_startLFXT                                   
0000359d  CS_startLFXTWithTimeout                        
000037d1  CS_tuneDCOFrequency                            
00003e23  CS_unregisterInterrupt                         
0000833d  Crystalfontz128x128_Init                       
00008451  Crystalfontz128x128_SetDrawFrame               
0000857f  Crystalfontz128x128_SetOrientation             
0000c275  EUSCIA0_IRQHandler                             
00007237  EUSCI_A_SPI_changeClockPhasePolarity           
000072eb  EUSCI_A_SPI_clearInterruptFlag                 
0000731b  EUSCI_A_SPI_disable                            
000072b9  EUSCI_A_SPI_disableInterrupt                   
00007305  EUSCI_A_SPI_enable                             
0000729f  EUSCI_A_SPI_enableInterrupt                    
000072d3  EUSCI_A_SPI_getInterruptStatus                 
00007331  EUSCI_A_SPI_getReceiveBufferAddressForDMA      
0000733f  EUSCI_A_SPI_getTransmitBufferAddressForDMA     
0000734d  EUSCI_A_SPI_isBusy                             
000071b7  EUSCI_A_SPI_masterChangeClock                  
0000728f  EUSCI_A_SPI_receiveData                        
00007197  EUSCI_A_SPI_select4PinFunctionality            
000071ed  EUSCI_A_SPI_slaveInit                          
00007279  EUSCI_A_SPI_transmitData                       
00007069  EUSCI_B_SPI_changeClockPhasePolarity           
0000711d  EUSCI_B_SPI_clearInterruptFlag                 
0000714d  EUSCI_B_SPI_disable                            
000070eb  EUSCI_B_SPI_disableInterrupt                   
00007137  EUSCI_B_SPI_enable                             
000070d1  EUSCI_B_SPI_enableInterrupt                    
00007105  EUSCI_B_SPI_getInterruptStatus                 
00007163  EUSCI_B_SPI_getReceiveBufferAddressForDMA      
00007171  EUSCI_B_SPI_getTransmitBufferAddressForDMA     
0000717f  EUSCI_B_SPI_isBusy                             
00006fed  EUSCI_B_SPI_masterChangeClock                  
000070c1  EUSCI_B_SPI_receiveData                        
00006fcd  EUSCI_B_SPI_select4PinFunctionality            
0000701f  EUSCI_B_SPI_slaveInit                          
000070ab  EUSCI_B_SPI_transmitData                       
0000d213  FPU_disableModule                              
0000d23f  FPU_disableStacking                            
0000d233  FPU_enableLazyStacking                         
0000d201  FPU_enableModule                               
0000d221  FPU_enableStacking                             
0000d27f  FPU_setFlushToZeroMode                         
0000d24b  FPU_setHalfPrecisionMode                       
0000d265  FPU_setNaNMode                                 
0000d299  FPU_setRoundingMode                            
00002b9b  FlashCtl_clearInterruptFlag                    
00002a5f  FlashCtl_clearProgramVerification              
00002b71  FlashCtl_disableInterrupt                      
000020cd  FlashCtl_disableReadBuffering                  
00002ac9  FlashCtl_disableWordProgramming                
00002b5d  FlashCtl_enableInterrupt                       
00002079  FlashCtl_enableReadBuffering                   
00002a99  FlashCtl_enableWordProgramming                 
000026f9  FlashCtl_eraseSector                           
00002b8b  FlashCtl_getEnabledInterruptStatus             
00002b85  FlashCtl_getInterruptStatus                    
00001cfb  FlashCtl_getMemoryInfo                         
0000255d  FlashCtl_getReadMode                           
00002b2f  FlashCtl_getWaitState                          
00002587  FlashCtl_initiateMassErase                     
0000281d  FlashCtl_initiateSectorErase                   
000021fd  FlashCtl_isSectorProtected                     
00002ad5  FlashCtl_isWordProgrammingEnabled              
000025ad  FlashCtl_performMassErase                      
000028b5  FlashCtl_programMemory                         
0000219d  FlashCtl_protectSector                         
00002baf  FlashCtl_registerInterrupt                     
00002a25  FlashCtl_setProgramVerification                
000024f1  FlashCtl_setReadMode                           
00002af1  FlashCtl_setWaitState                          
0000212d  FlashCtl_unprotectSector                       
00002bc3  FlashCtl_unregisterInterrupt                   
00002289  FlashCtl_verifyMemory                          
0000a137  GPIO_clearInterruptFlag                        
0000a0f7  GPIO_disableInterrupt                          
0000a0d5  GPIO_enableInterrupt                           
0000a18f  GPIO_getEnabledInterruptStatus                 
0000a0a7  GPIO_getInputPinValue                          
0000a119  GPIO_getInterruptStatus                        
0000a159  GPIO_interruptEdgeSelect                       
0000a24f  GPIO_registerInterrupt                         
00009e4f  GPIO_setAsInputPin                             
0000a003  GPIO_setAsInputPinWithPullDownResistor         
0000a055  GPIO_setAsInputPinWithPullUpResistor           
00009e15  GPIO_setAsOutputPin                            
00009f19  GPIO_setAsPeripheralModuleFunctionInputPin     
00009e95  GPIO_setAsPeripheralModuleFunctionOutputPin    
0000a20b  GPIO_setDriveStrengthHigh                      
0000a22d  GPIO_setDriveStrengthLow                       
00009f9d  GPIO_setOutputHighOnPin                        
00009fbf  GPIO_setOutputLowOnPin                         
00009fe1  GPIO_toggleOutputOnPin                         
0000a26f  GPIO_unregisterInterrupt                       
0000bb49  Graphics_clearDisplay                          
0000c84b  Graphics_clearDisplayOnDisplay                 
000094ed  Graphics_drawCircle                            
0000c79d  Graphics_drawHorizontalLineOnDisplay           
00009ca1  Graphics_drawLine                              
00009985  Graphics_drawLineH                             
00009a21  Graphics_drawLineV                             
0000c759  Graphics_drawMultiplePixelsOnDisplay           
0000bb5b  Graphics_drawPixel                             
0000c72f  Graphics_drawPixelOnDisplay                    
00008aef  Graphics_drawString                            
00008f7d  Graphics_drawStringCentered                    
0000c7d1  Graphics_drawVerticalLineOnDisplay             
0000975b  Graphics_fillCircle                            
0000c805  Graphics_fillRectangleOnDisplay                
0000bb3b  Graphics_flushBuffer                           
0000c839  Graphics_flushOnDisplay                        
0000bb1d  Graphics_getDisplayHeight                      
0000bb0d  Graphics_getDisplayWidth                       
0000babb  Graphics_getFontBaseline                       
0000baf1  Graphics_getFontHeight                         
0000baff  Graphics_getFontMaxWidth                       
0000bb2d  Graphics_getHeightOfDisplay                    
00008f6d  Graphics_getStringBaseline                     
00008fc5  Graphics_getStringHeight                       
00008fd5  Graphics_getStringMaxWidth                     
000089f5  Graphics_getStringWidth                        
0000bbb5  Graphics_getWidthOfDisplay                     
0000b95d  Graphics_initContext                           
0000ba71  Graphics_setBackgroundColor                    
0000ba8b  Graphics_setBackgroundColorTranslated          
0000b9a7  Graphics_setClipRegion                         
0000baa1  Graphics_setFont                               
0000bac9  Graphics_setForegroundColor                    
0000badf  Graphics_setForegroundColorTranslated          
0000c823  Graphics_translateColorOnDisplay               
0000d135  HAL_LCD_PortInit                               
0000d165  HAL_LCD_SpiInit                                
0000d19b  HAL_LCD_writeCommand                           
0000d1d1  HAL_LCD_writeData                              
0000a873  Interrupt_disableInterrupt                     
0000a6c3  Interrupt_disableMaster                        
0000aa71  Interrupt_disableSleepOnIsrExit                
0000a801  Interrupt_enableInterrupt                      
0000a6b3  Interrupt_enableMaster                         
0000aa5f  Interrupt_enableSleepOnIsrExit                 
0000a7db  Interrupt_getPriority                          
0000a753  Interrupt_getPriorityGrouping                  
0000aa3f  Interrupt_getPriorityMask                      
0000aa59  Interrupt_getVectorTableAddress                
0000a8e5  Interrupt_isEnabled                            
0000a971  Interrupt_pendInterrupt                        
0000a6d3  Interrupt_registerInterrupt                    
0000a78b  Interrupt_setPriority                          
0000a739  Interrupt_setPriorityGrouping                  
0000aa2f  Interrupt_setPriorityMask                      
0000aa49  Interrupt_setVectorTableAddress                
0000a9e1  Interrupt_unpendInterrupt                      
0000a725  Interrupt_unregisterInterrupt                  
2000c65a  Lcd_FlagRead                                   
2000c65b  Lcd_FontSolid                                  
2000c65c  Lcd_Orientation                                
2000c65d  Lcd_PenSolid                                   
2000c632  Lcd_ScreenHeigth                               
2000c654  Lcd_ScreenWidth                                
2000c656  Lcd_TouchTrim                                  
00007b47  PCM_clearInterruptFlag                         
00007b1d  PCM_disableInterrupt                           
00007af5  PCM_disableRudeMode                            
00007b09  PCM_enableInterrupt                            
00007ae3  PCM_enableRudeMode                             
000074ef  PCM_getCoreVoltageLevel                        
00007b37  PCM_getEnabledInterruptStatus                  
00007b31  PCM_getInterruptStatus                         
00007495  PCM_getPowerMode                               
00007ad7  PCM_getPowerState                              
00007a09  PCM_gotoLPM0                                   
00007a27  PCM_gotoLPM0InterruptSafe                      
00007a43  PCM_gotoLPM3                                   
00007abb  PCM_gotoLPM3InterruptSafe                      
000079dd  PCM_gotoLPM4                                   
000079ed  PCM_gotoLPM4InterruptSafe                      
00007b5b  PCM_registerInterrupt                          
00007463  PCM_setCoreVoltageLevel                        
00007485  PCM_setCoreVoltageLevelNonBlocking             
00007473  PCM_setCoreVoltageLevelWithTimeout             
00007695  PCM_setPowerMode                               
000076a5  PCM_setPowerModeNonBlocking                    
000076b5  PCM_setPowerModeWithTimeout                    
00007967  PCM_setPowerState                              
00007989  PCM_setPowerStateNonBlocking                   
00007977  PCM_setPowerStateWithTimeout                   
00007999  PCM_shutdownDevice                             
00007b6f  PCM_unregisterInterrupt                        
0000d825  PMAP_configurePorts                            
0000ade7  PORT1_IRQHandler                               
0000d0ab  REF_A_disableReferenceVoltage                  
0000d09b  REF_A_disableReferenceVoltageOutput            
0000d083  REF_A_disableTempSensor                        
0000d0a3  REF_A_enableReferenceVoltage                   
0000d093  REF_A_enableReferenceVoltageOutput             
0000d08b  REF_A_enableTempSensor                         
0000d0b3  REF_A_getBandgapMode                           
0000d0e1  REF_A_getBufferedBandgapVoltageStatus          
0000d0ed  REF_A_getVariableReferenceVoltageStatus        
0000d0bd  REF_A_isBandgapActive                          
0000d0d5  REF_A_isRefGenActive                           
0000d0c9  REF_A_isRefGenBusy                             
0000d101  REF_A_setBufferedBandgapVoltageOneTimeTrigger  
0000d069  REF_A_setReferenceVoltage                      
0000d0f9  REF_A_setReferenceVoltageOneTimeTrigger        
00009441  RTC_C_clearInterruptFlag                       
0000928b  RTC_C_convertBCDToBinary                       
000092a3  RTC_C_convertBinaryToBCD                       
000091e7  RTC_C_definePrescaleEvent                      
00009311  RTC_C_disableInterrupt                         
000092bb  RTC_C_enableInterrupt                          
00009119  RTC_C_getCalendarTime                          
000093e1  RTC_C_getEnabledInterruptStatus                
00009379  RTC_C_getInterruptStatus                       
0000920f  RTC_C_getPrescaleValue                         
00009003  RTC_C_holdClock                                
000090a7  RTC_C_initCalendar                             
00009487  RTC_C_registerInterrupt                        
0000917f  RTC_C_setCalendarAlarm                         
000091b7  RTC_C_setCalendarEvent                         
00009051  RTC_C_setCalibrationData                       
00009021  RTC_C_setCalibrationFrequency                  
0000923b  RTC_C_setPrescaleValue                         
0000907d  RTC_C_setTemperatureCompensation               
00008fe5  RTC_C_startClock                               
000094a5  RTC_C_unregisterInterrupt                      
00006c8b  SPI_changeClockPhasePolarity                   
00006be5  SPI_changeMasterClock                          
00006e3d  SPI_clearInterruptFlag                         
00006dbf  SPI_disableInterrupt                           
00006d19  SPI_disableModule                              
00006d99  SPI_enableInterrupt                            
00006cfd  SPI_enableModule                               
00006e0d  SPI_getEnabledInterruptStatus                  
00006de5  SPI_getInterruptStatus                         
00006d35  SPI_getReceiveBufferAddressForDMA              
00006d51  SPI_getTransmitBufferAddressForDMA             
00006af9  SPI_initMaster                                 
00006c0d  SPI_initSlave                                  
00006d7d  SPI_isBusy                                     
00006ce1  SPI_receiveData                                
00006e63  SPI_registerInterrupt                          
00006bbf  SPI_selectFourPinFunctionality                 
00006cbb  SPI_transmitData                               
00006f21  SPI_unregisterInterrupt                        
0000bdb7  SysCtl_disableGlitchFilter                     
0000bc47  SysCtl_disableNMISource                        
0000bd4f  SysCtl_disablePeripheralAtCPUHalt              
0000bc91  SysCtl_disableSRAMBank                         
0000bd15  SysCtl_disableSRAMBankRetention                
0000bdab  SysCtl_enableGlitchFilter                      
0000bc5b  SysCtl_enableNMISource                         
0000bd3b  SysCtl_enablePeripheralAtCPUHalt               
0000bc75  SysCtl_enableSRAMBank                          
0000bcf9  SysCtl_enableSRAMBankRetention                 
0000bc41  SysCtl_getFlashSize                            
0000bc6f  SysCtl_getNMISourceStatus                      
0000bc3b  SysCtl_getSRAMSize                             
0000bbc5  SysCtl_getTLVInfo                              
0000bdc3  SysCtl_getTempCalibrationConstant              
0000bd31  SysCtl_rebootDevice                            
0000bd87  SysCtl_setWDTPasswordViolationResetType        
0000bd63  SysCtl_setWDTTimeoutResetType                  
2000c79c  SystemCoreClock                                
0000ae51  SystemCoreClockUpdate                          
0000b0c5  SystemInit                                     
0000806f  Timer_A_clearCaptureCompareInterrupt           
00008059  Timer_A_clearInterruptFlag                     
00007ed7  Timer_A_clearTimer                             
00007cff  Timer_A_configureContinuousMode                
00007d8d  Timer_A_configureUpDownMode                    
00007d2f  Timer_A_configureUpMode                        
000080fd  Timer_A_disableCaptureCompareInterrupt         
000080ab  Timer_A_disableInterrupt                       
000080d1  Timer_A_enableCaptureCompareInterrupt          
00008097  Timer_A_enableInterrupt                        
00007fa3  Timer_A_generatePWM                            
00007f49  Timer_A_getCaptureCompareCount                 
00008165  Timer_A_getCaptureCompareEnabledInterruptStatus
00008125  Timer_A_getCaptureCompareInterruptStatus       
00007e8b  Timer_A_getCounterValue                        
0000814d  Timer_A_getEnabledInterruptStatus              
000080bf  Timer_A_getInterruptStatus                     
00007f1b  Timer_A_getOutputForOutputModeOutBitValue      
00007eeb  Timer_A_getSynchronizedCaptureCompareInput     
00007deb  Timer_A_initCapture                            
00007e3d  Timer_A_initCompare                            
000081a1  Timer_A_registerInterrupt                      
0000802d  Timer_A_setCompareValue                        
00007f6b  Timer_A_setOutputForOutputModeOutBitValue      
00007ce9  Timer_A_startCounter                           
00008019  Timer_A_stopTimer                              
00008273  Timer_A_unregisterInterrupt                    
0000a5a9  UART_clearInterruptFlag                        
0000a501  UART_disableInterrupt                          
0000a3e3  UART_disableModule                             
0000a4d1  UART_enableInterrupt                           
0000a3cd  UART_enableModule                              
0000a54d  UART_getEnabledInterruptStatus                 
0000a531  UART_getInterruptStatus                        
0000a499  UART_getReceiveBufferAddressForDMA             
0000a4a7  UART_getTransmitBufferAddressForDMA            
0000a295  UART_initModule                                
0000a3f9  UART_queryStatusFlags                          
0000a3a7  UART_receiveData                               
0000a5c9  UART_registerInterrupt                         
0000a421  UART_resetDormant                              
0000a4b5  UART_selectDeglitchTime                        
0000a40d  UART_setDormant                                
0000a435  UART_transmitAddress                           
0000a453  UART_transmitBreak                             
0000a37d  UART_transmitData                              
0000a645  UART_unregisterInterrupt                       
4000480c  WDTCTL_SYM                                     
0000cefd  WDT_A_clearTimer                               
0000cebd  WDT_A_holdTimer                                
0000cf39  WDT_A_initIntervalTimer                        
0000cf1d  WDT_A_initWatchdogTimer                        
0000cf6d  WDT_A_registerInterrupt                        
0000cf55  WDT_A_setPasswordViolationReset                
0000cf61  WDT_A_setTimeoutReset                          
0000cedd  WDT_A_startTimer                               
0000cf81  WDT_A_unregisterInterrupt                      
00002fc7  __FlashCtl_remaskBurstDataPost                 
00002ead  __FlashCtl_remaskBurstDataPre                  
00002cf1  __FlashCtl_remaskData32Post                    
00002dd5  __FlashCtl_remaskData32Pre                     
00002bd3  __FlashCtl_remaskData8Post                     
00002c53  __FlashCtl_remaskData8Pre                      
20010000  __STACK_END                                    
00000200  __STACK_SIZE                                   
0000e550  __TI_CINIT_Base                                
0000e568  __TI_CINIT_Limit                               
0000e530  __TI_Handler_Table_Base                        
0000e53c  __TI_Handler_Table_Limit                       
0000da81  __TI_auto_init_nobinit_nopinit                 
0000d7bb  __TI_decompress_lzss                           
0000dd0b  __TI_decompress_none                           
ffffffff  __TI_pprof_out_hndl                            
000057a5  __TI_printfi                                   
ffffffff  __TI_prof_data_size                            
ffffffff  __TI_prof_data_start                           
00000000  __TI_static_base__                             
0000dd19  __TI_zero_init                                 
0000d559  __aeabi_cdcmpeq                                
0000d559  __aeabi_cdcmple                                
0000d5df  __aeabi_cdrcmple                               
0000d74d  __aeabi_d2f                                    
0000da39  __aeabi_d2iz                                   
0000bfe3  __aeabi_dadd                                   
0000c5f9  __aeabi_ddiv                                   
0000ccc5  __aeabi_dmul                                   
0000bfd9  __aeabi_dsub                                   
0000dd31  __aeabi_errno_addr                             
0000db81  __aeabi_f2d                                    
0000dbed  __aeabi_i2d                                    
000061f3  __aeabi_idiv0                                  
000061f3  __aeabi_ldiv0                                  
0000d665  __aeabi_memclr                                 
0000d665  __aeabi_memclr4                                
0000d665  __aeabi_memclr8                                
0000d427  __aeabi_memcpy                                 
0000d427  __aeabi_memcpy4                                
0000d427  __aeabi_memcpy8                                
0000d667  __aeabi_memset                                 
0000d667  __aeabi_memset4                                
0000d667  __aeabi_memset8                                
0000d4c3  __aeabi_uldivmod                               
ffffffff  __binit__                                      
ffffffff  __c_args__                                     
UNDEFED   __mpu_init                                     
2000fe00  __stack                                        
0000dbb9  _c_int00_noargs                                
0000e038  _ctypes_                                       
UNDEFED   _system_post_cinit                             
0000dd39  _system_pre_init                               
0000dd3d  abort                                          
2000c62c  accel_values                                   
2000c638  adc_callback_func                              
0000b179  atan                                           
0000b179  atanl                                          
0000d9ed  atoi                                           
ffffffff  binit                                          
0000aae5  board_buttons_clear_callback                   
0000aabf  board_buttons_set_callback                     
0000aaa1  board_init                                     
0000aab5  board_lock                                     
0000cdc1  circ_buffer_init                               
0000ce55  circ_buffer_is_empty                           
0000ce75  circ_buffer_is_full                            
0000ce1d  circ_buffer_pop                                
0000cdeb  circ_buffer_push                               
2000c658  command                                        
0000dc87  copysign                                       
0000dc87  copysignl                                      
0000aba9  debug_off                                      
0000ab81  debug_on                                       
0000abd1  debug_toggle                                   
00000571  eTaskGetState                                  
0000cc7f  edu_boosterpack_accelerometer_clear_callback   
0000cc55  edu_boosterpack_accelerometer_disable          
0000cbc1  edu_boosterpack_accelerometer_init             
0000cc49  edu_boosterpack_accelerometer_read             
0000cc6f  edu_boosterpack_accelerometer_set_callback     
0000c33d  edu_boosterpack_rgb_init                       
0000c357  edu_boosterpack_rgb_off                        
0000c345  edu_boosterpack_rgb_on                         
0000c369  edu_boosterpack_rgb_pwm                        
0000c381  edu_boosterpack_rgb_pwm_all                    
2000c798  errno                                          
0000d88d  frexp                                          
0000d88d  frexpl                                         
20000000  g_pfnRAMVectors                                
0000e3a0  g_sCrystalfontz128x128                         
0000e13c  g_sFontFixed6x8                                
000055c1  get_adc_results                                
00000000  interruptVectors                               
0000dc59  interrupts_disable                             
0000dc49  interrupts_restore                             
0000cab1  ldexp                                          
0000cab1  ldexpl                                         
0000ab31  led_off                                        
0000ab09  led_on                                         
0000ab59  led_toggle                                     
0000d947  ltoa                                           
00004b0d  main                                           
0000dc6b  memccpy                                        
0000d427  memcpy                                         
0000d66d  memset                                         
00000b45  pcTaskGetName                                  
0000d2c1  pvPortMalloc                                   
000015cb  pvTaskIncrementMutexHeldCount                  
2000c6a0  pxCurrentTCB                                   
0000b465  pxPortInitialiseStack                          
2000c624  results_buffer                                 
0000cab1  scalbn                                         
0000cab1  scalbnl                                        
0000dac5  sprintf                                        
2000c63c  start_timestamp                                
0000dccf  strchr                                         
0000dce5  strlen                                         
0000dc1b  strncat                                        
2000c608  uart_command                                   
0000c215  uart_get_char                                  
0000c191  uart_init                                      
0000c233  uart_print                                     
0000c1e7  uart_put_char                                  
00005555  uart_rx_callback                               
000055f9  uart_to_command                                
000048ad  ucQueueGetQueueType                            
0000e480  ulMaxSyscallInterruptPriority                  
0000cfa5  ulPortGetIPSR                                  
000015e3  ulTaskNotifyTake                               
0000c945  uxListRemove                                   
0000488d  uxQueueGetQueueNumber                          
000047e5  uxQueueMessagesWaiting                         
00004843  uxQueueMessagesWaitingFromISR                  
0000480f  uxQueueSpacesAvailable                         
00000b3b  uxTaskGetNumberOfTasks                         
00000b89  uxTaskGetSystemState                           
000010ff  uxTaskGetTaskNumber                            
0000060d  uxTaskPriorityGet                              
00000639  uxTaskPriorityGetFromISR                       
000015a9  uxTaskResetEventItemValue                      
0000c863  vListInitialise                                
0000c893  vListInitialiseItem                            
0000c8df  vListInsert                                    
0000c8a3  vListInsertEnd                                 
0000d059  vPortEnableVFP                                 
0000b585  vPortEndScheduler                              
0000b5a9  vPortEnterCritical                             
0000b5eb  vPortExitCritical                              
0000d331  vPortFree                                      
0000d355  vPortInitialiseBlocks                          
0000d01d  vPortSVCHandler                                
0000b63d  vPortSetupTimerInterrupt                       
0000d03d  vPortStartFirstTask                            
0000b657  vPortValidateInterruptPriority                 
00004869  vQueueDelete                                   
0000489b  vQueueSetQueueNumber                           
00000509  vTaskDelay                                     
00000427  vTaskDelayUntil                                
0000035d  vTaskDelete                                    
000009e1  vTaskEndScheduler                              
00001211  vTaskGetInfo                                   
000010f7  vTaskMissedYield                               
0000196b  vTaskNotifyGiveFromISR                         
00000e2f  vTaskPlaceOnEventList                          
00000e69  vTaskPlaceOnUnorderedEventList                 
00001415  vTaskPriorityInherit                           
00000681  vTaskPrioritySet                               
000008e1  vTaskResume                                    
0000111f  vTaskSetTaskNumber                             
00001021  vTaskSetTimeOutState                           
00000975  vTaskStartScheduler                            
000007b5  vTaskSuspend                                   
000009fd  vTaskSuspendAll                                
00000da9  vTaskSwitchContext                             
0000dcf9  wcslen                                         
2000c640  xADCReadingAvailableSemaphore                  
0000d35d  xPortGetFreeHeapSize                           
0000cfbd  xPortPendSVHandler                             
0000b4f1  xPortStartScheduler                            
0000b617  xPortSysTickHandler                            
2000c644  xQueueADC2Process                              
000040c7  xQueueCreateCountingSemaphore                  
00003fef  xQueueCreateMutex                              
00003f1b  xQueueGenericCreate                            
000044a7  xQueueGenericReceive                           
00003e69  xQueueGenericReset                             
00004125  xQueueGenericSend                              
000042b1  xQueueGenericSendFromISR                       
000043b9  xQueueGiveFromISR                              
0000401b  xQueueGiveMutexRecursive                       
00004a81  xQueueIsQueueEmptyFromISR                      
00004ad7  xQueueIsQueueFullFromISR                       
00004739  xQueuePeekFromISR                              
2000c648  xQueueProcess2LCD                              
0000465d  xQueueReceiveFromISR                           
0000406b  xQueueTakeMutexRecursive                       
2000c64c  xRunADCTaskSemaphore                           
2000c650  xRunUARTReadingTaskSemaphore                   
00001055  xTaskCheckForTimeOut                           
00000145  xTaskCreate                                    
00001711  xTaskGenericNotify                             
0000182d  xTaskGenericNotifyFromISR                      
000013e1  xTaskGetCurrentTaskHandle                      
00000b17  xTaskGetTickCount                              
00000b27  xTaskGetTickCountFromISR                       
00000c75  xTaskIncrementTick                             
00001a55  xTaskNotifyStateClear                          
00001661  xTaskNotifyWait                                
000014d5  xTaskPriorityDisinherit                        
00000ed1  xTaskRemoveFromEventList                       
00000f6d  xTaskRemoveFromUnorderedEventList              
00000a15  xTaskResumeAll                                 


GLOBAL SYMBOLS: SORTED BY Symbol Address 

address   name                                           
-------   ----                                           
00000000  __TI_static_base__                             
00000000  interruptVectors                               
00000145  xTaskCreate                                    
00000200  __STACK_SIZE                                   
0000035d  vTaskDelete                                    
00000427  vTaskDelayUntil                                
00000509  vTaskDelay                                     
00000571  eTaskGetState                                  
0000060d  uxTaskPriorityGet                              
00000639  uxTaskPriorityGetFromISR                       
00000681  vTaskPrioritySet                               
000007b5  vTaskSuspend                                   
000008e1  vTaskResume                                    
00000975  vTaskStartScheduler                            
000009e1  vTaskEndScheduler                              
000009fd  vTaskSuspendAll                                
00000a15  xTaskResumeAll                                 
00000b17  xTaskGetTickCount                              
00000b27  xTaskGetTickCountFromISR                       
00000b3b  uxTaskGetNumberOfTasks                         
00000b45  pcTaskGetName                                  
00000b89  uxTaskGetSystemState                           
00000c75  xTaskIncrementTick                             
00000da9  vTaskSwitchContext                             
00000e2f  vTaskPlaceOnEventList                          
00000e69  vTaskPlaceOnUnorderedEventList                 
00000ed1  xTaskRemoveFromEventList                       
00000f6d  xTaskRemoveFromUnorderedEventList              
00001021  vTaskSetTimeOutState                           
00001055  xTaskCheckForTimeOut                           
000010f7  vTaskMissedYield                               
000010ff  uxTaskGetTaskNumber                            
0000111f  vTaskSetTaskNumber                             
00001211  vTaskGetInfo                                   
000013e1  xTaskGetCurrentTaskHandle                      
00001415  vTaskPriorityInherit                           
000014d5  xTaskPriorityDisinherit                        
000015a9  uxTaskResetEventItemValue                      
000015cb  pvTaskIncrementMutexHeldCount                  
000015e3  ulTaskNotifyTake                               
00001661  xTaskNotifyWait                                
00001711  xTaskGenericNotify                             
0000182d  xTaskGenericNotifyFromISR                      
0000196b  vTaskNotifyGiveFromISR                         
00001a55  xTaskNotifyStateClear                          
00001cfb  FlashCtl_getMemoryInfo                         
00002079  FlashCtl_enableReadBuffering                   
000020cd  FlashCtl_disableReadBuffering                  
0000212d  FlashCtl_unprotectSector                       
0000219d  FlashCtl_protectSector                         
000021fd  FlashCtl_isSectorProtected                     
00002289  FlashCtl_verifyMemory                          
000024f1  FlashCtl_setReadMode                           
0000255d  FlashCtl_getReadMode                           
00002587  FlashCtl_initiateMassErase                     
000025ad  FlashCtl_performMassErase                      
000026f9  FlashCtl_eraseSector                           
0000281d  FlashCtl_initiateSectorErase                   
000028b5  FlashCtl_programMemory                         
00002a25  FlashCtl_setProgramVerification                
00002a5f  FlashCtl_clearProgramVerification              
00002a99  FlashCtl_enableWordProgramming                 
00002ac9  FlashCtl_disableWordProgramming                
00002ad5  FlashCtl_isWordProgrammingEnabled              
00002af1  FlashCtl_setWaitState                          
00002b2f  FlashCtl_getWaitState                          
00002b5d  FlashCtl_enableInterrupt                       
00002b71  FlashCtl_disableInterrupt                      
00002b85  FlashCtl_getInterruptStatus                    
00002b8b  FlashCtl_getEnabledInterruptStatus             
00002b9b  FlashCtl_clearInterruptFlag                    
00002baf  FlashCtl_registerInterrupt                     
00002bc3  FlashCtl_unregisterInterrupt                   
00002bd3  __FlashCtl_remaskData8Post                     
00002c53  __FlashCtl_remaskData8Pre                      
00002cf1  __FlashCtl_remaskData32Post                    
00002dd5  __FlashCtl_remaskData32Pre                     
00002ead  __FlashCtl_remaskBurstDataPre                  
00002fc7  __FlashCtl_remaskBurstDataPost                 
00003351  CS_setExternalClockSourceFrequency             
0000338d  CS_initClockSignal                             
00003491  CS_startHFXT                                   
000034b5  CS_startHFXTWithTimeout                        
00003579  CS_startLFXT                                   
0000359d  CS_startLFXTWithTimeout                        
0000366d  CS_enableClockRequest                          
00003695  CS_disableClockRequest                         
000036b7  CS_setReferenceOscillatorFrequency             
000036dd  CS_enableDCOExternalResistor                   
00003705  CS_setDCOExternalResistorCalibration           
0000377b  CS_disableDCOExternalResistor                  
00003799  CS_setDCOCenteredFrequency                     
000037d1  CS_tuneDCOFrequency                            
00003875  CS_getDCOFrequency                             
00003a15  CS_setDCOFrequency                             
00003bed  CS_getBCLK                                     
00003c09  CS_getHSMCLK                                   
00003c2d  CS_getACLK                                     
00003c51  CS_getSMCLK                                    
00003c73  CS_getMCLK                                     
00003c95  CS_enableFaultCounter                          
00003cc1  CS_disableFaultCounter                         
00003ced  CS_resetFaultCounter                           
00003d39  CS_startFaultCounter                           
00003d89  CS_enableInterrupt                             
00003dab  CS_disableInterrupt                            
00003dcd  CS_getInterruptStatus                          
00003dd3  CS_getEnabledInterruptStatus                   
00003ded  CS_clearInterruptFlag                          
00003e0f  CS_registerInterrupt                           
00003e23  CS_unregisterInterrupt                         
00003e69  xQueueGenericReset                             
00003f1b  xQueueGenericCreate                            
00003fef  xQueueCreateMutex                              
0000401b  xQueueGiveMutexRecursive                       
0000406b  xQueueTakeMutexRecursive                       
000040c7  xQueueCreateCountingSemaphore                  
00004125  xQueueGenericSend                              
000042b1  xQueueGenericSendFromISR                       
000043b9  xQueueGiveFromISR                              
000044a7  xQueueGenericReceive                           
0000465d  xQueueReceiveFromISR                           
00004739  xQueuePeekFromISR                              
000047e5  uxQueueMessagesWaiting                         
0000480f  uxQueueSpacesAvailable                         
00004843  uxQueueMessagesWaitingFromISR                  
00004869  vQueueDelete                                   
0000488d  uxQueueGetQueueNumber                          
0000489b  vQueueSetQueueNumber                           
000048ad  ucQueueGetQueueType                            
00004a81  xQueueIsQueueEmptyFromISR                      
00004ad7  xQueueIsQueueFullFromISR                       
00004b0d  main                                           
00005555  uart_rx_callback                               
000055c1  get_adc_results                                
000055f9  uart_to_command                                
000057a5  __TI_printfi                                   
000061f3  __aeabi_idiv0                                  
000061f3  __aeabi_ldiv0                                  
0000635d  ADC14_enableModule                             
00006365  ADC14_disableModule                            
0000637b  ADC14_enableSampleTimer                        
000063a5  ADC14_disableSampleTimer                       
000063bb  ADC14_initModule                               
00006401  ADC14_setResolution                            
0000641b  ADC14_getResolution                            
00006425  ADC14_setSampleHoldTrigger                     
00006467  ADC14_setSampleHoldTime                        
00006491  ADC14_configureMultiSequenceMode               
00006527  ADC14_configureSingleSampleMode                
0000657d  ADC14_enableConversion                         
0000659d  ADC14_toggleConversionTrigger                  
000065bf  ADC14_disableConversion                        
000065cb  ADC14_isBusy                                   
000065e9  ADC14_configureConversionMemory                
00006691  ADC14_enableComparatorWindow                   
00006721  ADC14_disableComparatorWindow                  
0000677f  ADC14_setComparatorWindowValue                 
00006805  ADC14_setResultFormat                          
0000682f  ADC14_getResult                                
00006849  ADC14_getMultiSequenceResult                   
000068b5  ADC14_getResultArray                           
00006929  ADC14_enableReferenceBurst                     
0000693f  ADC14_disableReferenceBurst                    
00006955  ADC14_setPowerMode                             
00006997  ADC14_enableInterrupt                          
000069bf  ADC14_disableInterrupt                         
000069e7  ADC14_getInterruptStatus                       
00006a0b  ADC14_getEnabledInterruptStatus                
00006a41  ADC14_clearInterruptFlag                       
00006a6d  ADC14_registerInterrupt                        
00006a81  ADC14_unregisterInterrupt                      
00006af9  SPI_initMaster                                 
00006bbf  SPI_selectFourPinFunctionality                 
00006be5  SPI_changeMasterClock                          
00006c0d  SPI_initSlave                                  
00006c8b  SPI_changeClockPhasePolarity                   
00006cbb  SPI_transmitData                               
00006ce1  SPI_receiveData                                
00006cfd  SPI_enableModule                               
00006d19  SPI_disableModule                              
00006d35  SPI_getReceiveBufferAddressForDMA              
00006d51  SPI_getTransmitBufferAddressForDMA             
00006d7d  SPI_isBusy                                     
00006d99  SPI_enableInterrupt                            
00006dbf  SPI_disableInterrupt                           
00006de5  SPI_getInterruptStatus                         
00006e0d  SPI_getEnabledInterruptStatus                  
00006e3d  SPI_clearInterruptFlag                         
00006e63  SPI_registerInterrupt                          
00006f21  SPI_unregisterInterrupt                        
00006fcd  EUSCI_B_SPI_select4PinFunctionality            
00006fed  EUSCI_B_SPI_masterChangeClock                  
0000701f  EUSCI_B_SPI_slaveInit                          
00007069  EUSCI_B_SPI_changeClockPhasePolarity           
000070ab  EUSCI_B_SPI_transmitData                       
000070c1  EUSCI_B_SPI_receiveData                        
000070d1  EUSCI_B_SPI_enableInterrupt                    
000070eb  EUSCI_B_SPI_disableInterrupt                   
00007105  EUSCI_B_SPI_getInterruptStatus                 
0000711d  EUSCI_B_SPI_clearInterruptFlag                 
00007137  EUSCI_B_SPI_enable                             
0000714d  EUSCI_B_SPI_disable                            
00007163  EUSCI_B_SPI_getReceiveBufferAddressForDMA      
00007171  EUSCI_B_SPI_getTransmitBufferAddressForDMA     
0000717f  EUSCI_B_SPI_isBusy                             
00007197  EUSCI_A_SPI_select4PinFunctionality            
000071b7  EUSCI_A_SPI_masterChangeClock                  
000071ed  EUSCI_A_SPI_slaveInit                          
00007237  EUSCI_A_SPI_changeClockPhasePolarity           
00007279  EUSCI_A_SPI_transmitData                       
0000728f  EUSCI_A_SPI_receiveData                        
0000729f  EUSCI_A_SPI_enableInterrupt                    
000072b9  EUSCI_A_SPI_disableInterrupt                   
000072d3  EUSCI_A_SPI_getInterruptStatus                 
000072eb  EUSCI_A_SPI_clearInterruptFlag                 
00007305  EUSCI_A_SPI_enable                             
0000731b  EUSCI_A_SPI_disable                            
00007331  EUSCI_A_SPI_getReceiveBufferAddressForDMA      
0000733f  EUSCI_A_SPI_getTransmitBufferAddressForDMA     
0000734d  EUSCI_A_SPI_isBusy                             
00007463  PCM_setCoreVoltageLevel                        
00007473  PCM_setCoreVoltageLevelWithTimeout             
00007485  PCM_setCoreVoltageLevelNonBlocking             
00007495  PCM_getPowerMode                               
000074ef  PCM_getCoreVoltageLevel                        
00007695  PCM_setPowerMode                               
000076a5  PCM_setPowerModeNonBlocking                    
000076b5  PCM_setPowerModeWithTimeout                    
00007967  PCM_setPowerState                              
00007977  PCM_setPowerStateWithTimeout                   
00007989  PCM_setPowerStateNonBlocking                   
00007999  PCM_shutdownDevice                             
000079dd  PCM_gotoLPM4                                   
000079ed  PCM_gotoLPM4InterruptSafe                      
00007a09  PCM_gotoLPM0                                   
00007a27  PCM_gotoLPM0InterruptSafe                      
00007a43  PCM_gotoLPM3                                   
00007abb  PCM_gotoLPM3InterruptSafe                      
00007ad7  PCM_getPowerState                              
00007ae3  PCM_enableRudeMode                             
00007af5  PCM_disableRudeMode                            
00007b09  PCM_enableInterrupt                            
00007b1d  PCM_disableInterrupt                           
00007b31  PCM_getInterruptStatus                         
00007b37  PCM_getEnabledInterruptStatus                  
00007b47  PCM_clearInterruptFlag                         
00007b5b  PCM_registerInterrupt                          
00007b6f  PCM_unregisterInterrupt                        
00007ce9  Timer_A_startCounter                           
00007cff  Timer_A_configureContinuousMode                
00007d2f  Timer_A_configureUpMode                        
00007d8d  Timer_A_configureUpDownMode                    
00007deb  Timer_A_initCapture                            
00007e3d  Timer_A_initCompare                            
00007e8b  Timer_A_getCounterValue                        
00007ed7  Timer_A_clearTimer                             
00007eeb  Timer_A_getSynchronizedCaptureCompareInput     
00007f1b  Timer_A_getOutputForOutputModeOutBitValue      
00007f49  Timer_A_getCaptureCompareCount                 
00007f6b  Timer_A_setOutputForOutputModeOutBitValue      
00007fa3  Timer_A_generatePWM                            
00008019  Timer_A_stopTimer                              
0000802d  Timer_A_setCompareValue                        
00008059  Timer_A_clearInterruptFlag                     
0000806f  Timer_A_clearCaptureCompareInterrupt           
00008097  Timer_A_enableInterrupt                        
000080ab  Timer_A_disableInterrupt                       
000080bf  Timer_A_getInterruptStatus                     
000080d1  Timer_A_enableCaptureCompareInterrupt          
000080fd  Timer_A_disableCaptureCompareInterrupt         
00008125  Timer_A_getCaptureCompareInterruptStatus       
0000814d  Timer_A_getEnabledInterruptStatus              
00008165  Timer_A_getCaptureCompareEnabledInterruptStatus
000081a1  Timer_A_registerInterrupt                      
00008273  Timer_A_unregisterInterrupt                    
0000833d  Crystalfontz128x128_Init                       
00008451  Crystalfontz128x128_SetDrawFrame               
0000857f  Crystalfontz128x128_SetOrientation             
000089f5  Graphics_getStringWidth                        
00008aef  Graphics_drawString                            
00008f6d  Graphics_getStringBaseline                     
00008f7d  Graphics_drawStringCentered                    
00008fc5  Graphics_getStringHeight                       
00008fd5  Graphics_getStringMaxWidth                     
00008fe5  RTC_C_startClock                               
00009003  RTC_C_holdClock                                
00009021  RTC_C_setCalibrationFrequency                  
00009051  RTC_C_setCalibrationData                       
0000907d  RTC_C_setTemperatureCompensation               
000090a7  RTC_C_initCalendar                             
00009119  RTC_C_getCalendarTime                          
0000917f  RTC_C_setCalendarAlarm                         
000091b7  RTC_C_setCalendarEvent                         
000091e7  RTC_C_definePrescaleEvent                      
0000920f  RTC_C_getPrescaleValue                         
0000923b  RTC_C_setPrescaleValue                         
0000928b  RTC_C_convertBCDToBinary                       
000092a3  RTC_C_convertBinaryToBCD                       
000092bb  RTC_C_enableInterrupt                          
00009311  RTC_C_disableInterrupt                         
00009379  RTC_C_getInterruptStatus                       
000093e1  RTC_C_getEnabledInterruptStatus                
00009441  RTC_C_clearInterruptFlag                       
00009487  RTC_C_registerInterrupt                        
000094a5  RTC_C_unregisterInterrupt                      
000094ed  Graphics_drawCircle                            
0000975b  Graphics_fillCircle                            
00009985  Graphics_drawLineH                             
00009a21  Graphics_drawLineV                             
00009ca1  Graphics_drawLine                              
00009e15  GPIO_setAsOutputPin                            
00009e4f  GPIO_setAsInputPin                             
00009e95  GPIO_setAsPeripheralModuleFunctionOutputPin    
00009f19  GPIO_setAsPeripheralModuleFunctionInputPin     
00009f9d  GPIO_setOutputHighOnPin                        
00009fbf  GPIO_setOutputLowOnPin                         
00009fe1  GPIO_toggleOutputOnPin                         
0000a003  GPIO_setAsInputPinWithPullDownResistor         
0000a055  GPIO_setAsInputPinWithPullUpResistor           
0000a0a7  GPIO_getInputPinValue                          
0000a0d5  GPIO_enableInterrupt                           
0000a0f7  GPIO_disableInterrupt                          
0000a119  GPIO_getInterruptStatus                        
0000a137  GPIO_clearInterruptFlag                        
0000a159  GPIO_interruptEdgeSelect                       
0000a18f  GPIO_getEnabledInterruptStatus                 
0000a20b  GPIO_setDriveStrengthHigh                      
0000a22d  GPIO_setDriveStrengthLow                       
0000a24f  GPIO_registerInterrupt                         
0000a26f  GPIO_unregisterInterrupt                       
0000a295  UART_initModule                                
0000a37d  UART_transmitData                              
0000a3a7  UART_receiveData                               
0000a3cd  UART_enableModule                              
0000a3e3  UART_disableModule                             
0000a3f9  UART_queryStatusFlags                          
0000a40d  UART_setDormant                                
0000a421  UART_resetDormant                              
0000a435  UART_transmitAddress                           
0000a453  UART_transmitBreak                             
0000a499  UART_getReceiveBufferAddressForDMA             
0000a4a7  UART_getTransmitBufferAddressForDMA            
0000a4b5  UART_selectDeglitchTime                        
0000a4d1  UART_enableInterrupt                           
0000a501  UART_disableInterrupt                          
0000a531  UART_getInterruptStatus                        
0000a54d  UART_getEnabledInterruptStatus                 
0000a5a9  UART_clearInterruptFlag                        
0000a5c9  UART_registerInterrupt                         
0000a645  UART_unregisterInterrupt                       
0000a6b3  Interrupt_enableMaster                         
0000a6c3  Interrupt_disableMaster                        
0000a6d3  Interrupt_registerInterrupt                    
0000a725  Interrupt_unregisterInterrupt                  
0000a739  Interrupt_setPriorityGrouping                  
0000a753  Interrupt_getPriorityGrouping                  
0000a78b  Interrupt_setPriority                          
0000a7db  Interrupt_getPriority                          
0000a801  Interrupt_enableInterrupt                      
0000a873  Interrupt_disableInterrupt                     
0000a8e5  Interrupt_isEnabled                            
0000a971  Interrupt_pendInterrupt                        
0000a9e1  Interrupt_unpendInterrupt                      
0000aa2f  Interrupt_setPriorityMask                      
0000aa3f  Interrupt_getPriorityMask                      
0000aa49  Interrupt_setVectorTableAddress                
0000aa59  Interrupt_getVectorTableAddress                
0000aa5f  Interrupt_enableSleepOnIsrExit                 
0000aa71  Interrupt_disableSleepOnIsrExit                
0000aaa1  board_init                                     
0000aab5  board_lock                                     
0000aabf  board_buttons_set_callback                     
0000aae5  board_buttons_clear_callback                   
0000ab09  led_on                                         
0000ab31  led_off                                        
0000ab59  led_toggle                                     
0000ab81  debug_on                                       
0000aba9  debug_off                                      
0000abd1  debug_toggle                                   
0000ade7  PORT1_IRQHandler                               
0000ae51  SystemCoreClockUpdate                          
0000b0c5  SystemInit                                     
0000b179  atan                                           
0000b179  atanl                                          
0000b465  pxPortInitialiseStack                          
0000b4f1  xPortStartScheduler                            
0000b585  vPortEndScheduler                              
0000b5a9  vPortEnterCritical                             
0000b5eb  vPortExitCritical                              
0000b617  xPortSysTickHandler                            
0000b63d  vPortSetupTimerInterrupt                       
0000b657  vPortValidateInterruptPriority                 
0000b95d  Graphics_initContext                           
0000b9a7  Graphics_setClipRegion                         
0000ba71  Graphics_setBackgroundColor                    
0000ba8b  Graphics_setBackgroundColorTranslated          
0000baa1  Graphics_setFont                               
0000babb  Graphics_getFontBaseline                       
0000bac9  Graphics_setForegroundColor                    
0000badf  Graphics_setForegroundColorTranslated          
0000baf1  Graphics_getFontHeight                         
0000baff  Graphics_getFontMaxWidth                       
0000bb0d  Graphics_getDisplayWidth                       
0000bb1d  Graphics_getDisplayHeight                      
0000bb2d  Graphics_getHeightOfDisplay                    
0000bb3b  Graphics_flushBuffer                           
0000bb49  Graphics_clearDisplay                          
0000bb5b  Graphics_drawPixel                             
0000bbb5  Graphics_getWidthOfDisplay                     
0000bbc5  SysCtl_getTLVInfo                              
0000bc3b  SysCtl_getSRAMSize                             
0000bc41  SysCtl_getFlashSize                            
0000bc47  SysCtl_disableNMISource                        
0000bc5b  SysCtl_enableNMISource                         
0000bc6f  SysCtl_getNMISourceStatus                      
0000bc75  SysCtl_enableSRAMBank                          
0000bc91  SysCtl_disableSRAMBank                         
0000bcf9  SysCtl_enableSRAMBankRetention                 
0000bd15  SysCtl_disableSRAMBankRetention                
0000bd31  SysCtl_rebootDevice                            
0000bd3b  SysCtl_enablePeripheralAtCPUHalt               
0000bd4f  SysCtl_disablePeripheralAtCPUHalt              
0000bd63  SysCtl_setWDTTimeoutResetType                  
0000bd87  SysCtl_setWDTPasswordViolationResetType        
0000bdab  SysCtl_enableGlitchFilter                      
0000bdb7  SysCtl_disableGlitchFilter                     
0000bdc3  SysCtl_getTempCalibrationConstant              
0000bfd9  __aeabi_dsub                                   
0000bfe3  __aeabi_dadd                                   
0000c191  uart_init                                      
0000c1e7  uart_put_char                                  
0000c215  uart_get_char                                  
0000c233  uart_print                                     
0000c275  EUSCIA0_IRQHandler                             
0000c33d  edu_boosterpack_rgb_init                       
0000c345  edu_boosterpack_rgb_on                         
0000c357  edu_boosterpack_rgb_off                        
0000c369  edu_boosterpack_rgb_pwm                        
0000c381  edu_boosterpack_rgb_pwm_all                    
0000c5f9  __aeabi_ddiv                                   
0000c72f  Graphics_drawPixelOnDisplay                    
0000c759  Graphics_drawMultiplePixelsOnDisplay           
0000c79d  Graphics_drawHorizontalLineOnDisplay           
0000c7d1  Graphics_drawVerticalLineOnDisplay             
0000c805  Graphics_fillRectangleOnDisplay                
0000c823  Graphics_translateColorOnDisplay               
0000c839  Graphics_flushOnDisplay                        
0000c84b  Graphics_clearDisplayOnDisplay                 
0000c863  vListInitialise                                
0000c893  vListInitialiseItem                            
0000c8a3  vListInsertEnd                                 
0000c8df  vListInsert                                    
0000c945  uxListRemove                                   
0000cab1  ldexp                                          
0000cab1  ldexpl                                         
0000cab1  scalbn                                         
0000cab1  scalbnl                                        
0000cbc1  edu_boosterpack_accelerometer_init             
0000cc49  edu_boosterpack_accelerometer_read             
0000cc55  edu_boosterpack_accelerometer_disable          
0000cc6f  edu_boosterpack_accelerometer_set_callback     
0000cc7f  edu_boosterpack_accelerometer_clear_callback   
0000cc87  ADC_IRQHandler                                 
0000ccc5  __aeabi_dmul                                   
0000cdc1  circ_buffer_init                               
0000cdeb  circ_buffer_push                               
0000ce1d  circ_buffer_pop                                
0000ce55  circ_buffer_is_empty                           
0000ce75  circ_buffer_is_full                            
0000cebd  WDT_A_holdTimer                                
0000cedd  WDT_A_startTimer                               
0000cefd  WDT_A_clearTimer                               
0000cf1d  WDT_A_initWatchdogTimer                        
0000cf39  WDT_A_initIntervalTimer                        
0000cf55  WDT_A_setPasswordViolationReset                
0000cf61  WDT_A_setTimeoutReset                          
0000cf6d  WDT_A_registerInterrupt                        
0000cf81  WDT_A_unregisterInterrupt                      
0000cfa5  ulPortGetIPSR                                  
0000cfbd  xPortPendSVHandler                             
0000d01d  vPortSVCHandler                                
0000d03d  vPortStartFirstTask                            
0000d059  vPortEnableVFP                                 
0000d069  REF_A_setReferenceVoltage                      
0000d083  REF_A_disableTempSensor                        
0000d08b  REF_A_enableTempSensor                         
0000d093  REF_A_enableReferenceVoltageOutput             
0000d09b  REF_A_disableReferenceVoltageOutput            
0000d0a3  REF_A_enableReferenceVoltage                   
0000d0ab  REF_A_disableReferenceVoltage                  
0000d0b3  REF_A_getBandgapMode                           
0000d0bd  REF_A_isBandgapActive                          
0000d0c9  REF_A_isRefGenBusy                             
0000d0d5  REF_A_isRefGenActive                           
0000d0e1  REF_A_getBufferedBandgapVoltageStatus          
0000d0ed  REF_A_getVariableReferenceVoltageStatus        
0000d0f9  REF_A_setReferenceVoltageOneTimeTrigger        
0000d101  REF_A_setBufferedBandgapVoltageOneTimeTrigger  
0000d135  HAL_LCD_PortInit                               
0000d165  HAL_LCD_SpiInit                                
0000d19b  HAL_LCD_writeCommand                           
0000d1d1  HAL_LCD_writeData                              
0000d201  FPU_enableModule                               
0000d213  FPU_disableModule                              
0000d221  FPU_enableStacking                             
0000d233  FPU_enableLazyStacking                         
0000d23f  FPU_disableStacking                            
0000d24b  FPU_setHalfPrecisionMode                       
0000d265  FPU_setNaNMode                                 
0000d27f  FPU_setFlushToZeroMode                         
0000d299  FPU_setRoundingMode                            
0000d2c1  pvPortMalloc                                   
0000d331  vPortFree                                      
0000d355  vPortInitialiseBlocks                          
0000d35d  xPortGetFreeHeapSize                           
0000d427  __aeabi_memcpy                                 
0000d427  __aeabi_memcpy4                                
0000d427  __aeabi_memcpy8                                
0000d427  memcpy                                         
0000d4c3  __aeabi_uldivmod                               
0000d559  __aeabi_cdcmpeq                                
0000d559  __aeabi_cdcmple                                
0000d5df  __aeabi_cdrcmple                               
0000d665  __aeabi_memclr                                 
0000d665  __aeabi_memclr4                                
0000d665  __aeabi_memclr8                                
0000d667  __aeabi_memset                                 
0000d667  __aeabi_memset4                                
0000d667  __aeabi_memset8                                
0000d66d  memset                                         
0000d74d  __aeabi_d2f                                    
0000d7bb  __TI_decompress_lzss                           
0000d825  PMAP_configurePorts                            
0000d88d  frexp                                          
0000d88d  frexpl                                         
0000d947  ltoa                                           
0000d9ed  atoi                                           
0000da39  __aeabi_d2iz                                   
0000da81  __TI_auto_init_nobinit_nopinit                 
0000dac5  sprintf                                        
0000db43  CPU_cpsid                                      
0000db4f  CPU_primask                                    
0000db59  CPU_cpsie                                      
0000db65  CPU_wfi                                        
0000db69  CPU_basepriSet                                 
0000db77  CPU_basepriGet                                 
0000db81  __aeabi_f2d                                    
0000dbb9  _c_int00_noargs                                
0000dbed  __aeabi_i2d                                    
0000dc1b  strncat                                        
0000dc49  interrupts_restore                             
0000dc59  interrupts_disable                             
0000dc6b  memccpy                                        
0000dc87  copysign                                       
0000dc87  copysignl                                      
0000dccf  strchr                                         
0000dce5  strlen                                         
0000dcf9  wcslen                                         
0000dd0b  __TI_decompress_none                           
0000dd19  __TI_zero_init                                 
0000dd31  __aeabi_errno_addr                             
0000dd39  _system_pre_init                               
0000dd3d  C$$EXIT                                        
0000dd3d  abort                                          
0000e038  _ctypes_                                       
0000e13c  g_sFontFixed6x8                                
0000e3a0  g_sCrystalfontz128x128                         
0000e480  ulMaxSyscallInterruptPriority                  
0000e530  __TI_Handler_Table_Base                        
0000e53c  __TI_Handler_Table_Limit                       
0000e550  __TI_CINIT_Base                                
0000e568  __TI_CINIT_Limit                               
20000000  g_pfnRAMVectors                                
2000c608  uart_command                                   
2000c624  results_buffer                                 
2000c62c  accel_values                                   
2000c632  Lcd_ScreenHeigth                               
2000c638  adc_callback_func                              
2000c63c  start_timestamp                                
2000c640  xADCReadingAvailableSemaphore                  
2000c644  xQueueADC2Process                              
2000c648  xQueueProcess2LCD                              
2000c64c  xRunADCTaskSemaphore                           
2000c650  xRunUARTReadingTaskSemaphore                   
2000c654  Lcd_ScreenWidth                                
2000c656  Lcd_TouchTrim                                  
2000c658  command                                        
2000c65a  Lcd_FlagRead                                   
2000c65b  Lcd_FontSolid                                  
2000c65c  Lcd_Orientation                                
2000c65d  Lcd_PenSolid                                   
2000c6a0  pxCurrentTCB                                   
2000c798  errno                                          
2000c79c  SystemCoreClock                                
2000fe00  __stack                                        
20010000  __STACK_END                                    
4000480c  WDTCTL_SYM                                     
ffffffff  __TI_pprof_out_hndl                            
ffffffff  __TI_prof_data_size                            
ffffffff  __TI_prof_data_start                           
ffffffff  __binit__                                      
ffffffff  __c_args__                                     
ffffffff  binit                                          
UNDEFED   __mpu_init                                     
UNDEFED   _system_post_cinit                             

[606 symbols]
